01-22 12:43:34.987  2593  6795 W ctxmgr  : [AclManager]No 2 for (accnt=account#-517948760#, com.google.android.gms(10015):IndoorOutdoorProducer, vrsn=13280000, 0, 3pPkg = null ,  3pMdlId = null ,  pid = 2593). Was: 3 for 57, account#-517948760#
01-22 12:43:36.236  1594  7852 I chatty  : uid=1041(audioserver) /system/bin/audioserver expire 1 line
01-22 12:43:36.239  3275  3275 I chatty  : uid=10021 com.google.android.googlequicksearchbox:search expire 28 lines
01-22 12:43:39.992  2593  6795 W ctxmgr  : [AclManager]No 2 for (accnt=account#-517948760#, com.google.android.gms(10015):IndoorOutdoorProducer, vrsn=13280000, 0, 3pPkg = null ,  3pMdlId = null ,  pid = 2593). Was: 3 for 57, account#-517948760#
01-22 12:43:40.990  1856  2091 I chatty  : uid=1000(system) HwBinder:1856_3 expire 20 lines
01-22 12:43:40.991  1856  1872 I chatty  : uid=1000(system) android.bg expire 25 lines
01-22 12:43:41.267  1594  7855 I chatty  : uid=1041(audioserver) /system/bin/audioserver expire 1 line
01-22 12:43:41.268  3275  3308 I chatty  : uid=10021(com.google.android.googlequicksearchbox) UserFacing1 expire 28 lines
01-22 12:43:41.284  3275  3320 I chatty  : uid=10021(com.google.android.googlequicksearchbox) NonUserFacing2 expire 10 lines
01-22 12:43:45.004  2593  6795 W ctxmgr  : [AclManager]No 2 for (accnt=account#-517948760#, com.google.android.gms(10015):IndoorOutdoorProducer, vrsn=13280000, 0, 3pPkg = null ,  3pMdlId = null ,  pid = 2593). Was: 3 for 57, account#-517948760#
01-22 12:43:46.301  1594  7858 I chatty  : uid=1041(audioserver) /system/bin/audioserver expire 1 line
01-22 12:43:50.016  2593  6795 W ctxmgr  : [AclManager]No 2 for (accnt=account#-517948760#, com.google.android.gms(10015):IndoorOutdoorProducer, vrsn=13280000, 0, 3pPkg = null ,  3pMdlId = null ,  pid = 2593). Was: 3 for 57, account#-517948760#
01-22 12:43:51.330  1594  7862 I chatty  : uid=1041(audioserver) /system/bin/audioserver expire 1 line
01-22 12:43:55.027  2593  6795 W ctxmgr  : [AclManager]No 2 for (accnt=account#-517948760#, com.google.android.gms(10015):IndoorOutdoorProducer, vrsn=13280000, 0, 3pPkg = null ,  3pMdlId = null ,  pid = 2593). Was: 3 for 57, account#-517948760#
01-22 12:43:56.357  1594  7869 I chatty  : uid=1041(audioserver) /system/bin/audioserver expire 1 line
01-22 12:43:56.360  3275  3275 I chatty  : uid=10021 com.google.android.googlequicksearchbox:search expire 21 lines
01-22 12:44:00.016  1840  1843 D hwcomposer: hw_composer sent 6 syncs in 60s
01-22 12:44:00.031  2593  6795 W ctxmgr  : [AclManager]No 2 for (accnt=account#-517948760#, com.google.android.gms(10015):IndoorOutdoorProducer, vrsn=13280000, 0, 3pPkg = null ,  3pMdlId = null ,  pid = 2593). Was: 3 for 57, account#-517948760#
01-22 12:44:01.028  1856  2091 I chatty  : uid=1000(system) HwBinder:1856_3 expire 22 lines
01-22 12:44:01.379  1594  7872 I chatty  : uid=1041(audioserver) /system/bin/audioserver expire 1 line
01-22 12:44:01.380  3275  3308 I chatty  : uid=10021(com.google.android.googlequicksearchbox) UserFacing1 expire 21 lines
01-22 12:44:01.385  3275  3320 I chatty  : uid=10021(com.google.android.googlequicksearchbox) NonUserFacing2 expire 12 lines
01-22 12:44:01.386  3275  3300 I chatty  : uid=10021(com.google.android.googlequicksearchbox) NonUserFacing0 expire 29 lines
01-22 12:44:05.037  2593  7130 W ctxmgr  : [AclManager]No 2 for (accnt=account#-517948760#, com.google.android.gms(10015):IndoorOutdoorProducer, vrsn=13280000, 0, 3pPkg = null ,  3pMdlId = null ,  pid = 2593). Was: 3 for 57, account#-517948760#
01-22 12:44:06.039  1856  1872 I chatty  : uid=1000(system) android.bg expire 25 lines
01-22 12:44:06.420  1594  7876 I chatty  : uid=1041(audioserver) /system/bin/audioserver expire 1 line
01-22 12:44:06.421  1594  7701 I chatty  : uid=1041(audioserver) Binder:1594_7 expire 12 lines
01-22 12:44:10.048  2593  7130 W ctxmgr  : [AclManager]No 2 for (accnt=account#-517948760#, com.google.android.gms(10015):IndoorOutdoorProducer, vrsn=13280000, 0, 3pPkg = null ,  3pMdlId = null ,  pid = 2593). Was: 3 for 57, account#-517948760#
01-22 12:44:10.424  1792  1792 E netmgr  : Failed to open QEMU pipe 'qemud:network': Invalid argument
01-22 12:44:11.451  1594  7880 I chatty  : uid=1041(audioserver) /system/bin/audioserver expire 1 line
01-22 12:44:11.455  3275  3308 I chatty  : uid=10021(com.google.android.googlequicksearchbox) UserFacing1 identical 10 lines
01-22 12:44:11.455  3275  3275 I chatty  : uid=10021 com.google.android.googlequicksearchbox:search expire 35 lines
01-22 12:44:15.072  2593  7130 W ctxmgr  : [AclManager]No 2 for (accnt=account#-517948760#, com.google.android.gms(10015):IndoorOutdoorProducer, vrsn=13280000, 0, 3pPkg = null ,  3pMdlId = null ,  pid = 2593). Was: 3 for 57, account#-517948760#
01-22 12:44:16.478  1594  7883 I chatty  : uid=1041(audioserver) /system/bin/audioserver expire 1 line
01-22 12:44:16.480  3275  3308 I chatty  : uid=10021(com.google.android.googlequicksearchbox) UserFacing1 expire 35 lines
01-22 12:44:16.481  3275  3308 E ActivityThread: Failed to find provider info for com.google.android.apps.gsa.testing.ui.audio.recorded
01-22 12:44:16.486  3275  3320 I chatty  : uid=10021(com.google.android.googlequicksearchbox) NonUserFacing2 expire 11 lines
01-22 12:44:16.941  1711  1789 E storaged: getDiskStats failed with result NOT_SUPPORTED and size 0
01-22 12:44:20.074  2593  6795 W ctxmgr  : [AclManager]No 2 for (accnt=account#-517948760#, com.google.android.gms(10015):IndoorOutdoorProducer, vrsn=13280000, 0, 3pPkg = null ,  3pMdlId = null ,  pid = 2593). Was: 3 for 57, account#-517948760#
01-22 12:44:21.517  1594  7886 I chatty  : uid=1041(audioserver) /system/bin/audioserver expire 1 line
01-22 12:44:21.522  3275  3308 E ActivityThread: Failed to find provider info for com.google.android.apps.gsa.testing.ui.audio.recorded
01-22 12:44:21.527  3275  3801 I chatty  : uid=10021(com.google.android.googlequicksearchbox) HotwordDetector expire 12 lines
01-22 12:44:22.004  2639  3559 I Icing   : IndexChimeraService.getServiceInterface callingPackage=com.android.chrome componentName=null serviceId=36
01-22 12:44:22.023  2639  5901 I Icing   : Usage reports ok 0, Failed Usage reports 0, indexed 0, rejected 0, imm upload false
01-22 12:44:23.067  2639  5901 I Icing   : Indexing com.android.chrome-omnibox from com.android.chrome
01-22 12:44:23.072  1856  2091 I chatty  : uid=1000(system) HwBinder:1856_3 expire 13 lines
01-22 12:44:23.077  2639  5901 I Icing   : Indexing done com.android.chrome-omnibox
01-22 12:44:25.081  2593  7130 W ctxmgr  : [AclManager]No 2 for (accnt=account#-517948760#, com.google.android.gms(10015):IndoorOutdoorProducer, vrsn=13280000, 0, 3pPkg = null ,  3pMdlId = null ,  pid = 2593). Was: 3 for 57, account#-517948760#
01-22 12:44:26.544  1594  7890 I chatty  : uid=1041(audioserver) /system/bin/audioserver expire 1 line
01-22 12:44:30.090  2593  7648 W ctxmgr  : [AclManager]No 2 for (accnt=account#-517948760#, com.google.android.gms(10015):IndoorOutdoorProducer, vrsn=13280000, 0, 3pPkg = null ,  3pMdlId = null ,  pid = 2593). Was: 3 for 57, account#-517948760#
01-22 12:44:31.092  1856  1872 I chatty  : uid=1000(system) android.bg expire 19 lines
01-22 12:44:31.573  1594  7893 I chatty  : uid=1041(audioserver) /system/bin/audioserver expire 1 line
01-22 12:44:35.106  2593  7648 W ctxmgr  : [AclManager]No 2 for (accnt=account#-517948760#, com.google.android.gms(10015):IndoorOutdoorProducer, vrsn=13280000, 0, 3pPkg = null ,  3pMdlId = null ,  pid = 2593). Was: 3 for 57, account#-517948760#
01-22 12:44:36.099  1856  2091 I chatty  : uid=1000(system) HwBinder:1856_3 expire 25 lines
01-22 12:44:36.603  1594  7474 I chatty  : uid=1041(audioserver) Binder:1594_5 expire 12 lines
01-22 12:44:36.603  1594  7896 I chatty  : uid=1041(audioserver) /system/bin/audioserver expire 1 line
01-22 12:44:36.605  3275  3275 I chatty  : uid=10021 com.google.android.googlequicksearchbox:search expire 28 lines
01-22 12:44:40.118  2593  7130 W ctxmgr  : [AclManager]No 2 for (accnt=account#-517948760#, com.google.android.gms(10015):IndoorOutdoorProducer, vrsn=13280000, 0, 3pPkg = null ,  3pMdlId = null ,  pid = 2593). Was: 3 for 57, account#-517948760#
01-22 12:44:41.634  1594  7899 I chatty  : uid=1041(audioserver) /system/bin/audioserver expire 1 line
01-22 12:44:41.634  1594  7701 I chatty  : uid=1041(audioserver) Binder:1594_7 expire 15 lines
01-22 12:44:41.636  3275  3308 I chatty  : uid=10021(com.google.android.googlequicksearchbox) UserFacing1 expire 28 lines
01-22 12:44:41.639  3275  3300 I chatty  : uid=10021(com.google.android.googlequicksearchbox) NonUserFacing0 expire 12 lines
01-22 12:44:45.130  2593  6795 W ctxmgr  : [AclManager]No 2 for (accnt=account#-517948760#, com.google.android.gms(10015):IndoorOutdoorProducer, vrsn=13280000, 0, 3pPkg = null ,  3pMdlId = null ,  pid = 2593). Was: 3 for 57, account#-517948760#
01-22 12:44:46.659  1594  7903 I chatty  : uid=1041(audioserver) /system/bin/audioserver expire 1 line
01-22 12:44:49.465  1856  3961 I chatty  : uid=1000(system) Binder:1856_12 expire 5 lines
01-22 12:44:50.142  1856  1872 I chatty  : uid=1000(system) android.bg expire 13 lines
01-22 12:44:50.144  2593  6795 W ctxmgr  : [AclManager]No 2 for (accnt=account#-517948760#, com.google.android.gms(10015):IndoorOutdoorProducer, vrsn=13280000, 0, 3pPkg = null ,  3pMdlId = null ,  pid = 2593). Was: 3 for 57, account#-517948760#
01-22 12:44:51.690  3275  3320 I chatty  : uid=10021(com.google.android.googlequicksearchbox) NonUserFacing2 expire 11 lines
01-22 12:44:51.693  1594  7906 I chatty  : uid=1041(audioserver) /system/bin/audioserver expire 1 line
01-22 12:44:55.162  2593  7648 W ctxmgr  : [AclManager]No 2 for (accnt=account#-517948760#, com.google.android.gms(10015):IndoorOutdoorProducer, vrsn=13280000, 0, 3pPkg = null ,  3pMdlId = null ,  pid = 2593). Was: 3 for 57, account#-517948760#
01-22 12:44:56.719  1594  7909 I chatty  : uid=1041(audioserver) /system/bin/audioserver expire 1 line
01-22 12:44:56.724  3275  3275 I chatty  : uid=10021 com.google.android.googlequicksearchbox:search expire 28 lines
01-22 12:45:00.035  1840  1843 D hwcomposer: hw_composer sent 6 syncs in 60s
01-22 12:45:00.181  2593  7648 W ctxmgr  : [AclManager]No 2 for (accnt=account#-517948760#, com.google.android.gms(10015):IndoorOutdoorProducer, vrsn=13280000, 0, 3pPkg = null ,  3pMdlId = null ,  pid = 2593). Was: 3 for 57, account#-517948760#
01-22 12:45:01.173  1856  2091 I chatty  : uid=1000(system) HwBinder:1856_3 expire 23 lines
01-22 12:45:01.173  1856  1872 I chatty  : uid=1000(system) android.bg expire 25 lines
01-22 12:45:01.747  1594  7912 I chatty  : uid=1041(audioserver) /system/bin/audioserver expire 1 line
01-22 12:45:01.748  3275  3308 I chatty  : uid=10021(com.google.android.googlequicksearchbox) UserFacing1 expire 27 lines
01-22 12:45:05.196  2593  7648 W ctxmgr  : [AclManager]No 2 for (accnt=account#-517948760#, com.google.android.gms(10015):IndoorOutdoorProducer, vrsn=13280000, 0, 3pPkg = null ,  3pMdlId = null ,  pid = 2593). Was: 3 for 57, account#-517948760#
01-22 12:45:06.773  3275  3300 I chatty  : uid=10021(com.google.android.googlequicksearchbox) NonUserFacing0 expire 14 lines
01-22 12:45:06.776  1594  7915 I chatty  : uid=1041(audioserver) /system/bin/audioserver expire 1 line
01-22 12:45:06.783  3275  3320 I chatty  : uid=10021(com.google.android.googlequicksearchbox) NonUserFacing2 expire 22 lines
01-22 12:45:10.201  2593  7130 W ctxmgr  : [AclManager]No 2 for (accnt=account#-517948760#, com.google.android.gms(10015):IndoorOutdoorProducer, vrsn=13280000, 0, 3pPkg = null ,  3pMdlId = null ,  pid = 2593). Was: 3 for 57, account#-517948760#
01-22 12:45:10.442  1792  1792 E netmgr  : Failed to open QEMU pipe 'qemud:network': Invalid argument
01-22 12:45:11.809  1594  7918 I chatty  : uid=1041(audioserver) /system/bin/audioserver expire 1 line
01-22 12:45:11.811  3275  3308 I chatty  : uid=10021(com.google.android.googlequicksearchbox) UserFacing1 identical 10 lines
01-22 12:45:15.212  2593  6795 W ctxmgr  : [AclManager]No 2 for (accnt=account#-517948760#, com.google.android.gms(10015):IndoorOutdoorProducer, vrsn=13280000, 0, 3pPkg = null ,  3pMdlId = null ,  pid = 2593). Was: 3 for 57, account#-517948760#
01-22 12:45:16.835  1594  7921 I chatty  : uid=1041(audioserver) /system/bin/audioserver expire 1 line
01-22 12:45:16.836  1594  7701 I chatty  : uid=1041(audioserver) Binder:1594_7 expire 12 lines
01-22 12:45:16.838  3275  3308 E ActivityThread: Failed to find provider info for com.google.android.apps.gsa.testing.ui.audio.recorded
01-22 12:45:16.839  3275  3275 I chatty  : uid=10021 com.google.android.googlequicksearchbox:search expire 21 lines
01-22 12:45:16.943  1711  1789 E storaged: getDiskStats failed with result NOT_SUPPORTED and size 0
01-22 12:45:20.221  2593  6795 W ctxmgr  : [AclManager]No 2 for (accnt=account#-517948760#, com.google.android.gms(10015):IndoorOutdoorProducer, vrsn=13280000, 0, 3pPkg = null ,  3pMdlId = null ,  pid = 2593). Was: 3 for 57, account#-517948760#
01-22 12:45:21.856  3275  3308 I chatty  : uid=10021(com.google.android.googlequicksearchbox) UserFacing1 expire 22 lines
01-22 12:45:21.860  1594  7924 I chatty  : uid=1041(audioserver) /system/bin/audioserver expire 1 line
01-22 12:45:21.863  3275  3308 E ActivityThread: Failed to find provider info for com.google.android.apps.gsa.testing.ui.audio.recorded
01-22 12:45:21.866  3275  3801 I chatty  : uid=10021(com.google.android.googlequicksearchbox) HotwordDetector expire 13 lines
01-22 12:45:24.229  1856  2091 I chatty  : uid=1000(system) HwBinder:1856_3 expire 12 lines
01-22 12:45:25.236  2593  6795 W ctxmgr  : [AclManager]No 2 for (accnt=account#-517948760#, com.google.android.gms(10015):IndoorOutdoorProducer, vrsn=13280000, 0, 3pPkg = null ,  3pMdlId = null ,  pid = 2593). Was: 3 for 57, account#-517948760#
01-22 12:45:26.238  1856  1872 I chatty  : uid=1000(system) android.bg expire 31 lines
01-22 12:45:26.885  1594  7927 I chatty  : uid=1041(audioserver) /system/bin/audioserver expire 1 line
01-22 12:45:30.253  2593  6795 W ctxmgr  : [AclManager]No 2 for (accnt=account#-517948760#, com.google.android.gms(10015):IndoorOutdoorProducer, vrsn=13280000, 0, 3pPkg = null ,  3pMdlId = null ,  pid = 2593). Was: 3 for 57, account#-517948760#
01-22 12:45:31.921  1594  7930 I chatty  : uid=1041(audioserver) /system/bin/audioserver expire 1 line
01-22 12:45:31.922  3275  3275 I chatty  : uid=10021 com.google.android.googlequicksearchbox:search expire 21 lines
01-22 12:45:35.268  2593  6795 W ctxmgr  : [AclManager]No 2 for (accnt=account#-517948760#, com.google.android.gms(10015):IndoorOutdoorProducer, vrsn=13280000, 0, 3pPkg = null ,  3pMdlId = null ,  pid = 2593). Was: 3 for 57, account#-517948760#
01-22 12:45:36.269  1856  2091 I chatty  : uid=1000(system) HwBinder:1856_3 expire 24 lines
01-22 12:45:36.942  3275  3320 I chatty  : uid=10021(com.google.android.googlequicksearchbox) NonUserFacing2 expire 16 lines
01-22 12:45:36.946  1594  7933 I chatty  : uid=1041(audioserver) /system/bin/audioserver expire 1 line
01-22 12:45:36.946  3275  3308 I chatty  : uid=10021(com.google.android.googlequicksearchbox) UserFacing1 expire 34 lines
01-22 12:45:36.958  3275  3300 I chatty  : uid=10021(com.google.android.googlequicksearchbox) NonUserFacing0 expire 10 lines
01-22 12:45:40.276  2593  6795 W ctxmgr  : [AclManager]No 2 for (accnt=account#-517948760#, com.google.android.gms(10015):IndoorOutdoorProducer, vrsn=13280000, 0, 3pPkg = null ,  3pMdlId = null ,  pid = 2593). Was: 3 for 57, account#-517948760#
01-22 12:45:41.980  1594  7936 I chatty  : uid=1041(audioserver) /system/bin/audioserver expire 1 line
01-22 12:45:41.982  1594  7474 I chatty  : uid=1041(audioserver) Binder:1594_5 expire 6 lines
01-22 12:45:45.287  2593  6795 W ctxmgr  : [AclManager]No 2 for (accnt=account#-517948760#, com.google.android.gms(10015):IndoorOutdoorProducer, vrsn=13280000, 0, 3pPkg = null ,  3pMdlId = null ,  pid = 2593). Was: 3 for 57, account#-517948760#
01-22 12:45:47.009  1594  7939 I chatty  : uid=1041(audioserver) /system/bin/audioserver expire 1 line
01-22 12:45:47.011  3275  3275 I chatty  : uid=10021 com.google.android.googlequicksearchbox:search expire 15 lines
01-22 12:45:50.296  2593  6795 W ctxmgr  : [AclManager]No 2 for (accnt=account#-517948760#, com.google.android.gms(10015):IndoorOutdoorProducer, vrsn=13280000, 0, 3pPkg = null ,  3pMdlId = null ,  pid = 2593). Was: 3 for 57, account#-517948760#
01-22 12:45:51.294  1856  1872 I chatty  : uid=1000(system) android.bg expire 21 lines
01-22 12:45:52.038  1594  7942 I chatty  : uid=1041(audioserver) /system/bin/audioserver expire 1 line
01-22 12:45:52.039  1594  7701 I chatty  : uid=1041(audioserver) Binder:1594_7 expire 6 lines
01-22 12:45:52.054  3275  3320 I chatty  : uid=10021(com.google.android.googlequicksearchbox) NonUserFacing2 expire 10 lines
01-22 12:45:55.315  2593  7648 W ctxmgr  : [AclManager]No 2 for (accnt=account#-517948760#, com.google.android.gms(10015):IndoorOutdoorProducer, vrsn=13280000, 0, 3pPkg = null ,  3pMdlId = null ,  pid = 2593). Was: 3 for 57, account#-517948760#
01-22 12:45:57.079  1594  7945 I chatty  : uid=1041(audioserver) /system/bin/audioserver expire 1 line
01-22 12:45:57.086  3275  3275 I chatty  : uid=10021 com.google.android.googlequicksearchbox:search expire 27 lines
01-22 12:46:00.023  1840  1843 D hwcomposer: hw_composer sent 6 syncs in 60s
01-22 12:46:00.325  1856  2091 I chatty  : uid=1000(system) HwBinder:1856_3 expire 21 lines
01-22 12:46:00.327  2593  6795 W ctxmgr  : [AclManager]No 2 for (accnt=account#-517948760#, com.google.android.gms(10015):IndoorOutdoorProducer, vrsn=13280000, 0, 3pPkg = null ,  3pMdlId = null ,  pid = 2593). Was: 3 for 57, account#-517948760#
01-22 12:46:02.104  3275  3308 I chatty  : uid=10021(com.google.android.googlequicksearchbox) UserFacing1 expire 29 lines
01-22 12:46:02.108  1594  7948 I chatty  : uid=1041(audioserver) /system/bin/audioserver expire 1 line
01-22 12:46:02.108  1594  7474 I chatty  : uid=1041(audioserver) Binder:1594_5 expire 9 lines
01-22 12:46:02.329  1856  1872 I chatty  : uid=1000(system) android.bg expire 14 lines
01-22 12:46:05.342  2593  7648 W ctxmgr  : [AclManager]No 2 for (accnt=account#-517948760#, com.google.android.gms(10015):IndoorOutdoorProducer, vrsn=13280000, 0, 3pPkg = null ,  3pMdlId = null ,  pid = 2593). Was: 3 for 57, account#-517948760#
01-22 12:46:07.132  3275  3300 I chatty  : uid=10021(com.google.android.googlequicksearchbox) NonUserFacing0 expire 16 lines
01-22 12:46:07.135  1594  7951 I chatty  : uid=1041(audioserver) /system/bin/audioserver expire 1 line
01-22 12:46:07.142  3275  3320 I chatty  : uid=10021(com.google.android.googlequicksearchbox) NonUserFacing2 expire 12 lines
01-22 12:46:10.357  2593  7648 W ctxmgr  : [AclManager]No 2 for (accnt=account#-517948760#, com.google.android.gms(10015):IndoorOutdoorProducer, vrsn=13280000, 0, 3pPkg = null ,  3pMdlId = null ,  pid = 2593). Was: 3 for 57, account#-517948760#
01-22 12:46:10.451  1792  1792 E netmgr  : Failed to open QEMU pipe 'qemud:network': Invalid argument
01-22 12:46:12.164  1594  7954 I chatty  : uid=1041(audioserver) /system/bin/audioserver expire 1 line
01-22 12:46:12.164  1594  7701 I chatty  : uid=1041(audioserver) Binder:1594_7 expire 3 lines
01-22 12:46:15.373  2593  6795 W ctxmgr  : [AclManager]No 2 for (accnt=account#-517948760#, com.google.android.gms(10015):IndoorOutdoorProducer, vrsn=13280000, 0, 3pPkg = null ,  3pMdlId = null ,  pid = 2593). Was: 3 for 57, account#-517948760#
01-22 12:46:16.371  1856  1872 I chatty  : uid=1000(system) android.bg expire 11 lines
01-22 12:46:07.137  3275  3308 I chatty  : uid=10021(com.google.android.googlequicksearchbox) UserFacing1 identical 9 lines
01-22 12:46:12.166  3275  3308 E ActivityThread: Failed to find provider info for com.google.android.apps.gsa.testing.ui.audio.recorded
01-22 12:46:16.943  1711  1789 E storaged: getDiskStats failed with result NOT_SUPPORTED and size 0
01-22 12:46:17.200  1594  7957 I chatty  : uid=1041(audioserver) /system/bin/audioserver expire 1 line
01-22 12:46:17.201  3275  3308 E ActivityThread: Failed to find provider info for com.google.android.apps.gsa.testing.ui.audio.recorded
01-22 12:46:17.202  3275  3275 I chatty  : uid=10021 com.google.android.googlequicksearchbox:search expire 21 lines
01-22 12:46:20.384  2593  6795 W ctxmgr  : [AclManager]No 2 for (accnt=account#-517948760#, com.google.android.gms(10015):IndoorOutdoorProducer, vrsn=13280000, 0, 3pPkg = null ,  3pMdlId = null ,  pid = 2593). Was: 3 for 57, account#-517948760#
01-22 12:46:21.384  1856  2091 I chatty  : uid=1000(system) HwBinder:1856_3 expire 11 lines
01-22 12:46:22.227  1594  7960 I chatty  : uid=1041(audioserver) /system/bin/audioserver expire 1 line
01-22 12:46:22.227  1594  7474 I chatty  : uid=1041(audioserver) Binder:1594_5 expire 3 lines
01-22 12:46:22.229  3275  3308 I chatty  : uid=10021(com.google.android.googlequicksearchbox) UserFacing1 expire 21 lines
01-22 12:46:22.232  3275  3300 I chatty  : uid=10021(com.google.android.googlequicksearchbox) NonUserFacing0 expire 10 lines
01-22 12:46:25.401  2593  6795 W ctxmgr  : [AclManager]No 2 for (accnt=account#-517948760#, com.google.android.gms(10015):IndoorOutdoorProducer, vrsn=13280000, 0, 3pPkg = null ,  3pMdlId = null ,  pid = 2593). Was: 3 for 57, account#-517948760#
01-22 12:46:27.250  1594  7963 I chatty  : uid=1041(audioserver) /system/bin/audioserver expire 1 line
01-22 12:46:27.250  1594  7701 I chatty  : uid=1041(audioserver) Binder:1594_7 expire 3 lines
01-22 12:46:27.253  3275  3801 I chatty  : uid=10021(com.google.android.googlequicksearchbox) HotwordDetector expire 10 lines
01-22 12:46:27.397  1856  1872 I chatty  : uid=1000(system) android.bg expire 14 lines
01-22 12:46:30.407  2593  6795 W ctxmgr  : [AclManager]No 2 for (accnt=account#-517948760#, com.google.android.gms(10015):IndoorOutdoorProducer, vrsn=13280000, 0, 3pPkg = null ,  3pMdlId = null ,  pid = 2593). Was: 3 for 57, account#-517948760#
01-22 12:46:32.277  1594  7967 I chatty  : uid=1041(audioserver) /system/bin/audioserver expire 1 line
01-22 12:46:32.278  1594  7964 I chatty  : uid=1041(audioserver) Binder:1594_8 expire 6 lines
01-22 12:46:32.281  3275  3275 I chatty  : uid=10021 com.google.android.googlequicksearchbox:search expire 14 lines
01-22 12:46:32.283  3275  3300 I chatty  : uid=10021(com.google.android.googlequicksearchbox) NonUserFacing0 expire 12 lines
01-22 12:46:32.413  1856  2091 I chatty  : uid=1000(system) HwBinder:1856_3 expire 14 lines
01-22 12:46:35.423  2593  7648 W ctxmgr  : [AclManager]No 2 for (accnt=account#-517948760#, com.google.android.gms(10015):IndoorOutdoorProducer, vrsn=13280000, 0, 3pPkg = null ,  3pMdlId = null ,  pid = 2593). Was: 3 for 57, account#-517948760#
01-22 12:46:37.306  1594  7970 I chatty  : uid=1041(audioserver) /system/bin/audioserver expire 1 line
01-22 12:46:37.306  1594  7474 I chatty  : uid=1041(audioserver) Binder:1594_5 expire 5 lines
01-22 12:46:37.308  3275  3308 I chatty  : uid=10021(com.google.android.googlequicksearchbox) UserFacing1 expire 27 lines
01-22 12:46:40.437  2593  7648 W ctxmgr  : [AclManager]No 2 for (accnt=account#-517948760#, com.google.android.gms(10015):IndoorOutdoorProducer, vrsn=13280000, 0, 3pPkg = null ,  3pMdlId = null ,  pid = 2593). Was: 3 for 57, account#-517948760#
01-22 12:46:41.436  1856  1872 I chatty  : uid=1000(system) android.bg expire 13 lines
01-22 12:46:42.336  1594  7973 I chatty  : uid=1041(audioserver) /system/bin/audioserver expire 1 line
01-22 12:46:42.339  3275  3275 I chatty  : uid=10021 com.google.android.googlequicksearchbox:search expire 14 lines
01-22 12:46:42.341  3275  3320 I chatty  : uid=10021(com.google.android.googlequicksearchbox) NonUserFacing2 expire 10 lines
01-22 12:46:45.447  2593  7648 W ctxmgr  : [AclManager]No 2 for (accnt=account#-517948760#, com.google.android.gms(10015):IndoorOutdoorProducer, vrsn=13280000, 0, 3pPkg = null ,  3pMdlId = null ,  pid = 2593). Was: 3 for 57, account#-517948760#
01-22 12:46:46.449  1856  2091 I chatty  : uid=1000(system) HwBinder:1856_3 expire 11 lines
01-22 12:46:47.368  1594  7976 I chatty  : uid=1041(audioserver) /system/bin/audioserver expire 1 line
01-22 12:46:47.368  1594  7474 I chatty  : uid=1041(audioserver) Binder:1594_5 expire 4 lines
01-22 12:46:50.458  2593  6795 W ctxmgr  : [AclManager]No 2 for (accnt=account#-517948760#, com.google.android.gms(10015):IndoorOutdoorProducer, vrsn=13280000, 0, 3pPkg = null ,  3pMdlId = null ,  pid = 2593). Was: 3 for 57, account#-517948760#
01-22 12:46:52.395  1594  7979 I chatty  : uid=1041(audioserver) /system/bin/audioserver expire 1 line
01-22 12:46:52.397  3275  3275 I chatty  : uid=10021 com.google.android.googlequicksearchbox:search expire 21 lines
01-22 12:46:52.463  1856  1872 I chatty  : uid=1000(system) android.bg expire 20 lines
01-22 12:46:55.469  2593  6795 W ctxmgr  : [AclManager]No 2 for (accnt=account#-517948760#, com.google.android.gms(10015):IndoorOutdoorProducer, vrsn=13280000, 0, 3pPkg = null ,  3pMdlId = null ,  pid = 2593). Was: 3 for 57, account#-517948760#
01-22 12:46:57.418  3275  3300 I chatty  : uid=10021(com.google.android.googlequicksearchbox) NonUserFacing0 expire 12 lines
01-22 12:46:57.418  3275  3308 I chatty  : uid=10021(com.google.android.googlequicksearchbox) UserFacing1 expire 34 lines
01-22 12:46:57.422  1594  7982 I chatty  : uid=1041(audioserver) /system/bin/audioserver expire 1 line
01-22 12:46:57.422  1594  7964 I chatty  : uid=1041(audioserver) Binder:1594_8 expire 8 lines
01-22 12:46:57.432  3275  3320 I chatty  : uid=10021(com.google.android.googlequicksearchbox) NonUserFacing2 expire 12 lines
01-22 12:46:57.470  1856  2091 I chatty  : uid=1000(system) HwBinder:1856_3 expire 11 lines
01-22 12:47:00.013  1840  1843 D hwcomposer: hw_composer sent 6 syncs in 60s
01-22 12:47:00.478  2593  7648 W ctxmgr  : [AclManager]No 2 for (accnt=account#-517948760#, com.google.android.gms(10015):IndoorOutdoorProducer, vrsn=13280000, 0, 3pPkg = null ,  3pMdlId = null ,  pid = 2593). Was: 3 for 57, account#-517948760#
01-22 12:47:02.457  1594  7985 I chatty  : uid=1041(audioserver) /system/bin/audioserver expire 1 line
01-22 12:47:05.502  2593  7648 W ctxmgr  : [AclManager]No 2 for (accnt=account#-517948760#, com.google.android.gms(10015):IndoorOutdoorProducer, vrsn=13280000, 0, 3pPkg = null ,  3pMdlId = null ,  pid = 2593). Was: 3 for 57, account#-517948760#
01-22 12:47:07.521  1594  7988 I chatty  : uid=1041(audioserver) /system/bin/audioserver expire 1 line
01-22 12:47:07.521  1594  7964 I chatty  : uid=1041(audioserver) Binder:1594_8 expire 4 lines
01-22 12:47:07.525  3275  3275 I chatty  : uid=10021 com.google.android.googlequicksearchbox:search expire 15 lines
01-22 12:47:08.509  1856  2091 I chatty  : uid=1000(system) HwBinder:1856_3 expire 13 lines
01-22 12:47:08.509  1856  1872 I chatty  : uid=1000(system) android.bg expire 13 lines
01-22 12:47:10.490  1792  1792 E netmgr  : Failed to open QEMU pipe 'qemud:network': Invalid argument
01-22 12:47:10.517  2593  7130 W ctxmgr  : [AclManager]No 2 for (accnt=account#-517948760#, com.google.android.gms(10015):IndoorOutdoorProducer, vrsn=13280000, 0, 3pPkg = null ,  3pMdlId = null ,  pid = 2593). Was: 3 for 57, account#-517948760#
01-22 12:47:12.550  1594  7991 I chatty  : uid=1041(audioserver) /system/bin/audioserver expire 1 line
01-22 12:47:12.550  1594  7474 I chatty  : uid=1041(audioserver) Binder:1594_5 expire 6 lines
01-22 12:47:15.535  2593  7648 W ctxmgr  : [AclManager]No 2 for (accnt=account#-517948760#, com.google.android.gms(10015):IndoorOutdoorProducer, vrsn=13280000, 0, 3pPkg = null ,  3pMdlId = null ,  pid = 2593). Was: 3 for 57, account#-517948760#
01-22 12:47:07.525  3275  3308 I chatty  : uid=10021(com.google.android.googlequicksearchbox) UserFacing1 identical 10 lines
01-22 12:47:12.552  3275  3308 E ActivityThread: Failed to find provider info for com.google.android.apps.gsa.testing.ui.audio.recorded
01-22 12:47:16.945  1711  1789 E storaged: getDiskStats failed with result NOT_SUPPORTED and size 0
01-22 12:47:17.572  3275  3320 I chatty  : uid=10021(com.google.android.googlequicksearchbox) NonUserFacing2 expire 17 lines
01-22 12:47:17.576  1594  7994 I chatty  : uid=1041(audioserver) /system/bin/audioserver expire 1 line
01-22 12:47:17.579  3275  3308 E ActivityThread: Failed to find provider info for com.google.android.apps.gsa.testing.ui.audio.recorded
01-22 12:47:17.582  3275  3308 I chatty  : uid=10021(com.google.android.googlequicksearchbox) UserFacing1 expire 15 lines
01-22 12:47:17.582  3275  3801 I chatty  : uid=10021(com.google.android.googlequicksearchbox) HotwordDetector expire 10 lines
01-22 12:47:17.583  3275  3275 I chatty  : uid=10021 com.google.android.googlequicksearchbox:search expire 13 lines
01-22 12:47:17.583  3275  3300 I chatty  : uid=10021(com.google.android.googlequicksearchbox) NonUserFacing0 expire 11 lines
01-22 12:47:20.550  2593  7648 W ctxmgr  : [AclManager]No 2 for (accnt=account#-517948760#, com.google.android.gms(10015):IndoorOutdoorProducer, vrsn=13280000, 0, 3pPkg = null ,  3pMdlId = null ,  pid = 2593). Was: 3 for 57, account#-517948760#
01-22 12:47:21.551  1856  2091 I chatty  : uid=1000(system) HwBinder:1856_3 expire 15 lines
01-22 12:47:21.551  1856  1872 I chatty  : uid=1000(system) android.bg expire 12 lines
01-22 12:47:22.606  1594  7997 I chatty  : uid=1041(audioserver) /system/bin/audioserver expire 1 line
01-22 12:47:25.570  2593  7648 W ctxmgr  : [AclManager]No 2 for (accnt=account#-517948760#, com.google.android.gms(10015):IndoorOutdoorProducer, vrsn=13280000, 0, 3pPkg = null ,  3pMdlId = null ,  pid = 2593). Was: 3 for 57, account#-517948760#
01-22 12:47:27.637  1594  7964 I chatty  : uid=1041(audioserver) Binder:1594_8 expire 3 lines
01-22 12:47:27.637  1594  8000 I chatty  : uid=1041(audioserver) /system/bin/audioserver expire 1 line
01-22 12:47:27.639  3275  3275 I chatty  : uid=10021 com.google.android.googlequicksearchbox:search expire 15 lines
01-22 12:47:30.586  2593  7648 W ctxmgr  : [AclManager]No 2 for (accnt=account#-517948760#, com.google.android.gms(10015):IndoorOutdoorProducer, vrsn=13280000, 0, 3pPkg = null ,  3pMdlId = null ,  pid = 2593). Was: 3 for 57, account#-517948760#
01-22 12:47:32.662  3275  3300 I chatty  : uid=10021(com.google.android.googlequicksearchbox) NonUserFacing0 expire 11 lines
01-22 12:47:32.663  3275  3308 I chatty  : uid=10021(com.google.android.googlequicksearchbox) UserFacing1 expire 29 lines
01-22 12:47:32.668  1594  8003 I chatty  : uid=1041(audioserver) /system/bin/audioserver expire 1 line
01-22 12:47:32.668  1594  7964 I chatty  : uid=1041(audioserver) Binder:1594_8 expire 4 lines
01-22 12:47:33.595  1856  1872 I chatty  : uid=1000(system) android.bg expire 11 lines
01-22 12:47:35.607  2593  7648 W ctxmgr  : [AclManager]No 2 for (accnt=account#-517948760#, com.google.android.gms(10015):IndoorOutdoorProducer, vrsn=13280000, 0, 3pPkg = null ,  3pMdlId = null ,  pid = 2593). Was: 3 for 57, account#-517948760#
01-22 12:47:36.608  1856  2091 I chatty  : uid=1000(system) HwBinder:1856_3 expire 12 lines
01-22 12:47:37.703  1594  8006 I chatty  : uid=1041(audioserver) /system/bin/audioserver expire 1 line
01-22 12:47:37.703  1594  7474 I chatty  : uid=1041(audioserver) Binder:1594_5 expire 3 lines
01-22 12:47:37.709  3275  3275 I chatty  : uid=10021 com.google.android.googlequicksearchbox:search expire 20 lines
01-22 12:47:40.628  2593  7648 W ctxmgr  : [AclManager]No 2 for (accnt=account#-517948760#, com.google.android.gms(10015):IndoorOutdoorProducer, vrsn=13280000, 0, 3pPkg = null ,  3pMdlId = null ,  pid = 2593). Was: 3 for 57, account#-517948760#
01-22 12:47:42.730  1594  8009 I chatty  : uid=1041(audioserver) /system/bin/audioserver expire 1 line
01-22 12:47:42.730  1594  7964 I chatty  : uid=1041(audioserver) Binder:1594_8 expire 8 lines
01-22 12:47:42.736  3275  3300 I chatty  : uid=10021(com.google.android.googlequicksearchbox) NonUserFacing0 expire 10 lines
01-22 12:47:43.432  1705  6403 D DrmHal  : found drm@1.0 IDrmFactory clearkey
01-22 12:47:43.434  1705  6403 D DrmHal  : found drm@1.0 IDrmFactory default
01-22 12:47:43.435  1705  6403 D DrmHal  : found drm@1.0 IDrmFactory widevine
01-22 12:47:43.437  1705  6403 D DrmHal  : found drm@1.1 IDrmFactory clearkey
01-22 12:47:43.440  1705  6403 D DrmHal  : found drm@1.1 IDrmFactory widevine
01-22 12:47:43.441  1583  1583 D WVCdm   : Instantiating CDM.
01-22 12:47:43.442  1583  3938 I WVCdm   : [cdm_engine.cpp(480):QueryStatus] CdmEngine::QueryStatus
01-22 12:47:43.442  2639  8013 I EventLogChimeraService: Aggregate from 1548188433774 (log), 1548188432177 (data)
01-22 12:47:43.443  1583  8014 I WVCdm   : [(0):] Level3 Library 4464 Apr 20 2018 14:54:35
01-22 12:47:43.449  1583  3938 I WVCdm   : [oemcrypto_adapter_dynamic.cpp(575):Initialize] L3 Initialized. Trying L1.
01-22 12:47:43.449  1583  3938 W WVCdm   : [oemcrypto_adapter_dynamic.cpp(586):Initialize] Could not load liboemcrypto.so. Falling back to L3.  dlopen failed: library "liboemcrypto.so" not found
01-22 12:47:43.449  1583  3938 D WVCdm   : [crypto_session.cpp(646):Open] CryptoSession::Open: Lock: requested_security_level: Default
01-22 12:47:43.455  1583  3938 I WVCdm   : [(0):] L3 Terminate.
01-22 12:47:43.455  1583  3938 I WVCdm   : [cdm_engine.cpp(110):OpenSession] CdmEngine::OpenSession
01-22 12:47:43.455  1583  8015 I WVCdm   : [(0):] Level3 Library 4464 Apr 20 2018 14:54:35
01-22 12:47:43.461  1583  3938 I WVCdm   : [oemcrypto_adapter_dynamic.cpp(575):Initialize] L3 Initialized. Trying L1.
01-22 12:47:43.461  1583  3938 W WVCdm   : [oemcrypto_adapter_dynamic.cpp(586):Initialize] Could not load liboemcrypto.so. Falling back to L3.  dlopen failed: library "liboemcrypto.so" not found
01-22 12:47:43.461  1583  3938 D WVCdm   : [crypto_session.cpp(646):Open] CryptoSession::Open: Lock: requested_security_level: Default
01-22 12:47:43.463  1583  3938 I WVCdm   : [device_files.cpp(166):ExtractDeviceInfo] ExtractDeviceInfo Entry
01-22 12:47:43.465  1583  3938 I WVCdm   : [cdm_engine.cpp(147):OpenSession] CdmEngine::OpenSession: sid26
01-22 12:47:43.465  1583  3938 I WVCdm   : [cdm_engine.cpp(742):QueryOemCryptoSessionId] CdmEngine::QueryOemCryptoSessionId
01-22 12:47:43.466  1583  3938 I WVCdm   : [cdm_engine.cpp(233):GenerateKeyRequest] CdmEngine::GenerateKeyRequest
01-22 12:47:43.466  1583  3938 D WVCdm   : [license.cpp(355):PrepareKeyRequest] PrepareKeyRequest: nonce=3995112394
01-22 12:47:43.578  1583  3938 I WVCdm   : [cdm_engine.cpp(190):CloseSession] CdmEngine::CloseSession: sid26
01-22 12:47:43.582  1583  3938 I WVCdm   : [(0):] L3 Terminate.
01-22 12:47:44.593  2593  2890 W Conscrypt: Could not set socket write timeout: java.lang.reflect.InvocationTargetException
01-22 12:47:44.593  2593  2890 W Conscrypt: 	at java.lang.reflect.Method.invoke(Native Method)
01-22 12:47:44.593  2593  2890 W Conscrypt: 	at com.google.android.gms.org.conscrypt.Platform.setSocketWriteTimeout(:com.google.android.gms@13280022@13.2.80 (040700-211705629):13)
01-22 12:47:44.593  2593  2890 W Conscrypt: Caused by: android.system.ErrnoException: setsockopt failed: EBADF (Bad file descriptor)
01-22 12:47:44.593  2593  2890 W Conscrypt: 	at libcore.io.Linux.setsockoptTimeval(Native Method)
01-22 12:47:44.593  2593  2890 W Conscrypt: 	at libcore.io.ForwardingOs.setsockoptTimeval(ForwardingOs.java:174)
01-22 12:47:44.637  1856  1872 I chatty  : uid=1000(system) android.bg expire 12 lines
01-22 12:47:45.026  2593  2890 W Conscrypt: Could not set socket write timeout: java.lang.reflect.InvocationTargetException
01-22 12:47:45.026  2593  2890 W Conscrypt: 	at java.lang.reflect.Method.invoke(Native Method)
01-22 12:47:45.026  2593  2890 W Conscrypt: 	at com.google.android.gms.org.conscrypt.Platform.setSocketWriteTimeout(:com.google.android.gms@13280022@13.2.80 (040700-211705629):13)
01-22 12:47:45.026  2593  2890 W Conscrypt: Caused by: android.system.ErrnoException: setsockopt failed: EBADF (Bad file descriptor)
01-22 12:47:45.026  2593  2890 W Conscrypt: 	at libcore.io.Linux.setsockoptTimeval(Native Method)
01-22 12:47:45.026  2593  2890 W Conscrypt: 	at libcore.io.ForwardingOs.setsockoptTimeval(ForwardingOs.java:174)
01-22 12:47:45.475  2593  2890 W GLSUser : [AppCertManager] IOException while requesting key: 
01-22 12:47:45.475  2593  2890 W GLSUser : java.io.IOException: Invalid device key response.
01-22 12:47:45.475  2593  2890 W GLSUser : 	at hnl.a(:com.google.android.gms@13280022@13.2.80 (040700-211705629):11)
01-22 12:47:45.475  2593  2890 W GLSUser : 	at hnl.a(:com.google.android.gms@13280022@13.2.80 (040700-211705629):64)
01-22 12:47:45.475  2593  2890 W GLSUser : 	at hnj.a(:com.google.android.gms@13280022@13.2.80 (040700-211705629):6)
01-22 12:47:45.475  2593  2890 W GLSUser : 	at hnf.a(:com.google.android.gms@13280022@13.2.80 (040700-211705629):1)
01-22 12:47:45.475  2593  2890 W GLSUser : 	at hne.a(:com.google.android.gms@13280022@13.2.80 (040700-211705629):9)
01-22 12:47:45.475  2593  2890 W GLSUser : 	at com.google.android.gms.auth.account.be.legacy.AuthCronChimeraService.b(:com.google.android.gms@13280022@13.2.80 (040700-211705629):6)
01-22 12:47:45.475  2593  2890 W GLSUser : 	at gmd.call(:com.google.android.gms@13280022@13.2.80 (040700-211705629):3)
01-22 12:47:45.475  2593  2890 W GLSUser : 	at java.util.concurrent.FutureTask.run(FutureTask.java:266)
01-22 12:47:45.475  2593  2890 W GLSUser : 	at qcr.run(:com.google.android.gms@13280022@13.2.80 (040700-211705629):21)
01-22 12:47:45.475  2593  2890 W GLSUser : 	at java.util.concurrent.ThreadPoolExecutor.runWorker(ThreadPoolExecutor.java:1167)
01-22 12:47:45.475  2593  2890 W GLSUser : 	at java.util.concurrent.ThreadPoolExecutor$Worker.run(ThreadPoolExecutor.java:641)
01-22 12:47:45.475  2593  2890 W GLSUser : 	at qiv.run(Unknown Source:7)
01-22 12:47:45.475  2593  2890 W GLSUser : 	at java.lang.Thread.run(Thread.java:764)
01-22 12:47:45.644  2593  7130 W ctxmgr  : [AclManager]No 2 for (accnt=account#-517948760#, com.google.android.gms(10015):IndoorOutdoorProducer, vrsn=13280000, 0, 3pPkg = null ,  3pMdlId = null ,  pid = 2593). Was: 3 for 57, account#-517948760#
01-22 12:47:47.756  1594  8026 I chatty  : uid=1041(audioserver) /system/bin/audioserver expire 1 line
01-22 12:47:48.648  1856  2091 I chatty  : uid=1000(system) HwBinder:1856_3 expire 12 lines
01-22 12:47:50.659  2593  7130 W ctxmgr  : [AclManager]No 2 for (accnt=account#-517948760#, com.google.android.gms(10015):IndoorOutdoorProducer, vrsn=13280000, 0, 3pPkg = null ,  3pMdlId = null ,  pid = 2593). Was: 3 for 57, account#-517948760#
01-22 12:47:52.789  1594  8029 I chatty  : uid=1041(audioserver) /system/bin/audioserver expire 1 line
01-22 12:47:52.791  3275  3308 I chatty  : uid=10021(com.google.android.googlequicksearchbox) UserFacing1 expire 14 lines
01-22 12:47:52.792  3275  3275 I chatty  : uid=10021 com.google.android.googlequicksearchbox:search expire 14 lines
01-22 12:47:55.669  2593  7130 W ctxmgr  : [AclManager]No 2 for (accnt=account#-517948760#, com.google.android.gms(10015):IndoorOutdoorProducer, vrsn=13280000, 0, 3pPkg = null ,  3pMdlId = null ,  pid = 2593). Was: 3 for 57, account#-517948760#
01-22 12:47:56.669  1856  1872 I chatty  : uid=1000(system) android.bg expire 14 lines
01-22 12:47:57.818  1594  8032 I chatty  : uid=1041(audioserver) /system/bin/audioserver expire 1 line
01-22 12:47:57.818  1594  7474 I chatty  : uid=1041(audioserver) Binder:1594_5 expire 3 lines
01-22 12:47:57.824  3275  3320 I chatty  : uid=10021(com.google.android.googlequicksearchbox) NonUserFacing2 expire 9 lines
01-22 12:47:57.825  3275  3300 I chatty  : uid=10021(com.google.android.googlequicksearchbox) NonUserFacing0 expire 7 lines
01-22 12:48:00.019  1840  1843 D hwcomposer: hw_composer sent 6 syncs in 60s
01-22 12:48:00.683  1856  2091 I chatty  : uid=1000(system) HwBinder:1856_3 expire 10 lines
01-22 12:48:00.686  2593  7130 W ctxmgr  : [AclManager]No 2 for (accnt=account#-517948760#, com.google.android.gms(10015):IndoorOutdoorProducer, vrsn=13280000, 0, 3pPkg = null ,  3pMdlId = null ,  pid = 2593). Was: 3 for 57, account#-517948760#
01-22 12:48:02.845  1594  8035 I chatty  : uid=1041(audioserver) /system/bin/audioserver expire 1 line
01-22 12:48:02.846  1594  7964 I chatty  : uid=1041(audioserver) Binder:1594_8 expire 9 lines
01-22 12:48:02.847  3275  3308 I chatty  : uid=10021(com.google.android.googlequicksearchbox) UserFacing1 expire 42 lines
01-22 12:48:02.848  3275  3275 I chatty  : uid=10021 com.google.android.googlequicksearchbox:search expire 35 lines
01-22 12:48:05.699  2593  7648 W ctxmgr  : [AclManager]No 2 for (accnt=account#-517948760#, com.google.android.gms(10015):IndoorOutdoorProducer, vrsn=13280000, 0, 3pPkg = null ,  3pMdlId = null ,  pid = 2593). Was: 3 for 57, account#-517948760#
01-22 12:48:07.866  1594  8039 I chatty  : uid=1041(audioserver) /system/bin/audioserver expire 1 line
01-22 12:48:07.873  3275  3801 I chatty  : uid=10021(com.google.android.googlequicksearchbox) HotwordDetector expire 7 lines
01-22 12:48:07.874  3275  3320 I chatty  : uid=10021(com.google.android.googlequicksearchbox) NonUserFacing2 expire 14 lines
01-22 12:48:08.705  1856  1872 I chatty  : uid=1000(system) android.bg expire 13 lines
01-22 12:48:10.492  1792  1792 E netmgr  : Failed to open QEMU pipe 'qemud:network': Invalid argument
01-22 12:48:10.711  1856  2091 I chatty  : uid=1000(system) HwBinder:1856_3 expire 11 lines
01-22 12:48:10.714  2593  7648 W ctxmgr  : [AclManager]No 2 for (accnt=account#-517948760#, com.google.android.gms(10015):IndoorOutdoorProducer, vrsn=13280000, 0, 3pPkg = null ,  3pMdlId = null ,  pid = 2593). Was: 3 for 57, account#-517948760#
01-22 12:48:12.892  3275  3300 I chatty  : uid=10021(com.google.android.googlequicksearchbox) NonUserFacing0 expire 17 lines
01-22 12:48:12.895  1594  8042 I chatty  : uid=1041(audioserver) /system/bin/audioserver expire 1 line
01-22 12:48:13.853  2593  3009 I Places  : Converted 0 out of 1 WiFi scans
01-22 12:48:13.855  2593  7648 W ctxmgr  : [AclManager]No 2 for (accnt=account#-517948760#, com.google.android.gms(10015):UserLocationProducer, vrsn=13280000, 0, 3pPkg = null ,  3pMdlId = null ,  pid = 2593). Was: 3 for 1, account#-517948760#
01-22 12:48:13.863  2593  7648 W ctxmgr  : [AclManager]No 2 for (accnt=account#-517948760#, com.google.android.gms(10015):UserVelocityProducer, vrsn=13280000, 0, 3pPkg = null ,  3pMdlId = null ,  pid = 2593). Was: 3 for 48, account#-517948760#
01-22 12:48:13.863  2593  8043 I PlaceInferenceEngine: No beacon scan available - ignoring candidates.
01-22 12:48:15.730  2593  7648 W ctxmgr  : [AclManager]No 2 for (accnt=account#-517948760#, com.google.android.gms(10015):IndoorOutdoorProducer, vrsn=13280000, 0, 3pPkg = null ,  3pMdlId = null ,  pid = 2593). Was: 3 for 57, account#-517948760#
01-22 12:48:07.868  3275  3308 I chatty  : uid=10021(com.google.android.googlequicksearchbox) UserFacing1 identical 10 lines
01-22 12:48:12.897  3275  3308 E ActivityThread: Failed to find provider info for com.google.android.apps.gsa.testing.ui.audio.recorded
01-22 12:48:16.948  1711  1789 E storaged: getDiskStats failed with result NOT_SUPPORTED and size 0
01-22 12:48:17.921  1594  8046 I chatty  : uid=1041(audioserver) /system/bin/audioserver expire 1 line
01-22 12:48:17.921  1594  7964 I chatty  : uid=1041(audioserver) Binder:1594_8 expire 3 lines
01-22 12:48:17.924  3275  3308 E ActivityThread: Failed to find provider info for com.google.android.apps.gsa.testing.ui.audio.recorded
01-22 12:48:20.745  2593  7648 W ctxmgr  : [AclManager]No 2 for (accnt=account#-517948760#, com.google.android.gms(10015):IndoorOutdoorProducer, vrsn=13280000, 0, 3pPkg = null ,  3pMdlId = null ,  pid = 2593). Was: 3 for 57, account#-517948760#
01-22 12:48:21.744  1856  2091 I chatty  : uid=1000(system) HwBinder:1856_3 expire 12 lines
01-22 12:48:21.744  1856  1872 I chatty  : uid=1000(system) android.bg expire 12 lines
01-22 12:48:22.945  1594  8050 I chatty  : uid=1041(audioserver) /system/bin/audioserver expire 1 line
01-22 12:48:22.946  1594  7474 I chatty  : uid=1041(audioserver) Binder:1594_5 expire 3 lines
01-22 12:48:25.760  2593  7130 W ctxmgr  : [AclManager]No 2 for (accnt=account#-517948760#, com.google.android.gms(10015):IndoorOutdoorProducer, vrsn=13280000, 0, 3pPkg = null ,  3pMdlId = null ,  pid = 2593). Was: 3 for 57, account#-517948760#
01-22 12:48:27.972  1594  8053 I chatty  : uid=1041(audioserver) /system/bin/audioserver expire 1 line
01-22 12:48:27.973  1594  7964 I chatty  : uid=1041(audioserver) Binder:1594_8 expire 3 lines
01-22 12:48:27.975  3275  3275 I chatty  : uid=10021 com.google.android.googlequicksearchbox:search expire 15 lines
01-22 12:48:30.780  2593  7130 W ctxmgr  : [AclManager]No 2 for (accnt=account#-517948760#, com.google.android.gms(10015):IndoorOutdoorProducer, vrsn=13280000, 0, 3pPkg = null ,  3pMdlId = null ,  pid = 2593). Was: 3 for 57, account#-517948760#
01-22 12:48:33.003  1594  7474 I chatty  : uid=1041(audioserver) Binder:1594_5 expire 6 lines
01-22 12:48:33.012  1594  8056 I chatty  : uid=1041(audioserver) /system/bin/audioserver expire 1 line
01-22 12:48:33.013  3275  3308 I chatty  : uid=10021(com.google.android.googlequicksearchbox) UserFacing1 expire 13 lines
01-22 12:48:33.782  1856  2091 I chatty  : uid=1000(system) HwBinder:1856_3 expire 8 lines
01-22 12:48:33.782  1856  1872 I chatty  : uid=1000(system) android.bg expire 7 lines
01-22 12:48:35.789  2593  7130 W ctxmgr  : [AclManager]No 2 for (accnt=account#-517948760#, com.google.android.gms(10015):IndoorOutdoorProducer, vrsn=13280000, 0, 3pPkg = null ,  3pMdlId = null ,  pid = 2593). Was: 3 for 57, account#-517948760#
01-22 12:48:38.036  3275  3320 I chatty  : uid=10021(com.google.android.googlequicksearchbox) NonUserFacing2 expire 5 lines
01-22 12:48:38.040  1594  8059 I chatty  : uid=1041(audioserver) /system/bin/audioserver expire 1 line
01-22 12:48:38.048  3275  3275 I chatty  : uid=10021 com.google.android.googlequicksearchbox:search expire 6 lines
01-22 12:48:38.048  3275  3300 I chatty  : uid=10021(com.google.android.googlequicksearchbox) NonUserFacing0 expire 4 lines
01-22 12:48:40.590  1856  3940 I chatty  : uid=1000(system) Binder:1856_11 expire 2 lines
01-22 12:48:40.792  1856  1872 I chatty  : uid=1000(system) android.bg expire 13 lines
01-22 12:48:40.794  2593  7130 W ctxmgr  : [AclManager]No 2 for (accnt=account#-517948760#, com.google.android.gms(10015):IndoorOutdoorProducer, vrsn=13280000, 0, 3pPkg = null ,  3pMdlId = null ,  pid = 2593). Was: 3 for 57, account#-517948760#
01-22 12:48:41.792  1856  2091 I chatty  : uid=1000(system) HwBinder:1856_3 expire 12 lines
01-22 12:48:43.064  3275  3320 I chatty  : uid=10021(com.google.android.googlequicksearchbox) NonUserFacing2 expire 10 lines
01-22 12:48:43.064  3275  3308 I chatty  : uid=10021(com.google.android.googlequicksearchbox) UserFacing1 expire 15 lines
01-22 12:48:43.068  1594  7964 I chatty  : uid=1041(audioserver) Binder:1594_8 expire 6 lines
01-22 12:48:43.068  1594  8062 I chatty  : uid=1041(audioserver) /system/bin/audioserver expire 1 line
01-22 12:48:43.070  3275  3275 I chatty  : uid=10021 com.google.android.googlequicksearchbox:search expire 14 lines
01-22 12:48:43.073  3275  3801 I chatty  : uid=10021(com.google.android.googlequicksearchbox) HotwordDetector expire 9 lines
01-22 12:48:45.806  2593  7130 W ctxmgr  : [AclManager]No 2 for (accnt=account#-517948760#, com.google.android.gms(10015):IndoorOutdoorProducer, vrsn=13280000, 0, 3pPkg = null ,  3pMdlId = null ,  pid = 2593). Was: 3 for 57, account#-517948760#
01-22 12:48:48.095  1594  8065 I chatty  : uid=1041(audioserver) /system/bin/audioserver expire 1 line
01-22 12:48:50.826  2593  7130 W ctxmgr  : [AclManager]No 2 for (accnt=account#-517948760#, com.google.android.gms(10015):IndoorOutdoorProducer, vrsn=13280000, 0, 3pPkg = null ,  3pMdlId = null ,  pid = 2593). Was: 3 for 57, account#-517948760#
01-22 12:48:51.827  1856  1872 I chatty  : uid=1000(system) android.bg expire 12 lines
01-22 12:48:53.124  1594  7964 I chatty  : uid=1041(audioserver) Binder:1594_8 expire 2 lines
01-22 12:48:53.124  1594  8069 I chatty  : uid=1041(audioserver) /system/bin/audioserver expire 1 line
01-22 12:48:53.124  1594  7964 I chatty  : uid=1041(audioserver) Binder:1594_8 expire 4 lines
01-22 12:48:53.126  3275  3308 I chatty  : uid=10021(com.google.android.googlequicksearchbox) UserFacing1 expire 28 lines
01-22 12:48:53.127  3275  3275 I chatty  : uid=10021 com.google.android.googlequicksearchbox:search expire 15 lines
01-22 12:48:53.129  3275  3300 I chatty  : uid=10021(com.google.android.googlequicksearchbox) NonUserFacing0 expire 10 lines
01-22 12:48:53.130  3275  3320 I chatty  : uid=10021(com.google.android.googlequicksearchbox) NonUserFacing2 expire 18 lines
01-22 12:48:53.831  1856  2091 I chatty  : uid=1000(system) HwBinder:1856_3 expire 13 lines
01-22 12:48:55.841  2593  7130 W ctxmgr  : [AclManager]No 2 for (accnt=account#-517948760#, com.google.android.gms(10015):IndoorOutdoorProducer, vrsn=13280000, 0, 3pPkg = null ,  3pMdlId = null ,  pid = 2593). Was: 3 for 57, account#-517948760#
01-22 12:48:58.150  1594  8072 I chatty  : uid=1041(audioserver) /system/bin/audioserver expire 1 line
01-22 12:48:58.151  3275  3308 I chatty  : uid=10021(com.google.android.googlequicksearchbox) UserFacing1 identical 8 lines
01-22 12:49:00.017  1840  1843 D hwcomposer: hw_composer sent 6 syncs in 60s
01-22 12:49:00.856  2593  7130 W ctxmgr  : [AclManager]No 2 for (accnt=account#-517948760#, com.google.android.gms(10015):IndoorOutdoorProducer, vrsn=13280000, 0, 3pPkg = null ,  3pMdlId = null ,  pid = 2593). Was: 3 for 57, account#-517948760#
01-22 12:49:03.178  1594  8075 I chatty  : uid=1041(audioserver) /system/bin/audioserver expire 1 line
01-22 12:49:03.179  1594  7474 I chatty  : uid=1041(audioserver) Binder:1594_5 expire 6 lines
