01-22 14:16:58.973  3275  3320 W ErrorProcessor: 	at com.google.android.libraries.gsa.runner.a.a.b(SourceFile:32)
01-22 14:16:58.973  3275  3320 W ErrorProcessor: 	at com.google.android.libraries.gsa.runner.a.c.call(Unknown Source:4)
01-22 14:16:58.973  3275  3320 W ErrorProcessor: 	at java.util.concurrent.FutureTask.run(FutureTask.java:266)
01-22 14:16:58.973  3275  3320 W ErrorProcessor: 	at java.util.concurrent.Executors$RunnableAdapter.call(Executors.java:458)
01-22 14:16:58.973  3275  3320 W ErrorProcessor: 	at java.util.concurrent.FutureTask.run(FutureTask.java:266)
01-22 14:16:58.973  3275  3320 W ErrorProcessor: 	at com.google.android.apps.gsa.shared.util.concurrent.b.g.run(Unknown Source:4)
01-22 14:16:58.973  3275  3320 W ErrorProcessor: 	at com.google.android.apps.gsa.shared.util.concurrent.b.aw.run(SourceFile:4)
01-22 14:16:58.973  3275  3320 W ErrorProcessor: 	at com.google.android.apps.gsa.shared.util.concurrent.b.aw.run(SourceFile:4)
01-22 14:16:58.973  3275  3320 W ErrorProcessor: 	at java.util.concurrent.ThreadPoolExecutor.runWorker(ThreadPoolExecutor.java:1167)
01-22 14:16:58.973  3275  3320 W ErrorProcessor: 	at java.util.concurrent.ThreadPoolExecutor$Worker.run(ThreadPoolExecutor.java:641)
01-22 14:16:58.973  3275  3320 W ErrorProcessor: 	at java.lang.Thread.run(Thread.java:764)
01-22 14:16:58.973  3275  3320 W ErrorProcessor: 	at com.google.android.apps.gsa.shared.util.concurrent.b.i.run(SourceFile:6)
01-22 14:16:58.973  3275  3320 W ErrorProcessor: Caused by: com.google.android.apps.gsa.shared.exception.GsaIOException: Error code: 393238 | Buffer overflow, no available space.
01-22 14:16:58.973  3275  3320 W ErrorProcessor: 	at com.google.android.apps.gsa.speech.audio.Tee.j(SourceFile:103)
01-22 14:16:58.973  3275  3320 W ErrorProcessor: 	at com.google.android.apps.gsa.speech.audio.au.read(SourceFile:2)
01-22 14:16:58.973  3275  3320 W ErrorProcessor: 	at java.io.InputStream.read(InputStream.java:101)
01-22 14:16:58.973  3275  3320 W ErrorProcessor: 	at com.google.android.apps.gsa.speech.audio.ao.run(SourceFile:17)
01-22 14:16:58.973  3275  3320 W ErrorProcessor: 	at com.google.android.apps.gsa.speech.audio.an.run(SourceFile:2)
01-22 14:16:58.973  3275  3320 W ErrorProcessor: 	at java.util.concurrent.Executors$RunnableAdapter.call(Executors.java:458)
01-22 14:16:58.973  3275  3320 W ErrorProcessor: 	... 10 more
01-22 14:16:58.973  3275  3320 I AudioController: internalShutdown
01-22 14:16:58.974  3275  3275 I MicroDetector: Keeping mic open: false
01-22 14:16:58.974  3275  3275 I MicroDetectionWorker: #onError(false)
01-22 14:16:58.974  3275  3300 I DeviceStateChecker: DeviceStateChecker cancelled
01-22 14:16:59.768  1856  1977 I GnssLocationProvider: WakeLock acquired by sendMessage(REPORT_SV_STATUS, 0, com.android.server.location.GnssLocationProvider$SvStatusInfo@ed74e8a)
01-22 14:16:59.769  1856  1872 I GnssLocationProvider: WakeLock released by handleMessage(REPORT_SV_STATUS, 0, com.android.server.location.GnssLocationProvider$SvStatusInfo@ed74e8a)
01-22 14:17:00.021  1840  1843 D hwcomposer: hw_composer sent 6 syncs in 60s
01-22 14:17:00.772  1856  1977 I GnssLocationProvider: WakeLock acquired by sendMessage(REPORT_SV_STATUS, 0, com.android.server.location.GnssLocationProvider$SvStatusInfo@6be5118)
01-22 14:17:00.772  1856  1872 I GnssLocationProvider: WakeLock released by handleMessage(REPORT_SV_STATUS, 0, com.android.server.location.GnssLocationProvider$SvStatusInfo@6be5118)
01-22 14:17:01.774  1856  1977 I GnssLocationProvider: WakeLock acquired by sendMessage(REPORT_SV_STATUS, 0, com.android.server.location.GnssLocationProvider$SvStatusInfo@5e3c956)
01-22 14:17:01.774  1856  1872 I GnssLocationProvider: WakeLock released by handleMessage(REPORT_SV_STATUS, 0, com.android.server.location.GnssLocationProvider$SvStatusInfo@5e3c956)
01-22 14:17:01.777  2593 10219 W ctxmgr  : [AclManager]No 2 for (accnt=account#-517948760#, com.google.android.gms(10015):IndoorOutdoorProducer, vrsn=13280000, 0, 3pPkg = null ,  3pMdlId = null ,  pid = 2593). Was: 3 for 57, account#-517948760#
01-22 14:17:02.776  1856  1977 I GnssLocationProvider: WakeLock acquired by sendMessage(REPORT_SV_STATUS, 0, com.android.server.location.GnssLocationProvider$SvStatusInfo@7d91dd7)
01-22 14:17:02.776  1856  1872 I GnssLocationProvider: WakeLock released by handleMessage(REPORT_SV_STATUS, 0, com.android.server.location.GnssLocationProvider$SvStatusInfo@7d91dd7)
01-22 14:17:03.779  1856  1977 I GnssLocationProvider: WakeLock acquired by sendMessage(REPORT_SV_STATUS, 0, com.android.server.location.GnssLocationProvider$SvStatusInfo@9d366c4)
01-22 14:17:03.779  1856  1872 I GnssLocationProvider: WakeLock released by handleMessage(REPORT_SV_STATUS, 0, com.android.server.location.GnssLocationProvider$SvStatusInfo@9d366c4)
01-22 14:17:03.981  3275  3275 I MicroDetectionWorker: #startMicroDetector [speakerMode: 0]
01-22 14:17:03.981  3275  3275 I AudioController: Using mInputStreamFactoryBuilder
01-22 14:17:03.981  3275  3275 I AudioController: Created new AudioSource
01-22 14:17:03.982  3275  3275 I MicroDetectionWorker: onReady
01-22 14:17:03.989  3275  3320 I MicroRecognitionRunner: Starting detection.
01-22 14:17:03.989  3275 11086 I MicrophoneInputStream: mic_starting  SR : 16000 CC : 16 SO : 6
01-22 14:17:03.993  1594 11836 I AudioFlinger: AudioFlinger's thread 0xe92034c0 tid=11836 ready to run
01-22 14:17:03.993  1594 11602 E AudioFlinger: not enough memory for AudioTrack size=131296
01-22 14:17:03.993  1594 11602 D MemoryDealer:   AudioTrack (0xedb9cd60, size=4194304)
01-22 14:17:03.993  1594 11602 D MemoryDealer:     0: 0xedb9cd70 | 0x00000000 | 0x000200E0 | A 
01-22 14:17:03.993  1594 11602 D MemoryDealer:     1: 0xedb9cee0 | 0x000200E0 | 0x000200E0 | A 
01-22 14:17:03.993  1594 11602 D MemoryDealer:     2: 0xeceff0d0 | 0x000401C0 | 0x000200E0 | A 
01-22 14:17:03.993  1594 11602 D MemoryDealer:     3: 0xeceff260 | 0x000602A0 | 0x000200E0 | A 
01-22 14:17:03.993  1594 11602 D MemoryDealer:     4: 0xeceff3b0 | 0x00080380 | 0x000200E0 | A 
01-22 14:17:03.993  1594 11602 D MemoryDealer:     5: 0xeceff5a0 | 0x000A0460 | 0x000200E0 | A 
01-22 14:17:03.993  1594 11602 D MemoryDealer:     6: 0xeceff700 | 0x000C0540 | 0x000200E0 | A 
01-22 14:17:03.993  1594 11602 D MemoryDealer:     7: 0xeceff8b0 | 0x000E0620 | 0x000200E0 | A 
01-22 14:17:03.993  1594 11602 D MemoryDealer:     8: 0xeceffa60 | 0x00100700 | 0x000200E0 | A 
01-22 14:17:03.993  1594 11602 D MemoryDealer:     9: 0xeceffc00 | 0x001207E0 | 0x000200E0 | A 
01-22 14:17:03.993  1594 11602 D MemoryDealer:    10: 0xeceffdb0 | 0x001408C0 | 0x000200E0 | A 
01-22 14:17:03.993  1594 11602 D MemoryDealer:    11: 0xeceffee0 | 0x001609A0 | 0x000200E0 | A 
01-22 14:17:03.993  1594 11602 D MemoryDealer:    12: 0xebc7f090 | 0x00180A80 | 0x000200E0 | A 
01-22 14:17:03.993  1594 11602 D MemoryDealer:    13: 0xebc7f2a0 | 0x001A0B60 | 0x000200E0 | A 
01-22 14:17:03.993  1594 11602 D MemoryDealer:    14: 0xebc7f460 | 0x001C0C40 | 0x000200E0 | A 
01-22 14:17:03.993  1594 11602 D MemoryDealer:    15: 0xebc7f620 | 0x001E0D20 | 0x000200E0 | A 
01-22 14:17:03.993  1594 11602 D MemoryDealer:    16: 0xebc7f7b0 | 0x00200E00 | 0x000200E0 | A 
01-22 14:17:03.993  1594 11602 D MemoryDealer:    17: 0xebc7f9a0 | 0x00220EE0 | 0x000200E0 | A 
01-22 14:17:03.993  1594 11602 D MemoryDealer:    18: 0xebc7fb60 | 0x00240FC0 | 0x000200E0 | A 
01-22 14:17:03.993  1594 11602 D MemoryDealer:    19: 0xebc7fd40 | 0x002610A0 | 0x000200E0 | A 
01-22 14:17:03.993  1594 11602 D MemoryDealer:    
01-22 14:17:03.993  1594 11602 E AudioFlinger: createRecordTrack_l() initCheck failed -12; no control block?
01-22 14:17:03.995  3275 11086 E IAudioFlinger: createRecord returned error -12
01-22 14:17:03.995  3275 11086 E AudioRecord: AudioFlinger could not create record track, status: -12
01-22 14:17:03.995  3275 11086 E AudioRecord-JNI: Error creating AudioRecord instance: initialization check failed with status -12.
01-22 14:17:03.995  3275 11086 E android.media.AudioRecord: Error code -20 when initializing native AudioRecord object.
01-22 14:17:03.995  3275 11086 I MicrophoneInputStream: mic_started  SR : 16000 CC : 16 SO : 6
01-22 14:17:03.996  3275  3275 I MicroDetectionWorker: onReady
01-22 14:17:03.998  3275 11086 I MicrophoneInputStream: mic_close  SR : 16000 CC : 16 SO : 6
01-22 14:17:03.998  3275  3320 I MicroRecognitionRunner: Detection finished
01-22 14:17:03.998  3275  3320 W ErrorReporter: reportError [type: 211, code: 524300]: Error reading from input stream
01-22 14:17:03.998  3275  3801 I MicroRecognitionRunner: Stopping hotword detection.
01-22 14:17:03.998  3275  3320 W ErrorProcessor: onFatalError, processing error from engine(4)
01-22 14:17:03.998  3275  3320 W ErrorProcessor: com.google.android.apps.gsa.shared.speech.b.g: Error reading from input stream
01-22 14:17:03.998  3275  3320 W ErrorProcessor: 	at com.google.android.apps.gsa.staticplugins.microdetection.d.k.a(SourceFile:91)
01-22 14:17:03.998  3275  3320 W ErrorProcessor: 	at com.google.android.apps.gsa.staticplugins.microdetection.d.l.run(Unknown Source:14)
01-22 14:17:03.998  3275  3320 W ErrorProcessor: 	at com.google.android.libraries.gsa.runner.a.a.b(SourceFile:32)
01-22 14:17:03.998  3275  3320 W ErrorProcessor: 	at com.google.android.libraries.gsa.runner.a.c.call(Unknown Source:4)
01-22 14:17:03.998  3275  3320 W ErrorProcessor: 	at java.util.concurrent.FutureTask.run(FutureTask.java:266)
01-22 14:17:03.998  3275  3320 W ErrorProcessor: 	at java.util.concurrent.Executors$RunnableAdapter.call(Executors.java:458)
01-22 14:17:03.998  3275  3320 W ErrorProcessor: 	at java.util.concurrent.FutureTask.run(FutureTask.java:266)
01-22 14:17:03.998  3275  3320 W ErrorProcessor: 	at com.google.android.apps.gsa.shared.util.concurrent.b.g.run(Unknown Source:4)
01-22 14:17:03.998  3275  3320 W ErrorProcessor: 	at com.google.android.apps.gsa.shared.util.concurrent.b.aw.run(SourceFile:4)
01-22 14:17:03.998  3275  3320 W ErrorProcessor: 	at com.google.android.apps.gsa.shared.util.concurrent.b.aw.run(SourceFile:4)
01-22 14:17:03.998  3275  3320 W ErrorProcessor: 	at java.util.concurrent.ThreadPoolExecutor.runWorker(ThreadPoolExecutor.java:1167)
01-22 14:17:03.998  3275  3320 W ErrorProcessor: 	at java.util.concurrent.ThreadPoolExecutor$Worker.run(ThreadPoolExecutor.java:641)
01-22 14:17:03.998  3275  3320 W ErrorProcessor: 	at java.lang.Thread.run(Thread.java:764)
01-22 14:17:03.998  3275  3320 W ErrorProcessor: 	at com.google.android.apps.gsa.shared.util.concurrent.b.i.run(SourceFile:6)
01-22 14:17:03.998  3275  3320 W ErrorProcessor: Caused by: com.google.android.apps.gsa.shared.exception.GsaIOException: Error code: 393238 | Buffer overflow, no available space.
01-22 14:17:03.998  3275  3320 W ErrorProcessor: 	at com.google.android.apps.gsa.speech.audio.Tee.j(SourceFile:103)
01-22 14:17:03.998  3275  3320 W ErrorProcessor: 	at com.google.android.apps.gsa.speech.audio.au.read(SourceFile:2)
01-22 14:17:03.998  3275  3320 W ErrorProcessor: 	at java.io.InputStream.read(InputStream.java:101)
01-22 14:17:03.998  3275  3320 W ErrorProcessor: 	at com.google.android.apps.gsa.speech.audio.ao.run(SourceFile:17)
01-22 14:17:03.998  3275  3320 W ErrorProcessor: 	at com.google.android.apps.gsa.speech.audio.an.run(SourceFile:2)
01-22 14:17:03.998  3275  3320 W ErrorProcessor: 	at java.util.concurrent.Executors$RunnableAdapter.call(Executors.java:458)
01-22 14:17:03.998  3275  3320 W ErrorProcessor: 	... 10 more
01-22 14:17:03.998  3275  3320 I AudioController: internalShutdown
01-22 14:17:03.999  3275  3275 I MicroDetector: Keeping mic open: false
01-22 14:17:03.999  3275  3275 I MicroDetectionWorker: #onError(false)
01-22 14:17:03.999  3275  3300 I DeviceStateChecker: DeviceStateChecker cancelled
01-22 14:17:04.783  1856  1977 I GnssLocationProvider: WakeLock acquired by sendMessage(REPORT_SV_STATUS, 0, com.android.server.location.GnssLocationProvider$SvStatusInfo@7eaa9ad)
01-22 14:17:04.783  1856  1872 I GnssLocationProvider: WakeLock released by handleMessage(REPORT_SV_STATUS, 0, com.android.server.location.GnssLocationProvider$SvStatusInfo@7eaa9ad)
01-22 14:17:05.787  1856  1977 I GnssLocationProvider: WakeLock acquired by sendMessage(REPORT_SV_STATUS, 0, com.android.server.location.GnssLocationProvider$SvStatusInfo@76b24e2)
01-22 14:17:05.787  1856  1872 I GnssLocationProvider: WakeLock released by handleMessage(REPORT_SV_STATUS, 0, com.android.server.location.GnssLocationProvider$SvStatusInfo@76b24e2)
01-22 14:17:06.789  1856  1977 I GnssLocationProvider: WakeLock acquired by sendMessage(REPORT_SV_STATUS, 0, com.android.server.location.GnssLocationProvider$SvStatusInfo@6a7c073)
01-22 14:17:06.789  1856  1872 I GnssLocationProvider: WakeLock released by handleMessage(REPORT_SV_STATUS, 0, com.android.server.location.GnssLocationProvider$SvStatusInfo@6a7c073)
01-22 14:17:06.792  2593 10219 W ctxmgr  : [AclManager]No 2 for (accnt=account#-517948760#, com.google.android.gms(10015):IndoorOutdoorProducer, vrsn=13280000, 0, 3pPkg = null ,  3pMdlId = null ,  pid = 2593). Was: 3 for 57, account#-517948760#
01-22 14:17:07.790  1856  1977 I GnssLocationProvider: WakeLock acquired by sendMessage(REPORT_SV_STATUS, 0, com.android.server.location.GnssLocationProvider$SvStatusInfo@e022b30)
01-22 14:17:07.791  1856  1872 I GnssLocationProvider: WakeLock released by handleMessage(REPORT_SV_STATUS, 0, com.android.server.location.GnssLocationProvider$SvStatusInfo@e022b30)
01-22 14:17:08.794  1856  1977 I GnssLocationProvider: WakeLock acquired by sendMessage(REPORT_SV_STATUS, 0, com.android.server.location.GnssLocationProvider$SvStatusInfo@73533a9)
01-22 14:17:08.795  1856  1872 I GnssLocationProvider: WakeLock released by handleMessage(REPORT_SV_STATUS, 0, com.android.server.location.GnssLocationProvider$SvStatusInfo@73533a9)
01-22 14:17:09.009  3275  3275 I MicroDetectionWorker: #startMicroDetector [speakerMode: 0]
01-22 14:17:09.009  3275  3275 I AudioController: Using mInputStreamFactoryBuilder
01-22 14:17:09.009  3275  3275 I AudioController: Created new AudioSource
01-22 14:17:09.010  3275  3275 I MicroDetectionWorker: onReady
01-22 14:17:09.023  3275  3320 I MicroRecognitionRunner: Starting detection.
01-22 14:17:09.024  3275 11086 I MicrophoneInputStream: mic_starting  SR : 16000 CC : 16 SO : 6
01-22 14:17:09.027  1594  7700 E AudioFlinger: not enough memory for AudioTrack size=131296
01-22 14:17:09.027  1594  7700 D MemoryDealer:   AudioTrack (0xedb9cd60, size=4194304)
01-22 14:17:09.027  1594  7700 D MemoryDealer:     0: 0xedb9cd70 | 0x00000000 | 0x000200E0 | A 
01-22 14:17:09.027  1594  7700 D MemoryDealer:     1: 0xedb9cee0 | 0x000200E0 | 0x000200E0 | A 
01-22 14:17:09.027  1594  7700 D MemoryDealer:     2: 0xeceff0d0 | 0x000401C0 | 0x000200E0 | A 
01-22 14:17:09.027  1594  7700 D MemoryDealer:     3: 0xeceff260 | 0x000602A0 | 0x000200E0 | A 
01-22 14:17:09.027  1594  7700 D MemoryDealer:     4: 0xeceff3b0 | 0x00080380 | 0x000200E0 | A 
01-22 14:17:09.027  1594  7700 D MemoryDealer:     5: 0xeceff5a0 | 0x000A0460 | 0x000200E0 | A 
01-22 14:17:09.027  1594  7700 D MemoryDealer:     6: 0xeceff700 | 0x000C0540 | 0x000200E0 | A 
01-22 14:17:09.027  1594  7700 D MemoryDealer:     7: 0xeceff8b0 | 0x000E0620 | 0x000200E0 | A 
01-22 14:17:09.027  1594  7700 D MemoryDealer:     8: 0xeceffa60 | 0x00100700 | 0x000200E0 | A 
01-22 14:17:09.027  1594  7700 D MemoryDealer:     9: 0xeceffc00 | 0x001207E0 | 0x000200E0 | A 
01-22 14:17:09.027  1594  7700 D MemoryDealer:    10: 0xeceffdb0 | 0x001408C0 | 0x000200E0 | A 
01-22 14:17:09.027  1594  7700 D MemoryDealer:    11: 0xeceffee0 | 0x001609A0 | 0x000200E0 | A 
01-22 14:17:09.027  1594  7700 D MemoryDealer:    12: 0xebc7f090 | 0x00180A80 | 0x000200E0 | A 
01-22 14:17:09.027  1594  7700 D MemoryDealer:    13: 0xebc7f2a0 | 0x001A0B60 | 0x000200E0 | A 
01-22 14:17:09.027  1594  7700 D MemoryDealer:    14: 0xebc7f460 | 0x001C0C40 | 0x000200E0 | A 
01-22 14:17:09.027  1594  7700 D MemoryDealer:    15: 0xebc7f620 | 0x001E0D20 | 0x000200E0 | A 
01-22 14:17:09.027  1594  7700 D MemoryDealer:    16: 0xebc7f7b0 | 0x00200E00 | 0x000200E0 | A 
01-22 14:17:09.027  1594  7700 D MemoryDealer:    17: 0xebc7f9a0 | 0x00220EE0 | 0x000200E0 | A 
01-22 14:17:09.027  1594  7700 D MemoryDealer:    18: 0xebc7fb60 | 0x00240FC0 | 0x000200E0 | A 
01-22 14:17:09.027  1594  7700 D MemoryDealer:    19: 0xebc7fd40 | 0x002610A0 | 0x000200E0 | A 
01-22 14:17:09.027  1594  7700 D MemoryDealer:    
01-22 14:17:09.027  1594  7700 E AudioFlinger: createRecordTrack_l() initCheck failed -12; no control block?
01-22 14:17:09.027  1594 11839 I AudioFlinger: AudioFlinger's thread 0xe8703000 tid=11839 ready to run
01-22 14:17:09.028  3275 11086 E IAudioFlinger: createRecord returned error -12
01-22 14:17:09.028  3275 11086 E AudioRecord: AudioFlinger could not create record track, status: -12
01-22 14:17:09.028  3275 11086 E AudioRecord-JNI: Error creating AudioRecord instance: initialization check failed with status -12.
01-22 14:17:09.028  3275 11086 E android.media.AudioRecord: Error code -20 when initializing native AudioRecord object.
01-22 14:17:09.028  3275 11086 I MicrophoneInputStream: mic_started  SR : 16000 CC : 16 SO : 6
01-22 14:17:09.029  3275  3275 I MicroDetectionWorker: onReady
01-22 14:17:09.034  3275 11086 I MicrophoneInputStream: mic_close  SR : 16000 CC : 16 SO : 6
01-22 14:17:09.034  3275  3320 I MicroRecognitionRunner: Detection finished
01-22 14:17:09.035  3275  3320 W ErrorReporter: reportError [type: 211, code: 524300]: Error reading from input stream
01-22 14:17:09.035  3275  3801 I MicroRecognitionRunner: Stopping hotword detection.
01-22 14:17:09.035  3275  3320 W ErrorProcessor: onFatalError, processing error from engine(4)
01-22 14:17:09.035  3275  3320 W ErrorProcessor: com.google.android.apps.gsa.shared.speech.b.g: Error reading from input stream
01-22 14:17:09.035  3275  3320 W ErrorProcessor: 	at com.google.android.apps.gsa.staticplugins.microdetection.d.k.a(SourceFile:91)
01-22 14:17:09.035  3275  3320 W ErrorProcessor: 	at com.google.android.apps.gsa.staticplugins.microdetection.d.l.run(Unknown Source:14)
01-22 14:17:09.035  3275  3320 W ErrorProcessor: 	at com.google.android.libraries.gsa.runner.a.a.b(SourceFile:32)
01-22 14:17:09.035  3275  3320 W ErrorProcessor: 	at com.google.android.libraries.gsa.runner.a.c.call(Unknown Source:4)
01-22 14:17:09.035  3275  3320 W ErrorProcessor: 	at java.util.concurrent.FutureTask.run(FutureTask.java:266)
01-22 14:17:09.035  3275  3320 W ErrorProcessor: 	at java.util.concurrent.Executors$RunnableAdapter.call(Executors.java:458)
01-22 14:17:09.035  3275  3320 W ErrorProcessor: 	at java.util.concurrent.FutureTask.run(FutureTask.java:266)
01-22 14:17:09.035  3275  3320 W ErrorProcessor: 	at com.google.android.apps.gsa.shared.util.concurrent.b.g.run(Unknown Source:4)
01-22 14:17:09.035  3275  3320 W ErrorProcessor: 	at com.google.android.apps.gsa.shared.util.concurrent.b.aw.run(SourceFile:4)
01-22 14:17:09.035  3275  3320 W ErrorProcessor: 	at com.google.android.apps.gsa.shared.util.concurrent.b.aw.run(SourceFile:4)
01-22 14:17:09.035  3275  3320 W ErrorProcessor: 	at java.util.concurrent.ThreadPoolExecutor.runWorker(ThreadPoolExecutor.java:1167)
01-22 14:17:09.035  3275  3320 W ErrorProcessor: 	at java.util.concurrent.ThreadPoolExecutor$Worker.run(ThreadPoolExecutor.java:641)
01-22 14:17:09.035  3275  3320 W ErrorProcessor: 	at java.lang.Thread.run(Thread.java:764)
01-22 14:17:09.035  3275  3320 W ErrorProcessor: 	at com.google.android.apps.gsa.shared.util.concurrent.b.i.run(SourceFile:6)
01-22 14:17:09.035  3275  3320 W ErrorProcessor: Caused by: com.google.android.apps.gsa.shared.exception.GsaIOException: Error code: 393238 | Buffer overflow, no available space.
01-22 14:17:09.035  3275  3320 W ErrorProcessor: 	at com.google.android.apps.gsa.speech.audio.Tee.j(SourceFile:103)
01-22 14:17:09.035  3275  3320 W ErrorProcessor: 	at com.google.android.apps.gsa.speech.audio.au.read(SourceFile:2)
01-22 14:17:09.035  3275  3320 W ErrorProcessor: 	at java.io.InputStream.read(InputStream.java:101)
01-22 14:17:09.035  3275  3320 W ErrorProcessor: 	at com.google.android.apps.gsa.speech.audio.ao.run(SourceFile:17)
01-22 14:17:09.035  3275  3320 W ErrorProcessor: 	at com.google.android.apps.gsa.speech.audio.an.run(SourceFile:2)
01-22 14:17:09.035  3275  3320 W ErrorProcessor: 	at java.util.concurrent.Executors$RunnableAdapter.call(Executors.java:458)
01-22 14:17:09.035  3275  3320 W ErrorProcessor: 	... 10 more
01-22 14:17:09.035  3275  3320 I AudioController: internalShutdown
01-22 14:17:09.035  3275  3275 I MicroDetector: Keeping mic open: false
01-22 14:17:09.035  3275  3275 I MicroDetectionWorker: #onError(false)
01-22 14:17:09.035  3275  3300 I DeviceStateChecker: DeviceStateChecker cancelled
01-22 14:17:09.794  1856  1977 I GnssLocationProvider: WakeLock acquired by sendMessage(REPORT_SV_STATUS, 0, com.android.server.location.GnssLocationProvider$SvStatusInfo@51aad2e)
01-22 14:17:09.794  1856  1872 I GnssLocationProvider: WakeLock released by handleMessage(REPORT_SV_STATUS, 0, com.android.server.location.GnssLocationProvider$SvStatusInfo@51aad2e)
01-22 14:17:10.796  1856  1977 I GnssLocationProvider: WakeLock acquired by sendMessage(REPORT_SV_STATUS, 0, com.android.server.location.GnssLocationProvider$SvStatusInfo@cb3f0cf)
01-22 14:17:10.796  1856  1872 I GnssLocationProvider: WakeLock released by handleMessage(REPORT_SV_STATUS, 0, com.android.server.location.GnssLocationProvider$SvStatusInfo@cb3f0cf)
01-22 14:17:11.800  1856  1977 I GnssLocationProvider: WakeLock acquired by sendMessage(REPORT_SV_STATUS, 0, com.android.server.location.GnssLocationProvider$SvStatusInfo@b16ca5c)
01-22 14:17:11.800  1856  1872 I GnssLocationProvider: WakeLock released by handleMessage(REPORT_SV_STATUS, 0, com.android.server.location.GnssLocationProvider$SvStatusInfo@b16ca5c)
01-22 14:17:11.802  2593 11120 W ctxmgr  : [AclManager]No 2 for (accnt=account#-517948760#, com.google.android.gms(10015):IndoorOutdoorProducer, vrsn=13280000, 0, 3pPkg = null ,  3pMdlId = null ,  pid = 2593). Was: 3 for 57, account#-517948760#
01-22 14:17:12.805  1856  1977 I GnssLocationProvider: WakeLock acquired by sendMessage(REPORT_SV_STATUS, 0, com.android.server.location.GnssLocationProvider$SvStatusInfo@9846165)
01-22 14:17:12.805  1856  1872 I GnssLocationProvider: WakeLock released by handleMessage(REPORT_SV_STATUS, 0, com.android.server.location.GnssLocationProvider$SvStatusInfo@9846165)
01-22 14:17:13.642  1792  1792 E netmgr  : Failed to open QEMU pipe 'qemud:network': Invalid argument
01-22 14:17:13.809  1856  1977 I GnssLocationProvider: WakeLock acquired by sendMessage(REPORT_SV_STATUS, 0, com.android.server.location.GnssLocationProvider$SvStatusInfo@c286e3a)
01-22 14:17:13.810  1856  1872 I GnssLocationProvider: WakeLock released by handleMessage(REPORT_SV_STATUS, 0, com.android.server.location.GnssLocationProvider$SvStatusInfo@c286e3a)
01-22 14:17:14.042  3275  3275 I MicroDetectionWorker: #startMicroDetector [speakerMode: 0]
01-22 14:17:14.042  3275  3275 I AudioController: Using mInputStreamFactoryBuilder
01-22 14:17:14.043  3275  3275 I AudioController: Created new AudioSource
01-22 14:17:14.043  3275  3275 I MicroDetectionWorker: onReady
01-22 14:17:14.050  3275  3320 I MicroRecognitionRunner: Starting detection.
01-22 14:17:14.050  3275 11086 I MicrophoneInputStream: mic_starting  SR : 16000 CC : 16 SO : 6
01-22 14:17:14.054  1594 11602 E AudioFlinger: not enough memory for AudioTrack size=131296
01-22 14:17:14.054  1594 11602 D MemoryDealer:   AudioTrack (0xedb9cd60, size=4194304)
01-22 14:17:14.054  1594 11602 D MemoryDealer:     0: 0xedb9cd70 | 0x00000000 | 0x000200E0 | A 
01-22 14:17:14.054  1594 11602 D MemoryDealer:     1: 0xedb9cee0 | 0x000200E0 | 0x000200E0 | A 
01-22 14:17:14.054  1594 11602 D MemoryDealer:     2: 0xeceff0d0 | 0x000401C0 | 0x000200E0 | A 
01-22 14:17:14.054  1594 11602 D MemoryDealer:     3: 0xeceff260 | 0x000602A0 | 0x000200E0 | A 
01-22 14:17:14.054  1594 11602 D MemoryDealer:     4: 0xeceff3b0 | 0x00080380 | 0x000200E0 | A 
01-22 14:17:14.054  1594 11602 D MemoryDealer:     5: 0xeceff5a0 | 0x000A0460 | 0x000200E0 | A 
01-22 14:17:14.054  1594 11602 D MemoryDealer:     6: 0xeceff700 | 0x000C0540 | 0x000200E0 | A 
01-22 14:17:14.054  1594 11602 D MemoryDealer:     7: 0xeceff8b0 | 0x000E0620 | 0x000200E0 | A 
01-22 14:17:14.054  1594 11602 D MemoryDealer:     8: 0xeceffa60 | 0x00100700 | 0x000200E0 | A 
01-22 14:17:14.054  1594 11602 D MemoryDealer:     9: 0xeceffc00 | 0x001207E0 | 0x000200E0 | A 
01-22 14:17:14.054  1594 11602 D MemoryDealer:    10: 0xeceffdb0 | 0x001408C0 | 0x000200E0 | A 
01-22 14:17:14.054  1594 11602 D MemoryDealer:    11: 0xeceffee0 | 0x001609A0 | 0x000200E0 | A 
01-22 14:17:14.054  1594 11602 D MemoryDealer:    12: 0xebc7f090 | 0x00180A80 | 0x000200E0 | A 
01-22 14:17:14.054  1594 11602 D MemoryDealer:    13: 0xebc7f2a0 | 0x001A0B60 | 0x000200E0 | A 
01-22 14:17:14.054  1594 11602 D MemoryDealer:    14: 0xebc7f460 | 0x001C0C40 | 0x000200E0 | A 
01-22 14:17:14.054  1594 11602 D MemoryDealer:    15: 0xebc7f620 | 0x001E0D20 | 0x000200E0 | A 
01-22 14:17:14.054  1594 11602 D MemoryDealer:    16: 0xebc7f7b0 | 0x00200E00 | 0x000200E0 | A 
01-22 14:17:14.054  1594 11602 D MemoryDealer:    17: 0xebc7f9a0 | 0x00220EE0 | 0x000200E0 | A 
01-22 14:17:14.054  1594 11602 D MemoryDealer:    18: 0xebc7fb60 | 0x00240FC0 | 0x000200E0 | A 
01-22 14:17:14.054  1594 11602 D MemoryDealer:    19: 0xebc7fd40 | 0x002610A0 | 0x000200E0 | A 
01-22 14:17:14.054  1594 11602 D MemoryDealer:    
01-22 14:17:14.054  1594 11602 E AudioFlinger: createRecordTrack_l() initCheck failed -12; no control block?
01-22 14:17:14.054  1594 11842 I AudioFlinger: AudioFlinger's thread 0xe9203340 tid=11842 ready to run
01-22 14:17:14.056  3275 11086 E IAudioFlinger: createRecord returned error -12
01-22 14:17:14.056  3275 11086 E AudioRecord: AudioFlinger could not create record track, status: -12
01-22 14:17:14.056  3275 11086 E AudioRecord-JNI: Error creating AudioRecord instance: initialization check failed with status -12.
01-22 14:17:14.056  3275 11086 E android.media.AudioRecord: Error code -20 when initializing native AudioRecord object.
01-22 14:17:14.056  3275 11086 I MicrophoneInputStream: mic_started  SR : 16000 CC : 16 SO : 6
01-22 14:17:14.057  3275  3275 I MicroDetectionWorker: onReady
01-22 14:17:14.058  3275 11086 I MicrophoneInputStream: mic_close  SR : 16000 CC : 16 SO : 6
01-22 14:17:14.058  3275  3320 I MicroRecognitionRunner: Detection finished
01-22 14:17:14.058  3275  3320 W ErrorReporter: reportError [type: 211, code: 524300]: Error reading from input stream
01-22 14:17:14.059  3275  3801 I MicroRecognitionRunner: Stopping hotword detection.
01-22 14:17:14.059  3275  3320 W ErrorProcessor: onFatalError, processing error from engine(4)
01-22 14:17:14.059  3275  3320 W ErrorProcessor: com.google.android.apps.gsa.shared.speech.b.g: Error reading from input stream
01-22 14:17:14.059  3275  3320 W ErrorProcessor: 	at com.google.android.apps.gsa.staticplugins.microdetection.d.k.a(SourceFile:91)
01-22 14:17:14.059  3275  3320 W ErrorProcessor: 	at com.google.android.apps.gsa.staticplugins.microdetection.d.l.run(Unknown Source:14)
01-22 14:17:14.059  3275  3320 W ErrorProcessor: 	at com.google.android.libraries.gsa.runner.a.a.b(SourceFile:32)
01-22 14:17:14.059  3275  3320 W ErrorProcessor: 	at com.google.android.libraries.gsa.runner.a.c.call(Unknown Source:4)
01-22 14:17:14.059  3275  3320 W ErrorProcessor: 	at java.util.concurrent.FutureTask.run(FutureTask.java:266)
01-22 14:17:14.059  3275  3320 W ErrorProcessor: 	at java.util.concurrent.Executors$RunnableAdapter.call(Executors.java:458)
01-22 14:17:14.059  3275  3320 W ErrorProcessor: 	at java.util.concurrent.FutureTask.run(FutureTask.java:266)
01-22 14:17:14.059  3275  3320 W ErrorProcessor: 	at com.google.android.apps.gsa.shared.util.concurrent.b.g.run(Unknown Source:4)
01-22 14:17:14.059  3275  3320 W ErrorProcessor: 	at com.google.android.apps.gsa.shared.util.concurrent.b.aw.run(SourceFile:4)
01-22 14:17:14.059  3275  3320 W ErrorProcessor: 	at com.google.android.apps.gsa.shared.util.concurrent.b.aw.run(SourceFile:4)
01-22 14:17:14.059  3275  3320 W ErrorProcessor: 	at java.util.concurrent.ThreadPoolExecutor.runWorker(ThreadPoolExecutor.java:1167)
01-22 14:17:14.059  3275  3320 W ErrorProcessor: 	at java.util.concurrent.ThreadPoolExecutor$Worker.run(ThreadPoolExecutor.java:641)
01-22 14:17:14.059  3275  3320 W ErrorProcessor: 	at java.lang.Thread.run(Thread.java:764)
01-22 14:17:14.059  3275  3320 W ErrorProcessor: 	at com.google.android.apps.gsa.shared.util.concurrent.b.i.run(SourceFile:6)
01-22 14:17:14.059  3275  3320 W ErrorProcessor: Caused by: com.google.android.apps.gsa.shared.exception.GsaIOException: Error code: 393238 | Buffer overflow, no available space.
01-22 14:17:14.059  3275  3320 W ErrorProcessor: 	at com.google.android.apps.gsa.speech.audio.Tee.j(SourceFile:103)
01-22 14:17:14.059  3275  3320 W ErrorProcessor: 	at com.google.android.apps.gsa.speech.audio.au.read(SourceFile:2)
01-22 14:17:14.059  3275  3320 W ErrorProcessor: 	at java.io.InputStream.read(InputStream.java:101)
01-22 14:17:14.059  3275  3320 W ErrorProcessor: 	at com.google.android.apps.gsa.speech.audio.ao.run(SourceFile:17)
01-22 14:17:14.059  3275  3320 W ErrorProcessor: 	at com.google.android.apps.gsa.speech.audio.an.run(SourceFile:2)
01-22 14:17:14.059  3275  3320 W ErrorProcessor: 	at java.util.concurrent.Executors$RunnableAdapter.call(Executors.java:458)
01-22 14:17:14.059  3275  3320 W ErrorProcessor: 	... 10 more
01-22 14:17:14.059  3275  3320 I AudioController: internalShutdown
01-22 14:17:14.060  3275  3275 I MicroDetector: Keeping mic open: false
01-22 14:17:14.060  3275  3275 I MicroDetectionWorker: #onError(false)
01-22 14:17:14.060  3275  3300 I DeviceStateChecker: DeviceStateChecker cancelled
01-22 14:17:14.812  1856  1977 I GnssLocationProvider: WakeLock acquired by sendMessage(REPORT_SV_STATUS, 0, com.android.server.location.GnssLocationProvider$SvStatusInfo@f4ec060)
01-22 14:17:14.813  1856  1872 I GnssLocationProvider: WakeLock released by handleMessage(REPORT_SV_STATUS, 0, com.android.server.location.GnssLocationProvider$SvStatusInfo@f4ec060)
01-22 14:17:15.074  2593 10219 E NetworkScheduler: Invalid component specified.
01-22 14:17:15.124  2593  6795 E NetworkScheduler: Invalid component specified.
01-22 14:17:15.815  1856  1977 I GnssLocationProvider: WakeLock acquired by sendMessage(REPORT_SV_STATUS, 0, com.android.server.location.GnssLocationProvider$SvStatusInfo@dd8abbf)
01-22 14:17:15.815  1856  1872 I GnssLocationProvider: WakeLock released by handleMessage(REPORT_SV_STATUS, 0, com.android.server.location.GnssLocationProvider$SvStatusInfo@dd8abbf)
01-22 14:17:16.815  1856  1977 I GnssLocationProvider: WakeLock acquired by sendMessage(REPORT_SV_STATUS, 0, com.android.server.location.GnssLocationProvider$SvStatusInfo@e4f828c)
01-22 14:17:16.815  1856  1872 I GnssLocationProvider: WakeLock released by handleMessage(REPORT_SV_STATUS, 0, com.android.server.location.GnssLocationProvider$SvStatusInfo@e4f828c)
01-22 14:17:16.819  2593 10219 W ctxmgr  : [AclManager]No 2 for (accnt=account#-517948760#, com.google.android.gms(10015):IndoorOutdoorProducer, vrsn=13280000, 0, 3pPkg = null ,  3pMdlId = null ,  pid = 2593). Was: 3 for 57, account#-517948760#
01-22 14:17:09.029  3275 11086 I chatty  : uid=10021(com.google.android.googlequicksearchbox) UserFacing16 identical 10 lines
01-22 14:17:14.057  3275 11086 E ActivityThread: Failed to find provider info for com.google.android.apps.gsa.testing.ui.audio.recorded
01-22 14:17:17.524  1711  1789 E storaged: getDiskStats failed with result NOT_SUPPORTED and size 0
01-22 14:17:17.815  1856  1977 I GnssLocationProvider: WakeLock acquired by sendMessage(REPORT_SV_STATUS, 0, com.android.server.location.GnssLocationProvider$SvStatusInfo@5e96dd5)
01-22 14:17:17.815  1856  1872 I GnssLocationProvider: WakeLock released by handleMessage(REPORT_SV_STATUS, 0, com.android.server.location.GnssLocationProvider$SvStatusInfo@5e96dd5)
01-22 14:17:18.816  1856  1977 I GnssLocationProvider: WakeLock acquired by sendMessage(REPORT_SV_STATUS, 0, com.android.server.location.GnssLocationProvider$SvStatusInfo@b98d9ea)
01-22 14:17:18.817  1856  1872 I GnssLocationProvider: WakeLock released by handleMessage(REPORT_SV_STATUS, 0, com.android.server.location.GnssLocationProvider$SvStatusInfo@b98d9ea)
01-22 14:17:19.068  3275  3275 I MicroDetectionWorker: #startMicroDetector [speakerMode: 0]
01-22 14:17:19.068  3275  3275 I AudioController: Using mInputStreamFactoryBuilder
01-22 14:17:19.068  3275  3275 I AudioController: Created new AudioSource
01-22 14:17:19.069  3275  3275 I MicroDetectionWorker: onReady
01-22 14:17:19.077  3275  3320 I MicroRecognitionRunner: Starting detection.
01-22 14:17:19.077  3275 11086 I MicrophoneInputStream: mic_starting  SR : 16000 CC : 16 SO : 6
01-22 14:17:19.081  1594  7700 E AudioFlinger: not enough memory for AudioTrack size=131296
01-22 14:17:19.081  1594  7700 D MemoryDealer:   AudioTrack (0xedb9cd60, size=4194304)
01-22 14:17:19.081  1594  7700 D MemoryDealer:     0: 0xedb9cd70 | 0x00000000 | 0x000200E0 | A 
01-22 14:17:19.081  1594  7700 D MemoryDealer:     1: 0xedb9cee0 | 0x000200E0 | 0x000200E0 | A 
01-22 14:17:19.081  1594  7700 D MemoryDealer:     2: 0xeceff0d0 | 0x000401C0 | 0x000200E0 | A 
01-22 14:17:19.081  1594  7700 D MemoryDealer:     3: 0xeceff260 | 0x000602A0 | 0x000200E0 | A 
01-22 14:17:19.081  1594  7700 D MemoryDealer:     4: 0xeceff3b0 | 0x00080380 | 0x000200E0 | A 
01-22 14:17:19.081  1594  7700 D MemoryDealer:     5: 0xeceff5a0 | 0x000A0460 | 0x000200E0 | A 
01-22 14:17:19.081  1594  7700 D MemoryDealer:     6: 0xeceff700 | 0x000C0540 | 0x000200E0 | A 
01-22 14:17:19.081  1594  7700 D MemoryDealer:     7: 0xeceff8b0 | 0x000E0620 | 0x000200E0 | A 
01-22 14:17:19.081  1594  7700 D MemoryDealer:     8: 0xeceffa60 | 0x00100700 | 0x000200E0 | A 
01-22 14:17:19.081  1594  7700 D MemoryDealer:     9: 0xeceffc00 | 0x001207E0 | 0x000200E0 | A 
01-22 14:17:19.081  1594  7700 D MemoryDealer:    10: 0xeceffdb0 | 0x001408C0 | 0x000200E0 | A 
01-22 14:17:19.081  1594  7700 D MemoryDealer:    11: 0xeceffee0 | 0x001609A0 | 0x000200E0 | A 
01-22 14:17:19.081  1594  7700 D MemoryDealer:    12: 0xebc7f090 | 0x00180A80 | 0x000200E0 | A 
01-22 14:17:19.081  1594  7700 D MemoryDealer:    13: 0xebc7f2a0 | 0x001A0B60 | 0x000200E0 | A 
01-22 14:17:19.081  1594  7700 D MemoryDealer:    14: 0xebc7f460 | 0x001C0C40 | 0x000200E0 | A 
01-22 14:17:19.081  1594  7700 D MemoryDealer:    15: 0xebc7f620 | 0x001E0D20 | 0x000200E0 | A 
01-22 14:17:19.081  1594  7700 D MemoryDealer:    16: 0xebc7f7b0 | 0x00200E00 | 0x000200E0 | A 
01-22 14:17:19.081  1594  7700 D MemoryDealer:    17: 0xebc7f9a0 | 0x00220EE0 | 0x000200E0 | A 
01-22 14:17:19.081  1594  7700 D MemoryDealer:    18: 0xebc7fb60 | 0x00240FC0 | 0x000200E0 | A 
01-22 14:17:19.081  1594  7700 D MemoryDealer:    19: 0xebc7fd40 | 0x002610A0 | 0x000200E0 | A 
01-22 14:17:19.081  1594  7700 D MemoryDealer:    
01-22 14:17:19.081  1594  7700 E AudioFlinger: createRecordTrack_l() initCheck failed -12; no control block?
01-22 14:17:19.081  1594 11869 I AudioFlinger: AudioFlinger's thread 0xe8703d00 tid=11869 ready to run
01-22 14:17:19.082  3275 11086 E IAudioFlinger: createRecord returned error -12
01-22 14:17:19.082  3275 11086 E AudioRecord: AudioFlinger could not create record track, status: -12
01-22 14:17:19.082  3275 11086 E AudioRecord-JNI: Error creating AudioRecord instance: initialization check failed with status -12.
01-22 14:17:19.082  3275 11086 E android.media.AudioRecord: Error code -20 when initializing native AudioRecord object.
01-22 14:17:19.083  3275 11086 I MicrophoneInputStream: mic_started  SR : 16000 CC : 16 SO : 6
01-22 14:17:19.083  3275 11086 E ActivityThread: Failed to find provider info for com.google.android.apps.gsa.testing.ui.audio.recorded
01-22 14:17:19.083  3275  3275 I MicroDetectionWorker: onReady
01-22 14:17:19.084  3275 11086 I MicrophoneInputStream: mic_close  SR : 16000 CC : 16 SO : 6
01-22 14:17:19.085  3275  3320 I MicroRecognitionRunner: Detection finished
01-22 14:17:19.085  3275  3320 W ErrorReporter: reportError [type: 211, code: 524300]: Error reading from input stream
01-22 14:17:19.085  3275  3801 I MicroRecognitionRunner: Stopping hotword detection.
01-22 14:17:19.086  3275  3320 W ErrorProcessor: onFatalError, processing error from engine(4)
01-22 14:17:19.086  3275  3320 W ErrorProcessor: com.google.android.apps.gsa.shared.speech.b.g: Error reading from input stream
01-22 14:17:19.086  3275  3320 W ErrorProcessor: 	at com.google.android.apps.gsa.staticplugins.microdetection.d.k.a(SourceFile:91)
01-22 14:17:19.086  3275  3320 W ErrorProcessor: 	at com.google.android.apps.gsa.staticplugins.microdetection.d.l.run(Unknown Source:14)
01-22 14:17:19.086  3275  3320 W ErrorProcessor: 	at com.google.android.libraries.gsa.runner.a.a.b(SourceFile:32)
01-22 14:17:19.086  3275  3320 W ErrorProcessor: 	at com.google.android.libraries.gsa.runner.a.c.call(Unknown Source:4)
01-22 14:17:19.086  3275  3320 W ErrorProcessor: 	at java.util.concurrent.FutureTask.run(FutureTask.java:266)
01-22 14:17:19.086  3275  3320 W ErrorProcessor: 	at java.util.concurrent.Executors$RunnableAdapter.call(Executors.java:458)
01-22 14:17:19.086  3275  3320 W ErrorProcessor: 	at java.util.concurrent.FutureTask.run(FutureTask.java:266)
01-22 14:17:19.086  3275  3320 W ErrorProcessor: 	at com.google.android.apps.gsa.shared.util.concurrent.b.g.run(Unknown Source:4)
01-22 14:17:19.086  3275  3320 W ErrorProcessor: 	at com.google.android.apps.gsa.shared.util.concurrent.b.aw.run(SourceFile:4)
01-22 14:17:19.086  3275  3320 W ErrorProcessor: 	at com.google.android.apps.gsa.shared.util.concurrent.b.aw.run(SourceFile:4)
01-22 14:17:19.086  3275  3320 W ErrorProcessor: 	at java.util.concurrent.ThreadPoolExecutor.runWorker(ThreadPoolExecutor.java:1167)
01-22 14:17:19.086  3275  3320 W ErrorProcessor: 	at java.util.concurrent.ThreadPoolExecutor$Worker.run(ThreadPoolExecutor.java:641)
01-22 14:17:19.086  3275  3320 W ErrorProcessor: 	at java.lang.Thread.run(Thread.java:764)
01-22 14:17:19.086  3275  3320 W ErrorProcessor: 	at com.google.android.apps.gsa.shared.util.concurrent.b.i.run(SourceFile:6)
01-22 14:17:19.086  3275  3320 W ErrorProcessor: Caused by: com.google.android.apps.gsa.shared.exception.GsaIOException: Error code: 393238 | Buffer overflow, no available space.
01-22 14:17:19.086  3275  3320 W ErrorProcessor: 	at com.google.android.apps.gsa.speech.audio.Tee.j(SourceFile:103)
01-22 14:17:19.086  3275  3320 W ErrorProcessor: 	at com.google.android.apps.gsa.speech.audio.au.read(SourceFile:2)
01-22 14:17:19.086  3275  3320 W ErrorProcessor: 	at java.io.InputStream.read(InputStream.java:101)
01-22 14:17:19.086  3275  3320 W ErrorProcessor: 	at com.google.android.apps.gsa.speech.audio.ao.run(SourceFile:17)
01-22 14:17:19.086  3275  3320 W ErrorProcessor: 	at com.google.android.apps.gsa.speech.audio.an.run(SourceFile:2)
01-22 14:17:19.086  3275  3320 W ErrorProcessor: 	at java.util.concurrent.Executors$RunnableAdapter.call(Executors.java:458)
01-22 14:17:19.086  3275  3320 W ErrorProcessor: 	... 10 more
01-22 14:17:19.086  3275  3320 I AudioController: internalShutdown
01-22 14:17:19.086  3275  3275 I MicroDetector: Keeping mic open: false
01-22 14:17:19.087  3275  3300 I DeviceStateChecker: DeviceStateChecker cancelled
01-22 14:17:19.087  3275  3275 I MicroDetectionWorker: #onError(false)
01-22 14:17:19.818  1856  1977 I GnssLocationProvider: WakeLock acquired by sendMessage(REPORT_SV_STATUS, 0, com.android.server.location.GnssLocationProvider$SvStatusInfo@77644db)
01-22 14:17:19.818  1856  1872 I GnssLocationProvider: WakeLock released by handleMessage(REPORT_SV_STATUS, 0, com.android.server.location.GnssLocationProvider$SvStatusInfo@77644db)
01-22 14:17:20.820  1856  1977 I GnssLocationProvider: WakeLock acquired by sendMessage(REPORT_SV_STATUS, 0, com.android.server.location.GnssLocationProvider$SvStatusInfo@2b83b78)
01-22 14:17:20.820  1856  1872 I GnssLocationProvider: WakeLock released by handleMessage(REPORT_SV_STATUS, 0, com.android.server.location.GnssLocationProvider$SvStatusInfo@2b83b78)
01-22 14:17:21.820  1856  1977 I GnssLocationProvider: WakeLock acquired by sendMessage(REPORT_SV_STATUS, 0, com.android.server.location.GnssLocationProvider$SvStatusInfo@1601251)
01-22 14:17:21.821  1856  1872 I GnssLocationProvider: WakeLock released by handleMessage(REPORT_SV_STATUS, 0, com.android.server.location.GnssLocationProvider$SvStatusInfo@1601251)
01-22 14:17:21.824  2593  6795 W ctxmgr  : [AclManager]No 2 for (accnt=account#-517948760#, com.google.android.gms(10015):IndoorOutdoorProducer, vrsn=13280000, 0, 3pPkg = null ,  3pMdlId = null ,  pid = 2593). Was: 3 for 57, account#-517948760#
01-22 14:17:22.825  1856  1977 I GnssLocationProvider: WakeLock acquired by sendMessage(REPORT_SV_STATUS, 0, com.android.server.location.GnssLocationProvider$SvStatusInfo@722aab6)
01-22 14:17:22.826  1856  1872 I GnssLocationProvider: WakeLock released by handleMessage(REPORT_SV_STATUS, 0, com.android.server.location.GnssLocationProvider$SvStatusInfo@722aab6)
01-22 14:17:23.829  1856  1977 I GnssLocationProvider: WakeLock acquired by sendMessage(REPORT_SV_STATUS, 0, com.android.server.location.GnssLocationProvider$SvStatusInfo@88a53b7)
01-22 14:17:23.829  1856  1872 I GnssLocationProvider: WakeLock released by handleMessage(REPORT_SV_STATUS, 0, com.android.server.location.GnssLocationProvider$SvStatusInfo@88a53b7)
01-22 14:17:24.096  3275  3275 I MicroDetectionWorker: #startMicroDetector [speakerMode: 0]
01-22 14:17:24.096  3275  3275 I AudioController: Using mInputStreamFactoryBuilder
01-22 14:17:24.096  3275  3275 I AudioController: Created new AudioSource
01-22 14:17:24.097  3275  3275 I MicroDetectionWorker: onReady
01-22 14:17:24.105  3275  3320 I MicroRecognitionRunner: Starting detection.
01-22 14:17:24.105  3275 11086 I MicrophoneInputStream: mic_starting  SR : 16000 CC : 16 SO : 6
01-22 14:17:24.109  1594  7700 E AudioFlinger: not enough memory for AudioTrack size=131296
01-22 14:17:24.109  1594  7700 D MemoryDealer:   AudioTrack (0xedb9cd60, size=4194304)
01-22 14:17:24.109  1594  7700 D MemoryDealer:     0: 0xedb9cd70 | 0x00000000 | 0x000200E0 | A 
01-22 14:17:24.109  1594  7700 D MemoryDealer:     1: 0xedb9cee0 | 0x000200E0 | 0x000200E0 | A 
01-22 14:17:24.109  1594  7700 D MemoryDealer:     2: 0xeceff0d0 | 0x000401C0 | 0x000200E0 | A 
01-22 14:17:24.109  1594  7700 D MemoryDealer:     3: 0xeceff260 | 0x000602A0 | 0x000200E0 | A 
01-22 14:17:24.109  1594  7700 D MemoryDealer:     4: 0xeceff3b0 | 0x00080380 | 0x000200E0 | A 
01-22 14:17:24.109  1594  7700 D MemoryDealer:     5: 0xeceff5a0 | 0x000A0460 | 0x000200E0 | A 
01-22 14:17:24.109  1594  7700 D MemoryDealer:     6: 0xeceff700 | 0x000C0540 | 0x000200E0 | A 
01-22 14:17:24.109  1594  7700 D MemoryDealer:     7: 0xeceff8b0 | 0x000E0620 | 0x000200E0 | A 
01-22 14:17:24.109  1594  7700 D MemoryDealer:     8: 0xeceffa60 | 0x00100700 | 0x000200E0 | A 
01-22 14:17:24.109  1594  7700 D MemoryDealer:     9: 0xeceffc00 | 0x001207E0 | 0x000200E0 | A 
01-22 14:17:24.109  1594  7700 D MemoryDealer:    10: 0xeceffdb0 | 0x001408C0 | 0x000200E0 | A 
01-22 14:17:24.109  1594  7700 D MemoryDealer:    11: 0xeceffee0 | 0x001609A0 | 0x000200E0 | A 
01-22 14:17:24.109  1594  7700 D MemoryDealer:    12: 0xebc7f090 | 0x00180A80 | 0x000200E0 | A 
01-22 14:17:24.109  1594  7700 D MemoryDealer:    13: 0xebc7f2a0 | 0x001A0B60 | 0x000200E0 | A 
01-22 14:17:24.109  1594  7700 D MemoryDealer:    14: 0xebc7f460 | 0x001C0C40 | 0x000200E0 | A 
01-22 14:17:24.109  1594  7700 D MemoryDealer:    15: 0xebc7f620 | 0x001E0D20 | 0x000200E0 | A 
01-22 14:17:24.109  1594  7700 D MemoryDealer:    16: 0xebc7f7b0 | 0x00200E00 | 0x000200E0 | A 
01-22 14:17:24.109  1594  7700 D MemoryDealer:    17: 0xebc7f9a0 | 0x00220EE0 | 0x000200E0 | A 
01-22 14:17:24.109  1594  7700 D MemoryDealer:    18: 0xebc7fb60 | 0x00240FC0 | 0x000200E0 | A 
01-22 14:17:24.109  1594  7700 D MemoryDealer:    19: 0xebc7fd40 | 0x002610A0 | 0x000200E0 | A 
01-22 14:17:24.109  1594  7700 D MemoryDealer:    
01-22 14:17:24.109  1594  7700 E AudioFlinger: createRecordTrack_l() initCheck failed -12; no control block?
01-22 14:17:24.109  1594 11873 I AudioFlinger: AudioFlinger's thread 0xe8703340 tid=11873 ready to run
01-22 14:17:24.110  3275 11086 E IAudioFlinger: createRecord returned error -12
01-22 14:17:24.110  3275 11086 E AudioRecord: AudioFlinger could not create record track, status: -12
01-22 14:17:24.110  3275 11086 E AudioRecord-JNI: Error creating AudioRecord instance: initialization check failed with status -12.
01-22 14:17:24.110  3275 11086 E android.media.AudioRecord: Error code -20 when initializing native AudioRecord object.
01-22 14:17:24.110  3275 11086 I MicrophoneInputStream: mic_started  SR : 16000 CC : 16 SO : 6
01-22 14:17:24.110  3275  3275 I MicroDetectionWorker: onReady
01-22 14:17:24.120  3275 11086 I MicrophoneInputStream: mic_close  SR : 16000 CC : 16 SO : 6
01-22 14:17:24.120  3275  3320 I MicroRecognitionRunner: Detection finished
01-22 14:17:24.120  3275  3320 W ErrorReporter: reportError [type: 211, code: 524300]: Error reading from input stream
01-22 14:17:24.121  3275  3801 I MicroRecognitionRunner: Stopping hotword detection.
01-22 14:17:24.121  3275  3320 W ErrorProcessor: onFatalError, processing error from engine(4)
01-22 14:17:24.121  3275  3320 W ErrorProcessor: com.google.android.apps.gsa.shared.speech.b.g: Error reading from input stream
01-22 14:17:24.121  3275  3320 W ErrorProcessor: 	at com.google.android.apps.gsa.staticplugins.microdetection.d.k.a(SourceFile:91)
01-22 14:17:24.121  3275  3320 W ErrorProcessor: 	at com.google.android.apps.gsa.staticplugins.microdetection.d.l.run(Unknown Source:14)
01-22 14:17:24.121  3275  3320 W ErrorProcessor: 	at com.google.android.libraries.gsa.runner.a.a.b(SourceFile:32)
01-22 14:17:24.121  3275  3320 W ErrorProcessor: 	at com.google.android.libraries.gsa.runner.a.c.call(Unknown Source:4)
01-22 14:17:24.121  3275  3320 W ErrorProcessor: 	at java.util.concurrent.FutureTask.run(FutureTask.java:266)
01-22 14:17:24.121  3275  3320 W ErrorProcessor: 	at java.util.concurrent.Executors$RunnableAdapter.call(Executors.java:458)
01-22 14:17:24.121  3275  3320 W ErrorProcessor: 	at java.util.concurrent.FutureTask.run(FutureTask.java:266)
01-22 14:17:24.121  3275  3320 W ErrorProcessor: 	at com.google.android.apps.gsa.shared.util.concurrent.b.g.run(Unknown Source:4)
01-22 14:17:24.121  3275  3320 W ErrorProcessor: 	at com.google.android.apps.gsa.shared.util.concurrent.b.aw.run(SourceFile:4)
01-22 14:17:24.121  3275  3320 W ErrorProcessor: 	at com.google.android.apps.gsa.shared.util.concurrent.b.aw.run(SourceFile:4)
01-22 14:17:24.121  3275  3320 W ErrorProcessor: 	at java.util.concurrent.ThreadPoolExecutor.runWorker(ThreadPoolExecutor.java:1167)
01-22 14:17:24.121  3275  3320 W ErrorProcessor: 	at java.util.concurrent.ThreadPoolExecutor$Worker.run(ThreadPoolExecutor.java:641)
01-22 14:17:24.121  3275  3320 W ErrorProcessor: 	at java.lang.Thread.run(Thread.java:764)
01-22 14:17:24.121  3275  3320 W ErrorProcessor: 	at com.google.android.apps.gsa.shared.util.concurrent.b.i.run(SourceFile:6)
01-22 14:17:24.121  3275  3320 W ErrorProcessor: Caused by: com.google.android.apps.gsa.shared.exception.GsaIOException: Error code: 393238 | Buffer overflow, no available space.
01-22 14:17:24.121  3275  3320 W ErrorProcessor: 	at com.google.android.apps.gsa.speech.audio.Tee.j(SourceFile:103)
01-22 14:17:24.121  3275  3320 W ErrorProcessor: 	at com.google.android.apps.gsa.speech.audio.au.read(SourceFile:2)
01-22 14:17:24.121  3275  3320 W ErrorProcessor: 	at java.io.InputStream.read(InputStream.java:101)
01-22 14:17:24.121  3275  3320 W ErrorProcessor: 	at com.google.android.apps.gsa.speech.audio.ao.run(SourceFile:17)
01-22 14:17:24.121  3275  3320 W ErrorProcessor: 	at com.google.android.apps.gsa.speech.audio.an.run(SourceFile:2)
01-22 14:17:24.121  3275  3320 W ErrorProcessor: 	at java.util.concurrent.Executors$RunnableAdapter.call(Executors.java:458)
01-22 14:17:24.121  3275  3320 W ErrorProcessor: 	... 10 more
01-22 14:17:24.121  3275  3320 I AudioController: internalShutdown
01-22 14:17:24.121  3275  3275 I MicroDetector: Keeping mic open: false
01-22 14:17:24.121  3275  3275 I MicroDetectionWorker: #onError(false)
01-22 14:17:24.121  3275  3300 I DeviceStateChecker: DeviceStateChecker cancelled
01-22 14:17:24.834  1856  1977 I GnssLocationProvider: WakeLock acquired by sendMessage(REPORT_SV_STATUS, 0, com.android.server.location.GnssLocationProvider$SvStatusInfo@ef19724)
01-22 14:17:24.834  1856  1872 I GnssLocationProvider: WakeLock released by handleMessage(REPORT_SV_STATUS, 0, com.android.server.location.GnssLocationProvider$SvStatusInfo@ef19724)
01-22 14:17:25.837  1856  1977 I GnssLocationProvider: WakeLock acquired by sendMessage(REPORT_SV_STATUS, 0, com.android.server.location.GnssLocationProvider$SvStatusInfo@2c2828d)
01-22 14:17:25.838  1856  1872 I GnssLocationProvider: WakeLock released by handleMessage(REPORT_SV_STATUS, 0, com.android.server.location.GnssLocationProvider$SvStatusInfo@2c2828d)
01-22 14:17:26.839  1856  1977 I GnssLocationProvider: WakeLock acquired by sendMessage(REPORT_SV_STATUS, 0, com.android.server.location.GnssLocationProvider$SvStatusInfo@6a6bc42)
01-22 14:17:26.840  1856  1872 I GnssLocationProvider: WakeLock released by handleMessage(REPORT_SV_STATUS, 0, com.android.server.location.GnssLocationProvider$SvStatusInfo@6a6bc42)
01-22 14:17:26.842  2593 10219 W ctxmgr  : [AclManager]No 2 for (accnt=account#-517948760#, com.google.android.gms(10015):IndoorOutdoorProducer, vrsn=13280000, 0, 3pPkg = null ,  3pMdlId = null ,  pid = 2593). Was: 3 for 57, account#-517948760#
