01-24 12:27:09.064  1594 11602 I chatty  : uid=1041(audioserver) Binder:1594_F expire 3 lines
01-24 12:27:10.034  1856  2157 I chatty  : uid=1000(system) HwBinder:1856_4 expire 11 lines
01-24 12:27:10.035  1856  1872 I chatty  : uid=1000(system) android.bg expire 13 lines
01-24 12:27:12.045  2593  3988 W ctxmgr  : [AclManager]No 2 for (accnt=account#-517948760#, com.google.android.gms(10015):IndoorOutdoorProducer, vrsn=13280000, 0, 3pPkg = null ,  3pMdlId = null ,  pid = 2593). Was: 3 for 57, account#-517948760#
01-24 12:27:14.097  1594  9071 I chatty  : uid=1041(audioserver) /system/bin/audioserver expire 1 line
01-24 12:27:14.097  1594  1650 I chatty  : uid=1041(audioserver) Binder:1594_1 expire 3 lines
01-24 12:27:14.099  3275  3275 I chatty  : uid=10021 com.google.android.googlequicksearchbox:search expire 14 lines
01-24 12:27:17.056  2593  3988 W ctxmgr  : [AclManager]No 2 for (accnt=account#-517948760#, com.google.android.gms(10015):IndoorOutdoorProducer, vrsn=13280000, 0, 3pPkg = null ,  3pMdlId = null ,  pid = 2593). Was: 3 for 57, account#-517948760#
01-24 12:27:19.128  1594  9074 I chatty  : uid=1041(audioserver) /system/bin/audioserver expire 1 line
01-24 12:27:19.130  1594 11602 I chatty  : uid=1041(audioserver) Binder:1594_F expire 5 lines
01-24 12:27:21.071  1856  2157 I chatty  : uid=1000(system) HwBinder:1856_4 expire 12 lines
01-24 12:27:22.077  2593  3988 W ctxmgr  : [AclManager]No 2 for (accnt=account#-517948760#, com.google.android.gms(10015):IndoorOutdoorProducer, vrsn=13280000, 0, 3pPkg = null ,  3pMdlId = null ,  pid = 2593). Was: 3 for 57, account#-517948760#
01-24 12:27:23.080  1856  1872 I chatty  : uid=1000(system) android.bg expire 12 lines
01-24 12:27:24.172  1594  9077 I chatty  : uid=1041(audioserver) /system/bin/audioserver expire 1 line
01-24 12:27:24.172  1594 11602 I chatty  : uid=1041(audioserver) Binder:1594_F expire 1 line
01-24 12:27:24.177  3275  3275 I chatty  : uid=10021 com.google.android.googlequicksearchbox:search expire 15 lines
01-24 12:27:27.090  2593  3988 W ctxmgr  : [AclManager]No 2 for (accnt=account#-517948760#, com.google.android.gms(10015):IndoorOutdoorProducer, vrsn=13280000, 0, 3pPkg = null ,  3pMdlId = null ,  pid = 2593). Was: 3 for 57, account#-517948760#
01-24 12:27:29.218  1594  9081 I chatty  : uid=1041(audioserver) /system/bin/audioserver expire 1 line
01-24 12:27:29.218  1594  1650 I chatty  : uid=1041(audioserver) Binder:1594_1 expire 3 lines
01-24 12:27:29.220  3275  8965 I chatty  : uid=10021(com.google.android.googlequicksearchbox) UserFacing194 expire 28 lines
01-24 12:27:29.231  3275  3985 I chatty  : uid=10021(com.google.android.googlequicksearchbox) NonUserFacing13 expire 13 lines
01-24 12:27:29.233  3275  1414 I chatty  : uid=10021(com.google.android.googlequicksearchbox) NonUserFacing13 expire 12 lines
01-24 12:27:32.105  2593  3988 W ctxmgr  : [AclManager]No 2 for (accnt=account#-517948760#, com.google.android.gms(10015):IndoorOutdoorProducer, vrsn=13280000, 0, 3pPkg = null ,  3pMdlId = null ,  pid = 2593). Was: 3 for 57, account#-517948760#
01-24 12:27:33.105  1856  2157 I chatty  : uid=1000(system) HwBinder:1856_4 expire 12 lines
01-24 12:27:34.257  1594  9084 I chatty  : uid=1041(audioserver) /system/bin/audioserver expire 1 line
01-24 12:27:34.257  1594 11602 I chatty  : uid=1041(audioserver) Binder:1594_F expire 6 lines
01-24 12:27:34.264  3275  3801 I chatty  : uid=10021(com.google.android.googlequicksearchbox) HotwordDetector expire 5 lines
01-24 12:27:34.265  3275  3275 I chatty  : uid=10021 com.google.android.googlequicksearchbox:search expire 20 lines
01-24 12:27:35.114  1856  1872 I chatty  : uid=1000(system) android.bg expire 13 lines
01-24 12:27:37.122  2593  3988 W ctxmgr  : [AclManager]No 2 for (accnt=account#-517948760#, com.google.android.gms(10015):IndoorOutdoorProducer, vrsn=13280000, 0, 3pPkg = null ,  3pMdlId = null ,  pid = 2593). Was: 3 for 57, account#-517948760#
01-24 12:27:39.287  1594  9087 I chatty  : uid=1041(audioserver) /system/bin/audioserver expire 1 line
01-24 12:27:42.135  2593  3988 W ctxmgr  : [AclManager]No 2 for (accnt=account#-517948760#, com.google.android.gms(10015):IndoorOutdoorProducer, vrsn=13280000, 0, 3pPkg = null ,  3pMdlId = null ,  pid = 2593). Was: 3 for 57, account#-517948760#
01-24 12:27:44.324  1594  1650 I chatty  : uid=1041(audioserver) Binder:1594_1 expire 3 lines
01-24 12:27:44.325  1594  9090 I chatty  : uid=1041(audioserver) /system/bin/audioserver expire 1 line
01-24 12:27:45.142  1856  2157 I chatty  : uid=1000(system) HwBinder:1856_4 expire 12 lines
01-24 12:27:45.345  1856  2475 I chatty  : uid=1000(system) Binder:1856_A expire 2 lines
01-24 12:27:47.152  2593  3988 W ctxmgr  : [AclManager]No 2 for (accnt=account#-517948760#, com.google.android.gms(10015):IndoorOutdoorProducer, vrsn=13280000, 0, 3pPkg = null ,  3pMdlId = null ,  pid = 2593). Was: 3 for 57, account#-517948760#
01-24 12:27:48.149  1856  1872 I chatty  : uid=1000(system) android.bg expire 10 lines
01-24 12:27:49.363  1594 11602 I chatty  : uid=1041(audioserver) Binder:1594_F expire 3 lines
01-24 12:27:49.364  1594  9093 I chatty  : uid=1041(audioserver) /system/bin/audioserver expire 1 line
01-24 12:27:49.365  3275  8965 I chatty  : uid=10021(com.google.android.googlequicksearchbox) UserFacing194 expire 13 lines
01-24 12:27:49.369  3275  3275 I chatty  : uid=10021 com.google.android.googlequicksearchbox:search expire 14 lines
01-24 12:27:49.385  3275  1414 I chatty  : uid=10021(com.google.android.googlequicksearchbox) NonUserFacing13 expire 3 lines
01-24 12:27:52.168  2593  3988 W ctxmgr  : [AclManager]No 2 for (accnt=account#-517948760#, com.google.android.gms(10015):IndoorOutdoorProducer, vrsn=13280000, 0, 3pPkg = null ,  3pMdlId = null ,  pid = 2593). Was: 3 for 57, account#-517948760#
01-24 12:27:54.405  3275  3985 I chatty  : uid=10021(com.google.android.googlequicksearchbox) NonUserFacing13 expire 5 lines
01-24 12:27:54.410  1594  1650 I chatty  : uid=1041(audioserver) Binder:1594_1 expire 3 lines
01-24 12:27:54.410  1594  9096 I chatty  : uid=1041(audioserver) /system/bin/audioserver expire 1 line
01-24 12:27:49.369  3275  8965 I chatty  : uid=10021(com.google.android.googlequicksearchbox) UserFacing194 identical 10 lines
01-24 12:27:54.414  3275  8965 E ActivityThread: Failed to find provider info for com.google.android.apps.gsa.testing.ui.audio.recorded
01-24 12:27:55.270  1711  1789 E storaged: getDiskStats failed with result NOT_SUPPORTED and size 0
01-24 12:27:56.851  1792  1792 E netmgr  : Failed to open QEMU pipe 'qemud:network': Invalid argument
01-24 12:27:57.185  1856  2157 I chatty  : uid=1000(system) HwBinder:1856_4 expire 11 lines
01-24 12:27:57.188  2593  3988 W ctxmgr  : [AclManager]No 2 for (accnt=account#-517948760#, com.google.android.gms(10015):IndoorOutdoorProducer, vrsn=13280000, 0, 3pPkg = null ,  3pMdlId = null ,  pid = 2593). Was: 3 for 57, account#-517948760#
01-24 12:27:58.190  1856  1872 I chatty  : uid=1000(system) android.bg expire 12 lines
01-24 12:27:59.432  3275  8965 I chatty  : uid=10021(com.google.android.googlequicksearchbox) UserFacing194 expire 21 lines
01-24 12:27:59.436  1594  9099 I chatty  : uid=1041(audioserver) /system/bin/audioserver expire 1 line
01-24 12:27:59.436  1594 11602 I chatty  : uid=1041(audioserver) Binder:1594_F expire 3 lines
01-24 12:27:59.443  3275  8965 E ActivityThread: Failed to find provider info for com.google.android.apps.gsa.testing.ui.audio.recorded
01-24 12:27:59.444  3275  3275 I chatty  : uid=10021 com.google.android.googlequicksearchbox:search expire 14 lines
01-24 12:27:59.452  3275  1414 I chatty  : uid=10021(com.google.android.googlequicksearchbox) NonUserFacing13 expire 11 lines
01-24 12:27:59.452  3275  3801 I chatty  : uid=10021(com.google.android.googlequicksearchbox) HotwordDetector expire 11 lines
01-24 12:27:59.454  3275  3985 I chatty  : uid=10021(com.google.android.googlequicksearchbox) NonUserFacing13 expire 11 lines
01-24 12:28:00.006  1840  1843 D hwcomposer: hw_composer sent 6 syncs in 60s
01-24 12:28:02.202  2593  3988 W ctxmgr  : [AclManager]No 2 for (accnt=account#-517948760#, com.google.android.gms(10015):IndoorOutdoorProducer, vrsn=13280000, 0, 3pPkg = null ,  3pMdlId = null ,  pid = 2593). Was: 3 for 57, account#-517948760#
01-24 12:28:04.475  1594  9102 I chatty  : uid=1041(audioserver) /system/bin/audioserver expire 1 line
01-24 12:28:04.477  1594  1650 I chatty  : uid=1041(audioserver) Binder:1594_1 expire 6 lines
01-24 12:28:07.214  2593  7565 W ctxmgr  : [AclManager]No 2 for (accnt=account#-517948760#, com.google.android.gms(10015):IndoorOutdoorProducer, vrsn=13280000, 0, 3pPkg = null ,  3pMdlId = null ,  pid = 2593). Was: 3 for 57, account#-517948760#
01-24 12:28:08.209  1856  2157 I chatty  : uid=1000(system) HwBinder:1856_4 expire 12 lines
01-24 12:28:09.515  1594  9105 I chatty  : uid=1041(audioserver) /system/bin/audioserver expire 1 line
01-24 12:28:09.517  3275  3275 I chatty  : uid=10021 com.google.android.googlequicksearchbox:search expire 14 lines
01-24 12:28:10.218  1856  1872 I chatty  : uid=1000(system) android.bg expire 13 lines
01-24 12:28:12.230  2593  8904 W ctxmgr  : [AclManager]No 2 for (accnt=account#-517948760#, com.google.android.gms(10015):IndoorOutdoorProducer, vrsn=13280000, 0, 3pPkg = null ,  3pMdlId = null ,  pid = 2593). Was: 3 for 57, account#-517948760#
01-24 12:28:14.545  3275  8965 I chatty  : uid=10021(com.google.android.googlequicksearchbox) UserFacing194 expire 21 lines
01-24 12:28:14.550  1594  9108 I chatty  : uid=1041(audioserver) /system/bin/audioserver expire 1 line
01-24 12:28:14.550  1594 11602 I chatty  : uid=1041(audioserver) Binder:1594_F expire 3 lines
01-24 12:28:14.564  3275  3985 I chatty  : uid=10021(com.google.android.googlequicksearchbox) NonUserFacing13 expire 12 lines
01-24 12:28:17.251  2593  8904 W ctxmgr  : [AclManager]No 2 for (accnt=account#-517948760#, com.google.android.gms(10015):IndoorOutdoorProducer, vrsn=13280000, 0, 3pPkg = null ,  3pMdlId = null ,  pid = 2593). Was: 3 for 57, account#-517948760#
01-24 12:28:19.587  1594  9112 I chatty  : uid=1041(audioserver) /system/bin/audioserver expire 1 line
01-24 12:28:19.589  1594  1650 I chatty  : uid=1041(audioserver) Binder:1594_1 expire 3 lines
01-24 12:28:19.592  3275  3275 I chatty  : uid=10021 com.google.android.googlequicksearchbox:search expire 14 lines
01-24 12:28:19.596  3275  1414 I chatty  : uid=10021(com.google.android.googlequicksearchbox) NonUserFacing13 expire 11 lines
01-24 12:28:20.258  1856  2157 I chatty  : uid=1000(system) HwBinder:1856_4 expire 13 lines
01-24 12:28:22.266  2593  7565 W ctxmgr  : [AclManager]No 2 for (accnt=account#-517948760#, com.google.android.gms(10015):IndoorOutdoorProducer, vrsn=13280000, 0, 3pPkg = null ,  3pMdlId = null ,  pid = 2593). Was: 3 for 57, account#-517948760#
01-24 12:28:23.268  1856  1872 I chatty  : uid=1000(system) android.bg expire 12 lines
01-24 12:28:24.619  1594 11602 I chatty  : uid=1041(audioserver) Binder:1594_F expire 6 lines
01-24 12:28:24.620  1594  9115 I chatty  : uid=1041(audioserver) /system/bin/audioserver expire 1 line
01-24 12:28:27.282  2593  8904 W ctxmgr  : [AclManager]No 2 for (accnt=account#-517948760#, com.google.android.gms(10015):IndoorOutdoorProducer, vrsn=13280000, 0, 3pPkg = null ,  3pMdlId = null ,  pid = 2593). Was: 3 for 57, account#-517948760#
01-24 12:28:29.646  3275  8965 I chatty  : uid=10021(com.google.android.googlequicksearchbox) UserFacing194 expire 29 lines
01-24 12:28:29.652  1594  9118 I chatty  : uid=1041(audioserver) /system/bin/audioserver expire 1 line
01-24 12:28:29.657  3275  3275 I chatty  : uid=10021 com.google.android.googlequicksearchbox:search expire 14 lines
01-24 12:28:29.665  3275  3985 I chatty  : uid=10021(com.google.android.googlequicksearchbox) NonUserFacing13 expire 10 lines
01-24 12:28:32.302  2593  7565 W ctxmgr  : [AclManager]No 2 for (accnt=account#-517948760#, com.google.android.gms(10015):IndoorOutdoorProducer, vrsn=13280000, 0, 3pPkg = null ,  3pMdlId = null ,  pid = 2593). Was: 3 for 57, account#-517948760#
01-24 12:28:33.300  1856  2157 I chatty  : uid=1000(system) HwBinder:1856_4 expire 12 lines
01-24 12:28:34.708  1594  9122 I chatty  : uid=1041(audioserver) /system/bin/audioserver expire 1 line
01-24 12:28:34.708  1594  1650 I chatty  : uid=1041(audioserver) Binder:1594_1 expire 4 lines
01-24 12:28:35.309  1856  1872 I chatty  : uid=1000(system) android.bg expire 12 lines
01-24 12:28:37.320  2593  7565 W ctxmgr  : [AclManager]No 2 for (accnt=account#-517948760#, com.google.android.gms(10015):IndoorOutdoorProducer, vrsn=13280000, 0, 3pPkg = null ,  3pMdlId = null ,  pid = 2593). Was: 3 for 57, account#-517948760#
01-24 12:28:39.745  1594  9125 I chatty  : uid=1041(audioserver) /system/bin/audioserver expire 1 line
01-24 12:28:39.745  1594  1650 I chatty  : uid=1041(audioserver) Binder:1594_1 expire 2 lines
01-24 12:28:39.749  3275  3275 I chatty  : uid=10021 com.google.android.googlequicksearchbox:search expire 14 lines
01-24 12:28:39.750  3275  3985 I chatty  : uid=10021(com.google.android.googlequicksearchbox) NonUserFacing13 expire 9 lines
01-24 12:28:42.330  2593  3988 W ctxmgr  : [AclManager]No 2 for (accnt=account#-517948760#, com.google.android.gms(10015):IndoorOutdoorProducer, vrsn=13280000, 0, 3pPkg = null ,  3pMdlId = null ,  pid = 2593). Was: 3 for 57, account#-517948760#
01-24 12:28:44.777  1594  9128 I chatty  : uid=1041(audioserver) /system/bin/audioserver expire 1 line
01-24 12:28:44.777  1594 11602 I chatty  : uid=1041(audioserver) Binder:1594_F expire 6 lines
01-24 12:28:45.339  1856  2157 I chatty  : uid=1000(system) HwBinder:1856_4 expire 15 lines
01-24 12:28:45.461  1856  2475 I chatty  : uid=1000(system) Binder:1856_A expire 2 lines
01-24 12:28:47.343  1856  1872 I chatty  : uid=1000(system) android.bg expire 11 lines
01-24 12:28:47.348  2593  3988 W ctxmgr  : [AclManager]No 2 for (accnt=account#-517948760#, com.google.android.gms(10015):IndoorOutdoorProducer, vrsn=13280000, 0, 3pPkg = null ,  3pMdlId = null ,  pid = 2593). Was: 3 for 57, account#-517948760#
01-24 12:28:49.806  1594  9131 I chatty  : uid=1041(audioserver) /system/bin/audioserver expire 1 line
01-24 12:28:49.808  3275  8965 I chatty  : uid=10021(com.google.android.googlequicksearchbox) UserFacing194 expire 28 lines
01-24 12:28:49.810  3275  8965 I chatty  : uid=10021(com.google.android.googlequicksearchbox) UserFacing194 identical 10 lines
01-24 12:28:49.811  3275  3275 I chatty  : uid=10021 com.google.android.googlequicksearchbox:search expire 21 lines
01-24 12:28:49.818  3275  3985 I chatty  : uid=10021(com.google.android.googlequicksearchbox) NonUserFacing13 expire 17 lines
01-24 12:28:52.363  2593  3988 W ctxmgr  : [AclManager]No 2 for (accnt=account#-517948760#, com.google.android.gms(10015):IndoorOutdoorProducer, vrsn=13280000, 0, 3pPkg = null ,  3pMdlId = null ,  pid = 2593). Was: 3 for 57, account#-517948760#
01-24 12:28:54.843  1594  1650 I chatty  : uid=1041(audioserver) Binder:1594_1 expire 3 lines
01-24 12:28:54.843  1594  9134 I chatty  : uid=1041(audioserver) /system/bin/audioserver expire 1 line
01-24 12:28:54.845  3275  8965 E ActivityThread: Failed to find provider info for com.google.android.apps.gsa.testing.ui.audio.recorded
01-24 12:28:54.850  3275  3801 I chatty  : uid=10021(com.google.android.googlequicksearchbox) HotwordDetector expire 6 lines
01-24 12:28:54.852  3275  1414 I chatty  : uid=10021(com.google.android.googlequicksearchbox) NonUserFacing13 expire 17 lines
01-24 12:28:55.274  1711  1789 E storaged: getDiskStats failed with result NOT_SUPPORTED and size 0
01-24 12:28:56.856  1792  1792 E netmgr  : Failed to open QEMU pipe 'qemud:network': Invalid argument
01-24 12:28:57.374  2593  3988 W ctxmgr  : [AclManager]No 2 for (accnt=account#-517948760#, com.google.android.gms(10015):IndoorOutdoorProducer, vrsn=13280000, 0, 3pPkg = null ,  3pMdlId = null ,  pid = 2593). Was: 3 for 57, account#-517948760#
01-24 12:28:58.373  1856  1872 I chatty  : uid=1000(system) android.bg expire 12 lines
01-24 12:28:59.875  1594  9137 I chatty  : uid=1041(audioserver) /system/bin/audioserver expire 1 line
01-24 12:28:59.876  1594 11602 I chatty  : uid=1041(audioserver) Binder:1594_F expire 3 lines
01-24 12:28:59.880  3275  8965 E ActivityThread: Failed to find provider info for com.google.android.apps.gsa.testing.ui.audio.recorded
01-24 12:29:00.008  1840  1843 D hwcomposer: hw_composer sent 6 syncs in 60s
01-24 12:29:00.375  1856  2157 I chatty  : uid=1000(system) HwBinder:1856_4 expire 13 lines
01-24 12:29:02.387  2593  3988 W ctxmgr  : [AclManager]No 2 for (accnt=account#-517948760#, com.google.android.gms(10015):IndoorOutdoorProducer, vrsn=13280000, 0, 3pPkg = null ,  3pMdlId = null ,  pid = 2593). Was: 3 for 57, account#-517948760#
01-24 12:29:04.916  1594  1650 I chatty  : uid=1041(audioserver) Binder:1594_1 expire 6 lines
01-24 12:29:04.916  1594  9140 I chatty  : uid=1041(audioserver) /system/bin/audioserver expire 1 line
01-24 12:29:04.920  3275  3275 I chatty  : uid=10021 com.google.android.googlequicksearchbox:search expire 15 lines
01-24 12:29:07.403  2593  3988 W ctxmgr  : [AclManager]No 2 for (accnt=account#-517948760#, com.google.android.gms(10015):IndoorOutdoorProducer, vrsn=13280000, 0, 3pPkg = null ,  3pMdlId = null ,  pid = 2593). Was: 3 for 57, account#-517948760#
01-24 12:29:09.957  1594  9143 I chatty  : uid=1041(audioserver) /system/bin/audioserver expire 1 line
01-24 12:29:09.957  3275  8965 I chatty  : uid=10021(com.google.android.googlequicksearchbox) UserFacing194 expire 20 lines
01-24 12:29:10.407  1856  1872 I chatty  : uid=1000(system) android.bg expire 11 lines
01-24 12:29:12.418  2593  3988 W ctxmgr  : [AclManager]No 2 for (accnt=account#-517948760#, com.google.android.gms(10015):IndoorOutdoorProducer, vrsn=13280000, 0, 3pPkg = null ,  3pMdlId = null ,  pid = 2593). Was: 3 for 57, account#-517948760#
01-24 12:29:13.414  1856  2157 I chatty  : uid=1000(system) HwBinder:1856_4 expire 12 lines
01-24 12:29:14.980  3275  3985 I chatty  : uid=10021(com.google.android.googlequicksearchbox) NonUserFacing13 expire 16 lines
01-24 12:29:14.986  1594 11602 I chatty  : uid=1041(audioserver) Binder:1594_F expire 3 lines
01-24 12:29:14.986  1594  9146 I chatty  : uid=1041(audioserver) /system/bin/audioserver expire 1 line
01-24 12:29:14.994  3275  3275 I chatty  : uid=10021 com.google.android.googlequicksearchbox:search expire 20 lines
01-24 12:29:17.431  2593  3988 W ctxmgr  : [AclManager]No 2 for (accnt=account#-517948760#, com.google.android.gms(10015):IndoorOutdoorProducer, vrsn=13280000, 0, 3pPkg = null ,  3pMdlId = null ,  pid = 2593). Was: 3 for 57, account#-517948760#
01-24 12:29:20.033  1594  9150 I chatty  : uid=1041(audioserver) /system/bin/audioserver expire 1 line
01-24 12:29:20.035  1594  1650 I chatty  : uid=1041(audioserver) Binder:1594_1 expire 5 lines
01-24 12:29:21.437  1856  1872 I chatty  : uid=1000(system) android.bg expire 12 lines
01-24 12:29:22.440  2593  7565 W ctxmgr  : [AclManager]No 2 for (accnt=account#-517948760#, com.google.android.gms(10015):IndoorOutdoorProducer, vrsn=13280000, 0, 3pPkg = null ,  3pMdlId = null ,  pid = 2593). Was: 3 for 57, account#-517948760#
01-24 12:29:25.077  3275  8965 I chatty  : uid=10021(com.google.android.googlequicksearchbox) UserFacing194 expire 29 lines
01-24 12:29:25.084  1594  9153 I chatty  : uid=1041(audioserver) /system/bin/audioserver expire 1 line
01-24 12:29:25.084  1594  1650 I chatty  : uid=1041(audioserver) Binder:1594_1 expire 1 line
01-24 12:29:25.096  3275  3801 I chatty  : uid=10021(com.google.android.googlequicksearchbox) HotwordDetector expire 8 lines
01-24 12:29:25.442  1856  2157 I chatty  : uid=1000(system) HwBinder:1856_4 expire 13 lines
01-24 12:29:27.465  2593  7565 W ctxmgr  : [AclManager]No 2 for (accnt=account#-517948760#, com.google.android.gms(10015):IndoorOutdoorProducer, vrsn=13280000, 0, 3pPkg = null ,  3pMdlId = null ,  pid = 2593). Was: 3 for 57, account#-517948760#
01-24 12:29:30.117  1594 11602 I chatty  : uid=1041(audioserver) Binder:1594_F expire 3 lines
01-24 12:29:30.118  1594  9156 I chatty  : uid=1041(audioserver) /system/bin/audioserver expire 1 line
01-24 12:29:30.124  3275  3275 I chatty  : uid=10021 com.google.android.googlequicksearchbox:search expire 21 lines
01-24 12:29:32.470  2593  7565 W ctxmgr  : [AclManager]No 2 for (accnt=account#-517948760#, com.google.android.gms(10015):IndoorOutdoorProducer, vrsn=13280000, 0, 3pPkg = null ,  3pMdlId = null ,  pid = 2593). Was: 3 for 57, account#-517948760#
01-24 12:29:33.465  1856  1872 I chatty  : uid=1000(system) android.bg expire 12 lines
01-24 12:29:35.154  1594  1650 I chatty  : uid=1041(audioserver) Binder:1594_1 expire 4 lines
01-24 12:29:35.155  1594  9160 I chatty  : uid=1041(audioserver) /system/bin/audioserver expire 1 line
01-24 12:29:35.174  3275  1414 I chatty  : uid=10021(com.google.android.googlequicksearchbox) NonUserFacing13 expire 11 lines
01-24 12:29:35.176  3275  3985 I chatty  : uid=10021(com.google.android.googlequicksearchbox) NonUserFacing13 expire 13 lines
01-24 12:29:37.484  2593  3988 W ctxmgr  : [AclManager]No 2 for (accnt=account#-517948760#, com.google.android.gms(10015):IndoorOutdoorProducer, vrsn=13280000, 0, 3pPkg = null ,  3pMdlId = null ,  pid = 2593). Was: 3 for 57, account#-517948760#
01-24 12:29:38.484  1856  2157 I chatty  : uid=1000(system) HwBinder:1856_4 expire 12 lines
01-24 12:29:40.206  1594 11602 I chatty  : uid=1041(audioserver) Binder:1594_F expire 3 lines
01-24 12:29:40.209  1594  9163 I chatty  : uid=1041(audioserver) /system/bin/audioserver expire 1 line
01-24 12:29:42.501  2593  8904 W ctxmgr  : [AclManager]No 2 for (accnt=account#-517948760#, com.google.android.gms(10015):IndoorOutdoorProducer, vrsn=13280000, 0, 3pPkg = null ,  3pMdlId = null ,  pid = 2593). Was: 3 for 57, account#-517948760#
01-24 12:29:45.242  1594  9166 I chatty  : uid=1041(audioserver) /system/bin/audioserver expire 1 line
01-24 12:29:45.242  1594  1650 I chatty  : uid=1041(audioserver) Binder:1594_1 expire 2 lines
01-24 12:29:45.245  3275  8965 I chatty  : uid=10021(com.google.android.googlequicksearchbox) UserFacing194 expire 20 lines
01-24 12:29:45.247  3275  3275 I chatty  : uid=10021 com.google.android.googlequicksearchbox:search expire 15 lines
01-24 12:29:45.510  1856  1872 I chatty  : uid=1000(system) android.bg expire 12 lines
01-24 12:29:45.557  1856  5278 I chatty  : uid=1000(system) Binder:1856_1E expire 2 lines
01-24 12:29:47.516  2593  8904 W ctxmgr  : [AclManager]No 2 for (accnt=account#-517948760#, com.google.android.gms(10015):IndoorOutdoorProducer, vrsn=13280000, 0, 3pPkg = null ,  3pMdlId = null ,  pid = 2593). Was: 3 for 57, account#-517948760#
01-24 12:29:50.273  1594  9169 I chatty  : uid=1041(audioserver) /system/bin/audioserver expire 1 line
01-24 12:29:50.273  1594 11602 I chatty  : uid=1041(audioserver) Binder:1594_F expire 6 lines
01-24 12:29:50.280  3275  1414 I chatty  : uid=10021(com.google.android.googlequicksearchbox) NonUserFacing13 expire 17 lines
01-24 12:29:50.524  1856  2157 I chatty  : uid=1000(system) HwBinder:1856_4 expire 12 lines
01-24 12:29:51.459  1856  1877 I chatty  : uid=1000(system) batterystats-wo expire 1 line
01-24 12:29:45.246  3275  8965 I chatty  : uid=10021(com.google.android.googlequicksearchbox) UserFacing194 identical 9 lines
01-24 12:29:50.277  3275  8965 E ActivityThread: Failed to find provider info for com.google.android.apps.gsa.testing.ui.audio.recorded
01-24 12:29:51.460  1856  1877 E BatteryExternalStatsWorker: no controller energy info supplied for wifi
01-24 12:29:52.531  2593  7565 W ctxmgr  : [AclManager]No 2 for (accnt=account#-517948760#, com.google.android.gms(10015):IndoorOutdoorProducer, vrsn=13280000, 0, 3pPkg = null ,  3pMdlId = null ,  pid = 2593). Was: 3 for 57, account#-517948760#
01-24 12:29:55.278  1711  1789 E storaged: getDiskStats failed with result NOT_SUPPORTED and size 0
01-24 12:29:55.306  1594  9172 I chatty  : uid=1041(audioserver) /system/bin/audioserver expire 1 line
01-24 12:29:55.310  3275  8965 E ActivityThread: Failed to find provider info for com.google.android.apps.gsa.testing.ui.audio.recorded
01-24 12:29:55.316  3275  3275 I chatty  : uid=10021 com.google.android.googlequicksearchbox:search expire 20 lines
01-24 12:29:56.879  1792  1792 E netmgr  : Failed to open QEMU pipe 'qemud:network': Invalid argument
01-24 12:29:57.545  1856  1872 I chatty  : uid=1000(system) android.bg expire 11 lines
01-24 12:29:57.548  2593  7565 W ctxmgr  : [AclManager]No 2 for (accnt=account#-517948760#, com.google.android.gms(10015):IndoorOutdoorProducer, vrsn=13280000, 0, 3pPkg = null ,  3pMdlId = null ,  pid = 2593). Was: 3 for 57, account#-517948760#
01-24 12:30:00.024  1840  1843 D hwcomposer: hw_composer sent 6 syncs in 60s
01-24 12:30:00.332  3275  3985 I chatty  : uid=10021(com.google.android.googlequicksearchbox) NonUserFacing13 expire 12 lines
01-24 12:30:00.332  3275  8965 I chatty  : uid=10021(com.google.android.googlequicksearchbox) UserFacing194 expire 22 lines
01-24 12:30:00.337  1594  9175 I chatty  : uid=1041(audioserver) /system/bin/audioserver expire 1 line
01-24 12:30:00.338  1594  1650 I chatty  : uid=1041(audioserver) Binder:1594_1 expire 3 lines
01-24 12:30:02.558  1856  2157 I chatty  : uid=1000(system) HwBinder:1856_4 expire 11 lines
01-24 12:30:02.562  2593  7565 W ctxmgr  : [AclManager]No 2 for (accnt=account#-517948760#, com.google.android.gms(10015):IndoorOutdoorProducer, vrsn=13280000, 0, 3pPkg = null ,  3pMdlId = null ,  pid = 2593). Was: 3 for 57, account#-517948760#
01-24 12:30:05.373  1594 11602 I chatty  : uid=1041(audioserver) Binder:1594_F expire 3 lines
01-24 12:30:05.374  1594  9178 I chatty  : uid=1041(audioserver) /system/bin/audioserver expire 1 line
01-24 12:30:05.378  3275  3801 I chatty  : uid=10021(com.google.android.googlequicksearchbox) HotwordDetector expire 8 lines
01-24 12:30:07.572  2593  7565 W ctxmgr  : [AclManager]No 2 for (accnt=account#-517948760#, com.google.android.gms(10015):IndoorOutdoorProducer, vrsn=13280000, 0, 3pPkg = null ,  3pMdlId = null ,  pid = 2593). Was: 3 for 57, account#-517948760#
01-24 12:30:08.569  1856  1872 I chatty  : uid=1000(system) android.bg expire 12 lines
01-24 12:30:10.400  1594  1650 I chatty  : uid=1041(audioserver) Binder:1594_1 expire 3 lines
01-24 12:30:10.400  1594  9181 I chatty  : uid=1041(audioserver) /system/bin/audioserver expire 1 line
01-24 12:30:10.406  3275  3275 I chatty  : uid=10021 com.google.android.googlequicksearchbox:search expire 14 lines
01-24 12:30:12.583  2593  8904 W ctxmgr  : [AclManager]No 2 for (accnt=account#-517948760#, com.google.android.gms(10015):IndoorOutdoorProducer, vrsn=13280000, 0, 3pPkg = null ,  3pMdlId = null ,  pid = 2593). Was: 3 for 57, account#-517948760#
01-24 12:30:13.583  1856  2157 I chatty  : uid=1000(system) HwBinder:1856_4 expire 12 lines
01-24 12:30:13.922  1856  5213 I chatty  : uid=1000(system) Binder:1856_1D expire 1 line
01-24 12:30:15.429  1594  9184 I chatty  : uid=1041(audioserver) /system/bin/audioserver expire 1 line
01-24 12:30:15.429  1594 11602 I chatty  : uid=1041(audioserver) Binder:1594_F expire 6 lines
01-24 12:30:15.432  3275  8965 I chatty  : uid=10021(com.google.android.googlequicksearchbox) UserFacing194 expire 27 lines
01-24 12:30:17.607  2593  8904 W ctxmgr  : [AclManager]No 2 for (accnt=account#-517948760#, com.google.android.gms(10015):IndoorOutdoorProducer, vrsn=13280000, 0, 3pPkg = null ,  3pMdlId = null ,  pid = 2593). Was: 3 for 57, account#-517948760#
01-24 12:30:20.464  3275  1414 I chatty  : uid=10021(com.google.android.googlequicksearchbox) NonUserFacing13 expire 10 lines
01-24 12:30:20.471  1594  1650 I chatty  : uid=1041(audioserver) Binder:1594_1 expire 3 lines
01-24 12:30:20.471  1594  9187 I chatty  : uid=1041(audioserver) /system/bin/audioserver expire 1 line
01-24 12:30:20.475  3275  3275 I chatty  : uid=10021 com.google.android.googlequicksearchbox:search expire 14 lines
01-24 12:30:20.479  3275  3985 I chatty  : uid=10021(com.google.android.googlequicksearchbox) NonUserFacing13 expire 11 lines
01-24 12:30:20.606  1856  1872 I chatty  : uid=1000(system) android.bg expire 13 lines
01-24 12:30:22.614  2593  8904 W ctxmgr  : [AclManager]No 2 for (accnt=account#-517948760#, com.google.android.gms(10015):IndoorOutdoorProducer, vrsn=13280000, 0, 3pPkg = null ,  3pMdlId = null ,  pid = 2593). Was: 3 for 57, account#-517948760#
01-24 12:30:25.505  1594  9190 I chatty  : uid=1041(audioserver) /system/bin/audioserver expire 1 line
01-24 12:30:25.618  1856  2157 I chatty  : uid=1000(system) HwBinder:1856_4 expire 13 lines
01-24 12:30:27.632  2593  7565 W ctxmgr  : [AclManager]No 2 for (accnt=account#-517948760#, com.google.android.gms(10015):IndoorOutdoorProducer, vrsn=13280000, 0, 3pPkg = null ,  3pMdlId = null ,  pid = 2593). Was: 3 for 57, account#-517948760#
01-24 12:30:30.533  1594  9193 I chatty  : uid=1041(audioserver) /system/bin/audioserver expire 1 line
01-24 12:30:30.533  1594  1650 I chatty  : uid=1041(audioserver) Binder:1594_1 expire 6 lines
01-24 12:30:30.536  3275  3275 I chatty  : uid=10021 com.google.android.googlequicksearchbox:search expire 15 lines
01-24 12:30:30.541  3275  1414 I chatty  : uid=10021(com.google.android.googlequicksearchbox) NonUserFacing13 expire 12 lines
01-24 12:30:32.647  2593  7565 W ctxmgr  : [AclManager]No 2 for (accnt=account#-517948760#, com.google.android.gms(10015):IndoorOutdoorProducer, vrsn=13280000, 0, 3pPkg = null ,  3pMdlId = null ,  pid = 2593). Was: 3 for 57, account#-517948760#
01-24 12:30:33.645  1856  1872 I chatty  : uid=1000(system) android.bg expire 9 lines
01-24 12:30:35.558  3275  8965 I chatty  : uid=10021(com.google.android.googlequicksearchbox) UserFacing194 expire 14 lines
01-24 12:30:35.564  1594  9196 I chatty  : uid=1041(audioserver) /system/bin/audioserver expire 1 line
01-24 12:30:37.662  2593  3988 W ctxmgr  : [AclManager]No 2 for (accnt=account#-517948760#, com.google.android.gms(10015):IndoorOutdoorProducer, vrsn=13280000, 0, 3pPkg = null ,  3pMdlId = null ,  pid = 2593). Was: 3 for 57, account#-517948760#
01-24 12:30:38.661  1856  2157 I chatty  : uid=1000(system) HwBinder:1856_4 expire 12 lines
01-24 12:30:40.599  1594  9200 I chatty  : uid=1041(audioserver) /system/bin/audioserver expire 1 line
01-24 12:30:40.600  1594 11602 I chatty  : uid=1041(audioserver) Binder:1594_F expire 3 lines
01-24 12:30:40.607  3275  3985 I chatty  : uid=10021(com.google.android.googlequicksearchbox) NonUserFacing13 expire 15 lines
01-24 12:30:40.608  3275  3275 I chatty  : uid=10021 com.google.android.googlequicksearchbox:search expire 13 lines
01-24 12:30:42.674  1856  1872 I chatty  : uid=1000(system) android.bg expire 11 lines
01-24 12:30:42.677  2593  7565 W ctxmgr  : [AclManager]No 2 for (accnt=account#-517948760#, com.google.android.gms(10015):IndoorOutdoorProducer, vrsn=13280000, 0, 3pPkg = null ,  3pMdlId = null ,  pid = 2593). Was: 3 for 57, account#-517948760#
01-24 12:30:45.629  3275  8965 I chatty  : uid=10021(com.google.android.googlequicksearchbox) UserFacing194 expire 21 lines
01-24 12:30:45.634  1594  1650 I chatty  : uid=1041(audioserver) Binder:1594_1 expire 3 lines
01-24 12:30:45.634  1594  9203 I chatty  : uid=1041(audioserver) /system/bin/audioserver expire 1 line
01-24 12:30:45.646  3275  3801 I chatty  : uid=10021(com.google.android.googlequicksearchbox) HotwordDetector expire 7 lines
01-24 12:30:45.672  1856  5213 I chatty  : uid=1000(system) Binder:1856_1D expire 2 lines
01-24 12:30:47.692  2593  3988 W ctxmgr  : [AclManager]No 2 for (accnt=account#-517948760#, com.google.android.gms(10015):IndoorOutdoorProducer, vrsn=13280000, 0, 3pPkg = null ,  3pMdlId = null ,  pid = 2593). Was: 3 for 57, account#-517948760#
01-24 12:30:50.675  1594 11602 I chatty  : uid=1041(audioserver) Binder:1594_F expire 3 lines
01-24 12:30:50.676  1594  9206 I chatty  : uid=1041(audioserver) /system/bin/audioserver expire 1 line
01-24 12:30:50.678  3275  3275 I chatty  : uid=10021 com.google.android.googlequicksearchbox:search expire 21 lines
01-24 12:30:50.693  1856  2157 I chatty  : uid=1000(system) HwBinder:1856_4 expire 11 lines
01-24 12:30:50.696  3275  1414 I chatty  : uid=10021(com.google.android.googlequicksearchbox) NonUserFacing13 expire 11 lines
01-24 12:30:52.701  2593  3988 W ctxmgr  : [AclManager]No 2 for (accnt=account#-517948760#, com.google.android.gms(10015):IndoorOutdoorProducer, vrsn=13280000, 0, 3pPkg = null ,  3pMdlId = null ,  pid = 2593). Was: 3 for 57, account#-517948760#
01-24 12:30:53.703  1856  1872 I chatty  : uid=1000(system) android.bg expire 13 lines
01-24 12:30:45.637  3275  8965 I chatty  : uid=10021(com.google.android.googlequicksearchbox) UserFacing194 identical 10 lines
01-24 12:30:50.678  3275  8965 E ActivityThread: Failed to find provider info for com.google.android.apps.gsa.testing.ui.audio.recorded
01-24 12:30:55.281  1711  1789 E storaged: getDiskStats failed with result NOT_SUPPORTED and size 0
01-24 12:30:55.721  1594  9209 I chatty  : uid=1041(audioserver) /system/bin/audioserver expire 1 line
01-24 12:30:55.721  1594  1650 I chatty  : uid=1041(audioserver) Binder:1594_1 expire 6 lines
01-24 12:30:55.726  3275  8965 E ActivityThread: Failed to find provider info for com.google.android.apps.gsa.testing.ui.audio.recorded
01-24 12:30:56.931  1792  1792 E netmgr  : Failed to open QEMU pipe 'qemud:network': Invalid argument
01-24 12:30:57.727  2593  8904 W ctxmgr  : [AclManager]No 2 for (accnt=account#-517948760#, com.google.android.gms(10015):IndoorOutdoorProducer, vrsn=13280000, 0, 3pPkg = null ,  3pMdlId = null ,  pid = 2593). Was: 3 for 57, account#-517948760#
01-24 12:31:00.014  1840  1843 D hwcomposer: hw_composer sent 6 syncs in 60s
01-24 12:31:00.747  3275  8965 I chatty  : uid=10021(com.google.android.googlequicksearchbox) UserFacing194 expire 21 lines
01-24 12:31:00.752  1594  9212 I chatty  : uid=1041(audioserver) /system/bin/audioserver expire 1 line
01-24 12:31:01.731  1856  2157 I chatty  : uid=1000(system) HwBinder:1856_4 expire 12 lines
01-24 12:31:02.740  2593  8904 W ctxmgr  : [AclManager]No 2 for (accnt=account#-517948760#, com.google.android.gms(10015):IndoorOutdoorProducer, vrsn=13280000, 0, 3pPkg = null ,  3pMdlId = null ,  pid = 2593). Was: 3 for 57, account#-517948760#
01-24 12:31:05.783  1594  9215 I chatty  : uid=1041(audioserver) /system/bin/audioserver expire 1 line
01-24 12:31:05.785  1594 11602 I chatty  : uid=1041(audioserver) Binder:1594_F expire 3 lines
01-24 12:31:05.788  3275  3275 I chatty  : uid=10021 com.google.android.googlequicksearchbox:search expire 15 lines
01-24 12:31:05.792  3275  1414 I chatty  : uid=10021(com.google.android.googlequicksearchbox) NonUserFacing13 expire 7 lines
01-24 12:31:06.750  1856  1872 I chatty  : uid=1000(system) android.bg expire 12 lines
01-24 12:31:07.756  2593  3988 W ctxmgr  : [AclManager]No 2 for (accnt=account#-517948760#, com.google.android.gms(10015):IndoorOutdoorProducer, vrsn=13280000, 0, 3pPkg = null ,  3pMdlId = null ,  pid = 2593). Was: 3 for 57, account#-517948760#
01-24 12:31:10.826  1594  1650 I chatty  : uid=1041(audioserver) Binder:1594_1 expire 3 lines
01-24 12:31:10.826  1594  9219 I chatty  : uid=1041(audioserver) /system/bin/audioserver expire 1 line
01-24 12:31:10.840  3275  3985 I chatty  : uid=10021(com.google.android.googlequicksearchbox) NonUserFacing13 expire 7 lines
01-24 12:31:12.778  2593  8904 W ctxmgr  : [AclManager]No 2 for (accnt=account#-517948760#, com.google.android.gms(10015):IndoorOutdoorProducer, vrsn=13280000, 0, 3pPkg = null ,  3pMdlId = null ,  pid = 2593). Was: 3 for 57, account#-517948760#
01-24 12:31:13.778  1856  2157 I chatty  : uid=1000(system) HwBinder:1856_4 expire 7 lines
01-24 12:31:15.868  3275  8965 I chatty  : uid=10021(com.google.android.googlequicksearchbox) UserFacing194 expire 7 lines
01-24 12:31:15.874  1594  9222 I chatty  : uid=1041(audioserver) /system/bin/audioserver expire 1 line
01-24 12:31:15.876  1594 11602 I chatty  : uid=1041(audioserver) Binder:1594_F expire 3 lines
01-24 12:31:15.895  3275  3275 I chatty  : uid=10021 com.google.android.googlequicksearchbox:search expire 6 lines
01-24 12:31:17.792  2593  3988 W ctxmgr  : [AclManager]No 2 for (accnt=account#-517948760#, com.google.android.gms(10015):IndoorOutdoorProducer, vrsn=13280000, 0, 3pPkg = null ,  3pMdlId = null ,  pid = 2593). Was: 3 for 57, account#-517948760#
01-24 12:31:18.794  1856  1872 I chatty  : uid=1000(system) android.bg expire 13 lines
01-24 12:31:20.796  1856  2157 I chatty  : uid=1000(system) HwBinder:1856_4 expire 11 lines
01-24 12:31:20.915  3275  8965 I chatty  : uid=10021(com.google.android.googlequicksearchbox) UserFacing194 expire 22 lines
01-24 12:31:20.920  1594  9225 I chatty  : uid=1041(audioserver) /system/bin/audioserver expire 1 line
01-24 12:31:20.920  1594  1650 I chatty  : uid=1041(audioserver) Binder:1594_1 expire 4 lines
01-24 12:31:20.925  3275  3275 I chatty  : uid=10021 com.google.android.googlequicksearchbox:search expire 14 lines
01-24 12:31:20.927  3275  3985 I chatty  : uid=10021(com.google.android.googlequicksearchbox) NonUserFacing13 expire 15 lines
01-24 12:31:20.927  3275  3801 I chatty  : uid=10021(com.google.android.googlequicksearchbox) HotwordDetector expire 12 lines
01-24 12:31:20.929  3275  1414 I chatty  : uid=10021(com.google.android.googlequicksearchbox) NonUserFacing13 expire 10 lines
01-24 12:31:22.803  2593  3988 W ctxmgr  : [AclManager]No 2 for (accnt=account#-517948760#, com.google.android.gms(10015):IndoorOutdoorProducer, vrsn=13280000, 0, 3pPkg = null ,  3pMdlId = null ,  pid = 2593). Was: 3 for 57, account#-517948760#
01-24 12:31:25.954  1594  9229 I chatty  : uid=1041(audioserver) /system/bin/audioserver expire 1 line
01-24 12:31:25.954  1594  1650 I chatty  : uid=1041(audioserver) Binder:1594_1 expire 5 lines
01-24 12:31:27.821  2593  7565 W ctxmgr  : [AclManager]No 2 for (accnt=account#-517948760#, com.google.android.gms(10015):IndoorOutdoorProducer, vrsn=13280000, 0, 3pPkg = null ,  3pMdlId = null ,  pid = 2593). Was: 3 for 57, account#-517948760#
01-24 12:31:30.989  1594 11602 I chatty  : uid=1041(audioserver) Binder:1594_F expire 3 lines
01-24 12:31:30.989  1594  9232 I chatty  : uid=1041(audioserver) /system/bin/audioserver expire 1 line
01-24 12:31:30.994  3275  3275 I chatty  : uid=10021 com.google.android.googlequicksearchbox:search expire 14 lines
01-24 12:31:31.831  1856  2157 I chatty  : uid=1000(system) HwBinder:1856_4 expire 12 lines
01-24 12:31:31.832  1856  1872 I chatty  : uid=1000(system) android.bg expire 12 lines
01-24 12:31:32.840  2593  7565 W ctxmgr  : [AclManager]No 2 for (accnt=account#-517948760#, com.google.android.gms(10015):IndoorOutdoorProducer, vrsn=13280000, 0, 3pPkg = null ,  3pMdlId = null ,  pid = 2593). Was: 3 for 57, account#-517948760#
01-24 12:31:36.034  1594  9235 I chatty  : uid=1041(audioserver) /system/bin/audioserver expire 1 line
01-24 12:31:36.035  3275  8965 I chatty  : uid=10021(com.google.android.googlequicksearchbox) UserFacing194 expire 20 lines
01-24 12:31:36.041  3275  3985 I chatty  : uid=10021(com.google.android.googlequicksearchbox) NonUserFacing13 expire 11 lines
01-24 12:31:37.850  2593  8904 W ctxmgr  : [AclManager]No 2 for (accnt=account#-517948760#, com.google.android.gms(10015):IndoorOutdoorProducer, vrsn=13280000, 0, 3pPkg = null ,  3pMdlId = null ,  pid = 2593). Was: 3 for 57, account#-517948760#
01-24 12:31:41.062  1594 11602 I chatty  : uid=1041(audioserver) Binder:1594_F expire 3 lines
01-24 12:31:41.062  1594  9238 I chatty  : uid=1041(audioserver) /system/bin/audioserver expire 1 line
01-24 12:31:41.064  3275  3275 I chatty  : uid=10021 com.google.android.googlequicksearchbox:search expire 14 lines
01-24 12:31:41.550  2639  2639 I GCM     : Message from 745476177629
01-24 12:31:41.695  2639  9242 I EventLogChimeraService: Aggregate from 1548360009733 (log), 1548360009733 (data)
01-24 12:31:42.872  2593  8904 W ctxmgr  : [AclManager]No 2 for (accnt=account#-517948760#, com.google.android.gms(10015):IndoorOutdoorProducer, vrsn=13280000, 0, 3pPkg = null ,  3pMdlId = null ,  pid = 2593). Was: 3 for 57, account#-517948760#
01-24 12:31:43.872  1856  2157 I chatty  : uid=1000(system) HwBinder:1856_4 expire 12 lines
01-24 12:31:43.872  1856  1872 I chatty  : uid=1000(system) android.bg expire 12 lines
01-24 12:31:45.796  1856  5213 I chatty  : uid=1000(system) Binder:1856_1D expire 2 lines
01-24 12:31:46.090  1594  9250 I chatty  : uid=1041(audioserver) /system/bin/audioserver expire 1 line
01-24 12:31:46.090  1594  1650 I chatty  : uid=1041(audioserver) Binder:1594_1 expire 3 lines
01-24 12:31:47.883  2593  3988 W ctxmgr  : [AclManager]No 2 for (accnt=account#-517948760#, com.google.android.gms(10015):IndoorOutdoorProducer, vrsn=13280000, 0, 3pPkg = null ,  3pMdlId = null ,  pid = 2593). Was: 3 for 57, account#-517948760#
01-24 12:31:51.125  3275  8965 I chatty  : uid=10021(com.google.android.googlequicksearchbox) UserFacing194 expire 21 lines
01-24 12:31:51.132  1594  9253 I chatty  : uid=1041(audioserver) /system/bin/audioserver expire 1 line
01-24 12:31:51.132  1594 11602 I chatty  : uid=1041(audioserver) Binder:1594_F expire 3 lines
01-24 12:31:51.134  3275  3275 I chatty  : uid=10021 com.google.android.googlequicksearchbox:search expire 15 lines
01-24 12:31:51.136  3275  3985 I chatty  : uid=10021(com.google.android.googlequicksearchbox) NonUserFacing13 expire 20 lines
01-24 12:31:51.139  3275  1414 I chatty  : uid=10021(com.google.android.googlequicksearchbox) NonUserFacing13 expire 7 lines
01-24 12:31:52.898  2593  8904 W ctxmgr  : [AclManager]No 2 for (accnt=account#-517948760#, com.google.android.gms(10015):IndoorOutdoorProducer, vrsn=13280000, 0, 3pPkg = null ,  3pMdlId = null ,  pid = 2593). Was: 3 for 57, account#-517948760#
01-24 12:31:46.095  3275  8965 I chatty  : uid=10021(com.google.android.googlequicksearchbox) UserFacing194 identical 10 lines
01-24 12:31:51.134  3275  8965 E ActivityThread: Failed to find provider info for com.google.android.apps.gsa.testing.ui.audio.recorded
01-24 12:31:55.283  1711  1789 E storaged: getDiskStats failed with result NOT_SUPPORTED and size 0
01-24 12:31:55.654  2639  3559 I Icing   : IndexChimeraService.getServiceInterface callingPackage=com.android.chrome componentName=null serviceId=36
01-24 12:31:55.672  2639 21328 I Icing   : Usage reports ok 0, Failed Usage reports 0, indexed 0, rejected 0, imm upload false
01-24 12:31:55.905  1856  2157 I chatty  : uid=1000(system) HwBinder:1856_4 expire 9 lines
01-24 12:31:55.906  1856  1872 I chatty  : uid=1000(system) android.bg expire 11 lines
01-24 12:31:56.164  1594  1650 I chatty  : uid=1041(audioserver) Binder:1594_1 expire 3 lines
01-24 12:31:56.164  1594  9257 I chatty  : uid=1041(audioserver) /system/bin/audioserver expire 1 line
01-24 12:31:56.166  3275  8965 E ActivityThread: Failed to find provider info for com.google.android.apps.gsa.testing.ui.audio.recorded
01-24 12:31:56.677  2639 21328 I Icing   : Indexing com.android.chrome-omnibox from com.android.chrome
01-24 12:31:56.689  2639 21328 I Icing   : Indexing done com.android.chrome-omnibox
01-24 12:31:56.937  1792  1792 E netmgr  : Failed to open QEMU pipe 'qemud:network': Invalid argument
01-24 12:31:57.920  2593  3988 W ctxmgr  : [AclManager]No 2 for (accnt=account#-517948760#, com.google.android.gms(10015):IndoorOutdoorProducer, vrsn=13280000, 0, 3pPkg = null ,  3pMdlId = null ,  pid = 2593). Was: 3 for 57, account#-517948760#
01-24 12:32:00.017  1840  1843 D hwcomposer: hw_composer sent 12 syncs in 60s
01-24 12:32:01.205  1594  9261 I chatty  : uid=1041(audioserver) /system/bin/audioserver expire 1 line
01-24 12:32:01.207  1594 11602 I chatty  : uid=1041(audioserver) Binder:1594_F expire 3 lines
01-24 12:32:01.221  3275  3275 I chatty  : uid=10021 com.google.android.googlequicksearchbox:search expire 13 lines
01-24 12:32:02.929  2593  7565 W ctxmgr  : [AclManager]No 2 for (accnt=account#-517948760#, com.google.android.gms(10015):IndoorOutdoorProducer, vrsn=13280000, 0, 3pPkg = null ,  3pMdlId = null ,  pid = 2593). Was: 3 for 57, account#-517948760#
01-24 12:32:04.933  1856  2157 I chatty  : uid=1000(system) HwBinder:1856_4 expire 12 lines
01-24 12:32:06.244  3275  8965 I chatty  : uid=10021(com.google.android.googlequicksearchbox) UserFacing194 expire 15 lines
01-24 12:32:06.249  1594  9264 I chatty  : uid=1041(audioserver) /system/bin/audioserver expire 1 line
01-24 12:32:06.249  1594  1650 I chatty  : uid=1041(audioserver) Binder:1594_1 expire 3 lines
01-24 12:32:06.263  3275  1414 I chatty  : uid=10021(com.google.android.googlequicksearchbox) NonUserFacing13 expire 10 lines
01-24 12:32:06.937  1856  1872 I chatty  : uid=1000(system) android.bg expire 12 lines
01-24 12:32:07.945  2593  3988 W ctxmgr  : [AclManager]No 2 for (accnt=account#-517948760#, com.google.android.gms(10015):IndoorOutdoorProducer, vrsn=13280000, 0, 3pPkg = null ,  3pMdlId = null ,  pid = 2593). Was: 3 for 57, account#-517948760#
01-24 12:32:11.285  1594 11602 I chatty  : uid=1041(audioserver) Binder:1594_F expire 6 lines
01-24 12:32:11.286  1594  9267 I chatty  : uid=1041(audioserver) /system/bin/audioserver expire 1 line
01-24 12:32:11.288  3275  3275 I chatty  : uid=10021 com.google.android.googlequicksearchbox:search expire 14 lines
01-24 12:32:12.959  2593  3988 W ctxmgr  : [AclManager]No 2 for (accnt=account#-517948760#, com.google.android.gms(10015):IndoorOutdoorProducer, vrsn=13280000, 0, 3pPkg = null ,  3pMdlId = null ,  pid = 2593). Was: 3 for 57, account#-517948760#
01-24 12:32:16.324  1594  9270 I chatty  : uid=1041(audioserver) /system/bin/audioserver expire 1 line
01-24 12:32:16.324  3275  8965 I chatty  : uid=10021(com.google.android.googlequicksearchbox) UserFacing194 expire 24 lines
01-24 12:32:16.342  3275  3985 I chatty  : uid=10021(com.google.android.googlequicksearchbox) NonUserFacing13 expire 11 lines
01-24 12:32:16.972  1856  2157 I chatty  : uid=1000(system) HwBinder:1856_4 expire 12 lines
01-24 12:32:17.979  2593  3988 W ctxmgr  : [AclManager]No 2 for (accnt=account#-517948760#, com.google.android.gms(10015):IndoorOutdoorProducer, vrsn=13280000, 0, 3pPkg = null ,  3pMdlId = null ,  pid = 2593). Was: 3 for 57, account#-517948760#
01-24 12:32:18.981  1856  1872 I chatty  : uid=1000(system) android.bg expire 13 lines
01-24 12:32:21.356  1594  1650 I chatty  : uid=1041(audioserver) Binder:1594_1 expire 2 lines
01-24 12:32:21.356  1594  9273 I chatty  : uid=1041(audioserver) /system/bin/audioserver expire 1 line
01-24 12:32:21.357  1594  1650 I chatty  : uid=1041(audioserver) Binder:1594_1 expire 4 lines
01-24 12:32:21.362  3275  3275 I chatty  : uid=10021 com.google.android.googlequicksearchbox:search expire 14 lines
01-24 12:32:21.364  3275  3801 I chatty  : uid=10021(com.google.android.googlequicksearchbox) HotwordDetector expire 5 lines
01-24 12:32:22.992  2593  3988 W ctxmgr  : [AclManager]No 2 for (accnt=account#-517948760#, com.google.android.gms(10015):IndoorOutdoorProducer, vrsn=13280000, 0, 3pPkg = null ,  3pMdlId = null ,  pid = 2593). Was: 3 for 57, account#-517948760#
01-24 12:32:26.387  1594  9276 I chatty  : uid=1041(audioserver) /system/bin/audioserver expire 1 line
01-24 12:32:28.010  2593  3988 W ctxmgr  : [AclManager]No 2 for (accnt=account#-517948760#, com.google.android.gms(10015):IndoorOutdoorProducer, vrsn=13280000, 0, 3pPkg = null ,  3pMdlId = null ,  pid = 2593). Was: 3 for 57, account#-517948760#
01-24 12:32:29.012  1856  2157 I chatty  : uid=1000(system) HwBinder:1856_4 expire 10 lines
01-24 12:32:31.416  3275  3985 I chatty  : uid=10021(com.google.android.googlequicksearchbox) NonUserFacing13 expire 10 lines
01-24 12:32:31.420  1594  9280 I chatty  : uid=1041(audioserver) /system/bin/audioserver expire 1 line
01-24 12:32:31.420  1594  9781 I chatty  : uid=1041(audioserver) Binder:1594_B expire 3 lines
01-24 12:32:31.424  3275  8965 I chatty  : uid=10021(com.google.android.googlequicksearchbox) UserFacing194 expire 10 lines
01-24 12:32:31.426  3275  3275 I chatty  : uid=10021 com.google.android.googlequicksearchbox:search expire 15 lines
01-24 12:32:32.019  1856  1872 I chatty  : uid=1000(system) android.bg expire 12 lines
01-24 12:32:33.029  2593  8904 W ctxmgr  : [AclManager]No 2 for (accnt=account#-517948760#, com.google.android.gms(10015):IndoorOutdoorProducer, vrsn=13280000, 0, 3pPkg = null ,  3pMdlId = null ,  pid = 2593). Was: 3 for 57, account#-517948760#
01-24 12:32:36.455  1594  1650 I chatty  : uid=1041(audioserver) Binder:1594_1 expire 3 lines
01-24 12:32:36.455  1594  9283 I chatty  : uid=1041(audioserver) /system/bin/audioserver expire 1 line
01-24 12:32:36.466  3275  1414 I chatty  : uid=10021(com.google.android.googlequicksearchbox) NonUserFacing13 expire 13 lines
01-24 12:32:38.043  2593  8904 W ctxmgr  : [AclManager]No 2 for (accnt=account#-517948760#, com.google.android.gms(10015):IndoorOutdoorProducer, vrsn=13280000, 0, 3pPkg = null ,  3pMdlId = null ,  pid = 2593). Was: 3 for 57, account#-517948760#
01-24 12:32:39.043  1856  2157 I chatty  : uid=1000(system) HwBinder:1856_4 expire 13 lines
01-24 12:32:41.489  3275  3985 I chatty  : uid=10021(com.google.android.googlequicksearchbox) NonUserFacing13 expire 13 lines
01-24 12:32:41.490  3275  8965 I chatty  : uid=10021(com.google.android.googlequicksearchbox) UserFacing194 expire 15 lines
01-24 12:32:41.493  1594  9781 I chatty  : uid=1041(audioserver) Binder:1594_B expire 3 lines
01-24 12:32:41.493  1594  9286 I chatty  : uid=1041(audioserver) /system/bin/audioserver expire 1 line
01-24 12:32:41.499  3275  3275 I chatty  : uid=10021 com.google.android.googlequicksearchbox:search expire 13 lines
01-24 12:32:43.060  2593  8904 W ctxmgr  : [AclManager]No 2 for (accnt=account#-517948760#, com.google.android.gms(10015):IndoorOutdoorProducer, vrsn=13280000, 0, 3pPkg = null ,  3pMdlId = null ,  pid = 2593). Was: 3 for 57, account#-517948760#
