01-22 14:09:06.221  3275 11086 I chatty  : uid=10021(com.google.android.googlequicksearchbox) UserFacing16 expire 21 lines
01-22 14:09:06.228  1594 11534 I chatty  : uid=1041(audioserver) /system/bin/audioserver expire 1 line
01-22 14:09:06.229  1594  9781 I chatty  : uid=1041(audioserver) Binder:1594_B expire 8 lines
01-22 14:09:06.242  3275  3320 I chatty  : uid=10021(com.google.android.googlequicksearchbox) NonUserFacing2 expire 11 lines
01-22 14:09:06.472  1856  1977 I chatty  : uid=1000(system) HwBinder:1856_2 expire 15 lines
01-22 14:09:10.486  2593 10219 W ctxmgr  : [AclManager]No 2 for (accnt=account#-517948760#, com.google.android.gms(10015):IndoorOutdoorProducer, vrsn=13280000, 0, 3pPkg = null ,  3pMdlId = null ,  pid = 2593). Was: 3 for 57, account#-517948760#
01-22 14:09:11.265  1594 11537 I chatty  : uid=1041(audioserver) /system/bin/audioserver expire 1 line
01-22 14:09:11.271  3275  3275 I chatty  : uid=10021 com.google.android.googlequicksearchbox:search expire 20 lines
01-22 14:09:11.486  1856  1872 I chatty  : uid=1000(system) android.bg expire 15 lines
01-22 14:09:13.295  1792  1792 E netmgr  : Failed to open QEMU pipe 'qemud:network': Invalid argument
01-22 14:09:15.497  2593 11120 W ctxmgr  : [AclManager]No 2 for (accnt=account#-517948760#, com.google.android.gms(10015):IndoorOutdoorProducer, vrsn=13280000, 0, 3pPkg = null ,  3pMdlId = null ,  pid = 2593). Was: 3 for 57, account#-517948760#
01-22 14:09:16.291  1594 11540 I chatty  : uid=1041(audioserver) /system/bin/audioserver expire 1 line
01-22 14:09:11.267  3275 11086 I chatty  : uid=10021(com.google.android.googlequicksearchbox) UserFacing16 identical 10 lines
01-22 14:09:16.293  3275 11086 E ActivityThread: Failed to find provider info for com.google.android.apps.gsa.testing.ui.audio.recorded
01-22 14:09:17.508  1711  1789 E storaged: getDiskStats failed with result NOT_SUPPORTED and size 0
01-22 14:09:20.517  2593 10219 W ctxmgr  : [AclManager]No 2 for (accnt=account#-517948760#, com.google.android.gms(10015):IndoorOutdoorProducer, vrsn=13280000, 0, 3pPkg = null ,  3pMdlId = null ,  pid = 2593). Was: 3 for 57, account#-517948760#
01-22 14:09:21.075  1856  2474 I chatty  : uid=1000(system) Binder:1856_9 expire 1 line
01-22 14:09:21.318  3275 11086 I chatty  : uid=10021(com.google.android.googlequicksearchbox) UserFacing16 expire 15 lines
01-22 14:09:21.321  1594 11543 I chatty  : uid=1041(audioserver) /system/bin/audioserver expire 1 line
01-22 14:09:21.322  1594  9781 I chatty  : uid=1041(audioserver) Binder:1594_B expire 3 lines
01-22 14:09:21.324  3275 11086 E ActivityThread: Failed to find provider info for com.google.android.apps.gsa.testing.ui.audio.recorded
01-22 14:09:21.328  3275  3320 I chatty  : uid=10021(com.google.android.googlequicksearchbox) NonUserFacing2 expire 3 lines
01-22 14:09:21.519  1856  1977 I chatty  : uid=1000(system) HwBinder:1856_2 expire 13 lines
01-22 14:09:25.532  2593 11120 W ctxmgr  : [AclManager]No 2 for (accnt=account#-517948760#, com.google.android.gms(10015):IndoorOutdoorProducer, vrsn=13280000, 0, 3pPkg = null ,  3pMdlId = null ,  pid = 2593). Was: 3 for 57, account#-517948760#
01-22 14:09:26.346  1594 11546 I chatty  : uid=1041(audioserver) /system/bin/audioserver expire 1 line
01-22 14:09:26.348  1594 10735 I chatty  : uid=1041(audioserver) Binder:1594_E expire 5 lines
01-22 14:09:26.351  3275  3275 I chatty  : uid=10021 com.google.android.googlequicksearchbox:search expire 15 lines
01-22 14:09:26.528  1856  1872 I chatty  : uid=1000(system) android.bg expire 15 lines
01-22 14:09:30.535  2593 11120 W ctxmgr  : [AclManager]No 2 for (accnt=account#-517948760#, com.google.android.gms(10015):IndoorOutdoorProducer, vrsn=13280000, 0, 3pPkg = null ,  3pMdlId = null ,  pid = 2593). Was: 3 for 57, account#-517948760#
01-22 14:09:31.374  3275  3300 I chatty  : uid=10021(com.google.android.googlequicksearchbox) NonUserFacing0 expire 10 lines
01-22 14:09:31.378  1594 11549 I chatty  : uid=1041(audioserver) /system/bin/audioserver expire 1 line
01-22 14:09:31.379  1594 10735 I chatty  : uid=1041(audioserver) Binder:1594_E expire 4 lines
01-22 14:09:31.381  3275 11086 I chatty  : uid=10021(com.google.android.googlequicksearchbox) UserFacing16 expire 27 lines
01-22 14:09:34.540  1856  1977 I chatty  : uid=1000(system) HwBinder:1856_2 expire 12 lines
01-22 14:09:35.546  2593 10219 W ctxmgr  : [AclManager]No 2 for (accnt=account#-517948760#, com.google.android.gms(10015):IndoorOutdoorProducer, vrsn=13280000, 0, 3pPkg = null ,  3pMdlId = null ,  pid = 2593). Was: 3 for 57, account#-517948760#
01-22 14:09:36.415  1594 11552 I chatty  : uid=1041(audioserver) /system/bin/audioserver expire 1 line
01-22 14:09:36.415  1594  9781 I chatty  : uid=1041(audioserver) Binder:1594_B expire 3 lines
01-22 14:09:36.423  3275  3801 I chatty  : uid=10021(com.google.android.googlequicksearchbox) HotwordDetector expire 10 lines
01-22 14:09:36.424  3275  3275 I chatty  : uid=10021 com.google.android.googlequicksearchbox:search expire 28 lines
01-22 14:09:36.424  3275  3320 I chatty  : uid=10021(com.google.android.googlequicksearchbox) NonUserFacing2 expire 13 lines
01-22 14:09:40.564  2593 10219 W ctxmgr  : [AclManager]No 2 for (accnt=account#-517948760#, com.google.android.gms(10015):IndoorOutdoorProducer, vrsn=13280000, 0, 3pPkg = null ,  3pMdlId = null ,  pid = 2593). Was: 3 for 57, account#-517948760#
01-22 14:09:41.443  1594 11555 I chatty  : uid=1041(audioserver) /system/bin/audioserver expire 1 line
01-22 14:09:41.450  3275  3300 I chatty  : uid=10021(com.google.android.googlequicksearchbox) NonUserFacing0 expire 10 lines
01-22 14:09:41.561  1856  1872 I chatty  : uid=1000(system) android.bg expire 15 lines
01-22 14:09:45.571  2593 11120 W ctxmgr  : [AclManager]No 2 for (accnt=account#-517948760#, com.google.android.gms(10015):IndoorOutdoorProducer, vrsn=13280000, 0, 3pPkg = null ,  3pMdlId = null ,  pid = 2593). Was: 3 for 57, account#-517948760#
01-22 14:09:46.471  1594 10735 I chatty  : uid=1041(audioserver) Binder:1594_E expire 3 lines
01-22 14:09:46.471  1594 11558 I chatty  : uid=1041(audioserver) /system/bin/audioserver expire 1 line
01-22 14:09:46.573  1856  1977 I chatty  : uid=1000(system) HwBinder:1856_2 expire 14 lines
01-22 14:09:47.295  1856  2474 I chatty  : uid=1000(system) Binder:1856_9 expire 2 lines
01-22 14:09:50.585  2593 10219 W ctxmgr  : [AclManager]No 2 for (accnt=account#-517948760#, com.google.android.gms(10015):IndoorOutdoorProducer, vrsn=13280000, 0, 3pPkg = null ,  3pMdlId = null ,  pid = 2593). Was: 3 for 57, account#-517948760#
01-22 14:09:51.495  3275 11086 I chatty  : uid=10021(com.google.android.googlequicksearchbox) UserFacing16 expire 28 lines
01-22 14:09:51.498  1594 11561 I chatty  : uid=1041(audioserver) /system/bin/audioserver expire 1 line
01-22 14:09:51.498  1594  9781 I chatty  : uid=1041(audioserver) Binder:1594_B expire 6 lines
01-22 14:09:51.503  3275  3300 I chatty  : uid=10021(com.google.android.googlequicksearchbox) NonUserFacing0 expire 10 lines
01-22 14:09:55.602  2593 11120 W ctxmgr  : [AclManager]No 2 for (accnt=account#-517948760#, com.google.android.gms(10015):IndoorOutdoorProducer, vrsn=13280000, 0, 3pPkg = null ,  3pMdlId = null ,  pid = 2593). Was: 3 for 57, account#-517948760#
01-22 14:09:56.525  1594 11564 I chatty  : uid=1041(audioserver) /system/bin/audioserver expire 1 line
01-22 14:09:56.526  1594 10735 I chatty  : uid=1041(audioserver) Binder:1594_E expire 3 lines
01-22 14:09:56.535  3275  3275 I chatty  : uid=10021 com.google.android.googlequicksearchbox:search expire 16 lines
01-22 14:09:56.599  1856  1872 I chatty  : uid=1000(system) android.bg expire 12 lines
01-22 14:10:00.024  1840  1843 D hwcomposer: hw_composer sent 12 syncs in 60s
01-22 14:10:00.609  1856  1977 I chatty  : uid=1000(system) HwBinder:1856_2 expire 11 lines
01-22 14:10:00.612  2593 10219 W ctxmgr  : [AclManager]No 2 for (accnt=account#-517948760#, com.google.android.gms(10015):IndoorOutdoorProducer, vrsn=13280000, 0, 3pPkg = null ,  3pMdlId = null ,  pid = 2593). Was: 3 for 57, account#-517948760#
01-22 14:10:01.548  3275  3320 I chatty  : uid=10021(com.google.android.googlequicksearchbox) NonUserFacing2 expire 21 lines
01-22 14:10:01.551  1594 11567 I chatty  : uid=1041(audioserver) /system/bin/audioserver expire 1 line
01-22 14:10:05.623  2593 10219 W ctxmgr  : [AclManager]No 2 for (accnt=account#-517948760#, com.google.android.gms(10015):IndoorOutdoorProducer, vrsn=13280000, 0, 3pPkg = null ,  3pMdlId = null ,  pid = 2593). Was: 3 for 57, account#-517948760#
01-22 14:10:06.606  1594 11570 I chatty  : uid=1041(audioserver) /system/bin/audioserver expire 1 line
01-22 14:10:06.607  1594 10735 I chatty  : uid=1041(audioserver) Binder:1594_E expire 9 lines
01-22 14:10:06.625  1856  1872 I chatty  : uid=1000(system) android.bg expire 11 lines
01-22 14:10:10.639  2593 10219 W ctxmgr  : [AclManager]No 2 for (accnt=account#-517948760#, com.google.android.gms(10015):IndoorOutdoorProducer, vrsn=13280000, 0, 3pPkg = null ,  3pMdlId = null ,  pid = 2593). Was: 3 for 57, account#-517948760#
01-22 14:10:11.620  3275  3275 I chatty  : uid=10021 com.google.android.googlequicksearchbox:search expire 19 lines
01-22 14:10:11.628  3275 11086 I chatty  : uid=10021(com.google.android.googlequicksearchbox) UserFacing16 expire 21 lines
01-22 14:10:11.633  1594 11573 I chatty  : uid=1041(audioserver) /system/bin/audioserver expire 1 line
01-22 14:10:11.637  1856  1977 I chatty  : uid=1000(system) HwBinder:1856_2 expire 11 lines
01-22 14:10:13.357  1792  1792 E netmgr  : Failed to open QEMU pipe 'qemud:network': Invalid argument
01-22 14:10:15.658  2593 10219 W ctxmgr  : [AclManager]No 2 for (accnt=account#-517948760#, com.google.android.gms(10015):IndoorOutdoorProducer, vrsn=13280000, 0, 3pPkg = null ,  3pMdlId = null ,  pid = 2593). Was: 3 for 57, account#-517948760#
01-22 14:10:16.657  1594 11576 I chatty  : uid=1041(audioserver) /system/bin/audioserver expire 1 line
01-22 14:10:11.638  3275 11086 I chatty  : uid=10021(com.google.android.googlequicksearchbox) UserFacing16 identical 10 lines
01-22 14:10:16.661  3275 11086 E ActivityThread: Failed to find provider info for com.google.android.apps.gsa.testing.ui.audio.recorded
01-22 14:10:17.510  1711  1789 E storaged: getDiskStats failed with result NOT_SUPPORTED and size 0
01-22 14:10:17.658  1856  1872 I chatty  : uid=1000(system) android.bg expire 19 lines
01-22 14:10:20.664  2593 10219 W ctxmgr  : [AclManager]No 2 for (accnt=account#-517948760#, com.google.android.gms(10015):IndoorOutdoorProducer, vrsn=13280000, 0, 3pPkg = null ,  3pMdlId = null ,  pid = 2593). Was: 3 for 57, account#-517948760#
01-22 14:10:21.683  1594 10735 I chatty  : uid=1041(audioserver) Binder:1594_E expire 3 lines
01-22 14:10:21.694  1594 11579 I chatty  : uid=1041(audioserver) /system/bin/audioserver expire 1 line
01-22 14:10:21.695  3275 11086 E ActivityThread: Failed to find provider info for com.google.android.apps.gsa.testing.ui.audio.recorded
01-22 14:10:21.708  3275  3275 I chatty  : uid=10021 com.google.android.googlequicksearchbox:search expire 20 lines
01-22 14:10:21.708  3275  3300 I chatty  : uid=10021(com.google.android.googlequicksearchbox) NonUserFacing0 expire 1 line
01-22 14:10:22.667  1856  1977 I chatty  : uid=1000(system) HwBinder:1856_2 expire 14 lines
01-22 14:10:25.676  2593  6795 W ctxmgr  : [AclManager]No 2 for (accnt=account#-517948760#, com.google.android.gms(10015):IndoorOutdoorProducer, vrsn=13280000, 0, 3pPkg = null ,  3pMdlId = null ,  pid = 2593). Was: 3 for 57, account#-517948760#
01-22 14:10:26.725  3275  3320 I chatty  : uid=10021(com.google.android.googlequicksearchbox) NonUserFacing2 expire 11 lines
01-22 14:10:26.725  3275 11086 I chatty  : uid=10021(com.google.android.googlequicksearchbox) UserFacing16 expire 29 lines
01-22 14:10:26.728  1594 11582 I chatty  : uid=1041(audioserver) /system/bin/audioserver expire 1 line
01-22 14:10:26.730  1594  9781 I chatty  : uid=1041(audioserver) Binder:1594_B expire 5 lines
01-22 14:10:26.734  3275  3801 I chatty  : uid=10021(com.google.android.googlequicksearchbox) HotwordDetector expire 6 lines
01-22 14:10:26.734  3275  3300 I chatty  : uid=10021(com.google.android.googlequicksearchbox) NonUserFacing0 expire 6 lines
01-22 14:10:30.682  2593 10219 W ctxmgr  : [AclManager]No 2 for (accnt=account#-517948760#, com.google.android.gms(10015):IndoorOutdoorProducer, vrsn=13280000, 0, 3pPkg = null ,  3pMdlId = null ,  pid = 2593). Was: 3 for 57, account#-517948760#
01-22 14:10:31.755  1594 11585 I chatty  : uid=1041(audioserver) /system/bin/audioserver expire 1 line
01-22 14:10:31.755  1594  9781 I chatty  : uid=1041(audioserver) Binder:1594_B expire 4 lines
01-22 14:10:35.691  2593 10219 W ctxmgr  : [AclManager]No 2 for (accnt=account#-517948760#, com.google.android.gms(10015):IndoorOutdoorProducer, vrsn=13280000, 0, 3pPkg = null ,  3pMdlId = null ,  pid = 2593). Was: 3 for 57, account#-517948760#
01-22 14:10:36.691  1856  1977 I chatty  : uid=1000(system) HwBinder:1856_2 expire 11 lines
01-22 14:10:36.691  1856  1872 I chatty  : uid=1000(system) android.bg expire 11 lines
01-22 14:10:36.789  1594 11588 I chatty  : uid=1041(audioserver) /system/bin/audioserver expire 1 line
01-22 14:10:36.793  3275  3275 I chatty  : uid=10021 com.google.android.googlequicksearchbox:search expire 14 lines
01-22 14:10:36.802  3275  3320 I chatty  : uid=10021(com.google.android.googlequicksearchbox) NonUserFacing2 expire 10 lines
01-22 14:10:40.708  2593 10219 W ctxmgr  : [AclManager]No 2 for (accnt=account#-517948760#, com.google.android.gms(10015):IndoorOutdoorProducer, vrsn=13280000, 0, 3pPkg = null ,  3pMdlId = null ,  pid = 2593). Was: 3 for 57, account#-517948760#
01-22 14:10:41.825  1594 11591 I chatty  : uid=1041(audioserver) /system/bin/audioserver expire 1 line
01-22 14:10:41.825  1594 10735 I chatty  : uid=1041(audioserver) Binder:1594_E expire 3 lines
01-22 14:10:45.721  2593 11120 W ctxmgr  : [AclManager]No 2 for (accnt=account#-517948760#, com.google.android.gms(10015):IndoorOutdoorProducer, vrsn=13280000, 0, 3pPkg = null ,  3pMdlId = null ,  pid = 2593). Was: 3 for 57, account#-517948760#
01-22 14:10:46.853  1594  9781 I chatty  : uid=1041(audioserver) Binder:1594_B expire 3 lines
01-22 14:10:46.853  1594 11594 I chatty  : uid=1041(audioserver) /system/bin/audioserver expire 1 line
01-22 14:10:46.853  3275 11086 I chatty  : uid=10021(com.google.android.googlequicksearchbox) UserFacing16 expire 13 lines
01-22 14:10:46.854  3275  3275 I chatty  : uid=10021 com.google.android.googlequicksearchbox:search expire 14 lines
01-22 14:10:46.856  3275  3320 I chatty  : uid=10021(com.google.android.googlequicksearchbox) NonUserFacing2 expire 9 lines
01-22 14:10:47.374  1856  5182 I chatty  : uid=1000(system) Binder:1856_1C expire 2 lines
01-22 14:10:47.721  1856  1977 I chatty  : uid=1000(system) HwBinder:1856_2 expire 7 lines
01-22 14:10:47.722  1856  1872 I chatty  : uid=1000(system) android.bg expire 13 lines
01-22 14:10:50.732  2593 11120 W ctxmgr  : [AclManager]No 2 for (accnt=account#-517948760#, com.google.android.gms(10015):IndoorOutdoorProducer, vrsn=13280000, 0, 3pPkg = null ,  3pMdlId = null ,  pid = 2593). Was: 3 for 57, account#-517948760#
01-22 14:10:51.877  1594 11597 I chatty  : uid=1041(audioserver) /system/bin/audioserver expire 1 line
01-22 14:10:51.877  1594 10735 I chatty  : uid=1041(audioserver) Binder:1594_E expire 3 lines
01-22 14:10:54.740  1856  1977 I chatty  : uid=1000(system) HwBinder:1856_2 expire 12 lines
01-22 14:10:55.749  2593  6795 W ctxmgr  : [AclManager]No 2 for (accnt=account#-517948760#, com.google.android.gms(10015):IndoorOutdoorProducer, vrsn=13280000, 0, 3pPkg = null ,  3pMdlId = null ,  pid = 2593). Was: 3 for 57, account#-517948760#
01-22 14:10:56.899  3275  3320 I chatty  : uid=10021(com.google.android.googlequicksearchbox) NonUserFacing2 expire 10 lines
01-22 14:10:56.899  3275 11086 I chatty  : uid=10021(com.google.android.googlequicksearchbox) UserFacing16 expire 21 lines
01-22 14:10:56.903  1594 11600 I chatty  : uid=1041(audioserver) /system/bin/audioserver expire 1 line
01-22 14:10:56.903  1594  9781 I chatty  : uid=1041(audioserver) Binder:1594_B expire 3 lines
01-22 14:10:56.906  3275  3275 I chatty  : uid=10021 com.google.android.googlequicksearchbox:search expire 15 lines
01-22 14:10:56.908  3275  3801 I chatty  : uid=10021(com.google.android.googlequicksearchbox) HotwordDetector expire 11 lines
01-22 14:10:56.914  3275  3300 I chatty  : uid=10021(com.google.android.googlequicksearchbox) NonUserFacing0 expire 17 lines
01-22 14:11:00.022  1840  1843 D hwcomposer: hw_composer sent 6 syncs in 60s
01-22 14:11:00.758  1856  1872 I chatty  : uid=1000(system) android.bg expire 11 lines
01-22 14:11:00.760  2593 11120 W ctxmgr  : [AclManager]No 2 for (accnt=account#-517948760#, com.google.android.gms(10015):IndoorOutdoorProducer, vrsn=13280000, 0, 3pPkg = null ,  3pMdlId = null ,  pid = 2593). Was: 3 for 57, account#-517948760#
01-22 14:11:01.934  1594 11605 I chatty  : uid=1041(audioserver) /system/bin/audioserver expire 1 line
01-22 14:11:01.936  1594 11602 I chatty  : uid=1041(audioserver) Binder:1594_F expire 6 lines
01-22 14:11:05.768  2593  6795 W ctxmgr  : [AclManager]No 2 for (accnt=account#-517948760#, com.google.android.gms(10015):IndoorOutdoorProducer, vrsn=13280000, 0, 3pPkg = null ,  3pMdlId = null ,  pid = 2593). Was: 3 for 57, account#-517948760#
01-22 14:11:06.770  1856  1977 I chatty  : uid=1000(system) HwBinder:1856_2 expire 11 lines
01-22 14:11:06.963  1594 11608 I chatty  : uid=1041(audioserver) /system/bin/audioserver expire 1 line
01-22 14:11:06.980  3275  3275 I chatty  : uid=10021 com.google.android.googlequicksearchbox:search expire 13 lines
01-22 14:11:10.781  2593 11120 W ctxmgr  : [AclManager]No 2 for (accnt=account#-517948760#, com.google.android.gms(10015):IndoorOutdoorProducer, vrsn=13280000, 0, 3pPkg = null ,  3pMdlId = null ,  pid = 2593). Was: 3 for 57, account#-517948760#
01-22 14:11:11.779  1856  1872 I chatty  : uid=1000(system) android.bg expire 11 lines
01-22 14:11:11.997  3275 11086 I chatty  : uid=10021(com.google.android.googlequicksearchbox) UserFacing16 expire 21 lines
01-22 14:11:12.001  1594  7700 I chatty  : uid=1041(audioserver) Binder:1594_6 expire 4 lines
01-22 14:11:12.001  1594 11611 I chatty  : uid=1041(audioserver) /system/bin/audioserver expire 1 line
01-22 14:11:12.003  3275 11086 I chatty  : uid=10021(com.google.android.googlequicksearchbox) UserFacing16 identical 10 lines
01-22 14:11:13.363  1792  1792 E netmgr  : Failed to open QEMU pipe 'qemud:network': Invalid argument
01-22 14:11:15.793  2593  6795 W ctxmgr  : [AclManager]No 2 for (accnt=account#-517948760#, com.google.android.gms(10015):IndoorOutdoorProducer, vrsn=13280000, 0, 3pPkg = null ,  3pMdlId = null ,  pid = 2593). Was: 3 for 57, account#-517948760#
01-22 14:11:17.028  1594 11614 I chatty  : uid=1041(audioserver) /system/bin/audioserver expire 1 line
01-22 14:11:17.030  1594  7700 I chatty  : uid=1041(audioserver) Binder:1594_6 expire 5 lines
01-22 14:11:17.031  3275 11086 E ActivityThread: Failed to find provider info for com.google.android.apps.gsa.testing.ui.audio.recorded
01-22 14:11:17.032  3275  3275 I chatty  : uid=10021 com.google.android.googlequicksearchbox:search expire 15 lines
01-22 14:11:17.034  3275  3300 I chatty  : uid=10021(com.google.android.googlequicksearchbox) NonUserFacing0 expire 14 lines
01-22 14:11:17.511  1711  1789 E storaged: getDiskStats failed with result NOT_SUPPORTED and size 0
01-22 14:11:17.794  1856  1977 I chatty  : uid=1000(system) HwBinder:1856_2 expire 14 lines
01-22 14:11:20.800  2593  6795 W ctxmgr  : [AclManager]No 2 for (accnt=account#-517948760#, com.google.android.gms(10015):IndoorOutdoorProducer, vrsn=13280000, 0, 3pPkg = null ,  3pMdlId = null ,  pid = 2593). Was: 3 for 57, account#-517948760#
01-22 14:11:22.056  1594 11617 I chatty  : uid=1041(audioserver) /system/bin/audioserver expire 1 line
01-22 14:11:22.059  3275 11086 E ActivityThread: Failed to find provider info for com.google.android.apps.gsa.testing.ui.audio.recorded
01-22 14:11:22.807  1856  1872 I chatty  : uid=1000(system) android.bg expire 14 lines
01-22 14:11:25.822  2593 10219 W ctxmgr  : [AclManager]No 2 for (accnt=account#-517948760#, com.google.android.gms(10015):IndoorOutdoorProducer, vrsn=13280000, 0, 3pPkg = null ,  3pMdlId = null ,  pid = 2593). Was: 3 for 57, account#-517948760#
01-22 14:11:27.079  3275 11086 I chatty  : uid=10021(com.google.android.googlequicksearchbox) UserFacing16 expire 29 lines
01-22 14:11:27.083  1594 11620 I chatty  : uid=1041(audioserver) /system/bin/audioserver expire 1 line
01-22 14:11:27.085  1594 11602 I chatty  : uid=1041(audioserver) Binder:1594_F expire 6 lines
01-22 14:11:27.090  3275  3275 I chatty  : uid=10021 com.google.android.googlequicksearchbox:search expire 20 lines
01-22 14:11:27.090  3275  3320 I chatty  : uid=10021(com.google.android.googlequicksearchbox) NonUserFacing2 expire 4 lines
01-22 14:11:30.839  2593 11120 W ctxmgr  : [AclManager]No 2 for (accnt=account#-517948760#, com.google.android.gms(10015):IndoorOutdoorProducer, vrsn=13280000, 0, 3pPkg = null ,  3pMdlId = null ,  pid = 2593). Was: 3 for 57, account#-517948760#
01-22 14:11:31.837  1856  1977 I chatty  : uid=1000(system) HwBinder:1856_2 expire 11 lines
01-22 14:11:32.109  3275  3300 I chatty  : uid=10021(com.google.android.googlequicksearchbox) NonUserFacing0 expire 15 lines
01-22 14:11:32.124  1594 11624 I chatty  : uid=1041(audioserver) /system/bin/audioserver expire 1 line
01-22 14:11:35.856  2593 10219 W ctxmgr  : [AclManager]No 2 for (accnt=account#-517948760#, com.google.android.gms(10015):IndoorOutdoorProducer, vrsn=13280000, 0, 3pPkg = null ,  3pMdlId = null ,  pid = 2593). Was: 3 for 57, account#-517948760#
01-22 14:11:36.855  1856  1872 I chatty  : uid=1000(system) android.bg expire 10 lines
01-22 14:11:37.149  1594 11627 I chatty  : uid=1041(audioserver) /system/bin/audioserver expire 1 line
01-22 14:11:37.149  1594 11602 I chatty  : uid=1041(audioserver) Binder:1594_F expire 3 lines
01-22 14:11:40.867  2593 10219 W ctxmgr  : [AclManager]No 2 for (accnt=account#-517948760#, com.google.android.gms(10015):IndoorOutdoorProducer, vrsn=13280000, 0, 3pPkg = null ,  3pMdlId = null ,  pid = 2593). Was: 3 for 57, account#-517948760#
01-22 14:11:42.177  1594 11630 I chatty  : uid=1041(audioserver) /system/bin/audioserver expire 1 line
01-22 14:11:42.179  1594  7700 I chatty  : uid=1041(audioserver) Binder:1594_6 expire 3 lines
01-22 14:11:42.181  3275  3275 I chatty  : uid=10021 com.google.android.googlequicksearchbox:search expire 10 lines
01-22 14:11:42.868  1856  1977 I chatty  : uid=1000(system) HwBinder:1856_2 expire 14 lines
01-22 14:11:45.878  2593 10219 W ctxmgr  : [AclManager]No 2 for (accnt=account#-517948760#, com.google.android.gms(10015):IndoorOutdoorProducer, vrsn=13280000, 0, 3pPkg = null ,  3pMdlId = null ,  pid = 2593). Was: 3 for 57, account#-517948760#
01-22 14:11:46.877  1856  1872 I chatty  : uid=1000(system) android.bg expire 11 lines
01-22 14:11:47.202  3275  3300 I chatty  : uid=10021(com.google.android.googlequicksearchbox) NonUserFacing0 expire 16 lines
01-22 14:11:47.206  1594 11633 I chatty  : uid=1041(audioserver) /system/bin/audioserver expire 1 line
01-22 14:11:47.206  1594 11602 I chatty  : uid=1041(audioserver) Binder:1594_F expire 3 lines
01-22 14:11:47.208  3275 11086 I chatty  : uid=10021(com.google.android.googlequicksearchbox) UserFacing16 expire 28 lines
01-22 14:11:47.211  3275  3320 I chatty  : uid=10021(com.google.android.googlequicksearchbox) NonUserFacing2 expire 13 lines
01-22 14:11:47.440  1856  2474 I chatty  : uid=1000(system) Binder:1856_9 expire 2 lines
01-22 14:11:50.889  2593 11120 W ctxmgr  : [AclManager]No 2 for (accnt=account#-517948760#, com.google.android.gms(10015):IndoorOutdoorProducer, vrsn=13280000, 0, 3pPkg = null ,  3pMdlId = null ,  pid = 2593). Was: 3 for 57, account#-517948760#
01-22 14:11:52.215  3275  3275 I chatty  : uid=10021 com.google.android.googlequicksearchbox:search expire 25 lines
01-22 14:11:52.236  1594  7700 I chatty  : uid=1041(audioserver) Binder:1594_6 expire 3 lines
01-22 14:11:52.236  1594 11636 I chatty  : uid=1041(audioserver) /system/bin/audioserver expire 1 line
01-22 14:11:52.240  3275  3801 I chatty  : uid=10021(com.google.android.googlequicksearchbox) HotwordDetector expire 11 lines
01-22 14:11:55.902  2593 10219 W ctxmgr  : [AclManager]No 2 for (accnt=account#-517948760#, com.google.android.gms(10015):IndoorOutdoorProducer, vrsn=13280000, 0, 3pPkg = null ,  3pMdlId = null ,  pid = 2593). Was: 3 for 57, account#-517948760#
01-22 14:11:56.902  1856  1977 I chatty  : uid=1000(system) HwBinder:1856_2 expire 11 lines
01-22 14:11:57.263  1594 11640 I chatty  : uid=1041(audioserver) /system/bin/audioserver expire 1 line
01-22 14:11:57.264  1594 11602 I chatty  : uid=1041(audioserver) Binder:1594_F expire 6 lines
01-22 14:11:57.510  1856  1872 I chatty  : uid=1000(system) android.bg expire 20 lines
01-22 14:12:00.014  1840  1843 D hwcomposer: hw_composer sent 6 syncs in 60s
01-22 14:12:00.913  2593 11120 W ctxmgr  : [AclManager]No 2 for (accnt=account#-517948760#, com.google.android.gms(10015):IndoorOutdoorProducer, vrsn=13280000, 0, 3pPkg = null ,  3pMdlId = null ,  pid = 2593). Was: 3 for 57, account#-517948760#
01-22 14:12:01.084  1856  5182 I chatty  : uid=1000(system) Binder:1856_1C expire 1 line
01-22 14:12:02.286  1594 11644 I chatty  : uid=1041(audioserver) /system/bin/audioserver expire 1 line
01-22 14:12:05.927  2593 11120 W ctxmgr  : [AclManager]No 2 for (accnt=account#-517948760#, com.google.android.gms(10015):IndoorOutdoorProducer, vrsn=13280000, 0, 3pPkg = null ,  3pMdlId = null ,  pid = 2593). Was: 3 for 57, account#-517948760#
01-22 14:12:07.313  1594  7700 I chatty  : uid=1041(audioserver) Binder:1594_6 expire 9 lines
01-22 14:12:07.313  1594 11647 I chatty  : uid=1041(audioserver) /system/bin/audioserver expire 1 line
01-22 14:12:07.315  3275 11086 I chatty  : uid=10021(com.google.android.googlequicksearchbox) UserFacing16 expire 27 lines
01-22 14:12:07.316  3275  3275 I chatty  : uid=10021 com.google.android.googlequicksearchbox:search expire 15 lines
01-22 14:12:07.320  3275  3300 I chatty  : uid=10021(com.google.android.googlequicksearchbox) NonUserFacing0 expire 13 lines
01-22 14:12:07.931  1856  1977 I chatty  : uid=1000(system) HwBinder:1856_2 expire 14 lines
01-22 14:12:10.944  2593  6795 W ctxmgr  : [AclManager]No 2 for (accnt=account#-517948760#, com.google.android.gms(10015):IndoorOutdoorProducer, vrsn=13280000, 0, 3pPkg = null ,  3pMdlId = null ,  pid = 2593). Was: 3 for 57, account#-517948760#
01-22 14:12:11.943  1856  1872 I chatty  : uid=1000(system) android.bg expire 11 lines
01-22 14:12:12.338  3275  3320 I chatty  : uid=10021(com.google.android.googlequicksearchbox) NonUserFacing2 expire 11 lines
01-22 14:12:12.342  1594 11650 I chatty  : uid=1041(audioserver) /system/bin/audioserver expire 1 line
01-22 14:12:12.345  3275 11086 I chatty  : uid=10021(com.google.android.googlequicksearchbox) UserFacing16 identical 10 lines
01-22 14:12:13.425  1792  1792 E netmgr  : Failed to open QEMU pipe 'qemud:network': Invalid argument
01-22 14:12:15.949  2593 11120 W ctxmgr  : [AclManager]No 2 for (accnt=account#-517948760#, com.google.android.gms(10015):IndoorOutdoorProducer, vrsn=13280000, 0, 3pPkg = null ,  3pMdlId = null ,  pid = 2593). Was: 3 for 57, account#-517948760#
01-22 14:12:17.371  1594 11653 I chatty  : uid=1041(audioserver) /system/bin/audioserver expire 1 line
01-22 14:12:17.374  3275 11086 E ActivityThread: Failed to find provider info for com.google.android.apps.gsa.testing.ui.audio.recorded
01-22 14:12:17.377  3275  3275 I chatty  : uid=10021 com.google.android.googlequicksearchbox:search expire 14 lines
01-22 14:12:17.515  1711  1789 E storaged: getDiskStats failed with result NOT_SUPPORTED and size 0
01-22 14:12:20.959  2593 11120 W ctxmgr  : [AclManager]No 2 for (accnt=account#-517948760#, com.google.android.gms(10015):IndoorOutdoorProducer, vrsn=13280000, 0, 3pPkg = null ,  3pMdlId = null ,  pid = 2593). Was: 3 for 57, account#-517948760#
01-22 14:12:21.955  1856  1977 I chatty  : uid=1000(system) HwBinder:1856_2 expire 11 lines
01-22 14:12:22.397  1594 11602 I chatty  : uid=1041(audioserver) Binder:1594_F expire 2 lines
01-22 14:12:22.398  1594 11656 I chatty  : uid=1041(audioserver) /system/bin/audioserver expire 1 line
01-22 14:12:22.398  1594 11602 I chatty  : uid=1041(audioserver) Binder:1594_F expire 1 line
01-22 14:12:22.401  3275 11086 E ActivityThread: Failed to find provider info for com.google.android.apps.gsa.testing.ui.audio.recorded
01-22 14:12:22.733  2639  5251 I Icing   : IndexChimeraService.getServiceInterface callingPackage=com.android.chrome componentName=null serviceId=36
01-22 14:12:22.754  2639  7164 I Icing   : Usage reports ok 0, Failed Usage reports 0, indexed 0, rejected 0, imm upload false
01-22 14:12:22.960  1856  1872 I chatty  : uid=1000(system) android.bg expire 14 lines
01-22 14:12:23.793  2639  7164 I Icing   : Indexing com.android.chrome-omnibox from com.android.chrome
01-22 14:12:23.801  2639  7164 I Icing   : Indexing done com.android.chrome-omnibox
01-22 14:12:25.970  2593 11120 W ctxmgr  : [AclManager]No 2 for (accnt=account#-517948760#, com.google.android.gms(10015):IndoorOutdoorProducer, vrsn=13280000, 0, 3pPkg = null ,  3pMdlId = null ,  pid = 2593). Was: 3 for 57, account#-517948760#
01-22 14:12:27.422  3275 11086 I chatty  : uid=10021(com.google.android.googlequicksearchbox) UserFacing16 expire 15 lines
01-22 14:12:27.426  1594 11661 I chatty  : uid=1041(audioserver) /system/bin/audioserver expire 1 line
01-22 14:12:27.426  1594  7700 I chatty  : uid=1041(audioserver) Binder:1594_6 expire 3 lines
01-22 14:12:27.432  3275  3275 I chatty  : uid=10021 com.google.android.googlequicksearchbox:search expire 13 lines
01-22 14:12:27.432  3275  3320 I chatty  : uid=10021(com.google.android.googlequicksearchbox) NonUserFacing2 expire 8 lines
01-22 14:12:30.991  2593 11120 W ctxmgr  : [AclManager]No 2 for (accnt=account#-517948760#, com.google.android.gms(10015):IndoorOutdoorProducer, vrsn=13280000, 0, 3pPkg = null ,  3pMdlId = null ,  pid = 2593). Was: 3 for 57, account#-517948760#
01-22 14:12:32.447  3275  3300 I chatty  : uid=10021(com.google.android.googlequicksearchbox) NonUserFacing0 expire 10 lines
01-22 14:12:32.451  1594 11664 I chatty  : uid=1041(audioserver) /system/bin/audioserver expire 1 line
01-22 14:12:32.452  1594 11602 I chatty  : uid=1041(audioserver) Binder:1594_F expire 3 lines
01-22 14:12:32.995  1856  1977 I chatty  : uid=1000(system) HwBinder:1856_2 expire 12 lines
01-22 14:12:36.007  2593  6795 W ctxmgr  : [AclManager]No 2 for (accnt=account#-517948760#, com.google.android.gms(10015):IndoorOutdoorProducer, vrsn=13280000, 0, 3pPkg = null ,  3pMdlId = null ,  pid = 2593). Was: 3 for 57, account#-517948760#
01-22 14:12:37.007  1856  1872 I chatty  : uid=1000(system) android.bg expire 11 lines
01-22 14:12:37.485  1594  7700 I chatty  : uid=1041(audioserver) Binder:1594_6 expire 3 lines
01-22 14:12:37.486  1594 11667 I chatty  : uid=1041(audioserver) /system/bin/audioserver expire 1 line
01-22 14:12:37.486  3275 11086 I chatty  : uid=10021(com.google.android.googlequicksearchbox) UserFacing16 expire 20 lines
01-22 14:12:37.487  3275  3275 I chatty  : uid=10021 com.google.android.googlequicksearchbox:search expire 14 lines
01-22 14:12:41.029  2593 11120 W ctxmgr  : [AclManager]No 2 for (accnt=account#-517948760#, com.google.android.gms(10015):IndoorOutdoorProducer, vrsn=13280000, 0, 3pPkg = null ,  3pMdlId = null ,  pid = 2593). Was: 3 for 57, account#-517948760#
01-22 14:12:42.513  1594 11602 I chatty  : uid=1041(audioserver) Binder:1594_F expire 3 lines
01-22 14:12:42.513  1594 11670 I chatty  : uid=1041(audioserver) /system/bin/audioserver expire 1 line
01-22 14:12:42.525  3275  3300 I chatty  : uid=10021(com.google.android.googlequicksearchbox) NonUserFacing0 expire 14 lines
01-22 14:12:45.043  1856  1977 I chatty  : uid=1000(system) HwBinder:1856_2 expire 12 lines
01-22 14:12:46.045  2593 11120 W ctxmgr  : [AclManager]No 2 for (accnt=account#-517948760#, com.google.android.gms(10015):IndoorOutdoorProducer, vrsn=13280000, 0, 3pPkg = null ,  3pMdlId = null ,  pid = 2593). Was: 3 for 57, account#-517948760#
01-22 14:12:47.539  3275  3320 I chatty  : uid=10021(com.google.android.googlequicksearchbox) NonUserFacing2 expire 11 lines
01-22 14:12:47.552  1594  7700 I chatty  : uid=1041(audioserver) Binder:1594_6 expire 3 lines
01-22 14:12:47.552  1594 11673 I chatty  : uid=1041(audioserver) /system/bin/audioserver expire 1 line
01-22 14:12:47.553  3275  3275 I chatty  : uid=10021 com.google.android.googlequicksearchbox:search expire 14 lines
01-22 14:12:47.558  3275  3801 I chatty  : uid=10021(com.google.android.googlequicksearchbox) HotwordDetector expire 5 lines
01-22 14:12:47.565  1856  2474 I chatty  : uid=1000(system) Binder:1856_9 expire 2 lines
01-22 14:12:48.046  1856  1872 I chatty  : uid=1000(system) android.bg expire 12 lines
01-22 14:12:51.060  2593 10219 W ctxmgr  : [AclManager]No 2 for (accnt=account#-517948760#, com.google.android.gms(10015):IndoorOutdoorProducer, vrsn=13280000, 0, 3pPkg = null ,  3pMdlId = null ,  pid = 2593). Was: 3 for 57, account#-517948760#
01-22 14:12:52.576  3275 11086 I chatty  : uid=10021(com.google.android.googlequicksearchbox) UserFacing16 expire 14 lines
01-22 14:12:52.579  1594 11676 I chatty  : uid=1041(audioserver) /system/bin/audioserver expire 1 line
01-22 14:12:52.579  1594 11602 I chatty  : uid=1041(audioserver) Binder:1594_F expire 3 lines
01-22 14:12:56.071  2593 10219 W ctxmgr  : [AclManager]No 2 for (accnt=account#-517948760#, com.google.android.gms(10015):IndoorOutdoorProducer, vrsn=13280000, 0, 3pPkg = null ,  3pMdlId = null ,  pid = 2593). Was: 3 for 57, account#-517948760#
01-22 14:12:57.073  1856  1977 I chatty  : uid=1000(system) HwBinder:1856_2 expire 15 lines
01-22 14:12:57.615  1594 11679 I chatty  : uid=1041(audioserver) /system/bin/audioserver expire 1 line
01-22 14:12:57.615  1594  7700 I chatty  : uid=1041(audioserver) Binder:1594_6 expire 6 lines
01-22 14:12:57.617  3275  3275 I chatty  : uid=10021 com.google.android.googlequicksearchbox:search expire 14 lines
01-22 14:12:57.626  3275  3320 I chatty  : uid=10021(com.google.android.googlequicksearchbox) NonUserFacing2 expire 5 lines
01-22 14:13:00.013  1840  1843 D hwcomposer: hw_composer sent 6 syncs in 60s
01-22 14:13:00.076  1856  1872 I chatty  : uid=1000(system) android.bg expire 12 lines
01-22 14:13:01.082  2593 11120 W ctxmgr  : [AclManager]No 2 for (accnt=account#-517948760#, com.google.android.gms(10015):IndoorOutdoorProducer, vrsn=13280000, 0, 3pPkg = null ,  3pMdlId = null ,  pid = 2593). Was: 3 for 57, account#-517948760#
01-22 14:13:02.641  3275 11086 I chatty  : uid=10021(com.google.android.googlequicksearchbox) UserFacing16 expire 21 lines
01-22 14:13:02.645  1594 11682 I chatty  : uid=1041(audioserver) /system/bin/audioserver expire 1 line
01-22 14:13:06.099  2593 11120 W ctxmgr  : [AclManager]No 2 for (accnt=account#-517948760#, com.google.android.gms(10015):IndoorOutdoorProducer, vrsn=13280000, 0, 3pPkg = null ,  3pMdlId = null ,  pid = 2593). Was: 3 for 57, account#-517948760#
01-22 14:13:07.675  1594 11687 I chatty  : uid=1041(audioserver) /system/bin/audioserver expire 1 line
01-22 14:13:07.676  1594 11602 I chatty  : uid=1041(audioserver) Binder:1594_F expire 3 lines
01-22 14:13:07.678  3275  3275 I chatty  : uid=10021 com.google.android.googlequicksearchbox:search expire 14 lines
01-22 14:13:07.682  3275  3320 I chatty  : uid=10021(com.google.android.googlequicksearchbox) NonUserFacing2 expire 14 lines
01-22 14:13:11.109  2593 11120 W ctxmgr  : [AclManager]No 2 for (accnt=account#-517948760#, com.google.android.gms(10015):IndoorOutdoorProducer, vrsn=13280000, 0, 3pPkg = null ,  3pMdlId = null ,  pid = 2593). Was: 3 for 57, account#-517948760#
01-22 14:13:12.109  1856  1977 I chatty  : uid=1000(system) HwBinder:1856_2 expire 11 lines
01-22 14:13:12.110  1856  1872 I chatty  : uid=1000(system) android.bg expire 11 lines
01-22 14:13:12.700  3275  3300 I chatty  : uid=10021(com.google.android.googlequicksearchbox) NonUserFacing0 expire 15 lines
01-22 14:13:12.704  1594 11690 I chatty  : uid=1041(audioserver) /system/bin/audioserver expire 1 line
01-22 14:13:12.705  1594  7700 I chatty  : uid=1041(audioserver) Binder:1594_6 expire 3 lines
01-22 14:13:12.709  3275  3801 I chatty  : uid=10021(com.google.android.googlequicksearchbox) HotwordDetector expire 6 lines
01-22 14:13:13.478  1792  1792 E netmgr  : Failed to open QEMU pipe 'qemud:network': Invalid argument
01-22 14:13:16.120  2593  6795 W ctxmgr  : [AclManager]No 2 for (accnt=account#-517948760#, com.google.android.gms(10015):IndoorOutdoorProducer, vrsn=13280000, 0, 3pPkg = null ,  3pMdlId = null ,  pid = 2593). Was: 3 for 57, account#-517948760#
01-22 14:13:07.678  3275 11086 I chatty  : uid=10021(com.google.android.googlequicksearchbox) UserFacing16 identical 9 lines
01-22 14:13:12.706  3275 11086 E ActivityThread: Failed to find provider info for com.google.android.apps.gsa.testing.ui.audio.recorded
01-22 14:13:17.516  1711  1789 E storaged: getDiskStats failed with result NOT_SUPPORTED and size 0
01-22 14:13:17.726  3275 11086 I chatty  : uid=10021(com.google.android.googlequicksearchbox) UserFacing16 expire 29 lines
01-22 14:13:17.730  1594 11694 I chatty  : uid=1041(audioserver) /system/bin/audioserver expire 1 line
01-22 14:13:17.730  1594 11602 I chatty  : uid=1041(audioserver) Binder:1594_F expire 3 lines
01-22 14:13:17.733  3275 11086 E ActivityThread: Failed to find provider info for com.google.android.apps.gsa.testing.ui.audio.recorded
01-22 14:13:17.733  3275  3275 I chatty  : uid=10021 com.google.android.googlequicksearchbox:search expire 21 lines
01-22 14:13:21.132  2593 11120 W ctxmgr  : [AclManager]No 2 for (accnt=account#-517948760#, com.google.android.gms(10015):IndoorOutdoorProducer, vrsn=13280000, 0, 3pPkg = null ,  3pMdlId = null ,  pid = 2593). Was: 3 for 57, account#-517948760#
01-22 14:13:22.757  1594 11698 I chatty  : uid=1041(audioserver) /system/bin/audioserver expire 1 line
01-22 14:13:22.757  1594  7700 I chatty  : uid=1041(audioserver) Binder:1594_6 expire 3 lines
01-22 14:13:23.138  1856  1977 I chatty  : uid=1000(system) HwBinder:1856_2 expire 13 lines
01-22 14:13:23.139  1856  1872 I chatty  : uid=1000(system) android.bg expire 14 lines
01-22 14:13:26.150  2593  6795 W ctxmgr  : [AclManager]No 2 for (accnt=account#-517948760#, com.google.android.gms(10015):IndoorOutdoorProducer, vrsn=13280000, 0, 3pPkg = null ,  3pMdlId = null ,  pid = 2593). Was: 3 for 57, account#-517948760#
01-22 14:13:27.785  1594 11701 I AudioFlinger: AudioFlinger's thread 0xe92033c0 tid=11701 ready to run
01-22 14:13:27.786  1594 11602 E AudioFlinger: not enough memory for AudioTrack size=131296
01-22 14:13:27.786  1594 11602 D MemoryDealer:   AudioTrack (0xedb9cd60, size=4194304)
01-22 14:13:27.786  1594 11602 D MemoryDealer:     0: 0xedb9cd70 | 0x00000000 | 0x000200E0 | A 
01-22 14:13:27.786  1594 11602 D MemoryDealer:     1: 0xedb9cee0 | 0x000200E0 | 0x000200E0 | A 
01-22 14:13:27.786  1594 11602 D MemoryDealer:     2: 0xeceff0d0 | 0x000401C0 | 0x000200E0 | A 
01-22 14:13:27.786  1594 11602 D MemoryDealer:     3: 0xeceff260 | 0x000602A0 | 0x000200E0 | A 
01-22 14:13:27.786  1594 11602 D MemoryDealer:     4: 0xeceff3b0 | 0x00080380 | 0x000200E0 | A 
01-22 14:13:27.786  1594 11602 D MemoryDealer:     5: 0xeceff5a0 | 0x000A0460 | 0x000200E0 | A 
01-22 14:13:27.786  1594 11602 D MemoryDealer:     6: 0xeceff700 | 0x000C0540 | 0x000200E0 | A 
01-22 14:13:27.786  1594 11602 D MemoryDealer:     7: 0xeceff8b0 | 0x000E0620 | 0x000200E0 | A 
01-22 14:13:27.786  1594 11602 D MemoryDealer:     8: 0xeceffa60 | 0x00100700 | 0x000200E0 | A 
01-22 14:13:27.786  1594 11602 D MemoryDealer:     9: 0xeceffc00 | 0x001207E0 | 0x000200E0 | A 
01-22 14:13:27.786  1594 11602 D MemoryDealer:    10: 0xeceffdb0 | 0x001408C0 | 0x000200E0 | A 
01-22 14:13:27.786  1594 11602 D MemoryDealer:    11: 0xeceffee0 | 0x001609A0 | 0x000200E0 | A 
01-22 14:13:27.786  1594 11602 D MemoryDealer:    12: 0xebc7f090 | 0x00180A80 | 0x000200E0 | A 
01-22 14:13:27.786  1594 11602 D MemoryDealer:    13: 0xebc7f2a0 | 0x001A0B60 | 0x000200E0 | A 
01-22 14:13:27.786  1594 11602 D MemoryDealer:    14: 0xebc7f460 | 0x001C0C40 | 0x000200E0 | A 
01-22 14:13:27.786  1594 11602 D MemoryDealer:    15: 0xebc7f620 | 0x001E0D20 | 0x000200E0 | A 
01-22 14:13:27.786  1594 11602 D MemoryDealer:    16: 0xebc7f7b0 | 0x00200E00 | 0x000200E0 | A 
01-22 14:13:27.786  1594 11602 D MemoryDealer:    17: 0xebc7f9a0 | 0x00220EE0 | 0x000200E0 | A 
01-22 14:13:27.786  1594 11602 D MemoryDealer:    18: 0xebc7fb60 | 0x00240FC0 | 0x000200E0 | A 
01-22 14:13:27.786  1594 11602 D MemoryDealer:    19: 0xebc7fd40 | 0x002610A0 | 0x000200E0 | A 
01-22 14:13:27.786  1594 11602 D MemoryDealer:    
01-22 14:13:27.786  1594 11602 E AudioFlinger: createRecordTrack_l() initCheck failed -12; no control block?
01-22 14:13:27.792  3275  3300 I chatty  : uid=10021(com.google.android.googlequicksearchbox) NonUserFacing0 expire 10 lines
01-22 14:13:31.168  2593  6795 W ctxmgr  : [AclManager]No 2 for (accnt=account#-517948760#, com.google.android.gms(10015):IndoorOutdoorProducer, vrsn=13280000, 0, 3pPkg = null ,  3pMdlId = null ,  pid = 2593). Was: 3 for 57, account#-517948760#
01-22 14:13:32.811  1594 11704 I AudioFlinger: AudioFlinger's thread 0xe9203440 tid=11704 ready to run
01-22 14:13:32.811  1594 11602 E AudioFlinger: not enough memory for AudioTrack size=131296
01-22 14:13:32.811  1594 11602 D MemoryDealer:   AudioTrack (0xedb9cd60, size=4194304)
01-22 14:13:32.811  1594 11602 D MemoryDealer:     0: 0xedb9cd70 | 0x00000000 | 0x000200E0 | A 
01-22 14:13:32.811  1594 11602 D MemoryDealer:     1: 0xedb9cee0 | 0x000200E0 | 0x000200E0 | A 
01-22 14:13:32.811  1594 11602 D MemoryDealer:     2: 0xeceff0d0 | 0x000401C0 | 0x000200E0 | A 
01-22 14:13:32.811  1594 11602 D MemoryDealer:     3: 0xeceff260 | 0x000602A0 | 0x000200E0 | A 
01-22 14:13:32.811  1594 11602 D MemoryDealer:     4: 0xeceff3b0 | 0x00080380 | 0x000200E0 | A 
01-22 14:13:32.811  1594 11602 D MemoryDealer:     5: 0xeceff5a0 | 0x000A0460 | 0x000200E0 | A 
01-22 14:13:32.811  1594 11602 D MemoryDealer:     6: 0xeceff700 | 0x000C0540 | 0x000200E0 | A 
01-22 14:13:32.811  1594 11602 D MemoryDealer:     7: 0xeceff8b0 | 0x000E0620 | 0x000200E0 | A 
01-22 14:13:32.811  1594 11602 D MemoryDealer:     8: 0xeceffa60 | 0x00100700 | 0x000200E0 | A 
01-22 14:13:32.811  1594 11602 D MemoryDealer:     9: 0xeceffc00 | 0x001207E0 | 0x000200E0 | A 
01-22 14:13:32.811  1594 11602 D MemoryDealer:    10: 0xeceffdb0 | 0x001408C0 | 0x000200E0 | A 
01-22 14:13:32.811  1594 11602 D MemoryDealer:    11: 0xeceffee0 | 0x001609A0 | 0x000200E0 | A 
01-22 14:13:32.811  1594 11602 D MemoryDealer:    12: 0xebc7f090 | 0x00180A80 | 0x000200E0 | A 
01-22 14:13:32.811  1594 11602 D MemoryDealer:    13: 0xebc7f2a0 | 0x001A0B60 | 0x000200E0 | A 
01-22 14:13:32.811  1594 11602 D MemoryDealer:    14: 0xebc7f460 | 0x001C0C40 | 0x000200E0 | A 
01-22 14:13:32.811  1594 11602 D MemoryDealer:    15: 0xebc7f620 | 0x001E0D20 | 0x000200E0 | A 
01-22 14:13:32.811  1594 11602 D MemoryDealer:    16: 0xebc7f7b0 | 0x00200E00 | 0x000200E0 | A 
01-22 14:13:32.811  1594 11602 D MemoryDealer:    17: 0xebc7f9a0 | 0x00220EE0 | 0x000200E0 | A 
01-22 14:13:32.811  1594 11602 D MemoryDealer:    18: 0xebc7fb60 | 0x00240FC0 | 0x000200E0 | A 
01-22 14:13:32.811  1594 11602 D MemoryDealer:    19: 0xebc7fd40 | 0x002610A0 | 0x000200E0 | A 
01-22 14:13:32.811  1594 11602 D MemoryDealer:    
01-22 14:13:32.812  1594 11602 E AudioFlinger: createRecordTrack_l() initCheck failed -12; no control block?
01-22 14:13:32.814  3275  3275 I chatty  : uid=10021 com.google.android.googlequicksearchbox:search expire 15 lines
01-22 14:13:36.178  1856  1977 I chatty  : uid=1000(system) HwBinder:1856_2 expire 11 lines
01-22 14:13:36.181  2593 11120 W ctxmgr  : [AclManager]No 2 for (accnt=account#-517948760#, com.google.android.gms(10015):IndoorOutdoorProducer, vrsn=13280000, 0, 3pPkg = null ,  3pMdlId = null ,  pid = 2593). Was: 3 for 57, account#-517948760#
01-22 14:13:37.179  1856  1872 I chatty  : uid=1000(system) android.bg expire 11 lines
01-22 14:13:37.834  1594  7700 E AudioFlinger: not enough memory for AudioTrack size=131296
01-22 14:13:37.834  1594  7700 D MemoryDealer:   AudioTrack (0xedb9cd60, size=4194304)
01-22 14:13:37.834  1594  7700 D MemoryDealer:     0: 0xedb9cd70 | 0x00000000 | 0x000200E0 | A 
01-22 14:13:37.834  1594  7700 D MemoryDealer:     1: 0xedb9cee0 | 0x000200E0 | 0x000200E0 | A 
01-22 14:13:37.834  1594  7700 D MemoryDealer:     2: 0xeceff0d0 | 0x000401C0 | 0x000200E0 | A 
01-22 14:13:37.834  1594  7700 D MemoryDealer:     3: 0xeceff260 | 0x000602A0 | 0x000200E0 | A 
01-22 14:13:37.834  1594  7700 D MemoryDealer:     4: 0xeceff3b0 | 0x00080380 | 0x000200E0 | A 
01-22 14:13:37.834  1594  7700 D MemoryDealer:     5: 0xeceff5a0 | 0x000A0460 | 0x000200E0 | A 
01-22 14:13:37.834  1594  7700 D MemoryDealer:     6: 0xeceff700 | 0x000C0540 | 0x000200E0 | A 
01-22 14:13:37.834  1594  7700 D MemoryDealer:     7: 0xeceff8b0 | 0x000E0620 | 0x000200E0 | A 
01-22 14:13:37.834  1594  7700 D MemoryDealer:     8: 0xeceffa60 | 0x00100700 | 0x000200E0 | A 
01-22 14:13:37.834  1594  7700 D MemoryDealer:     9: 0xeceffc00 | 0x001207E0 | 0x000200E0 | A 
01-22 14:13:37.834  1594  7700 D MemoryDealer:    10: 0xeceffdb0 | 0x001408C0 | 0x000200E0 | A 
01-22 14:13:37.834  1594  7700 D MemoryDealer:    11: 0xeceffee0 | 0x001609A0 | 0x000200E0 | A 
01-22 14:13:37.834  1594  7700 D MemoryDealer:    12: 0xebc7f090 | 0x00180A80 | 0x000200E0 | A 
01-22 14:13:37.834  1594  7700 D MemoryDealer:    13: 0xebc7f2a0 | 0x001A0B60 | 0x000200E0 | A 
01-22 14:13:37.834  1594  7700 D MemoryDealer:    14: 0xebc7f460 | 0x001C0C40 | 0x000200E0 | A 
01-22 14:13:37.834  1594  7700 D MemoryDealer:    15: 0xebc7f620 | 0x001E0D20 | 0x000200E0 | A 
01-22 14:13:37.834  1594  7700 D MemoryDealer:    16: 0xebc7f7b0 | 0x00200E00 | 0x000200E0 | A 
01-22 14:13:37.834  1594  7700 D MemoryDealer:    17: 0xebc7f9a0 | 0x00220EE0 | 0x000200E0 | A 
01-22 14:13:37.834  1594  7700 D MemoryDealer:    18: 0xebc7fb60 | 0x00240FC0 | 0x000200E0 | A 
01-22 14:13:37.834  1594  7700 D MemoryDealer:    19: 0xebc7fd40 | 0x002610A0 | 0x000200E0 | A 
01-22 14:13:37.834  1594  7700 D MemoryDealer:    
01-22 14:13:37.834  1594  7700 E AudioFlinger: createRecordTrack_l() initCheck failed -12; no control block?
01-22 14:13:37.834  1594 11707 I AudioFlinger: AudioFlinger's thread 0xe8703e80 tid=11707 ready to run
01-22 14:13:37.835  3275 11086 I chatty  : uid=10021(com.google.android.googlequicksearchbox) UserFacing16 expire 20 lines
01-22 14:13:37.844  3275  3320 I chatty  : uid=10021(com.google.android.googlequicksearchbox) NonUserFacing2 expire 7 lines
01-22 14:13:41.187  2593  6795 W ctxmgr  : [AclManager]No 2 for (accnt=account#-517948760#, com.google.android.gms(10015):IndoorOutdoorProducer, vrsn=13280000, 0, 3pPkg = null ,  3pMdlId = null ,  pid = 2593). Was: 3 for 57, account#-517948760#
01-22 14:13:42.863  1594 11602 E AudioFlinger: not enough memory for AudioTrack size=131296
01-22 14:13:42.863  1594 11602 D MemoryDealer:   AudioTrack (0xedb9cd60, size=4194304)
01-22 14:13:42.863  1594 11602 D MemoryDealer:     0: 0xedb9cd70 | 0x00000000 | 0x000200E0 | A 
01-22 14:13:42.863  1594 11602 D MemoryDealer:     1: 0xedb9cee0 | 0x000200E0 | 0x000200E0 | A 
01-22 14:13:42.863  1594 11602 D MemoryDealer:     2: 0xeceff0d0 | 0x000401C0 | 0x000200E0 | A 
01-22 14:13:42.863  1594 11602 D MemoryDealer:     3: 0xeceff260 | 0x000602A0 | 0x000200E0 | A 
01-22 14:13:42.863  1594 11602 D MemoryDealer:     4: 0xeceff3b0 | 0x00080380 | 0x000200E0 | A 
01-22 14:13:42.863  1594 11602 D MemoryDealer:     5: 0xeceff5a0 | 0x000A0460 | 0x000200E0 | A 
01-22 14:13:42.863  1594 11602 D MemoryDealer:     6: 0xeceff700 | 0x000C0540 | 0x000200E0 | A 
01-22 14:13:42.863  1594 11602 D MemoryDealer:     7: 0xeceff8b0 | 0x000E0620 | 0x000200E0 | A 
01-22 14:13:42.863  1594 11602 D MemoryDealer:     8: 0xeceffa60 | 0x00100700 | 0x000200E0 | A 
01-22 14:13:42.863  1594 11602 D MemoryDealer:     9: 0xeceffc00 | 0x001207E0 | 0x000200E0 | A 
01-22 14:13:42.863  1594 11602 D MemoryDealer:    10: 0xeceffdb0 | 0x001408C0 | 0x000200E0 | A 
01-22 14:13:42.863  1594 11602 D MemoryDealer:    11: 0xeceffee0 | 0x001609A0 | 0x000200E0 | A 
01-22 14:13:42.863  1594 11602 D MemoryDealer:    12: 0xebc7f090 | 0x00180A80 | 0x000200E0 | A 
01-22 14:13:42.863  1594 11602 D MemoryDealer:    13: 0xebc7f2a0 | 0x001A0B60 | 0x000200E0 | A 
01-22 14:13:42.863  1594 11602 D MemoryDealer:    14: 0xebc7f460 | 0x001C0C40 | 0x000200E0 | A 
01-22 14:13:42.863  1594 11602 D MemoryDealer:    15: 0xebc7f620 | 0x001E0D20 | 0x000200E0 | A 
01-22 14:13:42.863  1594 11602 D MemoryDealer:    16: 0xebc7f7b0 | 0x00200E00 | 0x000200E0 | A 
01-22 14:13:42.863  1594 11602 D MemoryDealer:    17: 0xebc7f9a0 | 0x00220EE0 | 0x000200E0 | A 
01-22 14:13:42.863  1594 11602 D MemoryDealer:    18: 0xebc7fb60 | 0x00240FC0 | 0x000200E0 | A 
01-22 14:13:42.863  1594 11602 D MemoryDealer:    19: 0xebc7fd40 | 0x002610A0 | 0x000200E0 | A 
01-22 14:13:42.863  1594 11602 D MemoryDealer:    
01-22 14:13:42.863  1594 11602 E AudioFlinger: createRecordTrack_l() initCheck failed -12; no control block?
01-22 14:13:42.863  1594 11710 I AudioFlinger: AudioFlinger's thread 0xe9203500 tid=11710 ready to run
01-22 14:13:42.868  3275  3801 I chatty  : uid=10021(com.google.android.googlequicksearchbox) HotwordDetector expire 6 lines
01-22 14:13:42.868  3275  3300 I chatty  : uid=10021(com.google.android.googlequicksearchbox) NonUserFacing0 expire 18 lines
