01-24 12:21:36.485  1594  8844 I chatty  : uid=1041(audioserver) /system/bin/audioserver expire 1 line
01-24 12:21:36.996  1856  2157 I chatty  : uid=1000(system) HwBinder:1856_4 expire 15 lines
01-24 12:21:36.996  1856  1872 I chatty  : uid=1000(system) android.bg expire 15 lines
01-24 12:21:41.009  2593  6812 W ctxmgr  : [AclManager]No 2 for (accnt=account#-517948760#, com.google.android.gms(10015):IndoorOutdoorProducer, vrsn=13280000, 0, 3pPkg = null ,  3pMdlId = null ,  pid = 2593). Was: 3 for 57, account#-517948760#
01-24 12:21:41.534  1594  8847 I chatty  : uid=1041(audioserver) /system/bin/audioserver expire 1 line
01-24 12:21:41.539  3275  3275 I chatty  : uid=10021 com.google.android.googlequicksearchbox:search expire 35 lines
01-24 12:21:46.022  2593  6812 W ctxmgr  : [AclManager]No 2 for (accnt=account#-517948760#, com.google.android.gms(10015):IndoorOutdoorProducer, vrsn=13280000, 0, 3pPkg = null ,  3pMdlId = null ,  pid = 2593). Was: 3 for 57, account#-517948760#
01-24 12:21:46.575  1594 10735 I chatty  : uid=1041(audioserver) Binder:1594_E expire 15 lines
01-24 12:21:46.576  1594  8850 I chatty  : uid=1041(audioserver) /system/bin/audioserver expire 1 line
01-24 12:21:46.576  3275  8169 I chatty  : uid=10021 com.google.android.googlequicksearchbox:search expire 13 lines
01-24 12:21:46.581  3275  3985 I chatty  : uid=10021(com.google.android.googlequicksearchbox) NonUserFacing13 expire 13 lines
01-24 12:21:51.034  2593  6812 W ctxmgr  : [AclManager]No 2 for (accnt=account#-517948760#, com.google.android.gms(10015):IndoorOutdoorProducer, vrsn=13280000, 0, 3pPkg = null ,  3pMdlId = null ,  pid = 2593). Was: 3 for 57, account#-517948760#
01-24 12:21:51.600  3275  1414 I chatty  : uid=10021(com.google.android.googlequicksearchbox) NonUserFacing13 expire 11 lines
01-24 12:21:51.605  1594  8853 I chatty  : uid=1041(audioserver) /system/bin/audioserver expire 1 line
01-24 12:21:51.614  3275  3801 I chatty  : uid=10021(com.google.android.googlequicksearchbox) HotwordDetector expire 14 lines
01-24 12:21:52.035  1856  2157 I chatty  : uid=1000(system) HwBinder:1856_4 expire 20 lines
01-24 12:21:52.035  1856  1872 I chatty  : uid=1000(system) android.bg expire 17 lines
01-24 12:21:46.577  3275  8169 I chatty  : uid=10021 com.google.android.googlequicksearchbox:search identical 10 lines
01-24 12:21:51.608  3275  8169 E ActivityThread: Failed to find provider info for com.google.android.apps.gsa.testing.ui.audio.recorded
01-24 12:21:55.255  1711  1789 E storaged: getDiskStats failed with result NOT_SUPPORTED and size 0
01-24 12:21:56.057  2593  6812 W ctxmgr  : [AclManager]No 2 for (accnt=account#-517948760#, com.google.android.gms(10015):IndoorOutdoorProducer, vrsn=13280000, 0, 3pPkg = null ,  3pMdlId = null ,  pid = 2593). Was: 3 for 57, account#-517948760#
01-24 12:21:56.621  1792  1792 E netmgr  : Failed to open QEMU pipe 'qemud:network': Invalid argument
01-24 12:21:56.632  3275  8169 I chatty  : uid=10021 com.google.android.googlequicksearchbox:search expire 43 lines
01-24 12:21:56.636  1594  8858 I chatty  : uid=1041(audioserver) /system/bin/audioserver expire 1 line
01-24 12:21:56.641  3275  8169 E ActivityThread: Failed to find provider info for com.google.android.apps.gsa.testing.ui.audio.recorded
01-24 12:22:00.022  1840  1843 D hwcomposer: hw_composer sent 12 syncs in 60s
01-24 12:22:01.072  2593  6812 W ctxmgr  : [AclManager]No 2 for (accnt=account#-517948760#, com.google.android.gms(10015):IndoorOutdoorProducer, vrsn=13280000, 0, 3pPkg = null ,  3pMdlId = null ,  pid = 2593). Was: 3 for 57, account#-517948760#
01-24 12:22:01.674  1594  8861 I chatty  : uid=1041(audioserver) /system/bin/audioserver expire 1 line
01-24 12:22:06.087  2593  7567 W ctxmgr  : [AclManager]No 2 for (accnt=account#-517948760#, com.google.android.gms(10015):IndoorOutdoorProducer, vrsn=13280000, 0, 3pPkg = null ,  3pMdlId = null ,  pid = 2593). Was: 3 for 57, account#-517948760#
01-24 12:22:06.701  1594  8865 I chatty  : uid=1041(audioserver) /system/bin/audioserver expire 1 line
01-24 12:22:06.702  1594  9781 I chatty  : uid=1041(audioserver) Binder:1594_B expire 12 lines
01-24 12:22:06.707  3275  3275 I chatty  : uid=10021 com.google.android.googlequicksearchbox:search expire 28 lines
01-24 12:22:06.711  3275  1414 I chatty  : uid=10021(com.google.android.googlequicksearchbox) NonUserFacing13 expire 13 lines
01-24 12:22:07.088  1856  1872 I chatty  : uid=1000(system) android.bg expire 15 lines
01-24 12:22:11.106  2593  6812 W ctxmgr  : [AclManager]No 2 for (accnt=account#-517948760#, com.google.android.gms(10015):IndoorOutdoorProducer, vrsn=13280000, 0, 3pPkg = null ,  3pMdlId = null ,  pid = 2593). Was: 3 for 57, account#-517948760#
01-24 12:22:11.742  1594  8869 I chatty  : uid=1041(audioserver) /system/bin/audioserver expire 1 line
01-24 12:22:11.751  3275  3985 I chatty  : uid=10021(com.google.android.googlequicksearchbox) NonUserFacing13 expire 18 lines
01-24 12:22:12.103  1856  2157 I chatty  : uid=1000(system) HwBinder:1856_4 expire 15 lines
01-24 12:22:16.124  2593  6812 W ctxmgr  : [AclManager]No 2 for (accnt=account#-517948760#, com.google.android.gms(10015):IndoorOutdoorProducer, vrsn=13280000, 0, 3pPkg = null ,  3pMdlId = null ,  pid = 2593). Was: 3 for 57, account#-517948760#
01-24 12:22:16.777  1594  8872 I chatty  : uid=1041(audioserver) /system/bin/audioserver expire 1 line
01-24 12:22:21.136  2593  6812 W ctxmgr  : [AclManager]No 2 for (accnt=account#-517948760#, com.google.android.gms(10015):IndoorOutdoorProducer, vrsn=13280000, 0, 3pPkg = null ,  3pMdlId = null ,  pid = 2593). Was: 3 for 57, account#-517948760#
01-24 12:22:21.810  1594  8875 I chatty  : uid=1041(audioserver) /system/bin/audioserver expire 1 line
01-24 12:22:22.135  1856  1872 I chatty  : uid=1000(system) android.bg expire 15 lines
01-24 12:22:26.154  2593  7565 W ctxmgr  : [AclManager]No 2 for (accnt=account#-517948760#, com.google.android.gms(10015):IndoorOutdoorProducer, vrsn=13280000, 0, 3pPkg = null ,  3pMdlId = null ,  pid = 2593). Was: 3 for 57, account#-517948760#
01-24 12:22:26.846  1594  8879 I chatty  : uid=1041(audioserver) /system/bin/audioserver expire 1 line
01-24 12:22:26.849  3275  8169 I chatty  : uid=10021 com.google.android.googlequicksearchbox:search expire 20 lines
01-24 12:22:26.851  3275  3275 I chatty  : uid=10021 com.google.android.googlequicksearchbox:search expire 29 lines
01-24 12:22:26.853  3275  1414 I chatty  : uid=10021(com.google.android.googlequicksearchbox) NonUserFacing13 expire 11 lines
01-24 12:22:27.150  1856  2157 I chatty  : uid=1000(system) HwBinder:1856_4 expire 15 lines
01-24 12:22:31.169  2593  7565 W ctxmgr  : [AclManager]No 2 for (accnt=account#-517948760#, com.google.android.gms(10015):IndoorOutdoorProducer, vrsn=13280000, 0, 3pPkg = null ,  3pMdlId = null ,  pid = 2593). Was: 3 for 57, account#-517948760#
01-24 12:22:31.885  1594  9781 I chatty  : uid=1041(audioserver) Binder:1594_B expire 12 lines
01-24 12:22:31.885  1594  8882 I chatty  : uid=1041(audioserver) /system/bin/audioserver expire 1 line
01-24 12:22:36.181  2593  7567 W ctxmgr  : [AclManager]No 2 for (accnt=account#-517948760#, com.google.android.gms(10015):IndoorOutdoorProducer, vrsn=13280000, 0, 3pPkg = null ,  3pMdlId = null ,  pid = 2593). Was: 3 for 57, account#-517948760#
01-24 12:22:36.919  1594  8885 I chatty  : uid=1041(audioserver) /system/bin/audioserver expire 1 line
01-24 12:22:37.182  1856  1872 I chatty  : uid=1000(system) android.bg expire 15 lines
01-24 12:22:41.191  2593  7565 W ctxmgr  : [AclManager]No 2 for (accnt=account#-517948760#, com.google.android.gms(10015):IndoorOutdoorProducer, vrsn=13280000, 0, 3pPkg = null ,  3pMdlId = null ,  pid = 2593). Was: 3 for 57, account#-517948760#
01-24 12:22:41.951  3275  8169 I chatty  : uid=10021 com.google.android.googlequicksearchbox:search expire 28 lines
01-24 12:22:41.956  1594  8888 I chatty  : uid=1041(audioserver) /system/bin/audioserver expire 1 line
01-24 12:22:41.964  3275  3985 I chatty  : uid=10021(com.google.android.googlequicksearchbox) NonUserFacing13 expire 12 lines
01-24 12:22:42.191  1856  2157 I chatty  : uid=1000(system) HwBinder:1856_4 expire 15 lines
01-24 12:22:46.207  2593  7565 W ctxmgr  : [AclManager]No 2 for (accnt=account#-517948760#, com.google.android.gms(10015):IndoorOutdoorProducer, vrsn=13280000, 0, 3pPkg = null ,  3pMdlId = null ,  pid = 2593). Was: 3 for 57, account#-517948760#
01-24 12:22:46.982  3275  1414 I chatty  : uid=10021(com.google.android.googlequicksearchbox) NonUserFacing13 expire 20 lines
01-24 12:22:46.987  1594  8891 I chatty  : uid=1041(audioserver) /system/bin/audioserver expire 1 line
01-24 12:22:46.995  3275  3275 I chatty  : uid=10021 com.google.android.googlequicksearchbox:search expire 20 lines
01-24 12:22:51.224  2593  7565 W ctxmgr  : [AclManager]No 2 for (accnt=account#-517948760#, com.google.android.gms(10015):IndoorOutdoorProducer, vrsn=13280000, 0, 3pPkg = null ,  3pMdlId = null ,  pid = 2593). Was: 3 for 57, account#-517948760#
01-24 12:22:52.020  1594  8894 I chatty  : uid=1041(audioserver) /system/bin/audioserver expire 1 line
01-24 12:22:52.225  1856  1872 I chatty  : uid=1000(system) android.bg expire 22 lines
01-24 12:22:46.992  3275  8169 I chatty  : uid=10021 com.google.android.googlequicksearchbox:search identical 10 lines
01-24 12:22:52.026  3275  8169 E ActivityThread: Failed to find provider info for com.google.android.apps.gsa.testing.ui.audio.recorded
01-24 12:22:55.258  1711  1789 E storaged: getDiskStats failed with result NOT_SUPPORTED and size 0
01-24 12:22:56.244  2593  7565 W ctxmgr  : [AclManager]No 2 for (accnt=account#-517948760#, com.google.android.gms(10015):IndoorOutdoorProducer, vrsn=13280000, 0, 3pPkg = null ,  3pMdlId = null ,  pid = 2593). Was: 3 for 57, account#-517948760#
01-24 12:22:56.655  1792  1792 E netmgr  : Failed to open QEMU pipe 'qemud:network': Invalid argument
01-24 12:22:57.068  1594  8897 I chatty  : uid=1041(audioserver) /system/bin/audioserver expire 1 line
01-24 12:22:57.071  3275  8169 E ActivityThread: Failed to find provider info for com.google.android.apps.gsa.testing.ui.audio.recorded
01-24 12:22:57.244  1856  2157 I chatty  : uid=1000(system) HwBinder:1856_4 expire 11 lines
01-24 12:23:00.025  1840  1843 D hwcomposer: hw_composer sent 6 syncs in 60s
01-24 12:23:01.255  2593  7565 W ctxmgr  : [AclManager]No 2 for (accnt=account#-517948760#, com.google.android.gms(10015):IndoorOutdoorProducer, vrsn=13280000, 0, 3pPkg = null ,  3pMdlId = null ,  pid = 2593). Was: 3 for 57, account#-517948760#
01-24 12:23:02.095  3275  3985 I chatty  : uid=10021(com.google.android.googlequicksearchbox) NonUserFacing13 expire 34 lines
01-24 12:23:02.096  3275  8169 I chatty  : uid=10021 com.google.android.googlequicksearchbox:search expire 29 lines
01-24 12:23:02.101  1594  8900 I chatty  : uid=1041(audioserver) /system/bin/audioserver expire 1 line
01-24 12:23:02.101  1594 10735 I chatty  : uid=1041(audioserver) Binder:1594_E expire 12 lines
01-24 12:23:02.106  3275  3275 I chatty  : uid=10021 com.google.android.googlequicksearchbox:search expire 21 lines
01-24 12:23:02.111  3275  3801 I chatty  : uid=10021(com.google.android.googlequicksearchbox) HotwordDetector expire 10 lines
01-24 12:23:06.276  2593  7565 W ctxmgr  : [AclManager]No 2 for (accnt=account#-517948760#, com.google.android.gms(10015):IndoorOutdoorProducer, vrsn=13280000, 0, 3pPkg = null ,  3pMdlId = null ,  pid = 2593). Was: 3 for 57, account#-517948760#
01-24 12:23:07.139  1594  8903 I chatty  : uid=1041(audioserver) /system/bin/audioserver expire 1 line
01-24 12:23:07.733  2593  3009 I Places  : Converted 0 out of 1 WiFi scans
01-24 12:23:07.736  2593  7567 W ctxmgr  : [AclManager]No 2 for (accnt=account#-517948760#, com.google.android.gms(10015):UserLocationProducer, vrsn=13280000, 0, 3pPkg = null ,  3pMdlId = null ,  pid = 2593). Was: 3 for 1, account#-517948760#
01-24 12:23:07.743  2593  3988 I PlaceInferenceEngine: No beacon scan available - ignoring candidates.
01-24 12:23:07.763  2593  6812 W ctxmgr  : [AclManager]No 2 for (accnt=account#-517948760#, com.google.android.gms(10015):UserVelocityProducer, vrsn=13280000, 0, 3pPkg = null ,  3pMdlId = null ,  pid = 2593). Was: 3 for 48, account#-517948760#
01-24 12:23:08.279  1856  2157 I chatty  : uid=1000(system) HwBinder:1856_4 expire 19 lines
01-24 12:23:11.295  2593  8904 W ctxmgr  : [AclManager]No 2 for (accnt=account#-517948760#, com.google.android.gms(10015):IndoorOutdoorProducer, vrsn=13280000, 0, 3pPkg = null ,  3pMdlId = null ,  pid = 2593). Was: 3 for 57, account#-517948760#
01-24 12:23:12.178  1594  8908 I chatty  : uid=1041(audioserver) /system/bin/audioserver expire 1 line
01-24 12:23:12.179  1594  9781 I chatty  : uid=1041(audioserver) Binder:1594_B expire 15 lines
01-24 12:23:12.292  1856  1872 I chatty  : uid=1000(system) android.bg expire 15 lines
01-24 12:23:16.311  2593  8904 W ctxmgr  : [AclManager]No 2 for (accnt=account#-517948760#, com.google.android.gms(10015):IndoorOutdoorProducer, vrsn=13280000, 0, 3pPkg = null ,  3pMdlId = null ,  pid = 2593). Was: 3 for 57, account#-517948760#
01-24 12:23:17.235  1594  8911 I chatty  : uid=1041(audioserver) /system/bin/audioserver expire 1 line
01-24 12:23:17.250  3275  3275 I chatty  : uid=10021 com.google.android.googlequicksearchbox:search expire 29 lines
01-24 12:23:17.345  3275  3290 I chatty  : uid=10021(com.google.android.googlequicksearchbox) HeapTaskDaemon expire 1 line
01-24 12:23:21.322  2593  6812 W ctxmgr  : [AclManager]No 2 for (accnt=account#-517948760#, com.google.android.gms(10015):IndoorOutdoorProducer, vrsn=13280000, 0, 3pPkg = null ,  3pMdlId = null ,  pid = 2593). Was: 3 for 57, account#-517948760#
01-24 12:23:22.295  1594  8914 I chatty  : uid=1041(audioserver) /system/bin/audioserver expire 1 line
01-24 12:23:22.298  3275  8169 I chatty  : uid=10021 com.google.android.googlequicksearchbox:search expire 27 lines
01-24 12:23:26.332  2593  7565 W ctxmgr  : [AclManager]No 2 for (accnt=account#-517948760#, com.google.android.gms(10015):IndoorOutdoorProducer, vrsn=13280000, 0, 3pPkg = null ,  3pMdlId = null ,  pid = 2593). Was: 3 for 57, account#-517948760#
01-24 12:23:27.328  1856  2157 I chatty  : uid=1000(system) HwBinder:1856_4 expire 19 lines
01-24 12:23:27.328  1856  1872 I chatty  : uid=1000(system) android.bg expire 19 lines
01-24 12:23:27.333  3275  1414 I chatty  : uid=10021(com.google.android.googlequicksearchbox) NonUserFacing13 expire 14 lines
01-24 12:23:27.338  1594  8917 I chatty  : uid=1041(audioserver) /system/bin/audioserver expire 1 line
01-24 12:23:31.345  2593  3988 W ctxmgr  : [AclManager]No 2 for (accnt=account#-517948760#, com.google.android.gms(10015):IndoorOutdoorProducer, vrsn=13280000, 0, 3pPkg = null ,  3pMdlId = null ,  pid = 2593). Was: 3 for 57, account#-517948760#
01-24 12:23:32.381  1594  8920 I chatty  : uid=1041(audioserver) /system/bin/audioserver expire 1 line
01-24 12:23:36.363  2593  7565 W ctxmgr  : [AclManager]No 2 for (accnt=account#-517948760#, com.google.android.gms(10015):IndoorOutdoorProducer, vrsn=13280000, 0, 3pPkg = null ,  3pMdlId = null ,  pid = 2593). Was: 3 for 57, account#-517948760#
01-24 12:23:37.419  1594  8923 I chatty  : uid=1041(audioserver) /system/bin/audioserver expire 1 line
01-24 12:23:37.429  3275  3275 I chatty  : uid=10021 com.google.android.googlequicksearchbox:search expire 28 lines
01-24 12:23:41.376  2593  7565 W ctxmgr  : [AclManager]No 2 for (accnt=account#-517948760#, com.google.android.gms(10015):IndoorOutdoorProducer, vrsn=13280000, 0, 3pPkg = null ,  3pMdlId = null ,  pid = 2593). Was: 3 for 57, account#-517948760#
01-24 12:23:42.450  3275  8169 I chatty  : uid=10021 com.google.android.googlequicksearchbox:search expire 35 lines
01-24 12:23:42.454  1594  8926 I chatty  : uid=1041(audioserver) /system/bin/audioserver expire 1 line
01-24 12:23:46.390  1856  2157 I chatty  : uid=1000(system) HwBinder:1856_4 expire 16 lines
01-24 12:23:46.392  1856  1872 I chatty  : uid=1000(system) android.bg expire 13 lines
01-24 12:23:46.395  2593  7565 W ctxmgr  : [AclManager]No 2 for (accnt=account#-517948760#, com.google.android.gms(10015):IndoorOutdoorProducer, vrsn=13280000, 0, 3pPkg = null ,  3pMdlId = null ,  pid = 2593). Was: 3 for 57, account#-517948760#
01-24 12:23:47.483  1594  8929 I chatty  : uid=1041(audioserver) /system/bin/audioserver expire 1 line
01-24 12:23:47.484  1594  9781 I chatty  : uid=1041(audioserver) Binder:1594_B expire 12 lines
01-24 12:23:51.410  2593  8904 W ctxmgr  : [AclManager]No 2 for (accnt=account#-517948760#, com.google.android.gms(10015):IndoorOutdoorProducer, vrsn=13280000, 0, 3pPkg = null ,  3pMdlId = null ,  pid = 2593). Was: 3 for 57, account#-517948760#
01-24 12:23:52.517  1594  8932 I chatty  : uid=1041(audioserver) /system/bin/audioserver expire 1 line
01-24 12:23:52.517  1594 10735 I chatty  : uid=1041(audioserver) Binder:1594_E expire 12 lines
01-24 12:23:52.523  3275  1414 I chatty  : uid=10021(com.google.android.googlequicksearchbox) NonUserFacing13 expire 17 lines
01-24 12:23:52.524  3275  3801 I chatty  : uid=10021(com.google.android.googlequicksearchbox) HotwordDetector expire 11 lines
01-24 12:23:52.525  3275  3985 I chatty  : uid=10021(com.google.android.googlequicksearchbox) NonUserFacing13 expire 11 lines
01-24 12:23:47.487  3275  8169 I chatty  : uid=10021 com.google.android.googlequicksearchbox:search identical 10 lines
01-24 12:23:52.520  3275  8169 E ActivityThread: Failed to find provider info for com.google.android.apps.gsa.testing.ui.audio.recorded
01-24 12:23:55.260  1711  1789 E storaged: getDiskStats failed with result NOT_SUPPORTED and size 0
01-24 12:23:56.421  2593  8904 W ctxmgr  : [AclManager]No 2 for (accnt=account#-517948760#, com.google.android.gms(10015):IndoorOutdoorProducer, vrsn=13280000, 0, 3pPkg = null ,  3pMdlId = null ,  pid = 2593). Was: 3 for 57, account#-517948760#
01-24 12:23:56.711  1792  1792 E netmgr  : Failed to open QEMU pipe 'qemud:network': Invalid argument
01-24 12:23:57.422  1856  1872 I chatty  : uid=1000(system) android.bg expire 25 lines
01-24 12:23:57.547  1594  8935 I chatty  : uid=1041(audioserver) /system/bin/audioserver expire 1 line
01-24 12:23:57.550  3275  8169 E ActivityThread: Failed to find provider info for com.google.android.apps.gsa.testing.ui.audio.recorded
01-24 12:23:57.556  3275  3275 I chatty  : uid=10021 com.google.android.googlequicksearchbox:search expire 27 lines
01-24 12:24:00.019  1840  1843 D hwcomposer: hw_composer sent 6 syncs in 60s
01-24 12:24:01.439  2593  8904 W ctxmgr  : [AclManager]No 2 for (accnt=account#-517948760#, com.google.android.gms(10015):IndoorOutdoorProducer, vrsn=13280000, 0, 3pPkg = null ,  3pMdlId = null ,  pid = 2593). Was: 3 for 57, account#-517948760#
01-24 12:24:02.435  1856  2157 I chatty  : uid=1000(system) HwBinder:1856_4 expire 25 lines
01-24 12:24:02.577  1594  8938 I chatty  : uid=1041(audioserver) /system/bin/audioserver expire 1 line
01-24 12:24:06.451  2593  8904 W ctxmgr  : [AclManager]No 2 for (accnt=account#-517948760#, com.google.android.gms(10015):IndoorOutdoorProducer, vrsn=13280000, 0, 3pPkg = null ,  3pMdlId = null ,  pid = 2593). Was: 3 for 57, account#-517948760#
01-24 12:24:07.609  3275  3985 I chatty  : uid=10021(com.google.android.googlequicksearchbox) NonUserFacing13 expire 12 lines
01-24 12:24:07.609  3275  8169 I chatty  : uid=10021 com.google.android.googlequicksearchbox:search expire 34 lines
01-24 12:24:07.615  1594  8941 I chatty  : uid=1041(audioserver) /system/bin/audioserver expire 1 line
01-24 12:24:11.473  2593  7565 W ctxmgr  : [AclManager]No 2 for (accnt=account#-517948760#, com.google.android.gms(10015):IndoorOutdoorProducer, vrsn=13280000, 0, 3pPkg = null ,  3pMdlId = null ,  pid = 2593). Was: 3 for 57, account#-517948760#
01-24 12:24:12.645  1594  8944 I chatty  : uid=1041(audioserver) /system/bin/audioserver expire 1 line
01-24 12:24:13.477  2593  2544 E WakeLock: GCM_HB_ALARM release without a matched acquire!
01-24 12:24:13.623  2593  3988 E NetworkScheduler: Invalid component specified.
01-24 12:24:13.656  2593  8904 W .gms.persisten: Long monitor contention with owner netscheduler-queue-handler (3504) at void xno.a(xnk, xla)(:com.google.android.gms@13280022@13.2.80 (040700-211705629):113) waiters=0 in boolean xno.d() for 137ms
01-24 12:24:13.852  2593  8946 W Conscrypt: Could not set socket write timeout: java.lang.reflect.InvocationTargetException
01-24 12:24:13.853  2593  8946 W Conscrypt: 	at java.lang.reflect.Method.invoke(Native Method)
01-24 12:24:13.853  2593  8946 W Conscrypt: 	at com.google.android.gms.org.conscrypt.Platform.setSocketWriteTimeout(:com.google.android.gms@13280022@13.2.80 (040700-211705629):13)
01-24 12:24:13.853  2593  8946 W Conscrypt: Caused by: android.system.ErrnoException: setsockopt failed: EBADF (Bad file descriptor)
01-24 12:24:13.853  2593  8946 W Conscrypt: 	at libcore.io.Linux.setsockoptTimeval(Native Method)
01-24 12:24:13.853  2593  8946 W Conscrypt: 	at libcore.io.ForwardingOs.setsockoptTimeval(ForwardingOs.java:174)
01-24 12:24:13.930  2593  8946 W Conscrypt: Could not set socket write timeout: java.lang.reflect.InvocationTargetException
01-24 12:24:13.930  2593  8946 W Conscrypt: 	at java.lang.reflect.Method.invoke(Native Method)
01-24 12:24:13.930  2593  8946 W Conscrypt: 	at com.google.android.gms.org.conscrypt.Platform.setSocketWriteTimeout(:com.google.android.gms@13280022@13.2.80 (040700-211705629):13)
01-24 12:24:13.930  2593  8946 W Conscrypt: Caused by: android.system.ErrnoException: setsockopt failed: EBADF (Bad file descriptor)
01-24 12:24:13.930  2593  8946 W Conscrypt: 	at libcore.io.Linux.setsockoptTimeval(Native Method)
01-24 12:24:13.930  2593  8946 W Conscrypt: 	at libcore.io.ForwardingOs.setsockoptTimeval(ForwardingOs.java:174)
01-24 12:24:15.159  2593  8946 W Conscrypt: Could not set socket write timeout: java.lang.reflect.InvocationTargetException
01-24 12:24:15.159  2593  8946 W Conscrypt: 	at java.lang.reflect.Method.invoke(Native Method)
01-24 12:24:15.159  2593  8946 W Conscrypt: 	at com.google.android.gms.org.conscrypt.Platform.setSocketWriteTimeout(:com.google.android.gms@13280022@13.2.80 (040700-211705629):13)
01-24 12:24:15.159  2593  8946 W Conscrypt: Caused by: android.system.ErrnoException: setsockopt failed: EBADF (Bad file descriptor)
01-24 12:24:15.160  2593  8946 W Conscrypt: 	at libcore.io.Linux.setsockoptTimeval(Native Method)
01-24 12:24:15.160  2593  8946 W Conscrypt: 	at libcore.io.ForwardingOs.setsockoptTimeval(ForwardingOs.java:174)
01-24 12:24:15.192  2593  8946 W Conscrypt: Could not set socket write timeout: java.lang.reflect.InvocationTargetException
01-24 12:24:15.192  2593  8946 W Conscrypt: 	at java.lang.reflect.Method.invoke(Native Method)
01-24 12:24:15.192  2593  8946 W Conscrypt: 	at com.google.android.gms.org.conscrypt.Platform.setSocketWriteTimeout(:com.google.android.gms@13280022@13.2.80 (040700-211705629):13)
01-24 12:24:15.192  2593  8946 W Conscrypt: Caused by: android.system.ErrnoException: setsockopt failed: EBADF (Bad file descriptor)
01-24 12:24:15.192  2593  8946 W Conscrypt: 	at libcore.io.Linux.setsockoptTimeval(Native Method)
01-24 12:24:15.192  2593  8946 W Conscrypt: 	at libcore.io.ForwardingOs.setsockoptTimeval(ForwardingOs.java:174)
01-24 12:24:15.244  2593  8947 W .gms.persisten: Long monitor contention with owner gcm-task#1 (8946) at boolean com.google.android.gms.clearcut.uploader.QosUploaderChimeraService.a(java.lang.String)(:com.google.android.gms@13280022@13.2.80 (040700-211705629):19) waiters=0 in boolean com.google.android.gms.clearcut.uploader.QosUploaderChimeraService.a(java.lang.String) for 1.610s
01-24 12:24:15.261  2593  8947 E NetworkScheduler.ATC: Received callback from client for task that is already complete. ComponentInfo{com.google.android.gms/com.google.android.gms.clearcut.uploader.QosUploaderService} qos_default_periodic
01-24 12:24:16.487  2593  8904 W ctxmgr  : [AclManager]No 2 for (accnt=account#-517948760#, com.google.android.gms(10015):IndoorOutdoorProducer, vrsn=13280000, 0, 3pPkg = null ,  3pMdlId = null ,  pid = 2593). Was: 3 for 57, account#-517948760#
01-24 12:24:17.676  1594 11602 I chatty  : uid=1041(audioserver) Binder:1594_F expire 9 lines
01-24 12:24:17.676  1594  8953 I chatty  : uid=1041(audioserver) /system/bin/audioserver expire 1 line
01-24 12:24:17.679  3275  3275 I chatty  : uid=10021 com.google.android.googlequicksearchbox:search expire 29 lines
01-24 12:24:21.497  2593  8904 W ctxmgr  : [AclManager]No 2 for (accnt=account#-517948760#, com.google.android.gms(10015):IndoorOutdoorProducer, vrsn=13280000, 0, 3pPkg = null ,  3pMdlId = null ,  pid = 2593). Was: 3 for 57, account#-517948760#
01-24 12:24:22.498  1856  1872 I chatty  : uid=1000(system) android.bg expire 24 lines
01-24 12:24:22.709  1594  8956 I chatty  : uid=1041(audioserver) /system/bin/audioserver expire 1 line
01-24 12:24:22.723  3275  1414 I chatty  : uid=10021(com.google.android.googlequicksearchbox) NonUserFacing13 expire 10 lines
01-24 12:24:26.518  2593  8904 W ctxmgr  : [AclManager]No 2 for (accnt=account#-517948760#, com.google.android.gms(10015):IndoorOutdoorProducer, vrsn=13280000, 0, 3pPkg = null ,  3pMdlId = null ,  pid = 2593). Was: 3 for 57, account#-517948760#
01-24 12:24:27.514  1856  2157 I chatty  : uid=1000(system) HwBinder:1856_4 expire 20 lines
01-24 12:24:27.759  3275  3985 I chatty  : uid=10021(com.google.android.googlequicksearchbox) NonUserFacing13 expire 15 lines
01-24 12:24:27.766  1594  8959 I chatty  : uid=1041(audioserver) /system/bin/audioserver expire 1 line
01-24 12:24:27.771  3275  8169 I chatty  : uid=10021 com.google.android.googlequicksearchbox:search expire 8 lines
01-24 12:24:31.525  2593  8904 W ctxmgr  : [AclManager]No 2 for (accnt=account#-517948760#, com.google.android.gms(10015):IndoorOutdoorProducer, vrsn=13280000, 0, 3pPkg = null ,  3pMdlId = null ,  pid = 2593). Was: 3 for 57, account#-517948760#
01-24 12:24:32.798  1594  8962 I chatty  : uid=1041(audioserver) /system/bin/audioserver expire 1 line
01-24 12:24:36.539  2593  8904 W ctxmgr  : [AclManager]No 2 for (accnt=account#-517948760#, com.google.android.gms(10015):IndoorOutdoorProducer, vrsn=13280000, 0, 3pPkg = null ,  3pMdlId = null ,  pid = 2593). Was: 3 for 57, account#-517948760#
01-24 12:24:37.824  3275  8965 I chatty  : uid=10021(com.google.android.googlequicksearchbox) UserFacing194 expire 36 lines
01-24 12:24:37.829  1594  8968 I chatty  : uid=1041(audioserver) /system/bin/audioserver expire 1 line
01-24 12:24:27.768  3275  8169 I chatty  : uid=10021 com.google.android.googlequicksearchbox:search identical 6 lines
01-24 12:24:32.803  3275  8169 E ActivityThread: Failed to find provider info for com.google.android.apps.gsa.testing.ui.audio.recorded
01-24 12:24:37.834  3275  8965 E ActivityThread: Failed to find provider info for com.google.android.apps.gsa.testing.ui.audio.recorded
01-24 12:24:37.834  3275  3275 I chatty  : uid=10021 com.google.android.googlequicksearchbox:search expire 14 lines
01-24 12:24:41.552  2593  8904 W ctxmgr  : [AclManager]No 2 for (accnt=account#-517948760#, com.google.android.gms(10015):IndoorOutdoorProducer, vrsn=13280000, 0, 3pPkg = null ,  3pMdlId = null ,  pid = 2593). Was: 3 for 57, account#-517948760#
01-24 12:24:42.862  1594  8971 I chatty  : uid=1041(audioserver) /system/bin/audioserver expire 1 line
01-24 12:24:42.862  1594  9781 I chatty  : uid=1041(audioserver) Binder:1594_B expire 3 lines
01-24 12:24:42.875  3275  3985 I chatty  : uid=10021(com.google.android.googlequicksearchbox) NonUserFacing13 expire 16 lines
01-24 12:24:46.564  1856  1872 I chatty  : uid=1000(system) android.bg expire 11 lines
01-24 12:24:46.568  2593  8904 W ctxmgr  : [AclManager]No 2 for (accnt=account#-517948760#, com.google.android.gms(10015):IndoorOutdoorProducer, vrsn=13280000, 0, 3pPkg = null ,  3pMdlId = null ,  pid = 2593). Was: 3 for 57, account#-517948760#
01-24 12:24:47.566  1856  2157 I chatty  : uid=1000(system) HwBinder:1856_4 expire 11 lines
01-24 12:24:47.898  1594 11602 I chatty  : uid=1041(audioserver) Binder:1594_F expire 3 lines
01-24 12:24:47.899  1594  8974 I chatty  : uid=1041(audioserver) /system/bin/audioserver expire 1 line
01-24 12:24:47.902  3275  3275 I chatty  : uid=10021 com.google.android.googlequicksearchbox:search expire 14 lines
01-24 12:24:47.907  3275  3801 I chatty  : uid=10021(com.google.android.googlequicksearchbox) HotwordDetector expire 10 lines
01-24 12:24:47.908  3275  1414 I chatty  : uid=10021(com.google.android.googlequicksearchbox) NonUserFacing13 expire 11 lines
01-24 12:24:51.587  2593  7565 W ctxmgr  : [AclManager]No 2 for (accnt=account#-517948760#, com.google.android.gms(10015):IndoorOutdoorProducer, vrsn=13280000, 0, 3pPkg = null ,  3pMdlId = null ,  pid = 2593). Was: 3 for 57, account#-517948760#
01-24 12:24:52.956  1594  8978 I chatty  : uid=1041(audioserver) /system/bin/audioserver expire 1 line
01-24 12:24:52.958  1594  9781 I chatty  : uid=1041(audioserver) Binder:1594_B expire 9 lines
01-24 12:24:47.902  3275  8965 I chatty  : uid=10021(com.google.android.googlequicksearchbox) UserFacing194 identical 2 lines
01-24 12:24:52.964  3275  8965 E ActivityThread: Failed to find provider info for com.google.android.apps.gsa.testing.ui.audio.recorded
01-24 12:24:55.262  1711  1789 E storaged: getDiskStats failed with result NOT_SUPPORTED and size 0
01-24 12:24:56.602  2593  7565 W ctxmgr  : [AclManager]No 2 for (accnt=account#-517948760#, com.google.android.gms(10015):IndoorOutdoorProducer, vrsn=13280000, 0, 3pPkg = null ,  3pMdlId = null ,  pid = 2593). Was: 3 for 57, account#-517948760#
01-24 12:24:56.717  1792  1792 E netmgr  : Failed to open QEMU pipe 'qemud:network': Invalid argument
01-24 12:24:57.602  1856  1872 I chatty  : uid=1000(system) android.bg expire 11 lines
01-24 12:24:58.011  1594  8981 I chatty  : uid=1041(audioserver) /system/bin/audioserver expire 1 line
01-24 12:24:58.027  3275  8965 E ActivityThread: Failed to find provider info for com.google.android.apps.gsa.testing.ui.audio.recorded
01-24 12:24:58.028  3275  3275 I chatty  : uid=10021 com.google.android.googlequicksearchbox:search expire 15 lines
01-24 12:24:58.602  1856  2157 I chatty  : uid=1000(system) HwBinder:1856_4 expire 14 lines
01-24 12:25:00.023  1840  1843 D hwcomposer: hw_composer sent 6 syncs in 60s
01-24 12:25:01.617  2593  8904 W ctxmgr  : [AclManager]No 2 for (accnt=account#-517948760#, com.google.android.gms(10015):IndoorOutdoorProducer, vrsn=13280000, 0, 3pPkg = null ,  3pMdlId = null ,  pid = 2593). Was: 3 for 57, account#-517948760#
01-24 12:25:03.066  1594  8984 I chatty  : uid=1041(audioserver) /system/bin/audioserver expire 1 line
01-24 12:25:03.066  1594 11602 I chatty  : uid=1041(audioserver) Binder:1594_F expire 3 lines
01-24 12:25:03.069  3275  8965 I chatty  : uid=10021(com.google.android.googlequicksearchbox) UserFacing194 expire 20 lines
01-24 12:25:03.078  3275  3985 I chatty  : uid=10021(com.google.android.googlequicksearchbox) NonUserFacing13 expire 12 lines
01-24 12:25:06.633  2593  8904 W ctxmgr  : [AclManager]No 2 for (accnt=account#-517948760#, com.google.android.gms(10015):IndoorOutdoorProducer, vrsn=13280000, 0, 3pPkg = null ,  3pMdlId = null ,  pid = 2593). Was: 3 for 57, account#-517948760#
01-24 12:25:08.105  1594  8987 I chatty  : uid=1041(audioserver) /system/bin/audioserver expire 1 line
01-24 12:25:08.119  3275  1414 I chatty  : uid=10021(com.google.android.googlequicksearchbox) NonUserFacing13 expire 17 lines
01-24 12:25:08.119  3275  3275 I chatty  : uid=10021 com.google.android.googlequicksearchbox:search expire 20 lines
01-24 12:25:08.637  1856  1872 I chatty  : uid=1000(system) android.bg expire 14 lines
01-24 12:25:11.651  2593  7565 W ctxmgr  : [AclManager]No 2 for (accnt=account#-517948760#, com.google.android.gms(10015):IndoorOutdoorProducer, vrsn=13280000, 0, 3pPkg = null ,  3pMdlId = null ,  pid = 2593). Was: 3 for 57, account#-517948760#
01-24 12:25:12.649  1856  2157 I chatty  : uid=1000(system) HwBinder:1856_4 expire 11 lines
01-24 12:25:13.150  1594 11602 I chatty  : uid=1041(audioserver) Binder:1594_F expire 3 lines
01-24 12:25:13.150  1594  8990 I chatty  : uid=1041(audioserver) /system/bin/audioserver expire 1 line
01-24 12:25:16.666  2593  3988 W ctxmgr  : [AclManager]No 2 for (accnt=account#-517948760#, com.google.android.gms(10015):IndoorOutdoorProducer, vrsn=13280000, 0, 3pPkg = null ,  3pMdlId = null ,  pid = 2593). Was: 3 for 57, account#-517948760#
01-24 12:25:18.185  3275  8965 I chatty  : uid=10021(com.google.android.googlequicksearchbox) UserFacing194 expire 29 lines
01-24 12:25:18.191  1594  8993 I chatty  : uid=1041(audioserver) /system/bin/audioserver expire 1 line
01-24 12:25:18.194  1594  9781 I chatty  : uid=1041(audioserver) Binder:1594_B expire 5 lines
01-24 12:25:21.679  2593  3988 W ctxmgr  : [AclManager]No 2 for (accnt=account#-517948760#, com.google.android.gms(10015):IndoorOutdoorProducer, vrsn=13280000, 0, 3pPkg = null ,  3pMdlId = null ,  pid = 2593). Was: 3 for 57, account#-517948760#
01-24 12:25:22.678  1856  1872 I chatty  : uid=1000(system) android.bg expire 11 lines
01-24 12:25:23.241  1594  8996 I chatty  : uid=1041(audioserver) /system/bin/audioserver expire 1 line
01-24 12:25:23.244  1594  9781 I chatty  : uid=1041(audioserver) Binder:1594_B expire 4 lines
01-24 12:25:23.253  3275  3275 I chatty  : uid=10021 com.google.android.googlequicksearchbox:search expire 14 lines
01-24 12:25:23.680  1856  2157 I chatty  : uid=1000(system) HwBinder:1856_4 expire 14 lines
01-24 12:25:26.693  2593  3988 W ctxmgr  : [AclManager]No 2 for (accnt=account#-517948760#, com.google.android.gms(10015):IndoorOutdoorProducer, vrsn=13280000, 0, 3pPkg = null ,  3pMdlId = null ,  pid = 2593). Was: 3 for 57, account#-517948760#
01-24 12:25:28.291  3275  1414 I chatty  : uid=10021(com.google.android.googlequicksearchbox) NonUserFacing13 expire 10 lines
01-24 12:25:28.302  1594  8999 I chatty  : uid=1041(audioserver) /system/bin/audioserver expire 1 line
01-24 12:25:31.707  2593  3988 W ctxmgr  : [AclManager]No 2 for (accnt=account#-517948760#, com.google.android.gms(10015):IndoorOutdoorProducer, vrsn=13280000, 0, 3pPkg = null ,  3pMdlId = null ,  pid = 2593). Was: 3 for 57, account#-517948760#
01-24 12:25:33.337  1594 11602 I chatty  : uid=1041(audioserver) Binder:1594_F expire 3 lines
01-24 12:25:33.340  1594  9002 I chatty  : uid=1041(audioserver) /system/bin/audioserver expire 1 line
01-24 12:25:33.342  3275  3275 I chatty  : uid=10021 com.google.android.googlequicksearchbox:search expire 14 lines
01-24 12:25:33.711  1856  1872 I chatty  : uid=1000(system) android.bg expire 12 lines
01-24 12:25:36.726  2593  8904 W ctxmgr  : [AclManager]No 2 for (accnt=account#-517948760#, com.google.android.gms(10015):IndoorOutdoorProducer, vrsn=13280000, 0, 3pPkg = null ,  3pMdlId = null ,  pid = 2593). Was: 3 for 57, account#-517948760#
01-24 12:25:37.725  1856  2157 I chatty  : uid=1000(system) HwBinder:1856_4 expire 11 lines
01-24 12:25:38.370  1594  9781 I chatty  : uid=1041(audioserver) Binder:1594_B expire 3 lines
01-24 12:25:38.371  1594  9005 I chatty  : uid=1041(audioserver) /system/bin/audioserver expire 1 line
01-24 12:25:38.372  3275  8965 I chatty  : uid=10021(com.google.android.googlequicksearchbox) UserFacing194 expire 20 lines
01-24 12:25:38.384  3275  3801 I chatty  : uid=10021(com.google.android.googlequicksearchbox) HotwordDetector expire 10 lines
01-24 12:25:38.385  3275  1414 I chatty  : uid=10021(com.google.android.googlequicksearchbox) NonUserFacing13 expire 10 lines
01-24 12:25:41.737  2593  3988 W ctxmgr  : [AclManager]No 2 for (accnt=account#-517948760#, com.google.android.gms(10015):IndoorOutdoorProducer, vrsn=13280000, 0, 3pPkg = null ,  3pMdlId = null ,  pid = 2593). Was: 3 for 57, account#-517948760#
01-24 12:25:43.407  1594 11602 I chatty  : uid=1041(audioserver) Binder:1594_F expire 5 lines
01-24 12:25:43.407  1594  9008 I chatty  : uid=1041(audioserver) /system/bin/audioserver expire 1 line
01-24 12:25:43.412  3275  3275 I chatty  : uid=10021 com.google.android.googlequicksearchbox:search expire 15 lines
01-24 12:25:43.416  3275  3985 I chatty  : uid=10021(com.google.android.googlequicksearchbox) NonUserFacing13 expire 21 lines
01-24 12:25:45.270  1856  2475 I chatty  : uid=1000(system) Binder:1856_A expire 2 lines
01-24 12:25:45.752  1856  1872 I chatty  : uid=1000(system) android.bg expire 11 lines
01-24 12:25:46.757  2593  3988 W ctxmgr  : [AclManager]No 2 for (accnt=account#-517948760#, com.google.android.gms(10015):IndoorOutdoorProducer, vrsn=13280000, 0, 3pPkg = null ,  3pMdlId = null ,  pid = 2593). Was: 3 for 57, account#-517948760#
01-24 12:25:48.443  1594  9011 I chatty  : uid=1041(audioserver) /system/bin/audioserver expire 1 line
01-24 12:25:48.444  1594 11602 I chatty  : uid=1041(audioserver) Binder:1594_F expire 1 line
01-24 12:25:48.762  1856  2157 I chatty  : uid=1000(system) HwBinder:1856_4 expire 12 lines
01-24 12:25:51.779  2593  3988 W ctxmgr  : [AclManager]No 2 for (accnt=account#-517948760#, com.google.android.gms(10015):IndoorOutdoorProducer, vrsn=13280000, 0, 3pPkg = null ,  3pMdlId = null ,  pid = 2593). Was: 3 for 57, account#-517948760#
01-24 12:25:53.473  3275  8965 I chatty  : uid=10021(com.google.android.googlequicksearchbox) UserFacing194 expire 15 lines
01-24 12:25:53.477  1594  9781 I chatty  : uid=1041(audioserver) Binder:1594_B expire 3 lines
01-24 12:25:53.478  1594  9014 I chatty  : uid=1041(audioserver) /system/bin/audioserver expire 1 line
01-24 12:25:53.486  3275  3275 I chatty  : uid=10021 com.google.android.googlequicksearchbox:search expire 13 lines
01-24 12:25:48.449  3275  8965 I chatty  : uid=10021(com.google.android.googlequicksearchbox) UserFacing194 identical 10 lines
01-24 12:25:53.481  3275  8965 E ActivityThread: Failed to find provider info for com.google.android.apps.gsa.testing.ui.audio.recorded
01-24 12:25:55.265  1711  1789 E storaged: getDiskStats failed with result NOT_SUPPORTED and size 0
01-24 12:25:56.775  1792  1792 E netmgr  : Failed to open QEMU pipe 'qemud:network': Invalid argument
01-24 12:25:56.801  1856  1872 I chatty  : uid=1000(system) android.bg expire 7 lines
01-24 12:25:56.804  2593  7565 W ctxmgr  : [AclManager]No 2 for (accnt=account#-517948760#, com.google.android.gms(10015):IndoorOutdoorProducer, vrsn=13280000, 0, 3pPkg = null ,  3pMdlId = null ,  pid = 2593). Was: 3 for 57, account#-517948760#
01-24 12:25:58.510  1594 11602 I chatty  : uid=1041(audioserver) Binder:1594_F expire 3 lines
01-24 12:25:58.511  1594  9018 I chatty  : uid=1041(audioserver) /system/bin/audioserver expire 1 line
01-24 12:25:58.512  3275  8965 E ActivityThread: Failed to find provider info for com.google.android.apps.gsa.testing.ui.audio.recorded
01-24 12:26:00.019  1840  1843 D hwcomposer: hw_composer sent 6 syncs in 60s
01-24 12:26:00.819  1856  2157 I chatty  : uid=1000(system) HwBinder:1856_4 expire 12 lines
01-24 12:26:01.828  2593  7565 W ctxmgr  : [AclManager]No 2 for (accnt=account#-517948760#, com.google.android.gms(10015):IndoorOutdoorProducer, vrsn=13280000, 0, 3pPkg = null ,  3pMdlId = null ,  pid = 2593). Was: 3 for 57, account#-517948760#
01-24 12:26:03.547  1594  9021 I chatty  : uid=1041(audioserver) /system/bin/audioserver expire 1 line
01-24 12:26:03.547  1594  9781 I chatty  : uid=1041(audioserver) Binder:1594_B expire 6 lines
01-24 12:26:03.548  3275  8965 I chatty  : uid=10021(com.google.android.googlequicksearchbox) UserFacing194 expire 20 lines
01-24 12:26:03.550  3275  3275 I chatty  : uid=10021 com.google.android.googlequicksearchbox:search expire 15 lines
01-24 12:26:03.829  1856  1872 I chatty  : uid=1000(system) android.bg expire 14 lines
01-24 12:26:06.842  2593  3988 W ctxmgr  : [AclManager]No 2 for (accnt=account#-517948760#, com.google.android.gms(10015):IndoorOutdoorProducer, vrsn=13280000, 0, 3pPkg = null ,  3pMdlId = null ,  pid = 2593). Was: 3 for 57, account#-517948760#
01-24 12:26:08.592  3275  3985 I chatty  : uid=10021(com.google.android.googlequicksearchbox) NonUserFacing13 expire 15 lines
01-24 12:26:08.600  1594  9024 I chatty  : uid=1041(audioserver) /system/bin/audioserver expire 1 line
01-24 12:26:08.630  3275  1414 I chatty  : uid=10021(com.google.android.googlequicksearchbox) NonUserFacing13 expire 14 lines
01-24 12:26:11.852  2593  8904 W ctxmgr  : [AclManager]No 2 for (accnt=account#-517948760#, com.google.android.gms(10015):IndoorOutdoorProducer, vrsn=13280000, 0, 3pPkg = null ,  3pMdlId = null ,  pid = 2593). Was: 3 for 57, account#-517948760#
01-24 12:26:12.850  1856  2157 I chatty  : uid=1000(system) HwBinder:1856_4 expire 11 lines
01-24 12:26:13.658  1594  9027 I chatty  : uid=1041(audioserver) /system/bin/audioserver expire 1 line
01-24 12:26:13.662  1594 11602 I chatty  : uid=1041(audioserver) Binder:1594_F expire 9 lines
01-24 12:26:13.688  3275  3275 I chatty  : uid=10021 com.google.android.googlequicksearchbox:search expire 13 lines
01-24 12:26:16.862  2593  8904 W ctxmgr  : [AclManager]No 2 for (accnt=account#-517948760#, com.google.android.gms(10015):IndoorOutdoorProducer, vrsn=13280000, 0, 3pPkg = null ,  3pMdlId = null ,  pid = 2593). Was: 3 for 57, account#-517948760#
01-24 12:26:17.863  1856  1872 I chatty  : uid=1000(system) android.bg expire 9 lines
01-24 12:26:18.712  3275  8965 I chatty  : uid=10021(com.google.android.googlequicksearchbox) UserFacing194 expire 29 lines
01-24 12:26:18.718  1594  9030 I chatty  : uid=1041(audioserver) /system/bin/audioserver expire 1 line
01-24 12:26:21.880  2593  8904 W ctxmgr  : [AclManager]No 2 for (accnt=account#-517948760#, com.google.android.gms(10015):IndoorOutdoorProducer, vrsn=13280000, 0, 3pPkg = null ,  3pMdlId = null ,  pid = 2593). Was: 3 for 57, account#-517948760#
01-24 12:26:23.760  1594  9033 I chatty  : uid=1041(audioserver) /system/bin/audioserver expire 1 line
01-24 12:26:23.766  3275  3275 I chatty  : uid=10021 com.google.android.googlequicksearchbox:search expire 14 lines
01-24 12:26:23.771  3275  3985 I chatty  : uid=10021(com.google.android.googlequicksearchbox) NonUserFacing13 expire 12 lines
01-24 12:26:23.882  1856  2157 I chatty  : uid=1000(system) HwBinder:1856_4 expire 14 lines
01-24 12:26:25.608  2639  7590 I Icing   : IndexChimeraService.getServiceInterface callingPackage=com.android.chrome componentName=null serviceId=36
01-24 12:26:25.652  2639 21328 I Icing   : Usage reports ok 0, Failed Usage reports 0, indexed 0, rejected 0, imm upload false
01-24 12:26:25.686  2639  2660 I gle.android.gm: Background concurrent copying GC freed 133372(5MB) AllocSpace objects, 16(832KB) LOS objects, 35% free, 10MB/16MB, paused 9.610ms total 64.212ms
01-24 12:26:26.656  2639 21328 I Icing   : Indexing com.android.chrome-omnibox from com.android.chrome
01-24 12:26:26.665  2639 21328 I Icing   : Indexing done com.android.chrome-omnibox
01-24 12:26:26.886  1856  1872 I chatty  : uid=1000(system) android.bg expire 11 lines
01-24 12:26:26.889  2593  8904 W ctxmgr  : [AclManager]No 2 for (accnt=account#-517948760#, com.google.android.gms(10015):IndoorOutdoorProducer, vrsn=13280000, 0, 3pPkg = null ,  3pMdlId = null ,  pid = 2593). Was: 3 for 57, account#-517948760#
01-24 12:26:28.797  1594  9038 I chatty  : uid=1041(audioserver) /system/bin/audioserver expire 1 line
01-24 12:26:28.797  1594  1650 I chatty  : uid=1041(audioserver) Binder:1594_1 expire 3 lines
01-24 12:26:28.810  3275  3801 I chatty  : uid=10021(com.google.android.googlequicksearchbox) HotwordDetector expire 5 lines
01-24 12:26:31.906  2593  8904 W ctxmgr  : [AclManager]No 2 for (accnt=account#-517948760#, com.google.android.gms(10015):IndoorOutdoorProducer, vrsn=13280000, 0, 3pPkg = null ,  3pMdlId = null ,  pid = 2593). Was: 3 for 57, account#-517948760#
01-24 12:26:33.830  1594 11602 I chatty  : uid=1041(audioserver) Binder:1594_F expire 3 lines
01-24 12:26:33.830  1594  9041 I chatty  : uid=1041(audioserver) /system/bin/audioserver expire 1 line
01-24 12:26:33.834  3275  3275 I chatty  : uid=10021 com.google.android.googlequicksearchbox:search expire 15 lines
01-24 12:26:36.921  2593  8904 W ctxmgr  : [AclManager]No 2 for (accnt=account#-517948760#, com.google.android.gms(10015):IndoorOutdoorProducer, vrsn=13280000, 0, 3pPkg = null ,  3pMdlId = null ,  pid = 2593). Was: 3 for 57, account#-517948760#
01-24 12:26:37.757  1709  1762 D MDnsDS  : MDnsSdListener::Monitor poll timed out
01-24 12:26:37.757  1709  1762 D MDnsDS  : Going to poll with pollCount 1
01-24 12:26:37.923  1856  2157 I chatty  : uid=1000(system) HwBinder:1856_4 expire 10 lines
01-24 12:26:37.923  1856  1872 I chatty  : uid=1000(system) android.bg expire 9 lines
01-24 12:26:38.863  1594  9047 I chatty  : uid=1041(audioserver) /system/bin/audioserver expire 1 line
01-24 12:26:38.863  1594  1650 I chatty  : uid=1041(audioserver) Binder:1594_1 expire 3 lines
01-24 12:26:38.866  3275  8965 I chatty  : uid=10021(com.google.android.googlequicksearchbox) UserFacing194 expire 20 lines
01-24 12:26:38.875  3275  1414 I chatty  : uid=10021(com.google.android.googlequicksearchbox) NonUserFacing13 expire 8 lines
01-24 12:26:41.941  2593  3988 W ctxmgr  : [AclManager]No 2 for (accnt=account#-517948760#, com.google.android.gms(10015):IndoorOutdoorProducer, vrsn=13280000, 0, 3pPkg = null ,  3pMdlId = null ,  pid = 2593). Was: 3 for 57, account#-517948760#
01-24 12:26:43.894  3275  3985 I chatty  : uid=10021(com.google.android.googlequicksearchbox) NonUserFacing13 expire 6 lines
01-24 12:26:43.898  1594 11602 I chatty  : uid=1041(audioserver) Binder:1594_F expire 6 lines
01-24 12:26:43.899  1594  9050 I chatty  : uid=1041(audioserver) /system/bin/audioserver expire 1 line
01-24 12:26:43.907  3275  3275 I chatty  : uid=10021 com.google.android.googlequicksearchbox:search expire 13 lines
01-24 12:26:45.293  1856  5278 I chatty  : uid=1000(system) Binder:1856_1E expire 2 lines
01-24 12:26:46.959  1856  1872 I chatty  : uid=1000(system) android.bg expire 11 lines
01-24 12:26:46.962  2593  3988 W ctxmgr  : [AclManager]No 2 for (accnt=account#-517948760#, com.google.android.gms(10015):IndoorOutdoorProducer, vrsn=13280000, 0, 3pPkg = null ,  3pMdlId = null ,  pid = 2593). Was: 3 for 57, account#-517948760#
01-24 12:26:47.960  1856  2157 I chatty  : uid=1000(system) HwBinder:1856_4 expire 11 lines
01-24 12:26:48.927  1594  9054 I chatty  : uid=1041(audioserver) /system/bin/audioserver expire 1 line
01-24 12:26:51.977  2593  3988 W ctxmgr  : [AclManager]No 2 for (accnt=account#-517948760#, com.google.android.gms(10015):IndoorOutdoorProducer, vrsn=13280000, 0, 3pPkg = null ,  3pMdlId = null ,  pid = 2593). Was: 3 for 57, account#-517948760#
01-24 12:26:53.949  3275  8965 I chatty  : uid=10021(com.google.android.googlequicksearchbox) UserFacing194 expire 21 lines
01-24 12:26:53.956  1594  1650 I chatty  : uid=1041(audioserver) Binder:1594_1 expire 3 lines
01-24 12:26:53.956  1594  9058 I chatty  : uid=1041(audioserver) /system/bin/audioserver expire 1 line
01-24 12:26:53.959  3275  3275 I chatty  : uid=10021 com.google.android.googlequicksearchbox:search expire 15 lines
01-24 12:26:53.964  3275  1414 I chatty  : uid=10021(com.google.android.googlequicksearchbox) NonUserFacing13 expire 10 lines
01-24 12:26:53.965  3275  3801 I chatty  : uid=10021(com.google.android.googlequicksearchbox) HotwordDetector expire 8 lines
01-24 12:26:53.966  3275  3985 I chatty  : uid=10021(com.google.android.googlequicksearchbox) NonUserFacing13 expire 15 lines
01-24 12:26:48.928  3275  8965 I chatty  : uid=10021(com.google.android.googlequicksearchbox) UserFacing194 identical 10 lines
01-24 12:26:53.958  3275  8965 E ActivityThread: Failed to find provider info for com.google.android.apps.gsa.testing.ui.audio.recorded
01-24 12:26:55.268  1711  1789 E storaged: getDiskStats failed with result NOT_SUPPORTED and size 0
01-24 12:26:56.789  1792  1792 E netmgr  : Failed to open QEMU pipe 'qemud:network': Invalid argument
01-24 12:26:56.988  2593  3988 W ctxmgr  : [AclManager]No 2 for (accnt=account#-517948760#, com.google.android.gms(10015):IndoorOutdoorProducer, vrsn=13280000, 0, 3pPkg = null ,  3pMdlId = null ,  pid = 2593). Was: 3 for 57, account#-517948760#
01-24 12:26:57.991  1856  1872 I chatty  : uid=1000(system) android.bg expire 12 lines
01-24 12:26:58.990  1594  9061 I chatty  : uid=1041(audioserver) /system/bin/audioserver expire 1 line
01-24 12:26:58.990  1594 11602 I chatty  : uid=1041(audioserver) Binder:1594_F expire 3 lines
01-24 12:26:58.993  1856  2157 I chatty  : uid=1000(system) HwBinder:1856_4 expire 11 lines
01-24 12:26:58.995  3275  8965 E ActivityThread: Failed to find provider info for com.google.android.apps.gsa.testing.ui.audio.recorded
01-24 12:27:00.016  1840  1843 D hwcomposer: hw_composer sent 6 syncs in 60s
01-24 12:27:02.008  2593  3988 W ctxmgr  : [AclManager]No 2 for (accnt=account#-517948760#, com.google.android.gms(10015):IndoorOutdoorProducer, vrsn=13280000, 0, 3pPkg = null ,  3pMdlId = null ,  pid = 2593). Was: 3 for 57, account#-517948760#
01-24 12:27:04.024  1594  1650 I chatty  : uid=1041(audioserver) Binder:1594_1 expire 3 lines
01-24 12:27:04.031  1594  9064 I chatty  : uid=1041(audioserver) /system/bin/audioserver expire 1 line
01-24 12:27:04.039  3275  1414 I chatty  : uid=10021(com.google.android.googlequicksearchbox) NonUserFacing13 expire 20 lines
01-24 12:27:04.040  3275  3275 I chatty  : uid=10021 com.google.android.googlequicksearchbox:search expire 13 lines
01-24 12:27:07.027  2593  3988 W ctxmgr  : [AclManager]No 2 for (accnt=account#-517948760#, com.google.android.gms(10015):IndoorOutdoorProducer, vrsn=13280000, 0, 3pPkg = null ,  3pMdlId = null ,  pid = 2593). Was: 3 for 57, account#-517948760#
01-24 12:27:09.060  3275  8965 I chatty  : uid=10021(com.google.android.googlequicksearchbox) UserFacing194 expire 29 lines
01-24 12:27:09.064  1594  9067 I chatty  : uid=1041(audioserver) /system/bin/audioserver expire 1 line
