01-22 12:27:52.860  2593  7166 E bqye    : 	at java.util.concurrent.ThreadPoolExecutor.runWorker(ThreadPoolExecutor.java:1167)
01-22 12:27:52.860  2593  7166 E bqye    : 	at java.util.concurrent.ThreadPoolExecutor$Worker.run(ThreadPoolExecutor.java:641)
01-22 12:27:52.860  2593  7166 E bqye    : 	at java.lang.Thread.run(Thread.java:764)
01-22 12:27:53.011  2593  2593 W .gms.persisten: Long monitor contention with owner gcm-task#1 (7166) at boolean ppd.a(ppc, android.content.ServiceConnection, java.lang.String)(:com.google.android.gms@13280022@13.2.80 (040700-211705629):5) waiters=0 in void ppe.onServiceConnected(android.content.ComponentName, android.os.IBinder) for 121ms
01-22 12:27:53.156  2639  7138 W ChimeraUtils: Non Chimera context
01-22 12:27:53.156  2639  7138 W ChimeraUtils: Non Chimera context
01-22 12:27:53.268  3858  3858 W Binder:3858_1: type=1400 audit(0.0:48): avc: denied { search } for name="run" dev="dm-1" ino=7342 scontext=u:r:priv_app:s0:c512,c768 tcontext=u:object_r:varrun_file:s0 tclass=dir permissive=0
01-22 12:27:53.284  1583  4239 I WVCdm   : [cdm_engine.cpp(190):CloseSession] CdmEngine::CloseSession: sid24
01-22 12:27:53.316  2593  7166 W GLSUser : [DeviceKeyStore] Cannot load key: Device key file not found.
01-22 12:27:53.351  3858  3870 I ConfigStore: android::hardware::configstore::V1_0::ISurfaceFlingerConfigs::hasWideColorDisplay retrieved: 0
01-22 12:27:53.351  3858  3870 I ConfigStore: android::hardware::configstore::V1_0::ISurfaceFlingerConfigs::hasHDRDisplay retrieved: 0
01-22 12:27:53.371  3858  3870 D EGL_emulation: eglCreateContext: 0xe5cfe500: maj 3 min 0 rcv 3
01-22 12:27:53.388  3858  3870 D EGL_emulation: eglMakeCurrent: 0xe5cfe500: ver 3 0 (tinfo 0xdd30f1a0)
01-22 12:27:53.393  1583  4239 I WVCdm   : [(0):] L3 Terminate.
01-22 12:27:53.458  2593  6752 I GCoreUlr: Unbound from all signal providers.
01-22 12:27:53.460  2593  7166 W GLSUser : [DeviceKeyStore] Cannot load key: Device key file not found.
01-22 12:27:53.598  2593  7130 W .gms.persisten: Long monitor contention with owner netscheduler-queue-handler (3504) at void xno.a(xnk, xla)(:com.google.android.gms@13280022@13.2.80 (040700-211705629):113) waiters=0 in void xno.a(xlr, boolean) for 1.266s
01-22 12:27:53.746  2593  2593 I GCoreUlr: Unbound from all signal providers.
01-22 12:27:53.747  3858  3870 I ConfigStore: android::hardware::configstore::V1_0::ISurfaceFlingerConfigs::hasWideColorDisplay retrieved: 0
01-22 12:27:53.747  2593  2593 I GCoreUlr: Stopping handler for UlrDispSvcFast
01-22 12:27:53.747  3858  3870 I ConfigStore: android::hardware::configstore::V1_0::ISurfaceFlingerConfigs::hasHDRDisplay retrieved: 0
01-22 12:27:53.751  3858  3870 D EGL_emulation: eglCreateContext: 0xe5cffe80: maj 3 min 0 rcv 3
01-22 12:27:53.761  3858  3870 D EGL_emulation: eglMakeCurrent: 0xe5cffe80: ver 3 0 (tinfo 0xdd30f1a0)
01-22 12:27:54.031  2639  5239 W Conscrypt: Could not set socket write timeout: java.lang.reflect.InvocationTargetException
01-22 12:27:54.040  2593  6751 W Conscrypt: Could not set socket write timeout: java.lang.reflect.InvocationTargetException
01-22 12:27:54.062  2639  5239 W Conscrypt: 	at java.lang.reflect.Method.invoke(Native Method)
01-22 12:27:54.062  2639  5239 W Conscrypt: 	at com.google.android.gms.org.conscrypt.Platform.setSocketWriteTimeout(:com.google.android.gms@13280022@13.2.80 (040700-211705629):13)
01-22 12:27:54.062  2639  5239 W Conscrypt: Caused by: android.system.ErrnoException: setsockopt failed: EBADF (Bad file descriptor)
01-22 12:27:54.062  2639  5239 W Conscrypt: 	at libcore.io.Linux.setsockoptTimeval(Native Method)
01-22 12:27:54.062  2639  5239 W Conscrypt: 	at libcore.io.ForwardingOs.setsockoptTimeval(ForwardingOs.java:174)
01-22 12:27:54.071  2593  6751 W Conscrypt: 	at java.lang.reflect.Method.invoke(Native Method)
01-22 12:27:54.089  2593  2615 I .gms.persisten: Background concurrent copying GC freed 142583(6MB) AllocSpace objects, 18(912KB) LOS objects, 39% free, 9MB/15MB, paused 65.574ms total 3.815s
01-22 12:27:54.097  2593  6751 W Conscrypt: 	at com.google.android.gms.org.conscrypt.Platform.setSocketWriteTimeout(:com.google.android.gms@13280022@13.2.80 (040700-211705629):13)
01-22 12:27:54.097  2593  6751 W Conscrypt: Caused by: android.system.ErrnoException: setsockopt failed: EBADF (Bad file descriptor)
01-22 12:27:54.098  2593  6751 W Conscrypt: 	at libcore.io.Linux.setsockoptTimeval(Native Method)
01-22 12:27:54.098  2593  6751 W Conscrypt: 	at libcore.io.ForwardingOs.setsockoptTimeval(ForwardingOs.java:174)
01-22 12:27:54.401  3858  3867 W System  : A resource failed to call release. 
01-22 12:27:54.403  3858  3867 I chatty  : uid=10015(com.google.android.gms) FinalizerDaemon identical 3 lines
01-22 12:27:54.441  3275  3795 I chatty  : uid=10021 com.google.android.googlequicksearchbox:search expire 15 lines
01-22 12:27:54.496  1594  7175 I chatty  : uid=1041(audioserver) /system/bin/audioserver expire 1 line
01-22 12:27:54.503  3275  3795 E ActivityThread: Failed to find provider info for com.google.android.apps.gsa.testing.ui.audio.recorded
01-22 12:27:55.252  1856  2091 I chatty  : uid=1000(system) HwBinder:1856_3 expire 23 lines
01-22 12:27:55.253  1856  1872 I chatty  : uid=1000(system) android.bg expire 25 lines
01-22 12:27:55.368  3858  3858 I chatty  : uid=10015 com.google.android.gms.unstable expire 14 lines
01-22 12:27:56.293  2593  4079 I chatty  : uid=10015(com.google.android.gms) Binder:2593_E expire 2 lines
01-22 12:27:57.284  2639  2658 I chatty  : uid=10015(com.google.android.gms) FinalizerDaemon expire 1 line
01-22 12:27:57.451  2593  2888 I chatty  : uid=10015(com.google.android.gms) highpool[1] expire 13 lines
01-22 12:27:59.781  3275  3275 I chatty  : uid=10021 com.google.android.googlequicksearchbox:search expire 30 lines
01-22 12:28:00.244  3275  5430 I chatty  : uid=10021 com.google.android.googlequicksearchbox:search expire 5 lines
01-22 12:28:00.335  1594  7209 I chatty  : uid=1041(audioserver) /system/bin/audioserver expire 1 line
01-22 12:28:00.341  3275  3795 E ActivityThread: Failed to find provider info for com.google.android.apps.gsa.testing.ui.audio.recorded
01-22 12:28:04.711  2593  7211 I chatty  : uid=10015 com.google.android.gms.persistent expire 13 lines
01-22 12:28:05.049  2639  7213 I chatty  : uid=10015(com.google.android.gms) expire 1 line
01-22 12:28:05.479  1594  7217 I chatty  : uid=1041(audioserver) /system/bin/audioserver expire 1 line
01-22 12:28:05.481  3275  3308 E ActivityThread: Failed to find provider info for com.google.android.apps.gsa.testing.ui.audio.recorded
01-22 12:28:05.487  3275  5422 I chatty  : uid=10021(com.google.android.googlequicksearchbox) NonUserFacing6 expire 10 lines
01-22 12:28:08.024  1856  3206 I chatty  : uid=1000(system) Binder:1856_E expire 1 line
01-22 12:28:09.995  1792  1792 E netmgr  : Failed to open QEMU pipe 'qemud:network': Invalid argument
01-22 12:28:10.515  1594  1651 I chatty  : uid=1041(audioserver) Binder:1594_2 expire 12 lines
01-22 12:28:10.515  1594  7222 I chatty  : uid=1041(audioserver) /system/bin/audioserver expire 1 line
01-22 12:28:15.540  1594  1594 I chatty  : uid=1041(audioserver) /system/bin/audioserver expire 15 lines
01-22 12:28:15.540  1594  7227 I chatty  : uid=1041(audioserver) /system/bin/audioserver expire 1 line
01-22 12:28:15.540  3275  3308 I chatty  : uid=10021(com.google.android.googlequicksearchbox) UserFacing1 expire 28 lines
01-22 12:28:15.544  3275  3275 I chatty  : uid=10021 com.google.android.googlequicksearchbox:search expire 28 lines
01-22 12:28:15.552  3275  3300 I chatty  : uid=10021(com.google.android.googlequicksearchbox) NonUserFacing0 expire 20 lines
01-22 12:28:10.516  3275  3308 I chatty  : uid=10021(com.google.android.googlequicksearchbox) UserFacing1 identical 1 line
01-22 12:28:15.544  3275  3308 E ActivityThread: Failed to find provider info for com.google.android.apps.gsa.testing.ui.audio.recorded
01-22 12:28:16.903  1711  1789 E storaged: getDiskStats failed with result NOT_SUPPORTED and size 0
01-22 12:28:18.306  1856  2091 I chatty  : uid=1000(system) HwBinder:1856_3 expire 18 lines
01-22 12:28:18.306  1856  1872 I chatty  : uid=1000(system) android.bg expire 17 lines
01-22 12:28:18.848  1856  1916 I ActivityManager: Killing 6116:io.appium.settings/u0a86 (adj 906): empty #17
01-22 12:28:18.851  1856  1876 I chatty  : uid=1000(system) ActivityManager expire 11 lines
01-22 12:28:18.893  1699  1699 I Zygote  : Process 6116 exited due to signal (9)
01-22 12:28:18.898  1856  1881 W ActivityManager: setHasOverlayUi called on unknown pid: 6116
01-22 12:28:19.079  1856  2130 I ActivityManager: Killing 2372:com.google.android.dialer/u0a24 (adj 906): empty #17
01-22 12:28:19.106  1699  1699 I Zygote  : Process 2372 exited due to signal (9)
01-22 12:28:20.584  1594  7231 I chatty  : uid=1041(audioserver) /system/bin/audioserver expire 1 line
01-22 12:28:20.584  3275  3308 E ActivityThread: Failed to find provider info for com.google.android.apps.gsa.testing.ui.audio.recorded
01-22 12:28:25.492  1856  1877 D KernelUidCpuTimeReader: Removing uids 99001-99001
01-22 12:28:25.494  1856  1877 D KernelUidCpuTimeReader: Removing uids 99002-99002
01-22 12:28:25.631  1594  7236 I chatty  : uid=1041(audioserver) /system/bin/audioserver expire 1 line
01-22 12:28:25.633  3275  3308 E ActivityThread: Failed to find provider info for com.google.android.apps.gsa.testing.ui.audio.recorded
01-22 12:28:30.659  1594  7239 I chatty  : uid=1041(audioserver) /system/bin/audioserver expire 1 line
01-22 12:28:30.661  3275  3308 E ActivityThread: Failed to find provider info for com.google.android.apps.gsa.testing.ui.audio.recorded
01-22 12:28:31.332  1856  4236 I ActivityManager: Killing 6512:com.google.android.play.games.ui/u0a15 (adj 906): empty #17
01-22 12:28:31.375  1699  1699 I Zygote  : Process 6512 exited due to signal (9)
01-22 12:28:33.341  1856  1872 I chatty  : uid=1000(system) android.bg expire 30 lines
01-22 12:28:35.687  1594  7243 I chatty  : uid=1041(audioserver) /system/bin/audioserver expire 1 line
01-22 12:28:35.688  3275  3308 I chatty  : uid=10021(com.google.android.googlequicksearchbox) UserFacing1 expire 43 lines
01-22 12:28:35.689  3275  3308 E ActivityThread: Failed to find provider info for com.google.android.apps.gsa.testing.ui.audio.recorded
01-22 12:28:35.689  3275  3275 I chatty  : uid=10021 com.google.android.googlequicksearchbox:search expire 50 lines
01-22 12:28:35.692  3275  3300 I chatty  : uid=10021(com.google.android.googlequicksearchbox) NonUserFacing0 expire 35 lines
01-22 12:28:36.348  1856  2091 I chatty  : uid=1000(system) HwBinder:1856_3 expire 30 lines
01-22 12:28:40.725  1594  7246 I chatty  : uid=1041(audioserver) /system/bin/audioserver expire 1 line
01-22 12:28:45.751  1594  7249 I chatty  : uid=1041(audioserver) /system/bin/audioserver expire 1 line
01-22 12:28:47.389  2593  6795 I chatty  : uid=10015(com.google.android.gms) lowpool[35] expire 11 lines
01-22 12:28:50.187  2639  7252 I chatty  : uid=10015(com.google.android.gms) expire 1 line
01-22 12:28:40.726  3275  3308 I chatty  : uid=10021(com.google.android.googlequicksearchbox) UserFacing1 identical 1 line
01-22 12:28:45.752  3275  3308 E ActivityThread: Failed to find provider info for com.google.android.apps.gsa.testing.ui.audio.recorded
01-22 12:28:50.195  1856  1986 E SyncManager: Couldn't find backoff values for evanescentblade777@gmail.com/com.google.android.gms.subscribedfeeds:u0
01-22 12:28:50.772  1594  1651 I chatty  : uid=1041(audioserver) Binder:1594_2 expire 34 lines
01-22 12:28:50.772  1594  7256 I chatty  : uid=1041(audioserver) /system/bin/audioserver expire 1 line
01-22 12:28:50.774  3275  3308 E ActivityThread: Failed to find provider info for com.google.android.apps.gsa.testing.ui.audio.recorded
01-22 12:28:55.799  1594  7259 I chatty  : uid=1041(audioserver) /system/bin/audioserver expire 1 line
01-22 12:28:55.807  3275  3801 I chatty  : uid=10021(com.google.android.googlequicksearchbox) HotwordDetector expire 18 lines
01-22 12:28:55.810  3275  5422 I chatty  : uid=10021(com.google.android.googlequicksearchbox) NonUserFacing6 expire 29 lines
01-22 12:29:00.019  1840  1843 D hwcomposer: hw_composer sent 30 syncs in 80s
01-22 12:29:00.824  1594  7262 I chatty  : uid=1041(audioserver) /system/bin/audioserver expire 1 line
01-22 12:29:01.427  1856  1872 I chatty  : uid=1000(system) android.bg expire 85 lines
01-22 12:29:05.853  3275  3308 I chatty  : uid=10021(com.google.android.googlequicksearchbox) UserFacing1 expire 91 lines
01-22 12:29:05.857  1594  7266 I chatty  : uid=1041(audioserver) /system/bin/audioserver expire 1 line
01-22 12:29:06.436  1856  2091 I chatty  : uid=1000(system) HwBinder:1856_3 expire 72 lines
01-22 12:29:10.011  1792  1792 E netmgr  : Failed to open QEMU pipe 'qemud:network': Invalid argument
01-22 12:29:10.886  1594  7269 I chatty  : uid=1041(audioserver) /system/bin/audioserver expire 1 line
01-22 12:29:10.886  1594  1594 I chatty  : uid=1041(audioserver) /system/bin/audioserver expire 18 lines
01-22 12:29:10.889  3275  3275 I chatty  : uid=10021 com.google.android.googlequicksearchbox:search expire 98 lines
01-22 12:29:15.912  3275  3300 I chatty  : uid=10021(com.google.android.googlequicksearchbox) NonUserFacing0 expire 33 lines
01-22 12:29:15.917  1594  7272 I chatty  : uid=1041(audioserver) /system/bin/audioserver expire 1 line
01-22 12:29:10.888  3275  3308 I chatty  : uid=10021(com.google.android.googlequicksearchbox) UserFacing1 identical 4 lines
01-22 12:29:15.920  3275  3308 E ActivityThread: Failed to find provider info for com.google.android.apps.gsa.testing.ui.audio.recorded
01-22 12:29:16.905  1711  1789 E storaged: getDiskStats failed with result NOT_SUPPORTED and size 0
01-22 12:29:20.947  1594  7275 I chatty  : uid=1041(audioserver) /system/bin/audioserver expire 1 line
01-22 12:29:20.948  3275  3308 E ActivityThread: Failed to find provider info for com.google.android.apps.gsa.testing.ui.audio.recorded
01-22 12:29:25.989  1594  7278 I chatty  : uid=1041(audioserver) /system/bin/audioserver expire 1 line
01-22 12:29:31.020  1594  7281 I chatty  : uid=1041(audioserver) /system/bin/audioserver expire 1 line
01-22 12:29:36.049  1594  7284 I chatty  : uid=1041(audioserver) /system/bin/audioserver expire 1 line
01-22 12:29:41.078  1594  7287 I chatty  : uid=1041(audioserver) /system/bin/audioserver expire 1 line
01-22 12:29:46.118  1594  7290 I chatty  : uid=1041(audioserver) /system/bin/audioserver expire 1 line
01-22 12:29:51.179  1594  7293 I chatty  : uid=1041(audioserver) /system/bin/audioserver expire 1 line
01-22 12:29:56.209  1594  7296 I chatty  : uid=1041(audioserver) /system/bin/audioserver expire 1 line
01-22 12:30:00.022  1840  1843 D hwcomposer: hw_composer sent 12 syncs in 60s
01-22 12:30:01.230  3275  5422 I chatty  : uid=10021(com.google.android.googlequicksearchbox) NonUserFacing6 expire 30 lines
01-22 12:30:01.235  1594  7299 I chatty  : uid=1041(audioserver) /system/bin/audioserver expire 1 line
01-22 12:30:01.241  3275  3300 I chatty  : uid=10021(com.google.android.googlequicksearchbox) NonUserFacing0 expire 17 lines
01-22 12:30:06.266  1594  7302 I chatty  : uid=1041(audioserver) /system/bin/audioserver expire 1 line
01-22 12:30:10.021  1792  1792 E netmgr  : Failed to open QEMU pipe 'qemud:network': Invalid argument
01-22 12:30:11.297  3275  3308 I chatty  : uid=10021(com.google.android.googlequicksearchbox) UserFacing1 expire 21 lines
01-22 12:30:11.301  1594  7305 I chatty  : uid=1041(audioserver) /system/bin/audioserver expire 1 line
01-22 12:30:11.303  3275  3308 I chatty  : uid=10021(com.google.android.googlequicksearchbox) UserFacing1 identical 10 lines
01-22 12:30:16.331  1594  7308 I chatty  : uid=1041(audioserver) /system/bin/audioserver expire 1 line
01-22 12:30:16.332  1594  1651 I chatty  : uid=1041(audioserver) Binder:1594_2 expire 20 lines
01-22 12:30:16.333  3275  3308 E ActivityThread: Failed to find provider info for com.google.android.apps.gsa.testing.ui.audio.recorded
01-22 12:30:16.650  1856  1872 I chatty  : uid=1000(system) android.bg expire 81 lines
01-22 12:30:16.907  1711  1789 E storaged: getDiskStats failed with result NOT_SUPPORTED and size 0
01-22 12:30:18.653  1856  2091 I chatty  : uid=1000(system) HwBinder:1856_3 expire 50 lines
01-22 12:30:21.363  1594  7311 I chatty  : uid=1041(audioserver) /system/bin/audioserver expire 1 line
01-22 12:30:21.366  3275  3308 E ActivityThread: Failed to find provider info for com.google.android.apps.gsa.testing.ui.audio.recorded
01-22 12:30:21.366  3275  3275 I chatty  : uid=10021 com.google.android.googlequicksearchbox:search expire 56 lines
01-22 12:30:23.690  1705  6403 D DrmHal  : found drm@1.0 IDrmFactory clearkey
01-22 12:30:23.694  1705  6403 D DrmHal  : found drm@1.0 IDrmFactory default
01-22 12:30:23.694  1705  6403 D DrmHal  : found drm@1.0 IDrmFactory widevine
01-22 12:30:23.696  1705  6403 D DrmHal  : found drm@1.1 IDrmFactory clearkey
01-22 12:30:23.697  1705  6403 D DrmHal  : found drm@1.1 IDrmFactory widevine
01-22 12:30:23.709  1583  4239 D WVCdm   : Instantiating CDM.
01-22 12:30:23.710  1583  1583 I WVCdm   : [cdm_engine.cpp(480):QueryStatus] CdmEngine::QueryStatus
01-22 12:30:23.710  1583  7317 I WVCdm   : [(0):] Level3 Library 4464 Apr 20 2018 14:54:35
01-22 12:30:23.717  1583  1583 I WVCdm   : [oemcrypto_adapter_dynamic.cpp(575):Initialize] L3 Initialized. Trying L1.
01-22 12:30:23.717  1583  1583 W WVCdm   : [oemcrypto_adapter_dynamic.cpp(586):Initialize] Could not load liboemcrypto.so. Falling back to L3.  dlopen failed: library "liboemcrypto.so" not found
01-22 12:30:23.717  1583  1583 D WVCdm   : [crypto_session.cpp(646):Open] CryptoSession::Open: Lock: requested_security_level: Default
01-22 12:30:23.726  1583  1583 I WVCdm   : [(0):] L3 Terminate.
01-22 12:30:23.726  1583  1583 I WVCdm   : [cdm_engine.cpp(110):OpenSession] CdmEngine::OpenSession
01-22 12:30:23.727  1583  7318 I WVCdm   : [(0):] Level3 Library 4464 Apr 20 2018 14:54:35
01-22 12:30:23.735  1583  1583 I WVCdm   : [oemcrypto_adapter_dynamic.cpp(575):Initialize] L3 Initialized. Trying L1.
01-22 12:30:23.735  1583  1583 W WVCdm   : [oemcrypto_adapter_dynamic.cpp(586):Initialize] Could not load liboemcrypto.so. Falling back to L3.  dlopen failed: library "liboemcrypto.so" not found
01-22 12:30:23.735  1583  1583 D WVCdm   : [crypto_session.cpp(646):Open] CryptoSession::Open: Lock: requested_security_level: Default
01-22 12:30:23.738  1583  1583 I WVCdm   : [device_files.cpp(166):ExtractDeviceInfo] ExtractDeviceInfo Entry
01-22 12:30:23.741  1583  1583 I WVCdm   : [cdm_engine.cpp(147):OpenSession] CdmEngine::OpenSession: sid25
01-22 12:30:23.741  1583  1583 I WVCdm   : [cdm_engine.cpp(742):QueryOemCryptoSessionId] CdmEngine::QueryOemCryptoSessionId
01-22 12:30:23.742  1583  1583 I WVCdm   : [cdm_engine.cpp(233):GenerateKeyRequest] CdmEngine::GenerateKeyRequest
01-22 12:30:23.743  1583  1583 D WVCdm   : [license.cpp(355):PrepareKeyRequest] PrepareKeyRequest: nonce=3918023633
01-22 12:30:23.826  1583  1583 I WVCdm   : [cdm_engine.cpp(190):CloseSession] CdmEngine::CloseSession: sid25
01-22 12:30:23.830  1583  1583 I WVCdm   : [(0):] L3 Terminate.
01-22 12:30:23.877  2593  2890 I chatty  : uid=10015(com.google.android.gms) highpool[2] expire 1 line
01-22 12:30:24.256  3858  7313 I chatty  : uid=10015 com.google.android.gms.unstable expire 10 lines
01-22 12:30:24.513  1704  1704 I keystore: del USRPKEY_unstable.825349ac930c2370b39f30e7d789963a.7 10015
01-22 12:30:24.514  1704  1704 I keystore: del USRCERT_unstable.825349ac930c2370b39f30e7d789963a.7 10015
01-22 12:30:24.514  1704  1704 I keystore: del CACERT_unstable.825349ac930c2370b39f30e7d789963a.7 10015
01-22 12:30:26.388  3275  3308 I chatty  : uid=10021(com.google.android.googlequicksearchbox) UserFacing1 expire 49 lines
01-22 12:30:26.392  1594  7328 I chatty  : uid=1041(audioserver) /system/bin/audioserver expire 1 line
01-22 12:30:26.401  3275  3801 I chatty  : uid=10021(com.google.android.googlequicksearchbox) HotwordDetector expire 16 lines
01-22 12:30:31.422  3275  5422 I chatty  : uid=10021(com.google.android.googlequicksearchbox) NonUserFacing6 expire 26 lines
01-22 12:30:31.425  1594  7331 I chatty  : uid=1041(audioserver) /system/bin/audioserver expire 1 line
01-22 12:30:36.462  1594  7334 I chatty  : uid=1041(audioserver) /system/bin/audioserver expire 1 line
01-22 12:30:39.242  1856  5213 I chatty  : uid=1000(system) Binder:1856_1D expire 6 lines
01-22 12:30:41.495  1594  7337 I chatty  : uid=1041(audioserver) /system/bin/audioserver expire 1 line
01-22 12:30:42.728  2593  5304 I chatty  : uid=10015 com.google.android.gms.persistent expire 10 lines
01-22 12:30:46.524  1594  7341 I chatty  : uid=1041(audioserver) /system/bin/audioserver expire 1 line
01-22 12:30:51.554  1594  7344 I chatty  : uid=1041(audioserver) /system/bin/audioserver expire 1 line
01-22 12:30:51.554  1594  1594 I chatty  : uid=1041(audioserver) /system/bin/audioserver expire 18 lines
01-22 12:30:52.963  2639  2639 I chatty  : uid=10015(com.google.android.gms) expire 1 line
01-22 12:30:56.587  1594  7348 I chatty  : uid=1041(audioserver) /system/bin/audioserver expire 1 line
01-22 12:31:00.026  1840  1843 D hwcomposer: hw_composer sent 6 syncs in 60s
01-22 12:31:01.607  3275  3308 I chatty  : uid=10021(com.google.android.googlequicksearchbox) UserFacing1 expire 92 lines
01-22 12:31:01.611  1594  7358 I chatty  : uid=1041(audioserver) /system/bin/audioserver expire 1 line
01-22 12:31:01.614  3275  3275 I chatty  : uid=10021 com.google.android.googlequicksearchbox:search expire 84 lines
01-22 12:31:01.615  3275  3300 I chatty  : uid=10021(com.google.android.googlequicksearchbox) NonUserFacing0 expire 44 lines
01-22 12:31:01.617  3275  5422 I chatty  : uid=10021(com.google.android.googlequicksearchbox) NonUserFacing6 expire 38 lines
01-22 12:31:06.640  1594  7362 I chatty  : uid=1041(audioserver) /system/bin/audioserver expire 1 line
01-22 12:31:08.795  1856  2091 I chatty  : uid=1000(system) HwBinder:1856_3 expire 64 lines
01-22 12:31:10.033  1792  1792 E netmgr  : Failed to open QEMU pipe 'qemud:network': Invalid argument
01-22 12:31:11.670  1594  1651 I chatty  : uid=1041(audioserver) Binder:1594_2 expire 18 lines
01-22 12:31:11.670  1594  7366 I chatty  : uid=1041(audioserver) /system/bin/audioserver expire 1 line
01-22 12:31:11.673  3275  3308 I chatty  : uid=10021(com.google.android.googlequicksearchbox) UserFacing1 identical 10 lines
01-22 12:31:16.698  1594  7370 I chatty  : uid=1041(audioserver) /system/bin/audioserver expire 1 line
01-22 12:31:16.703  3275  3308 E ActivityThread: Failed to find provider info for com.google.android.apps.gsa.testing.ui.audio.recorded
01-22 12:31:16.909  1711  1789 E storaged: getDiskStats failed with result NOT_SUPPORTED and size 0
01-22 12:31:21.740  1594  7373 I chatty  : uid=1041(audioserver) /system/bin/audioserver expire 1 line
01-22 12:31:21.743  3275  3308 E ActivityThread: Failed to find provider info for com.google.android.apps.gsa.testing.ui.audio.recorded
01-22 12:31:21.837  1856  1872 I chatty  : uid=1000(system) android.bg expire 51 lines
01-22 12:31:26.771  1594  7376 I chatty  : uid=1041(audioserver) /system/bin/audioserver expire 1 line
01-22 12:31:31.800  1594  7379 I chatty  : uid=1041(audioserver) /system/bin/audioserver expire 1 line
01-22 12:31:36.826  1594  7383 I chatty  : uid=1041(audioserver) /system/bin/audioserver expire 1 line
01-22 12:31:41.873  1594  7386 I chatty  : uid=1041(audioserver) /system/bin/audioserver expire 1 line
01-22 12:31:44.405  2639  7388 I chatty  : uid=10015(com.google.android.gms) expire 1 line
01-22 12:31:46.905  1594  7392 I chatty  : uid=1041(audioserver) /system/bin/audioserver expire 1 line
01-22 12:31:46.912  3275  3801 I chatty  : uid=10021(com.google.android.googlequicksearchbox) HotwordDetector expire 14 lines
01-22 12:31:51.941  1594  7395 I chatty  : uid=1041(audioserver) /system/bin/audioserver expire 1 line
01-22 12:31:51.943  1594  1594 I chatty  : uid=1041(audioserver) /system/bin/audioserver expire 27 lines
01-22 12:31:56.971  1594  7402 I chatty  : uid=1041(audioserver) /system/bin/audioserver expire 1 line
01-22 12:32:00.018  1840  1843 D hwcomposer: hw_composer sent 6 syncs in 60s
01-22 12:32:01.997  1594  7406 I chatty  : uid=1041(audioserver) /system/bin/audioserver expire 1 line
01-22 12:32:01.997  3275  3275 I chatty  : uid=10021 com.google.android.googlequicksearchbox:search expire 98 lines
01-22 12:32:07.025  1594  7409 I chatty  : uid=1041(audioserver) /system/bin/audioserver expire 1 line
01-22 12:32:07.025  1594  1651 I chatty  : uid=1041(audioserver) Binder:1594_2 expire 12 lines
01-22 12:32:07.026  3275  3308 I chatty  : uid=10021(com.google.android.googlequicksearchbox) UserFacing1 expire 98 lines
01-22 12:32:07.027  3275  3308 I chatty  : uid=10021(com.google.android.googlequicksearchbox) UserFacing1 identical 9 lines
01-22 12:32:07.031  3275  3300 I chatty  : uid=10021(com.google.android.googlequicksearchbox) NonUserFacing0 expire 40 lines
01-22 12:32:08.973  1856  1872 I chatty  : uid=1000(system) android.bg expire 64 lines
01-22 12:32:10.045  1792  1792 E netmgr  : Failed to open QEMU pipe 'qemud:network': Invalid argument
01-22 12:32:12.052  1594  7412 I chatty  : uid=1041(audioserver) /system/bin/audioserver expire 1 line
01-22 12:32:12.055  3275  3308 E ActivityThread: Failed to find provider info for com.google.android.apps.gsa.testing.ui.audio.recorded
01-22 12:32:12.061  3275  5422 I chatty  : uid=10021(com.google.android.googlequicksearchbox) NonUserFacing6 expire 19 lines
01-22 12:32:12.986  1856  2091 I chatty  : uid=1000(system) HwBinder:1856_3 expire 57 lines
01-22 12:32:16.912  1711  1789 E storaged: getDiskStats failed with result NOT_SUPPORTED and size 0
01-22 12:32:17.077  1594  7416 I chatty  : uid=1041(audioserver) /system/bin/audioserver expire 1 line
01-22 12:32:17.081  3275  3308 E ActivityThread: Failed to find provider info for com.google.android.apps.gsa.testing.ui.audio.recorded
01-22 12:32:22.106  1594  7419 I chatty  : uid=1041(audioserver) /system/bin/audioserver expire 1 line
01-22 12:32:27.136  1594  7422 I chatty  : uid=1041(audioserver) /system/bin/audioserver expire 1 line
01-22 12:32:32.160  1594  7425 I chatty  : uid=1041(audioserver) /system/bin/audioserver expire 1 line
01-22 12:32:37.193  1594  7430 I chatty  : uid=1041(audioserver) /system/bin/audioserver expire 1 line
01-22 12:32:42.238  1594  7436 I chatty  : uid=1041(audioserver) /system/bin/audioserver expire 1 line
01-22 12:32:43.093  2593  5304 I chatty  : uid=10015 com.google.android.gms.persistent expire 6 lines
01-22 12:32:43.949  3275  3320 I chatty  : uid=10021(com.google.android.googlequicksearchbox) NonUserFacing2 expire 14 lines
01-22 12:32:47.322  1594  7439 I chatty  : uid=1041(audioserver) /system/bin/audioserver expire 1 line
01-22 12:32:48.103  2593  6795 I chatty  : uid=10015(com.google.android.gms) lowpool[35] expire 8 lines
01-22 12:32:52.370  1594  7443 I chatty  : uid=1041(audioserver) /system/bin/audioserver expire 1 line
01-22 12:32:53.123  2593  7130 I chatty  : uid=10015(com.google.android.gms) lowpool[38] expire 7 lines
01-22 12:32:57.400  1594  7447 I chatty  : uid=1041(audioserver) /system/bin/audioserver expire 1 line
01-22 12:32:57.405  3275  3801 I chatty  : uid=10021(com.google.android.googlequicksearchbox) HotwordDetector expire 10 lines
01-22 12:33:00.007  1840  1843 D hwcomposer: hw_composer sent 6 syncs in 60s
01-22 12:33:02.428  1594  7450 I chatty  : uid=1041(audioserver) /system/bin/audioserver expire 1 line
01-22 12:33:02.429  1594  1594 I chatty  : uid=1041(audioserver) /system/bin/audioserver expire 12 lines
01-22 12:33:02.433  3275  3320 I chatty  : uid=10021(com.google.android.googlequicksearchbox) NonUserFacing2 expire 52 lines
01-22 12:33:07.455  1594  7453 I chatty  : uid=1041(audioserver) /system/bin/audioserver expire 1 line
01-22 12:33:07.456  1594  1651 I chatty  : uid=1041(audioserver) Binder:1594_2 expire 9 lines
01-22 12:33:09.159  1856  1872 I chatty  : uid=1000(system) android.bg expire 55 lines
01-22 12:33:10.050  1792  1792 E netmgr  : Failed to open QEMU pipe 'qemud:network': Invalid argument
01-22 12:33:10.164  1856  2091 I chatty  : uid=1000(system) HwBinder:1856_3 expire 60 lines
01-22 12:33:12.488  1594  7456 I chatty  : uid=1041(audioserver) /system/bin/audioserver expire 1 line
01-22 12:33:12.491  3275  3275 I chatty  : uid=10021 com.google.android.googlequicksearchbox:search expire 70 lines
01-22 12:33:07.458  3275  3308 I chatty  : uid=10021(com.google.android.googlequicksearchbox) UserFacing1 identical 10 lines
01-22 12:33:12.490  3275  3308 E ActivityThread: Failed to find provider info for com.google.android.apps.gsa.testing.ui.audio.recorded
01-22 12:33:16.913  1711  1789 E storaged: getDiskStats failed with result NOT_SUPPORTED and size 0
01-22 12:33:17.519  1594  7459 I chatty  : uid=1041(audioserver) /system/bin/audioserver expire 1 line
01-22 12:33:17.520  3275  3308 I chatty  : uid=10021(com.google.android.googlequicksearchbox) UserFacing1 expire 69 lines
01-22 12:33:17.521  3275  3308 E ActivityThread: Failed to find provider info for com.google.android.apps.gsa.testing.ui.audio.recorded
01-22 12:33:21.939  2639  7353 I chatty  : uid=10015(com.google.android.gms) lowpool[38] expire 3 lines
01-22 12:33:22.550  1594  7467 I chatty  : uid=1041(audioserver) /system/bin/audioserver expire 1 line
01-22 12:33:27.586  1594  7470 I chatty  : uid=1041(audioserver) /system/bin/audioserver expire 1 line
01-22 12:33:27.591  3275  3300 I chatty  : uid=10021(com.google.android.googlequicksearchbox) NonUserFacing0 expire 11 lines
01-22 12:33:32.611  1594  7473 I chatty  : uid=1041(audioserver) /system/bin/audioserver expire 1 line
01-22 12:33:37.649  1594  7474 I chatty  : uid=1041(audioserver) Binder:1594_5 expire 12 lines
01-22 12:33:37.650  1594  7477 I chatty  : uid=1041(audioserver) /system/bin/audioserver expire 1 line
01-22 12:33:42.676  1594  7480 I chatty  : uid=1041(audioserver) /system/bin/audioserver expire 1 line
01-22 12:33:47.705  1594  2017 I chatty  : uid=1041(audioserver) Binder:1594_3 expire 12 lines
01-22 12:33:47.705  1594  7483 I chatty  : uid=1041(audioserver) /system/bin/audioserver expire 1 line
01-22 12:33:47.710  3275  3801 I chatty  : uid=10021(com.google.android.googlequicksearchbox) HotwordDetector expire 10 lines
01-22 12:33:52.734  1594  7486 I chatty  : uid=1041(audioserver) /system/bin/audioserver expire 1 line
01-22 12:33:57.771  1594  7489 I chatty  : uid=1041(audioserver) /system/bin/audioserver expire 1 line
01-22 12:34:00.012  1840  1843 D hwcomposer: hw_composer sent 6 syncs in 60s
01-22 12:34:02.809  1594  7492 I chatty  : uid=1041(audioserver) /system/bin/audioserver expire 1 line
01-22 12:34:02.813  3275  3275 I chatty  : uid=10021 com.google.android.googlequicksearchbox:search expire 49 lines
01-22 12:34:02.816  3275  3320 I chatty  : uid=10021(com.google.android.googlequicksearchbox) NonUserFacing2 expire 30 lines
01-22 12:34:02.818  3275  3300 I chatty  : uid=10021(com.google.android.googlequicksearchbox) NonUserFacing0 expire 10 lines
01-22 12:34:04.316  1856  1872 I chatty  : uid=1000(system) android.bg expire 27 lines
01-22 12:34:07.835  3275  3308 I chatty  : uid=10021(com.google.android.googlequicksearchbox) UserFacing1 expire 56 lines
01-22 12:34:07.839  1594  7495 I chatty  : uid=1041(audioserver) /system/bin/audioserver expire 1 line
01-22 12:34:10.055  1792  1792 E netmgr  : Failed to open QEMU pipe 'qemud:network': Invalid argument
01-22 12:34:10.336  1856  2091 I chatty  : uid=1000(system) HwBinder:1856_3 expire 33 lines
01-22 12:34:12.873  1594  7498 I chatty  : uid=1041(audioserver) /system/bin/audioserver expire 1 line
01-22 12:34:07.842  3275  3308 I chatty  : uid=10021(com.google.android.googlequicksearchbox) UserFacing1 identical 10 lines
01-22 12:34:12.875  3275  3308 E ActivityThread: Failed to find provider info for com.google.android.apps.gsa.testing.ui.audio.recorded
01-22 12:34:16.915  1711  1789 E storaged: getDiskStats failed with result NOT_SUPPORTED and size 0
01-22 12:34:17.906  1594  7501 I chatty  : uid=1041(audioserver) /system/bin/audioserver expire 1 line
01-22 12:34:17.906  1594  7474 I chatty  : uid=1041(audioserver) Binder:1594_5 expire 15 lines
01-22 12:34:17.908  3275  3308 E ActivityThread: Failed to find provider info for com.google.android.apps.gsa.testing.ui.audio.recorded
01-22 12:34:22.936  1594  7504 I chatty  : uid=1041(audioserver) /system/bin/audioserver expire 1 line
01-22 12:34:27.965  1594  7508 I chatty  : uid=1041(audioserver) /system/bin/audioserver expire 1 line
01-22 12:34:27.965  1594  2017 I chatty  : uid=1041(audioserver) Binder:1594_3 expire 12 lines
01-22 12:34:28.389  2593  5304 W ctxmgr  : [AclManager]No 2 for (accnt=account#-517948760#, com.google.android.gms(10015):IndoorOutdoorProducer, vrsn=13280000, 0, 3pPkg = null ,  3pMdlId = null ,  pid = 2593). Was: 3 for 57, account#-517948760#
01-22 12:34:29.391  1856  1872 I chatty  : uid=1000(system) android.bg expire 25 lines
01-22 12:34:32.989  1594  7512 I chatty  : uid=1041(audioserver) /system/bin/audioserver expire 1 line
01-22 12:34:32.994  3275  3320 I chatty  : uid=10021(com.google.android.googlequicksearchbox) NonUserFacing2 expire 14 lines
01-22 12:34:33.403  2593  5304 W ctxmgr  : [AclManager]No 2 for (accnt=account#-517948760#, com.google.android.gms(10015):IndoorOutdoorProducer, vrsn=13280000, 0, 3pPkg = null ,  3pMdlId = null ,  pid = 2593). Was: 3 for 57, account#-517948760#
01-22 12:34:38.017  1594  7515 I chatty  : uid=1041(audioserver) /system/bin/audioserver expire 1 line
01-22 12:34:38.021  3275  3275 I chatty  : uid=10021 com.google.android.googlequicksearchbox:search expire 28 lines
01-22 12:34:38.023  3275  3801 I chatty  : uid=10021(com.google.android.googlequicksearchbox) HotwordDetector expire 10 lines
01-22 12:34:38.416  2593  5304 W ctxmgr  : [AclManager]No 2 for (accnt=account#-517948760#, com.google.android.gms(10015):IndoorOutdoorProducer, vrsn=13280000, 0, 3pPkg = null ,  3pMdlId = null ,  pid = 2593). Was: 3 for 57, account#-517948760#
01-22 12:34:32.992  3275  3308 I chatty  : uid=10021(com.google.android.googlequicksearchbox) UserFacing1 identical 3 lines
01-22 12:34:38.020  3275  3308 E ActivityThread: Failed to find provider info for com.google.android.apps.gsa.testing.ui.audio.recorded
01-22 12:34:38.418  1856  1877 D KernelUidCpuTimeReader: Removing uids 99003-99003
01-22 12:34:38.418  1856  1877 D KernelUidCpuTimeReader: Removing uids 99004-99004
01-22 12:34:38.418  1856  1877 D KernelUidCpuTimeReader: Removing uids 99005-99005
01-22 12:34:43.044  1594  7519 I chatty  : uid=1041(audioserver) /system/bin/audioserver expire 1 line
01-22 12:34:43.045  3275  3308 E ActivityThread: Failed to find provider info for com.google.android.apps.gsa.testing.ui.audio.recorded
01-22 12:34:43.428  1856  2091 I chatty  : uid=1000(system) HwBinder:1856_3 expire 11 lines
01-22 12:34:43.430  2593  5304 W ctxmgr  : [AclManager]No 2 for (accnt=account#-517948760#, com.google.android.gms(10015):IndoorOutdoorProducer, vrsn=13280000, 0, 3pPkg = null ,  3pMdlId = null ,  pid = 2593). Was: 3 for 57, account#-517948760#
01-22 12:34:48.068  3275  3308 I chatty  : uid=10021(com.google.android.googlequicksearchbox) UserFacing1 expire 28 lines
01-22 12:34:48.072  1594  7523 I chatty  : uid=1041(audioserver) /system/bin/audioserver expire 1 line
01-22 12:34:48.079  3275  3300 I chatty  : uid=10021(com.google.android.googlequicksearchbox) NonUserFacing0 expire 14 lines
01-22 12:34:48.080  3275  3320 I chatty  : uid=10021(com.google.android.googlequicksearchbox) NonUserFacing2 expire 20 lines
01-22 12:34:48.453  2593  7130 W ctxmgr  : [AclManager]No 2 for (accnt=account#-517948760#, com.google.android.gms(10015):IndoorOutdoorProducer, vrsn=13280000, 0, 3pPkg = null ,  3pMdlId = null ,  pid = 2593). Was: 3 for 57, account#-517948760#
01-22 12:34:53.103  1594  7526 I chatty  : uid=1041(audioserver) /system/bin/audioserver expire 1 line
01-22 12:34:53.104  1594  7474 I chatty  : uid=1041(audioserver) Binder:1594_5 expire 12 lines
01-22 12:34:53.471  2593  7130 W ctxmgr  : [AclManager]No 2 for (accnt=account#-517948760#, com.google.android.gms(10015):IndoorOutdoorProducer, vrsn=13280000, 0, 3pPkg = null ,  3pMdlId = null ,  pid = 2593). Was: 3 for 57, account#-517948760#
01-22 12:34:54.472  1856  2091 I chatty  : uid=1000(system) HwBinder:1856_3 expire 25 lines
01-22 12:34:54.472  1856  1872 I chatty  : uid=1000(system) android.bg expire 25 lines
01-22 12:34:58.133  1594  7529 I chatty  : uid=1041(audioserver) /system/bin/audioserver expire 1 line
01-22 12:34:58.136  3275  3275 I chatty  : uid=10021 com.google.android.googlequicksearchbox:search expire 35 lines
01-22 12:34:58.488  2593  5304 W ctxmgr  : [AclManager]No 2 for (accnt=account#-517948760#, com.google.android.gms(10015):IndoorOutdoorProducer, vrsn=13280000, 0, 3pPkg = null ,  3pMdlId = null ,  pid = 2593). Was: 3 for 57, account#-517948760#
01-22 12:35:00.016  1840  1843 D hwcomposer: hw_composer sent 6 syncs in 60s
01-22 12:35:03.164  1594  7532 I chatty  : uid=1041(audioserver) /system/bin/audioserver expire 1 line
01-22 12:35:03.172  3275  3300 I chatty  : uid=10021(com.google.android.googlequicksearchbox) NonUserFacing0 expire 13 lines
01-22 12:35:03.505  2593  5304 W ctxmgr  : [AclManager]No 2 for (accnt=account#-517948760#, com.google.android.gms(10015):IndoorOutdoorProducer, vrsn=13280000, 0, 3pPkg = null ,  3pMdlId = null ,  pid = 2593). Was: 3 for 57, account#-517948760#
01-22 12:35:08.191  3275  3308 I chatty  : uid=10021(com.google.android.googlequicksearchbox) UserFacing1 expire 22 lines
01-22 12:35:08.196  1594  7535 I chatty  : uid=1041(audioserver) /system/bin/audioserver expire 1 line
01-22 12:35:08.531  2593  5304 W ctxmgr  : [AclManager]No 2 for (accnt=account#-517948760#, com.google.android.gms(10015):IndoorOutdoorProducer, vrsn=13280000, 0, 3pPkg = null ,  3pMdlId = null ,  pid = 2593). Was: 3 for 57, account#-517948760#
01-22 12:35:10.058  1792  1792 E netmgr  : Failed to open QEMU pipe 'qemud:network': Invalid argument
01-22 12:35:13.233  1594  7538 I chatty  : uid=1041(audioserver) /system/bin/audioserver expire 1 line
01-22 12:35:13.542  2593  7130 W ctxmgr  : [AclManager]No 2 for (accnt=account#-517948760#, com.google.android.gms(10015):IndoorOutdoorProducer, vrsn=13280000, 0, 3pPkg = null ,  3pMdlId = null ,  pid = 2593). Was: 3 for 57, account#-517948760#
01-22 12:35:08.201  3275  3308 I chatty  : uid=10021(com.google.android.googlequicksearchbox) UserFacing1 identical 5 lines
01-22 12:35:13.235  3275  3308 E ActivityThread: Failed to find provider info for com.google.android.apps.gsa.testing.ui.audio.recorded
01-22 12:35:16.916  1711  1789 E storaged: getDiskStats failed with result NOT_SUPPORTED and size 0
01-22 12:35:18.269  1594  7541 I chatty  : uid=1041(audioserver) /system/bin/audioserver expire 1 line
01-22 12:35:18.273  3275  3308 E ActivityThread: Failed to find provider info for com.google.android.apps.gsa.testing.ui.audio.recorded
01-22 12:35:18.562  2593  7130 W ctxmgr  : [AclManager]No 2 for (accnt=account#-517948760#, com.google.android.gms(10015):IndoorOutdoorProducer, vrsn=13280000, 0, 3pPkg = null ,  3pMdlId = null ,  pid = 2593). Was: 3 for 57, account#-517948760#
01-22 12:35:19.561  1856  2091 I chatty  : uid=1000(system) HwBinder:1856_3 expire 25 lines
01-22 12:35:19.561  1856  1872 I chatty  : uid=1000(system) android.bg expire 25 lines
01-22 12:35:23.307  1594  2017 I chatty  : uid=1041(audioserver) Binder:1594_3 expire 12 lines
01-22 12:35:23.307  1594  7544 I chatty  : uid=1041(audioserver) /system/bin/audioserver expire 1 line
01-22 12:35:23.307  3275  3308 I chatty  : uid=10021(com.google.android.googlequicksearchbox) UserFacing1 expire 20 lines
01-22 12:35:23.308  3275  3275 I chatty  : uid=10021 com.google.android.googlequicksearchbox:search expire 21 lines
01-22 12:35:23.577  2593  7130 W ctxmgr  : [AclManager]No 2 for (accnt=account#-517948760#, com.google.android.gms(10015):IndoorOutdoorProducer, vrsn=13280000, 0, 3pPkg = null ,  3pMdlId = null ,  pid = 2593). Was: 3 for 57, account#-517948760#
01-22 12:35:28.333  3275  3320 I chatty  : uid=10021(com.google.android.googlequicksearchbox) NonUserFacing2 expire 21 lines
01-22 12:35:28.336  1594  7548 I chatty  : uid=1041(audioserver) /system/bin/audioserver expire 1 line
01-22 12:35:28.342  3275  3801 I chatty  : uid=10021(com.google.android.googlequicksearchbox) HotwordDetector expire 10 lines
01-22 12:35:28.344  3275  3300 I chatty  : uid=10021(com.google.android.googlequicksearchbox) NonUserFacing0 expire 15 lines
01-22 12:35:28.584  2593  7130 W ctxmgr  : [AclManager]No 2 for (accnt=account#-517948760#, com.google.android.gms(10015):IndoorOutdoorProducer, vrsn=13280000, 0, 3pPkg = null ,  3pMdlId = null ,  pid = 2593). Was: 3 for 57, account#-517948760#
01-22 12:35:33.366  1594  7551 I chatty  : uid=1041(audioserver) /system/bin/audioserver expire 1 line
01-22 12:35:33.366  1594  7474 I chatty  : uid=1041(audioserver) Binder:1594_5 expire 12 lines
01-22 12:35:33.604  2593  5304 W ctxmgr  : [AclManager]No 2 for (accnt=account#-517948760#, com.google.android.gms(10015):IndoorOutdoorProducer, vrsn=13280000, 0, 3pPkg = null ,  3pMdlId = null ,  pid = 2593). Was: 3 for 57, account#-517948760#
01-22 12:35:38.393  3275  3308 I chatty  : uid=10021(com.google.android.googlequicksearchbox) UserFacing1 expire 22 lines
01-22 12:35:38.397  1594  7554 I chatty  : uid=1041(audioserver) /system/bin/audioserver expire 1 line
01-22 12:35:38.400  3275  3275 I chatty  : uid=10021 com.google.android.googlequicksearchbox:search expire 21 lines
01-22 12:35:38.613  2593  6795 W ctxmgr  : [AclManager]No 2 for (accnt=account#-517948760#, com.google.android.gms(10015):IndoorOutdoorProducer, vrsn=13280000, 0, 3pPkg = null ,  3pMdlId = null ,  pid = 2593). Was: 3 for 57, account#-517948760#
01-22 12:35:43.424  1594  7558 I chatty  : uid=1041(audioserver) /system/bin/audioserver expire 1 line
01-22 12:35:43.630  2593  5304 W ctxmgr  : [AclManager]No 2 for (accnt=account#-517948760#, com.google.android.gms(10015):IndoorOutdoorProducer, vrsn=13280000, 0, 3pPkg = null ,  3pMdlId = null ,  pid = 2593). Was: 3 for 57, account#-517948760#
01-22 12:35:44.469  1856  1872 I chatty  : uid=1000(system) android.bg expire 27 lines
01-22 12:35:44.632  1856  2091 I chatty  : uid=1000(system) HwBinder:1856_3 expire 25 lines
01-22 12:35:48.455  1594  7562 I chatty  : uid=1041(audioserver) /system/bin/audioserver expire 1 line
01-22 12:35:48.459  3275  3320 I chatty  : uid=10021(com.google.android.googlequicksearchbox) NonUserFacing2 expire 17 lines
01-22 12:35:48.636  2593  5304 W ctxmgr  : [AclManager]No 2 for (accnt=account#-517948760#, com.google.android.gms(10015):IndoorOutdoorProducer, vrsn=13280000, 0, 3pPkg = null ,  3pMdlId = null ,  pid = 2593). Was: 3 for 57, account#-517948760#
01-22 12:35:53.484  1594  7565 I chatty  : uid=1041(audioserver) /system/bin/audioserver expire 1 line
01-22 12:35:53.487  3275  3308 I chatty  : uid=10021(com.google.android.googlequicksearchbox) UserFacing1 expire 28 lines
01-22 12:35:53.488  3275  3275 I chatty  : uid=10021 com.google.android.googlequicksearchbox:search expire 28 lines
01-22 12:35:53.648  2593  7130 W ctxmgr  : [AclManager]No 2 for (accnt=account#-517948760#, com.google.android.gms(10015):IndoorOutdoorProducer, vrsn=13280000, 0, 3pPkg = null ,  3pMdlId = null ,  pid = 2593). Was: 3 for 57, account#-517948760#
01-22 12:35:58.518  1594  7568 I chatty  : uid=1041(audioserver) /system/bin/audioserver expire 1 line
01-22 12:35:58.665  2593  6795 W ctxmgr  : [AclManager]No 2 for (accnt=account#-517948760#, com.google.android.gms(10015):IndoorOutdoorProducer, vrsn=13280000, 0, 3pPkg = null ,  3pMdlId = null ,  pid = 2593). Was: 3 for 57, account#-517948760#
01-22 12:36:00.008  1840  1843 D hwcomposer: hw_composer sent 6 syncs in 60s
01-22 12:36:03.550  1594  7571 I chatty  : uid=1041(audioserver) /system/bin/audioserver expire 1 line
01-22 12:36:03.551  1594  7474 I chatty  : uid=1041(audioserver) Binder:1594_5 expire 11 lines
01-22 12:36:03.557  3275  3300 I chatty  : uid=10021(com.google.android.googlequicksearchbox) NonUserFacing0 expire 16 lines
01-22 12:36:03.676  2593  6795 W ctxmgr  : [AclManager]No 2 for (accnt=account#-517948760#, com.google.android.gms(10015):IndoorOutdoorProducer, vrsn=13280000, 0, 3pPkg = null ,  3pMdlId = null ,  pid = 2593). Was: 3 for 57, account#-517948760#
01-22 12:36:08.580  1594  7574 I chatty  : uid=1041(audioserver) /system/bin/audioserver expire 1 line
01-22 12:36:08.687  2593  6795 W ctxmgr  : [AclManager]No 2 for (accnt=account#-517948760#, com.google.android.gms(10015):IndoorOutdoorProducer, vrsn=13280000, 0, 3pPkg = null ,  3pMdlId = null ,  pid = 2593). Was: 3 for 57, account#-517948760#
01-22 12:36:09.688  1856  2091 I chatty  : uid=1000(system) HwBinder:1856_3 expire 24 lines
01-22 12:36:09.688  1856  1872 I chatty  : uid=1000(system) android.bg expire 24 lines
01-22 12:36:10.065  1792  1792 E netmgr  : Failed to open QEMU pipe 'qemud:network': Invalid argument
01-22 12:36:13.611  1594  2017 I chatty  : uid=1041(audioserver) Binder:1594_3 expire 12 lines
01-22 12:36:13.612  1594  7577 I chatty  : uid=1041(audioserver) /system/bin/audioserver expire 1 line
01-22 12:36:13.612  3275  3308 I chatty  : uid=10021(com.google.android.googlequicksearchbox) UserFacing1 expire 34 lines
01-22 12:36:13.614  3275  3275 I chatty  : uid=10021 com.google.android.googlequicksearchbox:search expire 21 lines
01-22 12:36:13.616  3275  3320 I chatty  : uid=10021(com.google.android.googlequicksearchbox) NonUserFacing2 expire 15 lines
01-22 12:36:13.701  2593  7130 W ctxmgr  : [AclManager]No 2 for (accnt=account#-517948760#, com.google.android.gms(10015):IndoorOutdoorProducer, vrsn=13280000, 0, 3pPkg = null ,  3pMdlId = null ,  pid = 2593). Was: 3 for 57, account#-517948760#
01-22 12:36:08.583  3275  3308 I chatty  : uid=10021(com.google.android.googlequicksearchbox) UserFacing1 identical 10 lines
01-22 12:36:13.614  3275  3308 E ActivityThread: Failed to find provider info for com.google.android.apps.gsa.testing.ui.audio.recorded
01-22 12:36:16.918  1711  1789 E storaged: getDiskStats failed with result NOT_SUPPORTED and size 0
01-22 12:36:18.639  1594  7580 I chatty  : uid=1041(audioserver) /system/bin/audioserver expire 1 line
01-22 12:36:18.641  3275  3308 E ActivityThread: Failed to find provider info for com.google.android.apps.gsa.testing.ui.audio.recorded
01-22 12:36:18.653  3275  3801 I chatty  : uid=10021(com.google.android.googlequicksearchbox) HotwordDetector expire 10 lines
01-22 12:36:18.716  2593  7130 W ctxmgr  : [AclManager]No 2 for (accnt=account#-517948760#, com.google.android.gms(10015):IndoorOutdoorProducer, vrsn=13280000, 0, 3pPkg = null ,  3pMdlId = null ,  pid = 2593). Was: 3 for 57, account#-517948760#
01-22 12:36:23.678  1594  7583 I chatty  : uid=1041(audioserver) /system/bin/audioserver expire 1 line
01-22 12:36:23.725  2593  7130 W ctxmgr  : [AclManager]No 2 for (accnt=account#-517948760#, com.google.android.gms(10015):IndoorOutdoorProducer, vrsn=13280000, 0, 3pPkg = null ,  3pMdlId = null ,  pid = 2593). Was: 3 for 57, account#-517948760#
01-22 12:36:28.705  1594  7586 I chatty  : uid=1041(audioserver) /system/bin/audioserver expire 1 line
01-22 12:36:28.705  1594  7474 I chatty  : uid=1041(audioserver) Binder:1594_5 expire 13 lines
01-22 12:36:28.707  3275  3275 I chatty  : uid=10021 com.google.android.googlequicksearchbox:search expire 14 lines
01-22 12:36:28.711  3275  3320 I chatty  : uid=10021(com.google.android.googlequicksearchbox) NonUserFacing2 expire 15 lines
01-22 12:36:28.734  2593  7130 W ctxmgr  : [AclManager]No 2 for (accnt=account#-517948760#, com.google.android.gms(10015):IndoorOutdoorProducer, vrsn=13280000, 0, 3pPkg = null ,  3pMdlId = null ,  pid = 2593). Was: 3 for 57, account#-517948760#
01-22 12:36:33.740  1856  2091 I chatty  : uid=1000(system) HwBinder:1856_3 expire 16 lines
01-22 12:36:33.740  1856  1872 I chatty  : uid=1000(system) android.bg expire 11 lines
01-22 12:36:33.742  1594  7589 I chatty  : uid=1041(audioserver) /system/bin/audioserver expire 1 line
01-22 12:36:33.742  2593  5304 W ctxmgr  : [AclManager]No 2 for (accnt=account#-517948760#, com.google.android.gms(10015):IndoorOutdoorProducer, vrsn=13280000, 0, 3pPkg = null ,  3pMdlId = null ,  pid = 2593). Was: 3 for 57, account#-517948760#
01-22 12:36:38.760  2593  7130 W ctxmgr  : [AclManager]No 2 for (accnt=account#-517948760#, com.google.android.gms(10015):IndoorOutdoorProducer, vrsn=13280000, 0, 3pPkg = null ,  3pMdlId = null ,  pid = 2593). Was: 3 for 57, account#-517948760#
01-22 12:36:38.769  3275  3308 I chatty  : uid=10021(com.google.android.googlequicksearchbox) UserFacing1 expire 21 lines
01-22 12:36:38.772  1594  7592 I chatty  : uid=1041(audioserver) /system/bin/audioserver expire 1 line
01-22 12:36:38.776  3275  3275 I chatty  : uid=10021 com.google.android.googlequicksearchbox:search expire 15 lines
01-22 12:36:39.689  1856  4236 I chatty  : uid=1000(system) Binder:1856_15 expire 10 lines
01-22 12:36:43.777  2593  6795 W ctxmgr  : [AclManager]No 2 for (accnt=account#-517948760#, com.google.android.gms(10015):IndoorOutdoorProducer, vrsn=13280000, 0, 3pPkg = null ,  3pMdlId = null ,  pid = 2593). Was: 3 for 57, account#-517948760#
01-22 12:36:43.792  3275  3300 I chatty  : uid=10021(com.google.android.googlequicksearchbox) NonUserFacing0 expire 10 lines
01-22 12:36:43.797  1594  7595 I chatty  : uid=1041(audioserver) /system/bin/audioserver expire 1 line
01-22 12:36:44.781  1856  1872 I chatty  : uid=1000(system) android.bg expire 15 lines
