01-22 12:36:48.791  2593  6795 W ctxmgr  : [AclManager]No 2 for (accnt=account#-517948760#, com.google.android.gms(10015):IndoorOutdoorProducer, vrsn=13280000, 0, 3pPkg = null ,  3pMdlId = null ,  pid = 2593). Was: 3 for 57, account#-517948760#
01-22 12:36:48.819  1594  7598 I chatty  : uid=1041(audioserver) /system/bin/audioserver expire 1 line
01-22 12:36:48.828  3275  3275 I chatty  : uid=10021 com.google.android.googlequicksearchbox:search expire 20 lines
01-22 12:36:49.792  1856  2091 I chatty  : uid=1000(system) HwBinder:1856_3 expire 11 lines
01-22 12:36:53.812  2593  6795 W ctxmgr  : [AclManager]No 2 for (accnt=account#-517948760#, com.google.android.gms(10015):IndoorOutdoorProducer, vrsn=13280000, 0, 3pPkg = null ,  3pMdlId = null ,  pid = 2593). Was: 3 for 57, account#-517948760#
01-22 12:36:53.844  3275  3300 I chatty  : uid=10021(com.google.android.googlequicksearchbox) NonUserFacing0 expire 11 lines
01-22 12:36:53.844  3275  3308 I chatty  : uid=10021(com.google.android.googlequicksearchbox) UserFacing1 expire 22 lines
01-22 12:36:53.848  1594  7601 I chatty  : uid=1041(audioserver) /system/bin/audioserver expire 1 line
01-22 12:36:58.832  2593  6795 W ctxmgr  : [AclManager]No 2 for (accnt=account#-517948760#, com.google.android.gms(10015):IndoorOutdoorProducer, vrsn=13280000, 0, 3pPkg = null ,  3pMdlId = null ,  pid = 2593). Was: 3 for 57, account#-517948760#
01-22 12:36:58.881  1594  7604 I chatty  : uid=1041(audioserver) /system/bin/audioserver expire 1 line
01-22 12:36:59.832  1856  1872 I chatty  : uid=1000(system) android.bg expire 17 lines
01-22 12:37:00.032  1840  1843 D hwcomposer: hw_composer sent 6 syncs in 60s
01-22 12:37:00.834  1856  2091 I chatty  : uid=1000(system) HwBinder:1856_3 expire 14 lines
01-22 12:37:03.848  2593  6795 W ctxmgr  : [AclManager]No 2 for (accnt=account#-517948760#, com.google.android.gms(10015):IndoorOutdoorProducer, vrsn=13280000, 0, 3pPkg = null ,  3pMdlId = null ,  pid = 2593). Was: 3 for 57, account#-517948760#
01-22 12:37:03.905  1594  7607 I chatty  : uid=1041(audioserver) /system/bin/audioserver expire 1 line
01-22 12:37:03.906  1594  2017 I chatty  : uid=1041(audioserver) Binder:1594_3 expire 15 lines
01-22 12:37:03.908  3275  3275 I chatty  : uid=10021 com.google.android.googlequicksearchbox:search expire 35 lines
01-22 12:37:08.853  2593  6795 W ctxmgr  : [AclManager]No 2 for (accnt=account#-517948760#, com.google.android.gms(10015):IndoorOutdoorProducer, vrsn=13280000, 0, 3pPkg = null ,  3pMdlId = null ,  pid = 2593). Was: 3 for 57, account#-517948760#
01-22 12:37:08.927  3275  3300 I chatty  : uid=10021(com.google.android.googlequicksearchbox) NonUserFacing0 expire 10 lines
01-22 12:37:08.931  1594  7610 I chatty  : uid=1041(audioserver) /system/bin/audioserver expire 1 line
01-22 12:37:08.931  1594  7474 I chatty  : uid=1041(audioserver) Binder:1594_5 expire 12 lines
01-22 12:37:08.933  3275  3308 I chatty  : uid=10021(com.google.android.googlequicksearchbox) UserFacing1 expire 28 lines
01-22 12:37:08.940  3275  3801 I chatty  : uid=10021(com.google.android.googlequicksearchbox) HotwordDetector expire 10 lines
01-22 12:37:08.941  3275  3320 I chatty  : uid=10021(com.google.android.googlequicksearchbox) NonUserFacing2 expire 17 lines
01-22 12:37:10.126  1792  1792 E netmgr  : Failed to open QEMU pipe 'qemud:network': Invalid argument
01-22 12:37:13.871  2593  6795 W ctxmgr  : [AclManager]No 2 for (accnt=account#-517948760#, com.google.android.gms(10015):IndoorOutdoorProducer, vrsn=13280000, 0, 3pPkg = null ,  3pMdlId = null ,  pid = 2593). Was: 3 for 57, account#-517948760#
01-22 12:37:13.959  1594  7613 I chatty  : uid=1041(audioserver) /system/bin/audioserver expire 1 line
01-22 12:37:14.873  1856  2091 I chatty  : uid=1000(system) HwBinder:1856_3 expire 25 lines
01-22 12:37:14.873  1856  1872 I chatty  : uid=1000(system) android.bg expire 15 lines
01-22 12:37:08.935  3275  3308 I chatty  : uid=10021(com.google.android.googlequicksearchbox) UserFacing1 identical 10 lines
01-22 12:37:13.962  3275  3308 E ActivityThread: Failed to find provider info for com.google.android.apps.gsa.testing.ui.audio.recorded
01-22 12:37:16.919  1711  1789 E storaged: getDiskStats failed with result NOT_SUPPORTED and size 0
01-22 12:37:18.888  2593  5304 W ctxmgr  : [AclManager]No 2 for (accnt=account#-517948760#, com.google.android.gms(10015):IndoorOutdoorProducer, vrsn=13280000, 0, 3pPkg = null ,  3pMdlId = null ,  pid = 2593). Was: 3 for 57, account#-517948760#
01-22 12:37:18.994  1594  7616 I chatty  : uid=1041(audioserver) /system/bin/audioserver expire 1 line
01-22 12:37:18.996  3275  3308 E ActivityThread: Failed to find provider info for com.google.android.apps.gsa.testing.ui.audio.recorded
01-22 12:37:23.906  2593  5304 W ctxmgr  : [AclManager]No 2 for (accnt=account#-517948760#, com.google.android.gms(10015):IndoorOutdoorProducer, vrsn=13280000, 0, 3pPkg = null ,  3pMdlId = null ,  pid = 2593). Was: 3 for 57, account#-517948760#
01-22 12:37:24.021  1594  7619 I chatty  : uid=1041(audioserver) /system/bin/audioserver expire 1 line
01-22 12:37:28.918  2593  5304 W ctxmgr  : [AclManager]No 2 for (accnt=account#-517948760#, com.google.android.gms(10015):IndoorOutdoorProducer, vrsn=13280000, 0, 3pPkg = null ,  3pMdlId = null ,  pid = 2593). Was: 3 for 57, account#-517948760#
01-22 12:37:29.052  1594  7622 I chatty  : uid=1041(audioserver) /system/bin/audioserver expire 1 line
01-22 12:37:29.055  3275  3308 I chatty  : uid=10021(com.google.android.googlequicksearchbox) UserFacing1 expire 35 lines
01-22 12:37:29.055  3275  3275 I chatty  : uid=10021 com.google.android.googlequicksearchbox:search expire 35 lines
01-22 12:37:29.059  3275  3320 I chatty  : uid=10021(com.google.android.googlequicksearchbox) NonUserFacing2 expire 10 lines
01-22 12:37:29.920  1856  1872 I chatty  : uid=1000(system) android.bg expire 15 lines
01-22 12:37:33.932  2593  5304 W ctxmgr  : [AclManager]No 2 for (accnt=account#-517948760#, com.google.android.gms(10015):IndoorOutdoorProducer, vrsn=13280000, 0, 3pPkg = null ,  3pMdlId = null ,  pid = 2593). Was: 3 for 57, account#-517948760#
01-22 12:37:34.079  1594  7625 I chatty  : uid=1041(audioserver) /system/bin/audioserver expire 1 line
01-22 12:37:34.086  3275  3300 I chatty  : uid=10021(com.google.android.googlequicksearchbox) NonUserFacing0 expire 13 lines
01-22 12:37:38.945  2593  6795 W ctxmgr  : [AclManager]No 2 for (accnt=account#-517948760#, com.google.android.gms(10015):IndoorOutdoorProducer, vrsn=13280000, 0, 3pPkg = null ,  3pMdlId = null ,  pid = 2593). Was: 3 for 57, account#-517948760#
01-22 12:37:39.113  1594  7628 I chatty  : uid=1041(audioserver) /system/bin/audioserver expire 1 line
01-22 12:37:39.948  1856  2091 I chatty  : uid=1000(system) HwBinder:1856_3 expire 25 lines
01-22 12:37:43.957  2593  7130 W ctxmgr  : [AclManager]No 2 for (accnt=account#-517948760#, com.google.android.gms(10015):IndoorOutdoorProducer, vrsn=13280000, 0, 3pPkg = null ,  3pMdlId = null ,  pid = 2593). Was: 3 for 57, account#-517948760#
01-22 12:37:44.141  3275  3320 I chatty  : uid=10021(com.google.android.googlequicksearchbox) NonUserFacing2 expire 11 lines
01-22 12:37:44.143  1594  7631 I chatty  : uid=1041(audioserver) /system/bin/audioserver expire 1 line
01-22 12:37:44.958  1856  1872 I chatty  : uid=1000(system) android.bg expire 15 lines
01-22 12:37:48.974  2593  7130 W ctxmgr  : [AclManager]No 2 for (accnt=account#-517948760#, com.google.android.gms(10015):IndoorOutdoorProducer, vrsn=13280000, 0, 3pPkg = null ,  3pMdlId = null ,  pid = 2593). Was: 3 for 57, account#-517948760#
01-22 12:37:49.169  1594  7634 I chatty  : uid=1041(audioserver) /system/bin/audioserver expire 1 line
01-22 12:37:49.169  1594  2017 I chatty  : uid=1041(audioserver) Binder:1594_3 expire 15 lines
01-22 12:37:53.989  2593  7130 W ctxmgr  : [AclManager]No 2 for (accnt=account#-517948760#, com.google.android.gms(10015):IndoorOutdoorProducer, vrsn=13280000, 0, 3pPkg = null ,  3pMdlId = null ,  pid = 2593). Was: 3 for 57, account#-517948760#
01-22 12:37:54.198  1594  7637 I chatty  : uid=1041(audioserver) /system/bin/audioserver expire 1 line
01-22 12:37:54.199  1594  7474 I chatty  : uid=1041(audioserver) Binder:1594_5 expire 12 lines
01-22 12:37:54.200  3275  3308 I chatty  : uid=10021(com.google.android.googlequicksearchbox) UserFacing1 expire 20 lines
01-22 12:37:54.202  3275  3275 I chatty  : uid=10021 com.google.android.googlequicksearchbox:search expire 35 lines
01-22 12:37:58.999  2593  7130 W ctxmgr  : [AclManager]No 2 for (accnt=account#-517948760#, com.google.android.gms(10015):IndoorOutdoorProducer, vrsn=13280000, 0, 3pPkg = null ,  3pMdlId = null ,  pid = 2593). Was: 3 for 57, account#-517948760#
01-22 12:37:59.228  1594  7641 I chatty  : uid=1041(audioserver) /system/bin/audioserver expire 1 line
01-22 12:37:59.236  3275  3300 I chatty  : uid=10021(com.google.android.googlequicksearchbox) NonUserFacing0 expire 20 lines
01-22 12:37:59.236  3275  3801 I chatty  : uid=10021(com.google.android.googlequicksearchbox) HotwordDetector expire 10 lines
01-22 12:37:59.237  3275  3320 I chatty  : uid=10021(com.google.android.googlequicksearchbox) NonUserFacing2 expire 11 lines
01-22 12:38:00.001  1856  1872 I chatty  : uid=1000(system) android.bg expire 15 lines
01-22 12:38:00.017  1840  1843 D hwcomposer: hw_composer sent 6 syncs in 60s
01-22 12:38:04.012  2593  6795 W ctxmgr  : [AclManager]No 2 for (accnt=account#-517948760#, com.google.android.gms(10015):IndoorOutdoorProducer, vrsn=13280000, 0, 3pPkg = null ,  3pMdlId = null ,  pid = 2593). Was: 3 for 57, account#-517948760#
01-22 12:38:04.254  1594  7644 I chatty  : uid=1041(audioserver) /system/bin/audioserver expire 1 line
01-22 12:38:05.009  1856  2091 I chatty  : uid=1000(system) HwBinder:1856_3 expire 15 lines
01-22 12:38:09.023  2593  5304 W ctxmgr  : [AclManager]No 2 for (accnt=account#-517948760#, com.google.android.gms(10015):IndoorOutdoorProducer, vrsn=13280000, 0, 3pPkg = null ,  3pMdlId = null ,  pid = 2593). Was: 3 for 57, account#-517948760#
01-22 12:38:09.287  3275  3308 I chatty  : uid=10021(com.google.android.googlequicksearchbox) UserFacing1 expire 27 lines
01-22 12:38:09.291  1594  7647 I chatty  : uid=1041(audioserver) /system/bin/audioserver expire 1 line
01-22 12:38:10.144  1792  1792 E netmgr  : Failed to open QEMU pipe 'qemud:network': Invalid argument
01-22 12:38:11.025  1856  1872 I chatty  : uid=1000(system) android.bg expire 26 lines
01-22 12:38:13.850  2593  3009 I Places  : Converted 0 out of 1 WiFi scans
01-22 12:38:13.854  2593  6795 W ctxmgr  : [AclManager]No 2 for (accnt=account#-517948760#, com.google.android.gms(10015):UserLocationProducer, vrsn=13280000, 0, 3pPkg = null ,  3pMdlId = null ,  pid = 2593). Was: 3 for 1, account#-517948760#
01-22 12:38:13.866  2593  7648 I PlaceInferenceEngine: No beacon scan available - ignoring candidates.
01-22 12:38:14.038  2593  6752 W ctxmgr  : [AclManager]No 2 for (accnt=account#-517948760#, com.google.android.gms(10015):IndoorOutdoorProducer, vrsn=13280000, 0, 3pPkg = null ,  3pMdlId = null ,  pid = 2593). Was: 3 for 57, account#-517948760#
01-22 12:38:14.321  1594  7652 I chatty  : uid=1041(audioserver) /system/bin/audioserver expire 1 line
01-22 12:38:09.294  3275  3308 I chatty  : uid=10021(com.google.android.googlequicksearchbox) UserFacing1 identical 10 lines
01-22 12:38:14.324  3275  3308 E ActivityThread: Failed to find provider info for com.google.android.apps.gsa.testing.ui.audio.recorded
01-22 12:38:16.921  1711  1789 E storaged: getDiskStats failed with result NOT_SUPPORTED and size 0
01-22 12:38:19.050  2593  6752 W ctxmgr  : [AclManager]No 2 for (accnt=account#-517948760#, com.google.android.gms(10015):IndoorOutdoorProducer, vrsn=13280000, 0, 3pPkg = null ,  3pMdlId = null ,  pid = 2593). Was: 3 for 57, account#-517948760#
01-22 12:38:19.351  1594  7655 I chatty  : uid=1041(audioserver) /system/bin/audioserver expire 1 line
01-22 12:38:19.353  3275  3308 E ActivityThread: Failed to find provider info for com.google.android.apps.gsa.testing.ui.audio.recorded
01-22 12:38:19.354  3275  3275 I chatty  : uid=10021 com.google.android.googlequicksearchbox:search expire 21 lines
01-22 12:38:20.050  1856  2091 I chatty  : uid=1000(system) HwBinder:1856_3 expire 15 lines
01-22 12:38:24.061  2593  7130 W ctxmgr  : [AclManager]No 2 for (accnt=account#-517948760#, com.google.android.gms(10015):IndoorOutdoorProducer, vrsn=13280000, 0, 3pPkg = null ,  3pMdlId = null ,  pid = 2593). Was: 3 for 57, account#-517948760#
01-22 12:38:24.371  3275  3300 I chatty  : uid=10021(com.google.android.googlequicksearchbox) NonUserFacing0 expire 20 lines
01-22 12:38:24.375  1594  7659 I chatty  : uid=1041(audioserver) /system/bin/audioserver expire 1 line
01-22 12:38:24.382  3275  3308 I chatty  : uid=10021(com.google.android.googlequicksearchbox) UserFacing1 expire 15 lines
01-22 12:38:29.079  2593  7130 W ctxmgr  : [AclManager]No 2 for (accnt=account#-517948760#, com.google.android.gms(10015):IndoorOutdoorProducer, vrsn=13280000, 0, 3pPkg = null ,  3pMdlId = null ,  pid = 2593). Was: 3 for 57, account#-517948760#
01-22 12:38:29.406  1594  7662 I chatty  : uid=1041(audioserver) /system/bin/audioserver expire 1 line
01-22 12:38:34.091  2593  7648 W ctxmgr  : [AclManager]No 2 for (accnt=account#-517948760#, com.google.android.gms(10015):IndoorOutdoorProducer, vrsn=13280000, 0, 3pPkg = null ,  3pMdlId = null ,  pid = 2593). Was: 3 for 57, account#-517948760#
01-22 12:38:34.441  1594  7474 I chatty  : uid=1041(audioserver) Binder:1594_5 expire 12 lines
01-22 12:38:34.441  1594  7666 I chatty  : uid=1041(audioserver) /system/bin/audioserver expire 1 line
01-22 12:38:34.444  3275  3275 I chatty  : uid=10021 com.google.android.googlequicksearchbox:search expire 28 lines
01-22 12:38:34.446  3275  3320 I chatty  : uid=10021(com.google.android.googlequicksearchbox) NonUserFacing2 expire 10 lines
01-22 12:38:35.089  1856  2091 I chatty  : uid=1000(system) HwBinder:1856_3 expire 25 lines
01-22 12:38:35.089  1856  1872 I chatty  : uid=1000(system) android.bg expire 25 lines
01-22 12:38:39.101  2593  7130 W ctxmgr  : [AclManager]No 2 for (accnt=account#-517948760#, com.google.android.gms(10015):IndoorOutdoorProducer, vrsn=13280000, 0, 3pPkg = null ,  3pMdlId = null ,  pid = 2593). Was: 3 for 57, account#-517948760#
01-22 12:38:39.463  3275  3308 I chatty  : uid=10021(com.google.android.googlequicksearchbox) UserFacing1 expire 21 lines
01-22 12:38:39.466  1594  2017 I chatty  : uid=1041(audioserver) Binder:1594_3 expire 13 lines
01-22 12:38:39.467  1594  7669 I chatty  : uid=1041(audioserver) /system/bin/audioserver expire 1 line
01-22 12:38:44.120  2593  6795 W ctxmgr  : [AclManager]No 2 for (accnt=account#-517948760#, com.google.android.gms(10015):IndoorOutdoorProducer, vrsn=13280000, 0, 3pPkg = null ,  3pMdlId = null ,  pid = 2593). Was: 3 for 57, account#-517948760#
01-22 12:38:44.490  1594  7673 I chatty  : uid=1041(audioserver) /system/bin/audioserver expire 1 line
01-22 12:38:44.497  3275  3300 I chatty  : uid=10021(com.google.android.googlequicksearchbox) NonUserFacing0 expire 15 lines
01-22 12:38:49.134  2593  6795 W ctxmgr  : [AclManager]No 2 for (accnt=account#-517948760#, com.google.android.gms(10015):IndoorOutdoorProducer, vrsn=13280000, 0, 3pPkg = null ,  3pMdlId = null ,  pid = 2593). Was: 3 for 57, account#-517948760#
01-22 12:38:49.513  1594  7677 I chatty  : uid=1041(audioserver) /system/bin/audioserver expire 1 line
01-22 12:38:49.529  3275  3801 I chatty  : uid=10021(com.google.android.googlequicksearchbox) HotwordDetector expire 11 lines
01-22 12:38:49.531  3275  3320 I chatty  : uid=10021(com.google.android.googlequicksearchbox) NonUserFacing2 expire 12 lines
01-22 12:38:51.964  2639  5251 I Icing   : IndexChimeraService.getServiceInterface callingPackage=com.android.chrome componentName=null serviceId=36
01-22 12:38:51.981  2639  7164 I Icing   : Usage reports ok 0, Failed Usage reports 0, indexed 0, rejected 0, imm upload false
01-22 12:38:53.025  2639  7164 I Icing   : Indexing com.android.chrome-omnibox from com.android.chrome
01-22 12:38:53.033  2639  7164 I Icing   : Indexing done com.android.chrome-omnibox
01-22 12:38:54.145  2593  7648 W ctxmgr  : [AclManager]No 2 for (accnt=account#-517948760#, com.google.android.gms(10015):IndoorOutdoorProducer, vrsn=13280000, 0, 3pPkg = null ,  3pMdlId = null ,  pid = 2593). Was: 3 for 57, account#-517948760#
01-22 12:38:54.548  3275  3308 I chatty  : uid=10021(com.google.android.googlequicksearchbox) UserFacing1 expire 29 lines
01-22 12:38:54.550  1594  7681 I chatty  : uid=1041(audioserver) /system/bin/audioserver expire 1 line
01-22 12:38:54.551  3275  3275 I chatty  : uid=10021 com.google.android.googlequicksearchbox:search expire 21 lines
01-22 12:38:59.156  2593  7648 W ctxmgr  : [AclManager]No 2 for (accnt=account#-517948760#, com.google.android.gms(10015):IndoorOutdoorProducer, vrsn=13280000, 0, 3pPkg = null ,  3pMdlId = null ,  pid = 2593). Was: 3 for 57, account#-517948760#
01-22 12:38:59.578  1594  7684 I chatty  : uid=1041(audioserver) /system/bin/audioserver expire 1 line
01-22 12:39:00.007  1840  1843 D hwcomposer: hw_composer sent 6 syncs in 60s
01-22 12:39:00.157  1856  2091 I chatty  : uid=1000(system) HwBinder:1856_3 expire 25 lines
01-22 12:39:00.158  1856  1872 I chatty  : uid=1000(system) android.bg expire 15 lines
01-22 12:39:04.172  2593  6795 W ctxmgr  : [AclManager]No 2 for (accnt=account#-517948760#, com.google.android.gms(10015):IndoorOutdoorProducer, vrsn=13280000, 0, 3pPkg = null ,  3pMdlId = null ,  pid = 2593). Was: 3 for 57, account#-517948760#
01-22 12:39:04.602  3275  3320 I chatty  : uid=10021(com.google.android.googlequicksearchbox) NonUserFacing2 expire 12 lines
01-22 12:39:04.606  1594  7687 I chatty  : uid=1041(audioserver) /system/bin/audioserver expire 1 line
01-22 12:39:04.607  1594  2017 I chatty  : uid=1041(audioserver) Binder:1594_3 expire 11 lines
01-22 12:39:09.179  2593  6795 W ctxmgr  : [AclManager]No 2 for (accnt=account#-517948760#, com.google.android.gms(10015):IndoorOutdoorProducer, vrsn=13280000, 0, 3pPkg = null ,  3pMdlId = null ,  pid = 2593). Was: 3 for 57, account#-517948760#
01-22 12:39:09.634  1594  7690 I chatty  : uid=1041(audioserver) /system/bin/audioserver expire 1 line
01-22 12:39:09.637  3275  3275 I chatty  : uid=10021 com.google.android.googlequicksearchbox:search expire 42 lines
01-22 12:39:10.157  1792  1792 E netmgr  : Failed to open QEMU pipe 'qemud:network': Invalid argument
01-22 12:39:14.196  2593  6795 W ctxmgr  : [AclManager]No 2 for (accnt=account#-517948760#, com.google.android.gms(10015):IndoorOutdoorProducer, vrsn=13280000, 0, 3pPkg = null ,  3pMdlId = null ,  pid = 2593). Was: 3 for 57, account#-517948760#
01-22 12:39:14.662  1594  7693 I chatty  : uid=1041(audioserver) /system/bin/audioserver expire 1 line
01-22 12:39:14.662  3275  3308 I chatty  : uid=10021(com.google.android.googlequicksearchbox) UserFacing1 expire 20 lines
01-22 12:39:15.198  1856  1872 I chatty  : uid=1000(system) android.bg expire 15 lines
01-22 12:39:09.636  3275  3308 I chatty  : uid=10021(com.google.android.googlequicksearchbox) UserFacing1 identical 10 lines
01-22 12:39:14.663  3275  3308 E ActivityThread: Failed to find provider info for com.google.android.apps.gsa.testing.ui.audio.recorded
01-22 12:39:16.925  1711  1789 E storaged: getDiskStats failed with result NOT_SUPPORTED and size 0
01-22 12:39:17.067  1856  1872 I UsageStatsService: User[0] Flushing usage stats to disk
01-22 12:39:19.220  2593  6795 W ctxmgr  : [AclManager]No 2 for (accnt=account#-517948760#, com.google.android.gms(10015):IndoorOutdoorProducer, vrsn=13280000, 0, 3pPkg = null ,  3pMdlId = null ,  pid = 2593). Was: 3 for 57, account#-517948760#
01-22 12:39:19.688  1594  7696 I chatty  : uid=1041(audioserver) /system/bin/audioserver expire 1 line
01-22 12:39:19.691  3275  3308 E ActivityThread: Failed to find provider info for com.google.android.apps.gsa.testing.ui.audio.recorded
01-22 12:39:19.694  3275  3300 I chatty  : uid=10021(com.google.android.googlequicksearchbox) NonUserFacing0 expire 11 lines
01-22 12:39:24.233  2593  7648 W ctxmgr  : [AclManager]No 2 for (accnt=account#-517948760#, com.google.android.gms(10015):IndoorOutdoorProducer, vrsn=13280000, 0, 3pPkg = null ,  3pMdlId = null ,  pid = 2593). Was: 3 for 57, account#-517948760#
01-22 12:39:24.713  3275  3320 I chatty  : uid=10021(com.google.android.googlequicksearchbox) NonUserFacing2 expire 16 lines
01-22 12:39:24.717  1594  7699 I chatty  : uid=1041(audioserver) /system/bin/audioserver expire 1 line
01-22 12:39:25.231  1856  2091 I chatty  : uid=1000(system) HwBinder:1856_3 expire 25 lines
01-22 12:39:29.253  2593  7648 W ctxmgr  : [AclManager]No 2 for (accnt=account#-517948760#, com.google.android.gms(10015):IndoorOutdoorProducer, vrsn=13280000, 0, 3pPkg = null ,  3pMdlId = null ,  pid = 2593). Was: 3 for 57, account#-517948760#
01-22 12:39:29.748  3275  3308 I chatty  : uid=10021(com.google.android.googlequicksearchbox) UserFacing1 expire 35 lines
01-22 12:39:29.752  1594  7701 I chatty  : uid=1041(audioserver) Binder:1594_7 expire 12 lines
01-22 12:39:29.752  1594  7704 I chatty  : uid=1041(audioserver) /system/bin/audioserver expire 1 line
01-22 12:39:30.254  1856  1872 I chatty  : uid=1000(system) android.bg expire 15 lines
01-22 12:39:34.267  2593  7648 W ctxmgr  : [AclManager]No 2 for (accnt=account#-517948760#, com.google.android.gms(10015):IndoorOutdoorProducer, vrsn=13280000, 0, 3pPkg = null ,  3pMdlId = null ,  pid = 2593). Was: 3 for 57, account#-517948760#
01-22 12:39:34.792  1594  7707 I chatty  : uid=1041(audioserver) /system/bin/audioserver expire 1 line
01-22 12:39:39.278  2593  7130 W ctxmgr  : [AclManager]No 2 for (accnt=account#-517948760#, com.google.android.gms(10015):IndoorOutdoorProducer, vrsn=13280000, 0, 3pPkg = null ,  3pMdlId = null ,  pid = 2593). Was: 3 for 57, account#-517948760#
01-22 12:39:39.817  1594  7710 I chatty  : uid=1041(audioserver) /system/bin/audioserver expire 1 line
01-22 12:39:39.818  3275  3275 I chatty  : uid=10021 com.google.android.googlequicksearchbox:search expire 21 lines
01-22 12:39:39.823  3275  3320 I chatty  : uid=10021(com.google.android.googlequicksearchbox) NonUserFacing2 expire 14 lines
01-22 12:39:44.290  2593  6795 W ctxmgr  : [AclManager]No 2 for (accnt=account#-517948760#, com.google.android.gms(10015):IndoorOutdoorProducer, vrsn=13280000, 0, 3pPkg = null ,  3pMdlId = null ,  pid = 2593). Was: 3 for 57, account#-517948760#
01-22 12:39:44.839  1594  7713 I chatty  : uid=1041(audioserver) /system/bin/audioserver expire 1 line
01-22 12:39:44.845  3275  3801 I chatty  : uid=10021(com.google.android.googlequicksearchbox) HotwordDetector expire 10 lines
01-22 12:39:45.292  1856  1872 I chatty  : uid=1000(system) android.bg expire 15 lines
01-22 12:39:49.310  2593  6795 W ctxmgr  : [AclManager]No 2 for (accnt=account#-517948760#, com.google.android.gms(10015):IndoorOutdoorProducer, vrsn=13280000, 0, 3pPkg = null ,  3pMdlId = null ,  pid = 2593). Was: 3 for 57, account#-517948760#
01-22 12:39:49.864  1594  7716 I chatty  : uid=1041(audioserver) /system/bin/audioserver expire 1 line
01-22 12:39:50.311  1856  2091 I chatty  : uid=1000(system) HwBinder:1856_3 expire 25 lines
01-22 12:39:54.321  2593  6795 W ctxmgr  : [AclManager]No 2 for (accnt=account#-517948760#, com.google.android.gms(10015):IndoorOutdoorProducer, vrsn=13280000, 0, 3pPkg = null ,  3pMdlId = null ,  pid = 2593). Was: 3 for 57, account#-517948760#
01-22 12:39:54.887  3275  3320 I chatty  : uid=10021(com.google.android.googlequicksearchbox) NonUserFacing2 expire 15 lines
01-22 12:39:54.887  3275  3308 I chatty  : uid=10021(com.google.android.googlequicksearchbox) UserFacing1 expire 24 lines
01-22 12:39:54.891  1594  7719 I chatty  : uid=1041(audioserver) /system/bin/audioserver expire 1 line
01-22 12:39:54.892  1594  7701 I chatty  : uid=1041(audioserver) Binder:1594_7 expire 15 lines
01-22 12:39:54.895  3275  3275 I chatty  : uid=10021 com.google.android.googlequicksearchbox:search expire 21 lines
01-22 12:39:59.334  2593  6795 W ctxmgr  : [AclManager]No 2 for (accnt=account#-517948760#, com.google.android.gms(10015):IndoorOutdoorProducer, vrsn=13280000, 0, 3pPkg = null ,  3pMdlId = null ,  pid = 2593). Was: 3 for 57, account#-517948760#
01-22 12:39:59.924  1594  7474 I chatty  : uid=1041(audioserver) Binder:1594_5 expire 12 lines
01-22 12:39:59.925  1594  7722 I chatty  : uid=1041(audioserver) /system/bin/audioserver expire 1 line
01-22 12:40:00.003  1856  1872 I chatty  : uid=1000(system) android.bg expire 16 lines
01-22 12:40:00.010  1840  1843 D hwcomposer: hw_composer sent 12 syncs in 60s
01-22 12:40:04.349  2593  7648 W ctxmgr  : [AclManager]No 2 for (accnt=account#-517948760#, com.google.android.gms(10015):IndoorOutdoorProducer, vrsn=13280000, 0, 3pPkg = null ,  3pMdlId = null ,  pid = 2593). Was: 3 for 57, account#-517948760#
01-22 12:40:04.980  1594  7725 I chatty  : uid=1041(audioserver) /system/bin/audioserver expire 1 line
01-22 12:40:09.364  2593  7130 W ctxmgr  : [AclManager]No 2 for (accnt=account#-517948760#, com.google.android.gms(10015):IndoorOutdoorProducer, vrsn=13280000, 0, 3pPkg = null ,  3pMdlId = null ,  pid = 2593). Was: 3 for 57, account#-517948760#
01-22 12:40:10.004  1594  7728 I chatty  : uid=1041(audioserver) /system/bin/audioserver expire 1 line
01-22 12:40:10.005  3275  3308 I chatty  : uid=10021(com.google.android.googlequicksearchbox) UserFacing1 expire 26 lines
01-22 12:40:10.006  3275  3275 I chatty  : uid=10021 com.google.android.googlequicksearchbox:search expire 28 lines
01-22 12:40:10.007  3275  3300 I chatty  : uid=10021(com.google.android.googlequicksearchbox) NonUserFacing0 expire 20 lines
01-22 12:40:10.008  3275  3320 I chatty  : uid=10021(com.google.android.googlequicksearchbox) NonUserFacing2 expire 17 lines
01-22 12:40:10.207  1792  1792 E netmgr  : Failed to open QEMU pipe 'qemud:network': Invalid argument
01-22 12:40:10.364  1856  1872 I chatty  : uid=1000(system) android.bg expire 15 lines
01-22 12:40:14.372  2593  7648 W ctxmgr  : [AclManager]No 2 for (accnt=account#-517948760#, com.google.android.gms(10015):IndoorOutdoorProducer, vrsn=13280000, 0, 3pPkg = null ,  3pMdlId = null ,  pid = 2593). Was: 3 for 57, account#-517948760#
01-22 12:40:15.030  1594  7731 I chatty  : uid=1041(audioserver) /system/bin/audioserver expire 1 line
01-22 12:40:15.373  1856  2091 I chatty  : uid=1000(system) HwBinder:1856_3 expire 25 lines
01-22 12:40:10.006  3275  3308 I chatty  : uid=10021(com.google.android.googlequicksearchbox) UserFacing1 identical 10 lines
01-22 12:40:15.032  3275  3308 E ActivityThread: Failed to find provider info for com.google.android.apps.gsa.testing.ui.audio.recorded
01-22 12:40:16.928  1711  1789 E storaged: getDiskStats failed with result NOT_SUPPORTED and size 0
01-22 12:40:19.383  2593  7648 W ctxmgr  : [AclManager]No 2 for (accnt=account#-517948760#, com.google.android.gms(10015):IndoorOutdoorProducer, vrsn=13280000, 0, 3pPkg = null ,  3pMdlId = null ,  pid = 2593). Was: 3 for 57, account#-517948760#
01-22 12:40:20.071  1594  7734 I chatty  : uid=1041(audioserver) /system/bin/audioserver expire 1 line
01-22 12:40:20.072  3275  3308 E ActivityThread: Failed to find provider info for com.google.android.apps.gsa.testing.ui.audio.recorded
01-22 12:40:24.404  2593  7648 W ctxmgr  : [AclManager]No 2 for (accnt=account#-517948760#, com.google.android.gms(10015):IndoorOutdoorProducer, vrsn=13280000, 0, 3pPkg = null ,  3pMdlId = null ,  pid = 2593). Was: 3 for 57, account#-517948760#
01-22 12:40:25.093  1594  7737 I chatty  : uid=1041(audioserver) /system/bin/audioserver expire 1 line
01-22 12:40:25.402  1856  1872 I chatty  : uid=1000(system) android.bg expire 15 lines
01-22 12:40:29.419  2593  7648 W ctxmgr  : [AclManager]No 2 for (accnt=account#-517948760#, com.google.android.gms(10015):IndoorOutdoorProducer, vrsn=13280000, 0, 3pPkg = null ,  3pMdlId = null ,  pid = 2593). Was: 3 for 57, account#-517948760#
01-22 12:40:30.121  1594  7741 I chatty  : uid=1041(audioserver) /system/bin/audioserver expire 1 line
01-22 12:40:30.121  1594  7701 I chatty  : uid=1041(audioserver) Binder:1594_7 expire 15 lines
01-22 12:40:30.122  3275  3308 I chatty  : uid=10021(com.google.android.googlequicksearchbox) UserFacing1 expire 35 lines
01-22 12:40:30.123  3275  3275 I chatty  : uid=10021 com.google.android.googlequicksearchbox:search expire 28 lines
01-22 12:40:30.125  3275  3300 I chatty  : uid=10021(com.google.android.googlequicksearchbox) NonUserFacing0 expire 14 lines
01-22 12:40:34.441  2593  7648 W ctxmgr  : [AclManager]No 2 for (accnt=account#-517948760#, com.google.android.gms(10015):IndoorOutdoorProducer, vrsn=13280000, 0, 3pPkg = null ,  3pMdlId = null ,  pid = 2593). Was: 3 for 57, account#-517948760#
01-22 12:40:35.147  1594  7744 I chatty  : uid=1041(audioserver) /system/bin/audioserver expire 1 line
01-22 12:40:35.153  3275  3801 I chatty  : uid=10021(com.google.android.googlequicksearchbox) HotwordDetector expire 10 lines
01-22 12:40:39.459  2593  7130 W ctxmgr  : [AclManager]No 2 for (accnt=account#-517948760#, com.google.android.gms(10015):IndoorOutdoorProducer, vrsn=13280000, 0, 3pPkg = null ,  3pMdlId = null ,  pid = 2593). Was: 3 for 57, account#-517948760#
01-22 12:40:40.173  1594  7747 I chatty  : uid=1041(audioserver) /system/bin/audioserver expire 1 line
01-22 12:40:40.183  3275  3293 I chatty  : uid=10021(com.google.android.googlequicksearchbox) Profile Saver expire 2 lines
01-22 12:40:40.457  1856  2091 I chatty  : uid=1000(system) HwBinder:1856_3 expire 25 lines
01-22 12:40:40.457  1856  1872 I chatty  : uid=1000(system) android.bg expire 15 lines
01-22 12:40:44.470  2593  7130 W ctxmgr  : [AclManager]No 2 for (accnt=account#-517948760#, com.google.android.gms(10015):IndoorOutdoorProducer, vrsn=13280000, 0, 3pPkg = null ,  3pMdlId = null ,  pid = 2593). Was: 3 for 57, account#-517948760#
01-22 12:40:45.202  1594  7750 I chatty  : uid=1041(audioserver) /system/bin/audioserver expire 1 line
01-22 12:40:45.212  3275  3300 I chatty  : uid=10021(com.google.android.googlequicksearchbox) NonUserFacing0 expire 23 lines
01-22 12:40:49.491  2593  7130 W ctxmgr  : [AclManager]No 2 for (accnt=account#-517948760#, com.google.android.gms(10015):IndoorOutdoorProducer, vrsn=13280000, 0, 3pPkg = null ,  3pMdlId = null ,  pid = 2593). Was: 3 for 57, account#-517948760#
01-22 12:40:50.233  1594  7474 I chatty  : uid=1041(audioserver) Binder:1594_5 expire 15 lines
01-22 12:40:50.233  1594  7753 I chatty  : uid=1041(audioserver) /system/bin/audioserver expire 1 line
01-22 12:40:50.235  3275  3275 I chatty  : uid=10021 com.google.android.googlequicksearchbox:search expire 35 lines
01-22 12:40:54.515  2593  7130 W ctxmgr  : [AclManager]No 2 for (accnt=account#-517948760#, com.google.android.gms(10015):IndoorOutdoorProducer, vrsn=13280000, 0, 3pPkg = null ,  3pMdlId = null ,  pid = 2593). Was: 3 for 57, account#-517948760#
01-22 12:40:55.255  3275  3320 I chatty  : uid=10021(com.google.android.googlequicksearchbox) NonUserFacing2 expire 14 lines
01-22 12:40:55.261  1594  7756 I chatty  : uid=1041(audioserver) /system/bin/audioserver expire 1 line
01-22 12:40:55.261  3275  3308 I chatty  : uid=10021(com.google.android.googlequicksearchbox) UserFacing1 expire 35 lines
01-22 12:40:55.514  1856  1872 I chatty  : uid=1000(system) android.bg expire 19 lines
01-22 12:40:59.529  2593  6795 W ctxmgr  : [AclManager]No 2 for (accnt=account#-517948760#, com.google.android.gms(10015):IndoorOutdoorProducer, vrsn=13280000, 0, 3pPkg = null ,  3pMdlId = null ,  pid = 2593). Was: 3 for 57, account#-517948760#
01-22 12:41:00.013  1840  1843 D hwcomposer: hw_composer sent 6 syncs in 60s
01-22 12:41:00.284  1594  7759 I chatty  : uid=1041(audioserver) /system/bin/audioserver expire 1 line
01-22 12:41:04.548  2593  6795 W ctxmgr  : [AclManager]No 2 for (accnt=account#-517948760#, com.google.android.gms(10015):IndoorOutdoorProducer, vrsn=13280000, 0, 3pPkg = null ,  3pMdlId = null ,  pid = 2593). Was: 3 for 57, account#-517948760#
01-22 12:41:05.320  1594  7762 I chatty  : uid=1041(audioserver) /system/bin/audioserver expire 1 line
01-22 12:41:05.551  1856  2091 I chatty  : uid=1000(system) HwBinder:1856_3 expire 25 lines
01-22 12:41:09.566  2593  6795 W ctxmgr  : [AclManager]No 2 for (accnt=account#-517948760#, com.google.android.gms(10015):IndoorOutdoorProducer, vrsn=13280000, 0, 3pPkg = null ,  3pMdlId = null ,  pid = 2593). Was: 3 for 57, account#-517948760#
01-22 12:41:10.269  1792  1792 E netmgr  : Failed to open QEMU pipe 'qemud:network': Invalid argument
01-22 12:41:10.353  1594  7765 I chatty  : uid=1041(audioserver) /system/bin/audioserver expire 1 line
01-22 12:41:10.565  1856  1872 I chatty  : uid=1000(system) android.bg expire 15 lines
01-22 12:41:14.582  2593  6795 W ctxmgr  : [AclManager]No 2 for (accnt=account#-517948760#, com.google.android.gms(10015):IndoorOutdoorProducer, vrsn=13280000, 0, 3pPkg = null ,  3pMdlId = null ,  pid = 2593). Was: 3 for 57, account#-517948760#
01-22 12:41:15.384  1594  7768 I chatty  : uid=1041(audioserver) /system/bin/audioserver expire 1 line
01-22 12:41:15.385  3275  3275 I chatty  : uid=10021 com.google.android.googlequicksearchbox:search expire 22 lines
01-22 12:41:10.356  3275  3308 I chatty  : uid=10021(com.google.android.googlequicksearchbox) UserFacing1 identical 10 lines
01-22 12:41:15.385  3275  3308 E ActivityThread: Failed to find provider info for com.google.android.apps.gsa.testing.ui.audio.recorded
01-22 12:41:16.930  1711  1789 E storaged: getDiskStats failed with result NOT_SUPPORTED and size 0
01-22 12:41:19.596  2593  6795 W ctxmgr  : [AclManager]No 2 for (accnt=account#-517948760#, com.google.android.gms(10015):IndoorOutdoorProducer, vrsn=13280000, 0, 3pPkg = null ,  3pMdlId = null ,  pid = 2593). Was: 3 for 57, account#-517948760#
01-22 12:41:20.415  1594  7701 I chatty  : uid=1041(audioserver) Binder:1594_7 expire 12 lines
01-22 12:41:20.415  1594  7771 I chatty  : uid=1041(audioserver) /system/bin/audioserver expire 1 line
01-22 12:41:20.415  3275  3308 I chatty  : uid=10021(com.google.android.googlequicksearchbox) UserFacing1 expire 28 lines
01-22 12:41:20.417  3275  3308 E ActivityThread: Failed to find provider info for com.google.android.apps.gsa.testing.ui.audio.recorded
01-22 12:41:20.422  3275  3300 I chatty  : uid=10021(com.google.android.googlequicksearchbox) NonUserFacing0 expire 12 lines
01-22 12:41:24.611  2593  6795 W ctxmgr  : [AclManager]No 2 for (accnt=account#-517948760#, com.google.android.gms(10015):IndoorOutdoorProducer, vrsn=13280000, 0, 3pPkg = null ,  3pMdlId = null ,  pid = 2593). Was: 3 for 57, account#-517948760#
01-22 12:41:25.437  3275  3320 I chatty  : uid=10021(com.google.android.googlequicksearchbox) NonUserFacing2 expire 12 lines
01-22 12:41:25.444  1594  7774 I chatty  : uid=1041(audioserver) /system/bin/audioserver expire 1 line
01-22 12:41:25.447  3275  3801 I chatty  : uid=10021(com.google.android.googlequicksearchbox) HotwordDetector expire 11 lines
01-22 12:41:25.612  1856  1872 I chatty  : uid=1000(system) android.bg expire 15 lines
01-22 12:41:29.630  2593  6795 W ctxmgr  : [AclManager]No 2 for (accnt=account#-517948760#, com.google.android.gms(10015):IndoorOutdoorProducer, vrsn=13280000, 0, 3pPkg = null ,  3pMdlId = null ,  pid = 2593). Was: 3 for 57, account#-517948760#
01-22 12:41:30.469  1594  7777 I chatty  : uid=1041(audioserver) /system/bin/audioserver expire 1 line
01-22 12:41:30.476  3275  3275 I chatty  : uid=10021 com.google.android.googlequicksearchbox:search expire 34 lines
01-22 12:41:30.631  1856  2091 I chatty  : uid=1000(system) HwBinder:1856_3 expire 25 lines
01-22 12:41:34.642  2593  6795 W ctxmgr  : [AclManager]No 2 for (accnt=account#-517948760#, com.google.android.gms(10015):IndoorOutdoorProducer, vrsn=13280000, 0, 3pPkg = null ,  3pMdlId = null ,  pid = 2593). Was: 3 for 57, account#-517948760#
01-22 12:41:35.496  1594  7780 I chatty  : uid=1041(audioserver) /system/bin/audioserver expire 1 line
01-22 12:41:39.660  2593  6795 W ctxmgr  : [AclManager]No 2 for (accnt=account#-517948760#, com.google.android.gms(10015):IndoorOutdoorProducer, vrsn=13280000, 0, 3pPkg = null ,  3pMdlId = null ,  pid = 2593). Was: 3 for 57, account#-517948760#
01-22 12:41:40.119  1856  4962 I chatty  : uid=1000(system) Binder:1856_1A expire 2 lines
01-22 12:41:40.524  1594  7783 I chatty  : uid=1041(audioserver) /system/bin/audioserver expire 1 line
01-22 12:41:40.525  3275  3308 I chatty  : uid=10021(com.google.android.googlequicksearchbox) UserFacing1 expire 28 lines
01-22 12:41:40.530  3275  3300 I chatty  : uid=10021(com.google.android.googlequicksearchbox) NonUserFacing0 expire 21 lines
01-22 12:41:40.658  1856  1872 I chatty  : uid=1000(system) android.bg expire 15 lines
01-22 12:41:44.667  2593  6795 W ctxmgr  : [AclManager]No 2 for (accnt=account#-517948760#, com.google.android.gms(10015):IndoorOutdoorProducer, vrsn=13280000, 0, 3pPkg = null ,  3pMdlId = null ,  pid = 2593). Was: 3 for 57, account#-517948760#
01-22 12:41:45.547  3275  3320 I chatty  : uid=10021(com.google.android.googlequicksearchbox) NonUserFacing2 expire 16 lines
01-22 12:41:45.551  1594  7786 I chatty  : uid=1041(audioserver) /system/bin/audioserver expire 1 line
01-22 12:41:49.677  2593  6795 W ctxmgr  : [AclManager]No 2 for (accnt=account#-517948760#, com.google.android.gms(10015):IndoorOutdoorProducer, vrsn=13280000, 0, 3pPkg = null ,  3pMdlId = null ,  pid = 2593). Was: 3 for 57, account#-517948760#
01-22 12:41:50.580  1594  7474 I chatty  : uid=1041(audioserver) Binder:1594_5 expire 15 lines
01-22 12:41:50.580  1594  7789 I chatty  : uid=1041(audioserver) /system/bin/audioserver expire 1 line
01-22 12:41:54.691  2593  6795 W ctxmgr  : [AclManager]No 2 for (accnt=account#-517948760#, com.google.android.gms(10015):IndoorOutdoorProducer, vrsn=13280000, 0, 3pPkg = null ,  3pMdlId = null ,  pid = 2593). Was: 3 for 57, account#-517948760#
01-22 12:41:55.605  1594  7701 I chatty  : uid=1041(audioserver) Binder:1594_7 expire 12 lines
01-22 12:41:55.605  1594  7792 I chatty  : uid=1041(audioserver) /system/bin/audioserver expire 1 line
01-22 12:41:55.607  3275  3275 I chatty  : uid=10021 com.google.android.googlequicksearchbox:search expire 28 lines
01-22 12:41:55.694  1856  2091 I chatty  : uid=1000(system) HwBinder:1856_3 expire 25 lines
01-22 12:41:55.694  1856  1872 I chatty  : uid=1000(system) android.bg expire 23 lines
01-22 12:41:59.707  2593  6795 W ctxmgr  : [AclManager]No 2 for (accnt=account#-517948760#, com.google.android.gms(10015):IndoorOutdoorProducer, vrsn=13280000, 0, 3pPkg = null ,  3pMdlId = null ,  pid = 2593). Was: 3 for 57, account#-517948760#
01-22 12:42:00.019  1840  1843 D hwcomposer: hw_composer sent 6 syncs in 60s
01-22 12:42:00.627  1594  7795 I chatty  : uid=1041(audioserver) /system/bin/audioserver expire 1 line
01-22 12:42:00.628  3275  3308 I chatty  : uid=10021(com.google.android.googlequicksearchbox) UserFacing1 expire 27 lines
01-22 12:42:00.630  3275  3320 I chatty  : uid=10021(com.google.android.googlequicksearchbox) NonUserFacing2 expire 19 lines
01-22 12:42:04.721  2593  7130 W ctxmgr  : [AclManager]No 2 for (accnt=account#-517948760#, com.google.android.gms(10015):IndoorOutdoorProducer, vrsn=13280000, 0, 3pPkg = null ,  3pMdlId = null ,  pid = 2593). Was: 3 for 57, account#-517948760#
01-22 12:42:05.653  1594  7798 I chatty  : uid=1041(audioserver) /system/bin/audioserver expire 1 line
01-22 12:42:09.733  2593  6795 W ctxmgr  : [AclManager]No 2 for (accnt=account#-517948760#, com.google.android.gms(10015):IndoorOutdoorProducer, vrsn=13280000, 0, 3pPkg = null ,  3pMdlId = null ,  pid = 2593). Was: 3 for 57, account#-517948760#
01-22 12:42:10.314  1792  1792 E netmgr  : Failed to open QEMU pipe 'qemud:network': Invalid argument
01-22 12:42:10.702  1594  7801 I chatty  : uid=1041(audioserver) /system/bin/audioserver expire 1 line
01-22 12:42:10.733  1856  1872 I chatty  : uid=1000(system) android.bg expire 21 lines
01-22 12:42:14.746  2593  6795 W ctxmgr  : [AclManager]No 2 for (accnt=account#-517948760#, com.google.android.gms(10015):IndoorOutdoorProducer, vrsn=13280000, 0, 3pPkg = null ,  3pMdlId = null ,  pid = 2593). Was: 3 for 57, account#-517948760#
01-22 12:42:15.730  1594  7804 I chatty  : uid=1041(audioserver) /system/bin/audioserver expire 1 line
01-22 12:42:15.734  3275  3275 I chatty  : uid=10021 com.google.android.googlequicksearchbox:search expire 28 lines
01-22 12:42:10.703  3275  3308 I chatty  : uid=10021(com.google.android.googlequicksearchbox) UserFacing1 identical 10 lines
01-22 12:42:15.733  3275  3308 E ActivityThread: Failed to find provider info for com.google.android.apps.gsa.testing.ui.audio.recorded
01-22 12:42:16.937  1711  1789 E storaged: getDiskStats failed with result NOT_SUPPORTED and size 0
01-22 12:42:19.766  2593  6795 W ctxmgr  : [AclManager]No 2 for (accnt=account#-517948760#, com.google.android.gms(10015):IndoorOutdoorProducer, vrsn=13280000, 0, 3pPkg = null ,  3pMdlId = null ,  pid = 2593). Was: 3 for 57, account#-517948760#
01-22 12:42:20.756  3275  3320 I chatty  : uid=10021(com.google.android.googlequicksearchbox) NonUserFacing2 expire 17 lines
01-22 12:42:20.757  3275  3308 I chatty  : uid=10021(com.google.android.googlequicksearchbox) UserFacing1 expire 29 lines
01-22 12:42:20.760  1594  7807 I chatty  : uid=1041(audioserver) /system/bin/audioserver expire 1 line
01-22 12:42:20.764  3275  3308 E ActivityThread: Failed to find provider info for com.google.android.apps.gsa.testing.ui.audio.recorded
01-22 12:42:20.766  1856  2091 I chatty  : uid=1000(system) HwBinder:1856_3 expire 25 lines
01-22 12:42:20.767  3275  3801 I chatty  : uid=10021(com.google.android.googlequicksearchbox) HotwordDetector expire 13 lines
01-22 12:42:24.781  2593  6795 W ctxmgr  : [AclManager]No 2 for (accnt=account#-517948760#, com.google.android.gms(10015):IndoorOutdoorProducer, vrsn=13280000, 0, 3pPkg = null ,  3pMdlId = null ,  pid = 2593). Was: 3 for 57, account#-517948760#
01-22 12:42:25.786  1594  7810 I chatty  : uid=1041(audioserver) /system/bin/audioserver expire 1 line
01-22 12:42:29.794  2593  6795 W ctxmgr  : [AclManager]No 2 for (accnt=account#-517948760#, com.google.android.gms(10015):IndoorOutdoorProducer, vrsn=13280000, 0, 3pPkg = null ,  3pMdlId = null ,  pid = 2593). Was: 3 for 57, account#-517948760#
01-22 12:42:30.816  1594  7813 I chatty  : uid=1041(audioserver) /system/bin/audioserver expire 1 line
01-22 12:42:31.800  1856  1872 I chatty  : uid=1000(system) android.bg expire 14 lines
01-22 12:42:34.809  2593  7648 W ctxmgr  : [AclManager]No 2 for (accnt=account#-517948760#, com.google.android.gms(10015):IndoorOutdoorProducer, vrsn=13280000, 0, 3pPkg = null ,  3pMdlId = null ,  pid = 2593). Was: 3 for 57, account#-517948760#
01-22 12:42:35.846  1594  7701 I chatty  : uid=1041(audioserver) Binder:1594_7 expire 12 lines
01-22 12:42:35.851  1594  7816 I chatty  : uid=1041(audioserver) /system/bin/audioserver expire 1 line
01-22 12:42:35.852  3275  3275 I chatty  : uid=10021 com.google.android.googlequicksearchbox:search expire 28 lines
01-22 12:42:39.829  2593  7648 W ctxmgr  : [AclManager]No 2 for (accnt=account#-517948760#, com.google.android.gms(10015):IndoorOutdoorProducer, vrsn=13280000, 0, 3pPkg = null ,  3pMdlId = null ,  pid = 2593). Was: 3 for 57, account#-517948760#
01-22 12:42:40.876  1594  7819 I chatty  : uid=1041(audioserver) /system/bin/audioserver expire 1 line
01-22 12:42:40.876  1594  7474 I chatty  : uid=1041(audioserver) Binder:1594_5 expire 10 lines
01-22 12:42:40.878  3275  3308 I chatty  : uid=10021(com.google.android.googlequicksearchbox) UserFacing1 expire 27 lines
01-22 12:42:44.842  2593  7648 W ctxmgr  : [AclManager]No 2 for (accnt=account#-517948760#, com.google.android.gms(10015):IndoorOutdoorProducer, vrsn=13280000, 0, 3pPkg = null ,  3pMdlId = null ,  pid = 2593). Was: 3 for 57, account#-517948760#
01-22 12:42:45.843  1856  2091 I chatty  : uid=1000(system) HwBinder:1856_3 expire 16 lines
01-22 12:42:45.843  1856  1872 I chatty  : uid=1000(system) android.bg expire 41 lines
01-22 12:42:45.901  3275  3300 I chatty  : uid=10021(com.google.android.googlequicksearchbox) NonUserFacing0 expire 15 lines
01-22 12:42:45.906  1594  7822 I chatty  : uid=1041(audioserver) /system/bin/audioserver expire 1 line
01-22 12:42:45.917  3275  3320 I chatty  : uid=10021(com.google.android.googlequicksearchbox) NonUserFacing2 expire 12 lines
01-22 12:42:49.859  2593  7648 W ctxmgr  : [AclManager]No 2 for (accnt=account#-517948760#, com.google.android.gms(10015):IndoorOutdoorProducer, vrsn=13280000, 0, 3pPkg = null ,  3pMdlId = null ,  pid = 2593). Was: 3 for 57, account#-517948760#
01-22 12:42:50.939  1594  7825 I chatty  : uid=1041(audioserver) /system/bin/audioserver expire 1 line
01-22 12:42:54.871  2593  7130 W ctxmgr  : [AclManager]No 2 for (accnt=account#-517948760#, com.google.android.gms(10015):IndoorOutdoorProducer, vrsn=13280000, 0, 3pPkg = null ,  3pMdlId = null ,  pid = 2593). Was: 3 for 57, account#-517948760#
01-22 12:42:55.975  1594  7828 I chatty  : uid=1041(audioserver) /system/bin/audioserver expire 1 line
01-22 12:42:55.978  3275  3275 I chatty  : uid=10021 com.google.android.googlequicksearchbox:search expire 28 lines
01-22 12:42:59.881  2593  7648 W ctxmgr  : [AclManager]No 2 for (accnt=account#-517948760#, com.google.android.gms(10015):IndoorOutdoorProducer, vrsn=13280000, 0, 3pPkg = null ,  3pMdlId = null ,  pid = 2593). Was: 3 for 57, account#-517948760#
01-22 12:43:00.010  1840  1843 D hwcomposer: hw_composer sent 6 syncs in 60s
01-22 12:43:00.993  3275  3300 I chatty  : uid=10021(com.google.android.googlequicksearchbox) NonUserFacing0 expire 20 lines
01-22 12:43:00.993  3275  3308 I chatty  : uid=10021(com.google.android.googlequicksearchbox) UserFacing1 expire 29 lines
01-22 12:43:00.997  1594  7831 I chatty  : uid=1041(audioserver) /system/bin/audioserver expire 1 line
01-22 12:43:01.884  1856  2091 I chatty  : uid=1000(system) HwBinder:1856_3 expire 14 lines
01-22 12:43:04.894  2593  7648 W ctxmgr  : [AclManager]No 2 for (accnt=account#-517948760#, com.google.android.gms(10015):IndoorOutdoorProducer, vrsn=13280000, 0, 3pPkg = null ,  3pMdlId = null ,  pid = 2593). Was: 3 for 57, account#-517948760#
01-22 12:43:06.026  1594  7474 I chatty  : uid=1041(audioserver) Binder:1594_5 expire 10 lines
01-22 12:43:06.026  1594  7834 I chatty  : uid=1041(audioserver) /system/bin/audioserver expire 1 line
01-22 12:43:09.904  2593  7648 W ctxmgr  : [AclManager]No 2 for (accnt=account#-517948760#, com.google.android.gms(10015):IndoorOutdoorProducer, vrsn=13280000, 0, 3pPkg = null ,  3pMdlId = null ,  pid = 2593). Was: 3 for 57, account#-517948760#
01-22 12:43:10.374  1792  1792 E netmgr  : Failed to open QEMU pipe 'qemud:network': Invalid argument
01-22 12:43:10.905  1856  1872 I chatty  : uid=1000(system) android.bg expire 30 lines
01-22 12:43:11.055  1594  7837 I chatty  : uid=1041(audioserver) /system/bin/audioserver expire 1 line
01-22 12:43:11.057  3275  3308 I chatty  : uid=10021(com.google.android.googlequicksearchbox) UserFacing1 identical 10 lines
01-22 12:43:14.924  2593  7648 W ctxmgr  : [AclManager]No 2 for (accnt=account#-517948760#, com.google.android.gms(10015):IndoorOutdoorProducer, vrsn=13280000, 0, 3pPkg = null ,  3pMdlId = null ,  pid = 2593). Was: 3 for 57, account#-517948760#
01-22 12:43:15.921  1856  2091 I chatty  : uid=1000(system) HwBinder:1856_3 expire 25 lines
01-22 12:43:16.082  1594  7840 I chatty  : uid=1041(audioserver) /system/bin/audioserver expire 1 line
01-22 12:43:16.083  3275  3308 E ActivityThread: Failed to find provider info for com.google.android.apps.gsa.testing.ui.audio.recorded
01-22 12:43:16.084  3275  3275 I chatty  : uid=10021 com.google.android.googlequicksearchbox:search expire 28 lines
01-22 12:43:16.939  1711  1789 E storaged: getDiskStats failed with result NOT_SUPPORTED and size 0
01-22 12:43:19.943  2593  7130 W ctxmgr  : [AclManager]No 2 for (accnt=account#-517948760#, com.google.android.gms(10015):IndoorOutdoorProducer, vrsn=13280000, 0, 3pPkg = null ,  3pMdlId = null ,  pid = 2593). Was: 3 for 57, account#-517948760#
01-22 12:43:21.113  1594  7701 I chatty  : uid=1041(audioserver) Binder:1594_7 expire 15 lines
01-22 12:43:21.113  1594  7843 I chatty  : uid=1041(audioserver) /system/bin/audioserver expire 1 line
01-22 12:43:21.113  3275  3308 I chatty  : uid=10021(com.google.android.googlequicksearchbox) UserFacing1 expire 28 lines
01-22 12:43:21.114  3275  3308 E ActivityThread: Failed to find provider info for com.google.android.apps.gsa.testing.ui.audio.recorded
01-22 12:43:21.119  3275  3300 I chatty  : uid=10021(com.google.android.googlequicksearchbox) NonUserFacing0 expire 20 lines
01-22 12:43:24.963  2593  6795 W ctxmgr  : [AclManager]No 2 for (accnt=account#-517948760#, com.google.android.gms(10015):IndoorOutdoorProducer, vrsn=13280000, 0, 3pPkg = null ,  3pMdlId = null ,  pid = 2593). Was: 3 for 57, account#-517948760#
01-22 12:43:26.135  3275  3320 I chatty  : uid=10021(com.google.android.googlequicksearchbox) NonUserFacing2 expire 16 lines
01-22 12:43:26.139  1594  7846 I chatty  : uid=1041(audioserver) /system/bin/audioserver expire 1 line
01-22 12:43:26.145  3275  3801 I chatty  : uid=10021(com.google.android.googlequicksearchbox) HotwordDetector expire 11 lines
01-22 12:43:29.971  2593  6795 W ctxmgr  : [AclManager]No 2 for (accnt=account#-517948760#, com.google.android.gms(10015):IndoorOutdoorProducer, vrsn=13280000, 0, 3pPkg = null ,  3pMdlId = null ,  pid = 2593). Was: 3 for 57, account#-517948760#
01-22 12:43:31.203  1594  7849 I chatty  : uid=1041(audioserver) /system/bin/audioserver expire 1 line
01-22 12:43:31.205  1594  7474 I chatty  : uid=1041(audioserver) Binder:1594_5 expire 13 lines
