--------- beginning of system
01-22 12:24:04.739  3275  3795 E ActivityThread: Failed to find provider info for com.google.android.apps.gsa.testing.ui.audio.recorded
01-22 12:24:07.483  1856  4374 I ActivityManager: Killing 4463:com.android.mtp/u0a6 (adj 906): empty #17
01-22 12:24:09.770  3275  3795 E ActivityThread: Failed to find provider info for com.google.android.apps.gsa.testing.ui.audio.recorded
01-22 12:24:11.866  1856  3107 I ActivityManager: Killing 4497:android.process.media/u0a6 (adj 906): empty #17
01-22 12:24:14.803  3275  3795 E ActivityThread: Failed to find provider info for com.google.android.apps.gsa.testing.ui.audio.recorded
01-22 12:24:16.842  1711  1789 E storaged: getDiskStats failed with result NOT_SUPPORTED and size 0
01-22 12:24:19.837  3275  3795 E ActivityThread: Failed to find provider info for com.google.android.apps.gsa.testing.ui.audio.recorded
01-22 12:24:22.861  1856  2474 I ActivityManager: Killing 4910:com.google.android.play.games.ui/u0a15 (adj 906): empty #17
01-22 12:24:24.863  3275  3795 E ActivityThread: Failed to find provider info for com.google.android.apps.gsa.testing.ui.audio.recorded
01-22 12:24:45.005  3275  3795 I chatty  : uid=10021 com.google.android.googlequicksearchbox:search identical 4 lines
01-22 12:24:50.036  3275  3795 E ActivityThread: Failed to find provider info for com.google.android.apps.gsa.testing.ui.audio.recorded
01-22 12:24:50.298  1856  1877 D KernelUidCpuTimeReader: Removing uids 1037-1037
01-22 12:24:55.063  3275  3795 E ActivityThread: Failed to find provider info for com.google.android.apps.gsa.testing.ui.audio.recorded
01-22 12:25:10.144  3275  3795 I chatty  : uid=10021 com.google.android.googlequicksearchbox:search identical 3 lines
01-22 12:25:15.170  3275  3795 E ActivityThread: Failed to find provider info for com.google.android.apps.gsa.testing.ui.audio.recorded
01-22 12:25:16.193  1856  4374 I ActivityManager: START u0 {act=android.intent.action.MAIN cat=[android.intent.category.LAUNCHER] flg=0x10200000 cmp=io.appium.settings/.Settings} from uid 2000
01-22 12:25:16.252  1856  1875 I ActivityManager: Start proc 6116:io.appium.settings/u0a86 for activity io.appium.settings/.Settings
01-22 12:25:16.870  1711  1789 E storaged: getDiskStats failed with result NOT_SUPPORTED and size 0
01-22 12:25:19.212  1856  1873 I ActivityManager: Killing 4524:com.google.android.apps.docs/u0a56 (adj 906): empty #17
01-22 12:25:19.918  3275  3795 E ActivityThread: Failed to find provider info for com.google.android.apps.gsa.testing.ui.audio.recorded
01-22 12:25:20.354  1856  4164 I ActivityManager: Force stopping com.google.android.gm appid=10054 user=0: from pid 6162
01-22 12:25:20.516  1856  4236 I ActivityManager: Force stopping com.google.android.gm appid=10054 user=0: clear data
01-22 12:25:20.533  1856  4236 D ZenLog  : config: removeAutomaticZenRules,ZenModeConfig[user=0,allowAlarms=true,allowMedia=true,allowSystem=false,allowReminders=false,allowEvents=false,allowCalls=true,allowRepeatCallers=true,allowMessages=false,allowCallsFrom=stars,allowMessagesFrom=contacts,suppressedVisualEffects=511,areChannelsBypassingDnd=false,automaticRules={EVENTS_DEFAULT_RULE=ZenRule[enabled=false,snoozing=false,name=Event,zenMode=ZEN_MODE_IMPORTANT_INTERRUPTIONS,conditionId=condition://android/event?userId=-10000&calendar=&reply=1,condition=Condition[id=condition://android/event?userId=-10000&calendar=&reply=1,summary=...,line1=...,line2=...,icon=0,state=STATE_FALSE,flags=2],component=ComponentInfo{android/com.android.server.notification.EventConditionProvider},id=EVENTS_DEFAULT_RULE,creationTime=1547506415047,enabler=null], EVERY_NIGHT_DEFAULT_RULE=ZenRule[enabled=false,snoozing=false,name=Sleeping,zenMode=ZEN_MODE_IMPORTANT_INTERRUPTIONS,conditionId=condition://android/schedule?days=1.2.3.4.5.6.7&start=22.0&end=7.0&exitAtAlarm=true,condition=Condition[id=condition://android/schedule?days=1.2.3.4.5.6.7&start=22.0&end=7.0&exitAtAlarm=true,summary=...,line1=...,line2=...,icon=0,state=STATE_FALSE,flags=2],component=ComponentInfo{android/com.android.server.notification.ScheduleConditionProvider},id=EVERY_NIGHT_DEFAULT_RULE,creationTime=1547506415047,enabler=null]},manualRule=null],Diff[]
01-22 12:25:20.535  1856  4236 I ConditionProviders: Disallowing condition provider com.google.android.gm
01-22 12:25:20.535  1856  1856 D ZenLog  : set_zen_mode: off,removeAutomaticZenRules
01-22 12:25:20.539  1856  1873 I ActivityManager: Force stopping com.google.android.gm appid=10054 user=-1: clearApplicationUserData
01-22 12:25:21.377  1856  1856 V SettingsProvider: Notifying for 0: content://settings/secure/accessibility_enabled
01-22 12:25:22.039  1856  5213 I ActivityManager: Force stopping com.google.android.gm appid=10054 user=0: from pid 6221
01-22 12:25:22.319  1856  5213 I ActivityManager: START u0 {flg=0x10000000 cmp=com.google.android.gm/.ui.MailActivityGmail} from uid 2000
01-22 12:25:22.403  1856  1875 W ActivityManager: Slow operation: 68ms so far, now at startProcess: returned from zygote!
01-22 12:25:22.403  1856  1875 W ActivityManager: Slow operation: 68ms so far, now at startProcess: done updating battery stats
01-22 12:25:22.403  1856  1875 W ActivityManager: Slow operation: 68ms so far, now at startProcess: building log message
01-22 12:25:22.403  1856  1875 I ActivityManager: Start proc 6223:com.google.android.gm/u0a54 for activity com.google.android.gm/.ui.MailActivityGmail
01-22 12:25:22.403  1856  1875 W ActivityManager: Slow operation: 68ms so far, now at startProcess: starting to update pids map
01-22 12:25:22.403  1856  1875 W ActivityManager: Slow operation: 68ms so far, now at startProcess: done updating pids map
01-22 12:25:22.447  1856  5405 W ActivityManager: Request to remove task ignored for non-existent task 385
01-22 12:25:23.782  1856  5135 I ActivityManager: START u0 {flg=0x4000000 pkg=com.google.android.gm cmp=com.google.android.gm/.welcome.WelcomeTourActivity (has extras)} from uid 10054
01-22 12:25:24.322  1856  1873 W ActivityManager: Activity pause timeout for ActivityRecord{e65d66b u0 com.google.android.gm/.ui.MailActivityGmail t386}
01-22 12:25:25.707  1856  5405 W ActivityManager: Unable to start service Intent { cmp=com.google.android.gm/com.android.email.service.AttachmentService } U=0: not found
01-22 12:25:25.938  1856  5405 I ActivityManager: START u0 {cmp=com.google.android.gm/.welcome.SetupAddressesActivity (has extras)} from uid 10054
01-22 12:25:27.458  1856  3940 I ActivityManager: START u0 {dat=for://gmail-app-flow cmp=com.google.android.gm/.setup.AccountSetupFinalGmail (has extras)} from uid 10054
01-22 12:25:31.103  1856  1868 I ActivityManager: START u0 {act=com.google.android.gms.ui.UNPACKING_REDIRECT dat=intent://com.google.android.gms.auth.uiflows.common/7314ecdc-9fc8-4ad9-845b-182a227fdd8f pkg=com.google.android.gms cmp=com.google.android.gms/.auth.uiflows.common.UnpackingRedirectActivity (has extras)} from uid 10054
01-22 12:25:31.308  1856  3107 I ActivityManager: START u0 {cat=[categoryhack:3627dd3a-43b7-4a8b-a474-b11fb0354273] flg=0x2000000 cmp=com.google.android.gms/.auth.uiflows.addaccount.AccountIntroActivity (has extras)} from uid 10015
01-22 12:25:31.428  1856  3107 I ActivityManager: START u0 {flg=0x2000000 cmp=com.google.android.gms/.auth.uiflows.addaccount.WrapperControlledActivity (has extras)} from uid 10015
01-22 12:25:31.559  1856  3107 I ActivityManager: START u0 {act=com.google.android.gms.auth.addaccount.PRE_ADD_ACCOUNT cmp=com.google.android.gms/.auth.uiflows.addaccount.PreAddAccountActivity (has extras)} from uid 10015
01-22 12:25:33.096  1856  1874 W Looper  : Slow dispatch took 156ms android.ui h=com.android.server.am.ActivityManagerService$UiHandler c=null m=30
01-22 12:25:33.154  1856  5405 I ActivityManager: START u0 {flg=0x2000000 cmp=com.google.android.gms/.auth.uiflows.minutemaid.MinuteMaidActivity (has extras)} from uid 10015
01-22 12:25:33.478  1856  1874 W Looper  : Slow dispatch took 103ms android.ui h=com.android.server.am.ActivityManagerService$UiHandler c=null m=30
01-22 12:25:35.617  1856  1875 W ActivityManager: Slow operation: 125ms so far, now at startProcess: returned from zygote!
01-22 12:25:35.617  1856  1875 W ActivityManager: Slow operation: 126ms so far, now at startProcess: done updating battery stats
01-22 12:25:35.617  1856  1875 W ActivityManager: Slow operation: 126ms so far, now at startProcess: building log message
01-22 12:25:35.617  1856  1875 I ActivityManager: Start proc 6311:com.android.chrome:sandboxed_process1/u0i4 for webview_service com.google.android.gms/org.chromium.content.app.SandboxedProcessService1
01-22 12:25:35.617  1856  1875 W ActivityManager: Slow operation: 126ms so far, now at startProcess: starting to update pids map
01-22 12:25:35.617  1856  1875 W ActivityManager: Slow operation: 126ms so far, now at startProcess: done updating pids map
01-22 12:25:55.465  1856  1874 D AutofillUI: destroySaveUiUiThread(): already destroyed
01-22 12:26:03.301  1856  1874 D AutofillUI: destroySaveUiUiThread(): already destroyed
01-22 12:26:14.889  1856  5405 I ActivityManager: START u0 {flg=0x2000000 cmp=com.google.android.gms/.auth.uiflows.addaccount.AddAccountActivity (has extras)} from uid 10015
01-22 12:26:16.873  1711  1789 E storaged: getDiskStats failed with result NOT_SUPPORTED and size 0
01-22 12:26:17.530  1856  3107 I ActivityManager: Killing 6311:com.android.chrome:sandboxed_process1/u0a15i4 (adj 0): isolated not needed
01-22 12:26:20.065  1856  3940 W ActivityManager: Slow operation: 162ms so far, now at getContentProviderImpl: incProviderCountLocked
01-22 12:26:20.065  1856  3940 W ActivityManager: Slow operation: 162ms so far, now at getContentProviderImpl: before updateOomAdj
01-22 12:26:20.065  1856  3940 W ActivityManager: Slow operation: 163ms so far, now at getContentProviderImpl: after updateOomAdj
01-22 12:26:20.065  1856  3940 W ActivityManager: Slow operation: 163ms so far, now at getContentProviderImpl: done!
01-22 12:26:22.284  1856  5135 I ActivityManager: START u0 {flg=0x2000000 cmp=com.google.android.gms/.auth.uiflows.addaccount.WrapperControlledActivity (has extras)} from uid 10015
01-22 12:26:22.359  1856  1874 W Looper  : Slow dispatch took 118ms android.ui h=com.android.server.am.ActivityManagerService$UiHandler c=null m=53
01-22 12:26:22.930  1856  1917 I ActivityManager: START u0 {act=com.google.android.gms.auth.addaccount.POST_ADD_ACCOUNT cmp=com.google.android.gms/.setupservices.GoogleServicesActivity (has extras)} from uid 10015
01-22 12:26:23.358  1856  1875 I ActivityManager: Start proc 6382:com.google.android.apps.docs/u0a56 for service com.google.android.apps.docs/.sync.syncadapter.DocsSyncAdapterService
01-22 12:26:25.557  1856  1986 E SyncManager: Couldn't find backoff values for evanescentblade777@gmail.com/com.google.android.gms.auth.accountstate:u0
01-22 12:26:25.981  1856  1986 E SyncManager: Couldn't find backoff values for evanescentblade777@gmail.com/com.google.android.gms.reminders:u0
01-22 12:26:26.062  1856  1986 E SyncManager: Couldn't find backoff values for evanescentblade777@gmail.com/com.google.android.music.MusicContent:u0
01-22 12:26:26.475  1856  1986 E SyncManager: Couldn't find backoff values for evanescentblade777@gmail.com/gmail-ls:u0
01-22 12:26:26.558  1856  1986 E SyncManager: Couldn't find backoff values for evanescentblade777@gmail.com/com.google.android.location.reporting:u0
01-22 12:26:26.892  1856  1986 E SyncManager: Couldn't find backoff values for evanescentblade777@gmail.com/com.google.android.videos.sync:u0
01-22 12:26:26.960  1856  4477 I BackupManagerService: Backup enabled => true
01-22 12:26:27.166  1856  1986 E SyncManager: Couldn't find backoff values for evanescentblade777@gmail.com/com.google.android.gms.games:u0
01-22 12:26:27.262  1856  1986 E SyncManager: Couldn't find backoff values for evanescentblade777@gmail.com/com.google.android.gms.photos.iu.EsGoogleIuProvider:u0
01-22 12:26:28.040  1856  1986 E SyncManager: Couldn't find backoff values for evanescentblade777@gmail.com/com.android.contacts:u0
01-22 12:26:28.282  1856  1986 E SyncManager: Couldn't find backoff values for evanescentblade777@gmail.com/com.google.android.gms.appstate:u0
01-22 12:26:28.503  1856  1986 E SyncManager: Couldn't find backoff values for evanescentblade777@gmail.com/com.google.android.gms.people:u0
01-22 12:26:28.535  1856  1986 E SyncManager: Couldn't find backoff values for evanescentblade777@gmail.com/com.google.android.gms.auth.confirm:u0
01-22 12:26:28.610  1856  1986 E SyncManager: Couldn't find backoff values for evanescentblade777@gmail.com/com.android.chrome:u0
01-22 12:26:29.039  1856  4962 D BackupTransportManager: Transport com.google.android.gms/.backup.BackupTransportService updated its attributes
01-22 12:26:29.327  1856  1986 E SyncManager: Couldn't find backoff values for evanescentblade777@gmail.com/com.google.android.gms.games.background:u0
01-22 12:26:29.372  1856  1986 E SyncManager: Couldn't find backoff values for evanescentblade777@gmail.com/com.google.android.gms.subscribedfeeds:u0
01-22 12:26:29.395  1856  1986 E SyncManager: Couldn't find backoff values for evanescentblade777@gmail.com/com.google.android.gms.fitness:u0
01-22 12:26:29.411  1856  1986 E SyncManager: Couldn't find backoff values for evanescentblade777@gmail.com/com.android.calendar:u0
01-22 12:26:29.505  1856  1986 E SyncManager: Couldn't find backoff values for evanescentblade777@gmail.com/com.google.android.gms.drive.sync:u0
01-22 12:26:29.794  1856  1856 W Looper  : Slow dispatch took 120ms main h=android.app.job.JobServiceEngine$JobHandler c=null m=0
01-22 12:26:30.305  1856  2474 D BackupTransportManager: Transport com.google.android.gms/.backup.BackupTransportService updated its attributes
01-22 12:26:30.360  1856  2474 W BroadcastQueue: Background execution not allowed: receiving Intent { act=com.google.android.gsf.settings.GoogleLocationSettings.UPDATE_LOCATION_SETTINGS flg=0x10 } to com.google.android.gsf/.settings.GoogleLocationSettings$LocationSettingsChangedListener
01-22 12:26:30.850  1856  5182 D BackupTransportManager: Transport com.google.android.gms/.backup.BackupTransportService updated its attributes
01-22 12:26:30.882  1856  5182 W BroadcastQueue: Background execution not allowed: receiving Intent { act=com.google.android.gms.location.reporting.SETTINGS_CHANGED flg=0x10 } to com.google.android.googlequicksearchbox/com.google.android.apps.gsa.search.core.udc.UdcSettingBroadcastReceiver
01-22 12:26:31.031  1856  1986 E SyncManager: Couldn't find backoff values for evanescentblade777@gmail.com/com.google.android.apps.docs:u0
01-22 12:26:31.536  1856  4962 W ActivityManager: Receiver with filter android.content.IntentFilter@22d6104 already registered for pid 2639, callerPackage is com.google.android.gms
01-22 12:26:32.020  1856  1875 I ActivityManager: Start proc 6512:com.google.android.play.games.ui/u0a15 for content provider com.google.android.gms/.games.provider.NotificationStubContentProvider
01-22 12:26:34.258  1856  1986 E SyncManager: Job params not found for 101885
01-22 12:26:34.368  1856  1986 E SyncManager: Job params not found for 109941
01-22 12:26:34.608  1856  1873 I ActivityManager: Waited long enough for: ServiceRecord{f2d1249 u0 com.google.android.gms/.icing.service.IndexWorkerService}
01-22 12:26:34.954  1856  1986 E SyncManager: Job params not found for 100553
01-22 12:26:35.370  1856  5902 I ActivityManager: START u0 {cmp=com.google.android.gm/.ui.MailActivityGmail (has extras)} from uid 10054
01-22 12:26:35.468  1856  1856 W Looper  : Slow dispatch took 138ms main h=com.android.server.job.JobSchedulerService$JobHandler c=null m=3
01-22 12:26:35.592  1856  1856 W Looper  : Slow dispatch took 118ms main h=android.app.job.JobServiceEngine$JobHandler c=null m=0
01-22 12:26:36.059  1856  1986 E SyncManager: Job params not found for 103858
01-22 12:26:37.087  1856  1986 E SyncManager: Job params not found for 108630
01-22 12:26:38.364  1856  1874 W Looper  : Slow dispatch took 118ms android.ui h=com.android.server.am.ActivityManagerService$UiHandler c=null m=53
01-22 12:26:39.377  1856  1856 W Looper  : Slow dispatch took 236ms main h=android.app.job.JobServiceEngine$JobHandler c=null m=0
01-22 12:26:40.270  1856  1856 W Looper  : Slow dispatch took 407ms main h=android.app.job.JobServiceEngine$JobHandler c=null m=0
01-22 12:26:41.998  1856  1856 W Looper  : Slow dispatch took 125ms main h=com.android.server.job.JobSchedulerService$JobHandler c=null m=3
01-22 12:26:43.342  1856  1856 W Looper  : Slow dispatch took 454ms main h=com.android.server.job.JobSchedulerService$JobHandler c=null m=1
01-22 12:26:43.413  1856  1986 E SyncManager: Job params not found for 107537
01-22 12:26:45.475  1856  1856 W Looper  : Slow dispatch took 246ms main h=android.app.job.JobServiceEngine$JobHandler c=null m=0
01-22 12:26:47.375  1856  1873 W BroadcastQueue: Permission Denial: receiving Intent { act=com.google.android.apps.now.account_update_broadcast flg=0x10 pkg=com.android.chrome (has extras) } to ProcessRecord{38fcd5a 3329:com.android.chrome/u0a48} (pid=3329, uid=10048) requires com.google.android.apps.now.CURRENT_ACCOUNT_ACCESS due to sender com.google.android.googlequicksearchbox (uid 10021)
01-22 12:26:47.671  1856  3107 W ActivityManager: Unable to start service Intent { act=com.android.vending.contentfilters.IContentFiltersService.BIND pkg=com.android.vending } U=0: not found
01-22 12:26:47.817  1856  5902 W ActivityManager: Unbind failed: could not find connection for android.os.BinderProxy@ae18392
01-22 12:26:51.328  1856  1856 W Looper  : Slow dispatch took 106ms main h=android.app.job.JobServiceEngine$JobHandler c=null m=0
01-22 12:26:53.379  1856  1875 I ActivityManager: Start proc 6679:com.android.chrome:sandboxed_process0/u0i5 for webview_service com.google.android.gm/org.chromium.content.app.SandboxedProcessService0
01-22 12:26:54.956  1856  1986 E SyncManager: Job params not found for 103860
01-22 12:26:56.005  1856  2130 I ActivityManager: Force stopping com.google.android.gm appid=10054 user=0: from pid 6735
01-22 12:26:56.006  1856  2130 I ActivityManager: Killing 6223:com.google.android.gm/u0a54 (adj 0): stop com.google.android.gm
01-22 12:26:56.022  1856  2130 W ActivityManager: Scheduling restart of crashed service com.google.android.gm/.provider.MailSyncAdapterService in 1000ms
01-22 12:26:56.026  1856  2130 W ActivityManager: Force removing ActivityRecord{a9e806e u0 com.google.android.gm/.ui.MailActivityGmail t386}: app died, no saved state
01-22 12:26:56.094  1856  2130 I ActivityManager: Killing 6679:com.android.chrome:sandboxed_process0/u0a54i5 (adj 0): isolated not needed
01-22 12:26:56.169  1856  2130 I ActivityManager:   Force stopping service ServiceRecord{b480d92 u0 com.google.android.gm/.provider.MailSyncAdapterService}
01-22 12:26:56.212  1856  1856 W Looper  : Slow dispatch took 215ms main h=com.android.server.job.JobSchedulerService$JobHandler c=null m=1
01-22 12:26:56.237  1856  1874 W Looper  : Slow dispatch took 231ms android.ui h=com.android.server.am.ActivityManagerService$UiHandler c=null m=53
01-22 12:26:56.238  1856  1874 W Looper  : Slow delivery took 213ms android.ui h=com.android.server.am.ActivityManagerService$UiHandler c=null m=32
01-22 12:26:56.249  1856  1874 W Looper  : Drained
01-22 12:26:56.412  1856  3056 D ConnectivityService: ConnectivityService NetworkRequestInfo binderDied(NetworkRequest [ LISTEN id=30, [ Capabilities: INTERNET&NOT_RESTRICTED&TRUSTED Unwanted:  Uid: 10054] ], android.os.BinderProxy@2cdadad)
01-22 12:26:56.489  1856  1881 W ActivityManager: setHasOverlayUi called on unknown pid: 6223
01-22 12:26:58.041  1856  1856 W Looper  : Slow dispatch took 279ms main h=android.app.job.JobServiceEngine$JobHandler c=null m=0
01-22 12:26:58.060  1856  1856 W Looper  : Slow delivery took 237ms main h=com.android.server.accessibility.AbstractAccessibilityServiceConnection$1 c=null m=2048
01-22 12:26:58.095  1856  1856 W Looper  : Drained
01-22 12:26:58.490  1709  6662 W SocketClient: write error (Broken pipe)
01-22 12:26:59.298  3275  3794 E ActivityThread: Failed to find provider info for com.google.android.apps.gsa.testing.ui.audio.recorded
01-22 12:26:59.819  1856  1856 W Looper  : Slow dispatch took 103ms main h=android.app.job.JobServiceEngine$JobHandler c=null m=0
01-22 12:27:04.524  1856  1879 D AutofillManagerService: Close system dialogs
01-22 12:27:04.534  1856  1944 I ActivityManager: START u0 {act=android.intent.action.MAIN cat=[android.intent.category.HOME] flg=0x10200000 cmp=com.google.android.apps.nexuslauncher/.NexusLauncherActivity (has extras)} from uid 1000
01-22 12:27:05.151  1856  3961 W WindowManager: removeWindowToken: Attempted to remove non-existing token: android.os.Binder@64cdbf3
01-22 12:27:05.153  1856  1867 W WindowManager: removeWindowToken: Attempted to remove non-existing token: android.os.Binder@64cdbf3
01-22 12:27:05.229  1856  1856 E AbstractAccessibilityServiceConnection: Error during sending EventType: TYPE_WINDOW_STATE_CHANGED; EventTime: 481233; PackageName: null; MovementGranularity: 0; Action: 0; ContentChangeTypes: [10]; WindowChangeTypes: [] [ ClassName: null; Text: [App suggestions]; ContentDescription: null; ItemCount: -1; CurrentItemIndex: -1; Enabled: false; Password: false; Checked: false; FullScreen: false; Scrollable: false; BeforeText: null; FromIndex: -1; ToIndex: -1; ScrollX: -1; ScrollY: -1; MaxScrollX: -1; MaxScrollY: -1; AddedCount: -1; RemovedCount: -1; ParcelableData: null ]; recordCount: 0 to android.accessibilityservice.IAccessibilityServiceClient$Stub$Proxy@ac40c3c
01-22 12:27:05.229  1856  1856 E AbstractAccessibilityServiceConnection: android.os.DeadObjectException
01-22 12:27:05.229  1856  1856 E AbstractAccessibilityServiceConnection: 	at android.os.BinderProxy.transactNative(Native Method)
01-22 12:27:05.229  1856  1856 E AbstractAccessibilityServiceConnection: 	at android.os.BinderProxy.transact(Binder.java:1127)
01-22 12:27:05.229  1856  1856 E AbstractAccessibilityServiceConnection: 	at android.accessibilityservice.IAccessibilityServiceClient$Stub$Proxy.onAccessibilityEvent(IAccessibilityServiceClient.java:228)
01-22 12:27:05.229  1856  1856 E AbstractAccessibilityServiceConnection: 	at com.android.server.accessibility.AbstractAccessibilityServiceConnection.notifyAccessibilityEventInternal(AbstractAccessibilityServiceConnection.java:1090)
01-22 12:27:05.229  1856  1856 E AbstractAccessibilityServiceConnection: 	at com.android.server.accessibility.AbstractAccessibilityServiceConnection.access$000(AbstractAccessibilityServiceConnection.java:74)
01-22 12:27:05.229  1856  1856 E AbstractAccessibilityServiceConnection: 	at com.android.server.accessibility.AbstractAccessibilityServiceConnection$1.handleMessage(AbstractAccessibilityServiceConnection.java:262)
01-22 12:27:05.229  1856  1856 E AbstractAccessibilityServiceConnection: 	at android.os.Handler.dispatchMessage(Handler.java:106)
01-22 12:27:05.229  1856  1856 E AbstractAccessibilityServiceConnection: 	at android.os.Looper.loop(Looper.java:193)
01-22 12:27:05.229  1856  1856 E AbstractAccessibilityServiceConnection: 	at com.android.server.SystemServer.run(SystemServer.java:454)
01-22 12:27:05.229  1856  1856 E AbstractAccessibilityServiceConnection: 	at com.android.server.SystemServer.main(SystemServer.java:294)
01-22 12:27:05.229  1856  1856 E AbstractAccessibilityServiceConnection: 	at java.lang.reflect.Method.invoke(Native Method)
01-22 12:27:05.229  1856  1856 E AbstractAccessibilityServiceConnection: 	at com.android.internal.os.RuntimeInit$MethodAndArgsCaller.run(RuntimeInit.java:493)
01-22 12:27:05.229  1856  1856 E AbstractAccessibilityServiceConnection: 	at com.android.internal.os.ZygoteInit.main(ZygoteInit.java:838)
01-22 12:27:05.231  1856  1856 V SettingsProvider: Notifying for 0: content://settings/secure/accessibility_enabled
01-22 12:27:05.341  1856  1856 W Looper  : Slow dispatch took 102ms main h=com.android.server.accessibility.AccessibilityManagerService$MainHandler c=com.android.server.accessibility.-$$Lambda$AccessibilityManagerService$RFkfb_W9wnTTs_gy8Dg3k2uQOYQ@5e8de4b m=0
01-22 12:27:05.942  3275  3794 E ActivityThread: Failed to find provider info for com.google.android.apps.gsa.testing.ui.audio.recorded
01-22 12:27:06.315  1856  1916 W BroadcastQueue: Background execution not allowed: receiving Intent { act=com.google.android.gms.location.reporting.SETTINGS_CHANGED flg=0x10 } to com.google.android.googlequicksearchbox/com.google.android.apps.gsa.search.core.udc.UdcSettingBroadcastReceiver
01-22 12:27:06.603  1856  1916 W ActivityManager: Invalid packageName: io.appium.unlock
01-22 12:27:06.858  1856  1986 E SyncManager: Job params not found for 100553
01-22 12:27:11.463  3275  6757 E ActivityThread: Failed to find provider info for com.google.android.apps.gsa.testing.ui.audio.recorded
01-22 12:27:11.471  1856  4962 I ActivityManager: Force stopping com.google.android.gm appid=10054 user=0: from pid 6848
01-22 12:27:11.617  1856  3961 I ActivityManager: Force stopping com.google.android.gm appid=10054 user=0: clear data
01-22 12:27:11.621  1856  1873 I ActivityManager: Force stopping com.google.android.gm appid=10054 user=-1: clearApplicationUserData
01-22 12:27:11.625  1856  3961 D ZenLog  : config: removeAutomaticZenRules,ZenModeConfig[user=0,allowAlarms=true,allowMedia=true,allowSystem=false,allowReminders=false,allowEvents=false,allowCalls=true,allowRepeatCallers=true,allowMessages=false,allowCallsFrom=stars,allowMessagesFrom=contacts,suppressedVisualEffects=511,areChannelsBypassingDnd=false,automaticRules={EVENTS_DEFAULT_RULE=ZenRule[enabled=false,snoozing=false,name=Event,zenMode=ZEN_MODE_IMPORTANT_INTERRUPTIONS,conditionId=condition://android/event?userId=-10000&calendar=&reply=1,condition=Condition[id=condition://android/event?userId=-10000&calendar=&reply=1,summary=...,line1=...,line2=...,icon=0,state=STATE_FALSE,flags=2],component=ComponentInfo{android/com.android.server.notification.EventConditionProvider},id=EVENTS_DEFAULT_RULE,creationTime=1547506415047,enabler=null], EVERY_NIGHT_DEFAULT_RULE=ZenRule[enabled=false,snoozing=false,name=Sleeping,zenMode=ZEN_MODE_IMPORTANT_INTERRUPTIONS,conditionId=condition://android/schedule?days=1.2.3.4.5.6.7&start=22.0&end=7.0&exitAtAlarm=true,condition=Condition[id=condition://android/schedule?days=1.2.3.4.5.6.7&start=22.0&end=7.0&exitAtAlarm=true,summary=...,line1=...,line2=...,icon=0,state=STATE_FALSE,flags=2],component=ComponentInfo{android/com.android.server.notification.ScheduleConditionProvider},id=EVERY_NIGHT_DEFAULT_RULE,creationTime=1547506415047,enabler=null]},manualRule=null],Diff[]
01-22 12:27:11.625  1856  3961 I ConditionProviders: Disallowing condition provider com.google.android.gm
01-22 12:27:11.625  1856  1856 D ZenLog  : set_zen_mode: off,removeAutomaticZenRules
01-22 12:27:13.045  1856  4962 D ActivityManager: Raise procstate to external provider: ProcessRecord{e9b9ece 5258:com.android.providers.calendar/u0a10}
01-22 12:27:13.505  1856  1875 I ActivityManager: Start proc 6888:com.google.android.gm/u0a54 for content provider com.google.android.gm/.provider.SearchQuery$Provider
01-22 12:27:13.618  1856  1856 V SettingsProvider: Notifying for 0: content://settings/secure/accessibility_enabled
01-22 12:27:13.635  1856  1916 W ActivityManager: Background start not allowed: service Intent { act=com.google.firebase.INSTANCE_ID_EVENT pkg=com.google.android.gm cmp=com.google.android.gm/com.google.firebase.iid.FirebaseInstanceIdService (has extras) } to com.google.android.gm/com.google.firebase.iid.FirebaseInstanceIdService from pid=6888 uid=10054 pkg=com.google.android.gm startFg?=false
01-22 12:27:13.840  1856  5902 I ActivityManager: Force stopping com.google.android.gm appid=10054 user=0: from pid 6922
01-22 12:27:13.841  1856  5902 I ActivityManager: Killing 6888:com.google.android.gm/u0a54 (adj 0): stop com.google.android.gm
01-22 12:27:13.841  1856  5902 W ActivityManager: Scheduling restart of crashed service com.google.android.gm/.job.BackupDataChangedJob$BackupDataChangedJobService in 1000ms
01-22 12:27:13.844  2639  2639 I ActivityThread: Removing dead content provider:android.content.ContentProviderProxy@7ebd11d
01-22 12:27:13.846  1856  5902 I ActivityManager:   Force stopping service ServiceRecord{14bc914 u0 com.google.android.gm/com.google.firebase.iid.FirebaseInstanceIdService}
01-22 12:27:13.846  1856  5902 I ActivityManager:   Force stopping service ServiceRecord{51da281 u0 com.google.android.gm/.job.BackupDataChangedJob$BackupDataChangedJobService}
01-22 12:27:14.103  1856  5902 I ActivityManager: START u0 {flg=0x10000000 cmp=com.google.android.gm/.ui.MailActivityGmail} from uid 2000
01-22 12:27:14.335  1856  1875 W ActivityManager: Slow operation: 89ms so far, now at startProcess: returned from zygote!
01-22 12:27:14.335  1856  1875 W ActivityManager: Slow operation: 89ms so far, now at startProcess: done updating battery stats
01-22 12:27:14.335  1856  1875 W ActivityManager: Slow operation: 89ms so far, now at startProcess: building log message
01-22 12:27:14.335  1856  1875 I ActivityManager: Start proc 6929:com.google.android.gm/u0a54 for activity com.google.android.gm/.ui.MailActivityGmail
01-22 12:27:14.335  1856  1875 W ActivityManager: Slow operation: 89ms so far, now at startProcess: starting to update pids map
01-22 12:27:14.335  1856  1875 W ActivityManager: Slow operation: 89ms so far, now at startProcess: done updating pids map
01-22 12:27:15.435  1856  1917 I ActivityManager: START u0 {flg=0x4000000 pkg=com.google.android.gm cmp=com.google.android.gm/.welcome.WelcomeTourActivity (has extras)} from uid 10054
01-22 12:27:15.870  1856  2470 D ActivityManager: Raise procstate to external provider: ProcessRecord{e9b9ece 5258:com.android.providers.calendar/u0a10}
01-22 12:27:16.882  1711  1789 E storaged: getDiskStats failed with result NOT_SUPPORTED and size 0
01-22 12:27:17.683  1856  5902 W ActivityManager: Unable to start service Intent { cmp=com.google.android.gm/com.android.email.service.AttachmentService } U=0: not found
01-22 12:27:18.498  1856  2470 I ActivityManager: START u0 {cmp=com.google.android.gm/.welcome.SetupAddressesActivity (has extras)} from uid 10054
01-22 12:27:20.865  1856  2476 W ActivityManager: Unable to start service Intent { act=com.android.vending.contentfilters.IContentFiltersService.BIND pkg=com.android.vending } U=0: not found
01-22 12:27:20.866  1856  2476 W ActivityManager: Unbind failed: could not find connection for android.os.BinderProxy@a883b97
01-22 12:27:21.690  1856  2476 D ActivityManager: Raise procstate to external provider: ProcessRecord{e9b9ece 5258:com.android.providers.calendar/u0a10}
01-22 12:27:23.124  1856  5405 D ActivityManager: Raise procstate to external provider: ProcessRecord{e9b9ece 5258:com.android.providers.calendar/u0a10}
01-22 12:27:23.636  1856  4164 I ActivityManager: START u0 {cmp=com.google.android.gm/.ui.MailActivityGmail (has extras)} from uid 10054
01-22 12:27:24.760  1856  1856 W Looper  : Slow dispatch took 308ms main h=com.android.server.notification.NotificationManagerService$WorkerHandler c=null m=3
01-22 12:27:24.761  1856  1856 W Looper  : Slow delivery took 290ms main h=com.android.server.policy.BarController$BarHandler c=com.android.server.policy.StatusBarController$1$4@131c9e2 m=0
01-22 12:27:24.939  1856  1856 W Looper  : Drained
01-22 12:27:30.576  1856  2474 I ActivityManager: START u0 {act=android.settings.SYNC_SETTINGS flg=0x88000 cmp=com.android.settings/.Settings$AccountDashboardActivity (has extras)} from uid 10054
01-22 12:27:31.667  1856  1874 W Looper  : Slow dispatch took 1098ms android.ui h=com.android.server.am.ActivityManagerService$UiHandler c=null m=53
01-22 12:27:31.856  1856  1856 W JobServiceContext: Time-out while trying to bind b99775a #u0a54/3 com.google.android.gm/.job.BackupDataChangedJob$BackupDataChangedJobService, dropping.
01-22 12:27:32.068  1856  1873 W ActivityManager: Activity pause timeout for ActivityRecord{b94d76e u0 com.google.android.gm/.ui.MailActivityGmail t388}
01-22 12:27:32.269  1856  1874 W Looper  : Slow dispatch took 166ms android.ui h=com.android.server.am.ActivityManagerService$UiHandler c=null m=31
01-22 12:27:35.002  1856  3940 I ActivityManager: START u0 {act=android.intent.action.MAIN cmp=com.android.settings/.SubSettings (has extras)} from uid 1000
01-22 12:27:36.802  1856  4164 D ActivityManager: Raise procstate to external provider: ProcessRecord{e9b9ece 5258:com.android.providers.calendar/u0a10}
01-22 12:27:39.312  1856  1986 W SyncManager: stopSyncEvent: no history for id 128
01-22 12:27:40.042  1856  1986 W SyncManager: stopSyncEvent: no history for id 134
01-22 12:27:40.076  1856  4164 I ActivityManager: Force stopping com.google.android.gm appid=10054 user=0: from pid 7102
01-22 12:27:40.077  1856  4164 I ActivityManager: Killing 6929:com.google.android.gm/u0a54 (adj 700): stop com.google.android.gm
01-22 12:27:40.085  1856  4164 I ActivityManager:   Force finishing activity ActivityRecord{b94d76e u0 com.google.android.gm/.ui.MailActivityGmail t388}
01-22 12:27:40.220  1856  1881 W ActivityManager: setHasOverlayUi called on unknown pid: 6929
01-22 12:27:40.978  1856  1879 D AutofillManagerService: Close system dialogs
01-22 12:27:40.979  1856  1944 I ActivityManager: START u0 {act=android.intent.action.MAIN cat=[android.intent.category.HOME] flg=0x10200000 cmp=com.google.android.apps.nexuslauncher/.NexusLauncherActivity (has extras)} from uid 1000
01-22 12:27:41.966  1856  1868 W WindowManager: removeWindowToken: Attempted to remove non-existing token: android.os.Binder@5a9a96f
01-22 12:27:41.975  1856  4477 W WindowManager: removeWindowToken: Attempted to remove non-existing token: android.os.Binder@5a9a96f
01-22 12:27:41.984  1856  1856 V SettingsProvider: Notifying for 0: content://settings/secure/accessibility_enabled
--------- beginning of main
01-22 12:27:42.124  2509  2520 W System  : A resource failed to call release. 
01-22 12:27:42.125  2003  2024 D         : HostConnection::get() New Host Connection established 0xdff9db00, tid 2024
01-22 12:27:42.129  2003  2024 D gralloc_ranchu: gralloc_unregister_buffer: exiting HostConnection (is buffer-handling thread)
01-22 12:27:42.130  2509  2522 I s.nexuslaunche: NativeAlloc concurrent copying GC freed 7060(417KB) AllocSpace objects, 0(0B) LOS objects, 40% free, 8MB/14MB, paused 29us total 386.977ms
01-22 12:27:42.226  3275  5426 I chatty  : uid=10021 com.google.android.googlequicksearchbox:search expire 1 line
01-22 12:27:42.546  1856  1856 W Looper  : Slow dispatch took 152ms main h=android.app.ActivityThread$H c=android.app.LoadedApk$ServiceDispatcher$RunConnection@6126a5c m=0
01-22 12:27:42.551  1856  2476 W ActivityManager: Invalid packageName: io.appium.unlock
01-22 12:27:42.876  3275  3794 I chatty  : uid=10021 com.google.android.googlequicksearchbox:search expire 10 lines
01-22 12:27:42.999  1594  7125 I chatty  : uid=1041(audioserver) /system/bin/audioserver expire 1 line
01-22 12:27:43.028  3275  3794 E ActivityThread: Failed to find provider info for com.google.android.apps.gsa.testing.ui.audio.recorded
01-22 12:27:43.079  2003  2272 D EGL_emulation: eglMakeCurrent: 0xc94a9120: ver 3 0 (tinfo 0xc957f560)
01-22 12:27:43.091  3275  3275 I chatty  : uid=10021 com.google.android.googlequicksearchbox:search expire 22 lines
01-22 12:27:44.226  1856  2091 I chatty  : uid=1000(system) HwBinder:1856_3 expire 11 lines
01-22 12:27:44.228  1856  1872 I chatty  : uid=1000(system) android.bg expire 11 lines
01-22 12:27:45.059  2593  2593 I chatty  : uid=10015 com.google.android.gms.persistent expire 7 lines
01-22 12:27:45.154  2593  7128 I chatty  : uid=10015 com.google.android.gms.persistent expire 2 lines
01-22 12:27:45.387  2593  3009 I chatty  : uid=10015(com.google.android.gms) Places expire 8 lines
01-22 12:27:45.838  2593  7130 I chatty  : uid=10015(com.google.android.gms) lowpool[38] expire 11 lines
01-22 12:27:46.603  2639  7135 I chatty  : uid=10015(com.google.android.gms) expire 7 lines
01-22 12:27:46.660  2639  7137 I chatty  : uid=10015(com.google.android.gms) expire 4 lines
01-22 12:27:46.846  2593  3977 I chatty  : uid=10015(com.google.android.gms) Binder:2593_B expire 3 lines
01-22 12:27:47.020  1705  1743 D DrmHal  : found drm@1.0 IDrmFactory clearkey
01-22 12:27:47.021  1705  1743 D DrmHal  : found drm@1.0 IDrmFactory default
01-22 12:27:47.022  1705  1743 D DrmHal  : found drm@1.0 IDrmFactory widevine
01-22 12:27:47.205  1705  1743 D DrmHal  : found drm@1.1 IDrmFactory clearkey
01-22 12:27:47.381  2639  7145 I chatty  : uid=10015(com.google.android.gms) expire 12 lines
01-22 12:27:47.400  1705  1743 D DrmHal  : found drm@1.1 IDrmFactory widevine
01-22 12:27:47.441  1583  4239 I WVCdm   : [cdm_engine.cpp(480):QueryStatus] CdmEngine::QueryStatus
01-22 12:27:47.480  1583  7147 I WVCdm   : [(0):] Level3 Library 4464 Apr 20 2018 14:54:35
01-22 12:27:47.503  1856  4374 D BackupTransportManager: Transport com.google.android.gms/.backup.BackupTransportService updated its attributes
01-22 12:27:47.598  1583  4239 I WVCdm   : [oemcrypto_adapter_dynamic.cpp(575):Initialize] L3 Initialized. Trying L1.
01-22 12:27:47.598  1583  4239 W WVCdm   : [oemcrypto_adapter_dynamic.cpp(586):Initialize] Could not load liboemcrypto.so. Falling back to L3.  dlopen failed: library "liboemcrypto.so" not found
01-22 12:27:47.598  1583  4239 D WVCdm   : [crypto_session.cpp(646):Open] CryptoSession::Open: Lock: requested_security_level: Default
01-22 12:27:47.619  1583  4239 I WVCdm   : [(0):] L3 Terminate.
01-22 12:27:47.619  1583  4239 I WVCdm   : [cdm_engine.cpp(110):OpenSession] CdmEngine::OpenSession
01-22 12:27:47.620  1583  7148 I WVCdm   : [(0):] Level3 Library 4464 Apr 20 2018 14:54:35
01-22 12:27:47.635  1583  4239 I WVCdm   : [oemcrypto_adapter_dynamic.cpp(575):Initialize] L3 Initialized. Trying L1.
01-22 12:27:47.635  1583  4239 W WVCdm   : [oemcrypto_adapter_dynamic.cpp(586):Initialize] Could not load liboemcrypto.so. Falling back to L3.  dlopen failed: library "liboemcrypto.so" not found
01-22 12:27:47.635  1583  4239 D WVCdm   : [crypto_session.cpp(646):Open] CryptoSession::Open: Lock: requested_security_level: Default
01-22 12:27:47.651  1583  4239 I WVCdm   : [device_files.cpp(166):ExtractDeviceInfo] ExtractDeviceInfo Entry
01-22 12:27:47.660  1583  4239 I WVCdm   : [cdm_engine.cpp(147):OpenSession] CdmEngine::OpenSession: sid23
01-22 12:27:47.660  1583  4239 I WVCdm   : [cdm_engine.cpp(742):QueryOemCryptoSessionId] CdmEngine::QueryOemCryptoSessionId
01-22 12:27:47.665  1856  1873 W BroadcastQueue: Permission Denial: receiving Intent { act=com.google.android.apps.now.account_update_broadcast flg=0x10 pkg=com.android.chrome (has extras) } to ProcessRecord{38fcd5a 3329:com.android.chrome/u0a48} (pid=3329, uid=10048) requires com.google.android.apps.now.CURRENT_ACCOUNT_ACCESS due to sender com.google.android.googlequicksearchbox (uid 10021)
01-22 12:27:47.698  1583  4239 I WVCdm   : [cdm_engine.cpp(233):GenerateKeyRequest] CdmEngine::GenerateKeyRequest
01-22 12:27:47.699  1583  4239 D WVCdm   : [license.cpp(355):PrepareKeyRequest] PrepareKeyRequest: nonce=3156764680
01-22 12:27:47.711  3275  5429 I chatty  : uid=10021 com.google.android.googlequicksearchbox:search expire 2 lines
01-22 12:27:47.850  3275  3801 I chatty  : uid=10021(com.google.android.googlequicksearchbox) HotwordDetector expire 14 lines
01-22 12:27:47.966  3275  5432 I chatty  : uid=10021 com.google.android.googlequicksearchbox:search expire 5 lines
01-22 12:27:48.018  1856  2476 W BroadcastQueue: Background execution not allowed: receiving Intent { act=android.intent.action.PROVIDER_CHANGED dat=content://com.android.calendar flg=0x20000014 (has extras) } to com.google.android.calendar/.alerts.AlertReceiver
01-22 12:27:48.025  1856  1873 W BroadcastQueue: Background execution not allowed: receiving Intent { act=android.intent.action.PROVIDER_CHANGED dat=content://com.android.calendar flg=0x20000014 (has extras) } to com.google.android.calendar/com.android.calendar.widget.CalendarAppWidgetProvider
01-22 12:27:48.025  1856  1873 W BroadcastQueue: Background execution not allowed: receiving Intent { act=android.intent.action.PROVIDER_CHANGED dat=content://com.android.calendar flg=0x20000014 (has extras) } to com.google.android.calendar/.widgetmonth.model.MonthViewWidgetModelRefresher
01-22 12:27:48.196  1594  7151 I chatty  : uid=1041(audioserver) /system/bin/audioserver expire 1 line
01-22 12:27:48.578  3275  6757 E ActivityThread: Failed to find provider info for com.google.android.apps.gsa.testing.ui.audio.recorded
01-22 12:27:48.620  1583  4239 I WVCdm   : [cdm_engine.cpp(190):CloseSession] CdmEngine::CloseSession: sid23
01-22 12:27:48.658  1583  4239 I WVCdm   : [(0):] L3 Terminate.
01-22 12:27:48.803  2639  7132 I chatty  : uid=10015(com.google.android.gms) expire 2 lines
01-22 12:27:48.854  2639  7136 I chatty  : uid=10015(com.google.android.gms) expire 1 line
01-22 12:27:48.873  2593  7143 I chatty  : uid=10015 com.google.android.gms.persistent expire 4 lines
01-22 12:27:48.918  2593  7142 I chatty  : uid=10015 com.google.android.gms.persistent expire 1 line
01-22 12:27:49.026  2639  7133 I chatty  : uid=10015(com.google.android.gms) expire 1 line
01-22 12:27:49.046  3275  5428 I chatty  : uid=10021 com.google.android.googlequicksearchbox:search expire 1 line
01-22 12:27:49.156  3275  5431 I chatty  : uid=10021 com.google.android.googlequicksearchbox:search expire 6 lines
01-22 12:27:49.592  2639  5901 I chatty  : uid=10015(com.google.android.gms) lowpool[18] expire 3 lines
01-22 12:27:49.687  2639  7138 I chatty  : uid=10015(com.google.android.gms) expire 2 lines
01-22 12:27:49.771  2003  7047 W ndroid.systemu: Long monitor contention with owner InflaterThread #10 (7048) at void android.content.res.AssetManager.applyStyle(long, int, int, android.content.res.XmlBlock$Parser, int[], long, long)(AssetManager.java:977) waiters=0 in android.content.res.ApkAssets[] android.content.res.AssetManager.getApkAssets() for 338ms
01-22 12:27:49.887  2639  7158 I chatty  : uid=10015(com.google.android.gms) expire 6 lines
01-22 12:27:50.000  2593  7131 I chatty  : uid=10015 com.google.android.gms.persistent expire 4 lines
01-22 12:27:50.273  2593  2831 I chatty  : uid=10015(com.google.android.gms) GAC_Executor[1] expire 1 line
01-22 12:27:50.362  2593  6752 I chatty  : uid=10015 com.google.android.gms.persistent expire 13 lines
01-22 12:27:50.460  1856  5405 W ActivityManager: Receiver with filter android.content.IntentFilter@269d1f already registered for pid 2639, callerPackage is com.google.android.gms
01-22 12:27:50.588  4666  7163 I chatty  : uid=10015 com.google.android.gms.ui expire 1 line
01-22 12:27:50.618  2003  2003 W ndroid.systemu: Long monitor contention with owner InflaterThread #9 (7047) at boolean android.os.MessageQueue.enqueueMessage(android.os.Message, long)(MessageQueue.java:544) waiters=0 in android.os.Message android.os.MessageQueue.next() for 388ms
01-22 12:27:50.627  2003  7048 W ndroid.systemu: Long monitor contention with owner InflaterThread #9 (7047) at boolean android.os.MessageQueue.enqueueMessage(android.os.Message, long)(MessageQueue.java:544) waiters=1 in boolean android.os.MessageQueue.enqueueMessage(android.os.Message, long) for 126ms
01-22 12:27:50.658  2639  5251 I chatty  : uid=10015(com.google.android.gms) highpool[6] expire 2 lines
01-22 12:27:50.873  1856  4477 W BroadcastQueue: Background execution not allowed: receiving Intent { act=com.google.android.gms.location.reporting.SETTINGS_CHANGED flg=0x10 } to com.google.android.googlequicksearchbox/com.google.android.apps.gsa.search.core.udc.UdcSettingBroadcastReceiver
01-22 12:27:51.046  2593  7159 I chatty  : uid=10015 com.google.android.gms.persistent expire 1 line
01-22 12:27:51.050  2639  3437 I chatty  : uid=10015(com.google.android.gms) highpool[0] expire 1 line
01-22 12:27:51.101  2639  5239 I chatty  : uid=10015(com.google.android.gms) expire 16 lines
01-22 12:27:51.190  2639  6762 I chatty  : uid=10015(com.google.android.gms) expire 2 lines
01-22 12:27:51.670  2639  7134 I chatty  : uid=10015(com.google.android.gms) expire 4 lines
01-22 12:27:51.762  2593  3887 I chatty  : uid=10015(com.google.android.gms) Binder:2593_A expire 2 lines
01-22 12:27:52.014  2593  2593 I chatty  : uid=10015 com.google.android.gms.persistent expire 1 line
01-22 12:27:52.019  2639  3725 I Icing   : IndexChimeraService.getServiceInterface callingPackage=com.android.chrome componentName=null serviceId=36
01-22 12:27:52.118  1705  4228 D DrmHal  : found drm@1.0 IDrmFactory clearkey
01-22 12:27:52.127  1705  4228 D DrmHal  : found drm@1.0 IDrmFactory default
01-22 12:27:52.163  1705  4228 D DrmHal  : found drm@1.0 IDrmFactory widevine
01-22 12:27:52.181  2593  7130 W .gms.persisten: Long monitor contention with owner netscheduler-queue-handler (3504) at void xno.a(xnk, xla)(:com.google.android.gms@13280022@13.2.80 (040700-211705629):113) waiters=0 in boolean xno.d() for 2.454s
01-22 12:27:52.207  1705  4228 D DrmHal  : found drm@1.1 IDrmFactory clearkey
01-22 12:27:52.216  1705  4228 D DrmHal  : found drm@1.1 IDrmFactory widevine
01-22 12:27:52.217  1583  4239 I WVCdm   : [cdm_engine.cpp(480):QueryStatus] CdmEngine::QueryStatus
01-22 12:27:52.247  1583  7170 I WVCdm   : [(0):] Level3 Library 4464 Apr 20 2018 14:54:35
01-22 12:27:52.293  2639  5239 W Conscrypt: Could not set socket write timeout: java.lang.reflect.InvocationTargetException
01-22 12:27:52.341  1583  4239 I WVCdm   : [oemcrypto_adapter_dynamic.cpp(575):Initialize] L3 Initialized. Trying L1.
01-22 12:27:52.341  1583  4239 W WVCdm   : [oemcrypto_adapter_dynamic.cpp(586):Initialize] Could not load liboemcrypto.so. Falling back to L3.  dlopen failed: library "liboemcrypto.so" not found
01-22 12:27:52.341  1583  4239 D WVCdm   : [crypto_session.cpp(646):Open] CryptoSession::Open: Lock: requested_security_level: Default
01-22 12:27:52.358  2593  6795 W ctxmgr  : [WorkManager]Long workInfo: pkg=com.google.android.gms, lbl=DeleteAccount, start=2019-01-22 12:27:49.220-0800, stop=2019-01-22 12:27:51.965-0800, durtn=2745ms
01-22 12:27:52.389  2639  5239 W Conscrypt: 	at java.lang.reflect.Method.invoke(Native Method)
01-22 12:27:52.389  2639  5239 W Conscrypt: 	at com.google.android.gms.org.conscrypt.Platform.setSocketWriteTimeout(:com.google.android.gms@13280022@13.2.80 (040700-211705629):13)
01-22 12:27:52.389  2639  5239 W Conscrypt: Caused by: android.system.ErrnoException: setsockopt failed: EBADF (Bad file descriptor)
01-22 12:27:52.395  2639  5239 W Conscrypt: 	at libcore.io.Linux.setsockoptTimeval(Native Method)
01-22 12:27:52.396  2639  5239 W Conscrypt: 	at libcore.io.ForwardingOs.setsockoptTimeval(ForwardingOs.java:174)
01-22 12:27:52.402  1583  4239 I WVCdm   : [(0):] L3 Terminate.
01-22 12:27:52.405  1583  4239 I WVCdm   : [cdm_engine.cpp(110):OpenSession] CdmEngine::OpenSession
01-22 12:27:52.453  1583  7171 I WVCdm   : [(0):] Level3 Library 4464 Apr 20 2018 14:54:35
01-22 12:27:52.484  2639  7138 I TachyonSyncUtils: removeSyncAccount. Success: true
01-22 12:27:52.497  2593  6752 I GCoreUlr: DispatchingService ignoring Intent { act=android.net.wifi.WIFI_STATE_CHANGED flg=0x4000010 (has extras) } because ULR inactive
01-22 12:27:52.554  1583  4239 I WVCdm   : [oemcrypto_adapter_dynamic.cpp(575):Initialize] L3 Initialized. Trying L1.
01-22 12:27:52.554  1583  4239 W WVCdm   : [oemcrypto_adapter_dynamic.cpp(586):Initialize] Could not load liboemcrypto.so. Falling back to L3.  dlopen failed: library "liboemcrypto.so" not found
01-22 12:27:52.554  1583  4239 D WVCdm   : [crypto_session.cpp(646):Open] CryptoSession::Open: Lock: requested_security_level: Default
01-22 12:27:52.568  1583  4239 I WVCdm   : [device_files.cpp(166):ExtractDeviceInfo] ExtractDeviceInfo Entry
01-22 12:27:52.586  1583  4239 I WVCdm   : [cdm_engine.cpp(147):OpenSession] CdmEngine::OpenSession: sid24
01-22 12:27:52.586  1583  4239 I WVCdm   : [cdm_engine.cpp(742):QueryOemCryptoSessionId] CdmEngine::QueryOemCryptoSessionId
01-22 12:27:52.614  1583  4239 I WVCdm   : [cdm_engine.cpp(233):GenerateKeyRequest] CdmEngine::GenerateKeyRequest
01-22 12:27:52.617  1583  4239 D WVCdm   : [license.cpp(355):PrepareKeyRequest] PrepareKeyRequest: nonce=2380286959
01-22 12:27:52.821  2593  6752 I GCoreUlr: DispatchingService.updateActiveState+restrictTo: Ensuring that reporting is stopped because of reasons: (no Google accounts)
01-22 12:27:52.860  2593  7166 E bqye    : *~*~*~ Channel {0} was not shutdown properly!!! ~*~*~*
01-22 12:27:52.860  2593  7166 E bqye    :     Make sure to call shutdown()/shutdownNow() and wait until awaitTermination() returns true.
01-22 12:27:52.860  2593  7166 E bqye    : java.lang.RuntimeException: ManagedChannel allocation site
01-22 12:27:52.860  2593  7166 E bqye    : 	at bqyf.<init>(:com.google.android.gms@13280022@13.2.80 (040700-211705629):1)
01-22 12:27:52.860  2593  7166 E bqye    : 	at bqye.<init>(:com.google.android.gms@13280022@13.2.80 (040700-211705629):2)
01-22 12:27:52.860  2593  7166 E bqye    : 	at bqye.<init>(:com.google.android.gms@13280022@13.2.80 (040700-211705629):1)
01-22 12:27:52.860  2593  7166 E bqye    : 	at bqrh.a(:com.google.android.gms@13280022@13.2.80 (040700-211705629):20)
01-22 12:27:52.860  2593  7166 E bqye    : 	at pwb.a(:com.google.android.gms@13280022@13.2.80 (040700-211705629):47)
01-22 12:27:52.860  2593  7166 E bqye    : 	at pwb.a(:com.google.android.gms@13280022@13.2.80 (040700-211705629):74)
01-22 12:27:52.860  2593  7166 E bqye    : 	at gie.a(:com.google.android.gms@13280022@13.2.80 (040700-211705629):7)
01-22 12:27:52.860  2593  7166 E bqye    : 	at com.google.android.gms.audit.upload.AuditGcmTaskChimeraService.a(:com.google.android.gms@13280022@13.2.80 (040700-211705629):6)
01-22 12:27:52.860  2593  7166 E bqye    : 	at xgo.run(:com.google.android.gms@13280022@13.2.80 (040700-211705629):2)
