--------- beginning of system
01-24 12:09:46.450  3275  8169 I chatty  : uid=10021 com.google.android.googlequicksearchbox:search expire 10 lines
01-24 12:09:51.488  3275  8169 E ActivityThread: Failed to find provider info for com.google.android.apps.gsa.testing.ui.audio.recorded
01-24 12:09:55.229  1711  1789 E storaged: getDiskStats failed with result NOT_SUPPORTED and size 0
01-24 12:09:56.523  3275  8169 E ActivityThread: Failed to find provider info for com.google.android.apps.gsa.testing.ui.audio.recorded
01-24 12:10:46.906  3275  8169 I chatty  : uid=10021 com.google.android.googlequicksearchbox:search identical 10 lines
01-24 12:10:51.942  3275  8169 E ActivityThread: Failed to find provider info for com.google.android.apps.gsa.testing.ui.audio.recorded
01-24 12:10:55.231  1711  1789 E storaged: getDiskStats failed with result NOT_SUPPORTED and size 0
01-24 12:10:56.987  3275  8169 E ActivityThread: Failed to find provider info for com.google.android.apps.gsa.testing.ui.audio.recorded
01-24 12:11:47.311  3275  8169 I chatty  : uid=10021 com.google.android.googlequicksearchbox:search identical 10 lines
01-24 12:11:52.345  3275  8169 E ActivityThread: Failed to find provider info for com.google.android.apps.gsa.testing.ui.audio.recorded
01-24 12:11:55.233  1711  1789 E storaged: getDiskStats failed with result NOT_SUPPORTED and size 0
01-24 12:11:57.376  3275  8169 E ActivityThread: Failed to find provider info for com.google.android.apps.gsa.testing.ui.audio.recorded
01-24 12:12:47.742  3275  8169 I chatty  : uid=10021 com.google.android.googlequicksearchbox:search identical 10 lines
01-24 12:12:52.775  3275  8169 E ActivityThread: Failed to find provider info for com.google.android.apps.gsa.testing.ui.audio.recorded
01-24 12:12:55.235  1711  1789 E storaged: getDiskStats failed with result NOT_SUPPORTED and size 0
--------- beginning of main
01-24 12:12:56.400  1792  1792 E netmgr  : Failed to open QEMU pipe 'qemud:network': Invalid argument
01-24 12:12:57.809  1594  8503 I chatty  : uid=1041(audioserver) /system/bin/audioserver expire 1 line
01-24 12:12:57.809  1594  7474 I chatty  : uid=1041(audioserver) Binder:1594_5 expire 24 lines
01-24 12:12:57.814  3275  8169 E ActivityThread: Failed to find provider info for com.google.android.apps.gsa.testing.ui.audio.recorded
01-24 12:12:57.814  3275  3275 I chatty  : uid=10021 com.google.android.googlequicksearchbox:search expire 85 lines
01-24 12:12:59.468  2593  7567 I chatty  : uid=10015 com.google.android.gms.persistent expire 12 lines
01-24 12:13:00.017  1840  1843 D hwcomposer: hw_composer sent 6 syncs in 60s
01-24 12:13:02.843  3275  1414 I chatty  : uid=10021(com.google.android.googlequicksearchbox) NonUserFacing13 expire 23 lines
01-24 12:13:02.844  3275  8169 I chatty  : uid=10021 com.google.android.googlequicksearchbox:search expire 77 lines
01-24 12:13:02.848  1594  8506 I chatty  : uid=1041(audioserver) /system/bin/audioserver expire 1 line
01-24 12:13:02.860  3275  3801 I chatty  : uid=10021(com.google.android.googlequicksearchbox) HotwordDetector expire 24 lines
01-24 12:13:02.861  3275  3985 I chatty  : uid=10021(com.google.android.googlequicksearchbox) NonUserFacing13 expire 54 lines
01-24 12:13:04.481  2593  6812 I chatty  : uid=10015 com.google.android.gms.persistent expire 10 lines
01-24 12:13:07.729  2593  3009 I chatty  : uid=10015(com.google.android.gms) Places expire 1 line
01-24 12:13:07.742  2593  3988 I chatty  : uid=10015(com.google.android.gms) lowpool[416] expire 1 line
01-24 12:13:07.882  1594  8509 I chatty  : uid=1041(audioserver) /system/bin/audioserver expire 1 line
01-24 12:13:07.882  1594  1650 I chatty  : uid=1041(audioserver) Binder:1594_1 expire 12 lines
01-24 12:13:08.495  1856  1872 I chatty  : uid=1000(system) android.bg expire 48 lines
01-24 12:13:12.918  1594  8512 I chatty  : uid=1041(audioserver) /system/bin/audioserver expire 1 line
01-24 12:13:15.514  1856  2157 I chatty  : uid=1000(system) HwBinder:1856_4 expire 50 lines
01-24 12:13:17.949  1594  8515 I chatty  : uid=1041(audioserver) /system/bin/audioserver expire 1 line
01-24 12:13:22.982  1594  8518 I chatty  : uid=1041(audioserver) /system/bin/audioserver expire 1 line
01-24 12:13:28.015  1594  8521 I chatty  : uid=1041(audioserver) /system/bin/audioserver expire 1 line
01-24 12:13:33.048  1594  8524 I chatty  : uid=1041(audioserver) /system/bin/audioserver expire 1 line
01-24 12:13:38.079  1594  8527 I chatty  : uid=1041(audioserver) /system/bin/audioserver expire 1 line
01-24 12:13:43.107  1594  8530 I chatty  : uid=1041(audioserver) /system/bin/audioserver expire 1 line
01-24 12:13:48.131  1594  8533 I chatty  : uid=1041(audioserver) /system/bin/audioserver expire 1 line
01-24 12:13:53.163  1594  8536 I chatty  : uid=1041(audioserver) /system/bin/audioserver expire 1 line
01-24 12:13:48.135  3275  8169 I chatty  : uid=10021 com.google.android.googlequicksearchbox:search identical 10 lines
01-24 12:13:53.165  3275  8169 E ActivityThread: Failed to find provider info for com.google.android.apps.gsa.testing.ui.audio.recorded
01-24 12:13:55.238  1711  1789 E storaged: getDiskStats failed with result NOT_SUPPORTED and size 0
01-24 12:13:56.403  1792  1792 E netmgr  : Failed to open QEMU pipe 'qemud:network': Invalid argument
01-24 12:13:56.645  1856  1872 I chatty  : uid=1000(system) android.bg expire 60 lines
01-24 12:13:58.194  3275  8169 I chatty  : uid=10021 com.google.android.googlequicksearchbox:search expire 84 lines
01-24 12:13:58.198  1594  8539 I chatty  : uid=1041(audioserver) /system/bin/audioserver expire 1 line
01-24 12:13:58.199  1594  1650 I chatty  : uid=1041(audioserver) Binder:1594_1 expire 27 lines
01-24 12:13:58.204  3275  8169 E ActivityThread: Failed to find provider info for com.google.android.apps.gsa.testing.ui.audio.recorded
01-24 12:13:58.207  3275  3275 I chatty  : uid=10021 com.google.android.googlequicksearchbox:search expire 84 lines
01-24 12:14:00.021  1840  1843 D hwcomposer: hw_composer sent 6 syncs in 60s
01-24 12:14:03.229  1594  8542 I chatty  : uid=1041(audioserver) /system/bin/audioserver expire 1 line
01-24 12:14:03.230  1594  7474 I chatty  : uid=1041(audioserver) Binder:1594_5 expire 21 lines
01-24 12:14:03.244  3275  1414 I chatty  : uid=10021(com.google.android.googlequicksearchbox) NonUserFacing13 expire 28 lines
01-24 12:14:05.661  1856  2157 I chatty  : uid=1000(system) HwBinder:1856_4 expire 70 lines
01-24 12:14:08.268  1594  8545 I chatty  : uid=1041(audioserver) /system/bin/audioserver expire 1 line
01-24 12:14:08.284  3275  3985 I chatty  : uid=10021(com.google.android.googlequicksearchbox) NonUserFacing13 expire 62 lines
01-24 12:14:13.308  1594  8548 I chatty  : uid=1041(audioserver) /system/bin/audioserver expire 1 line
01-24 12:14:14.690  2593  6812 I chatty  : uid=10015 com.google.android.gms.persistent expire 5 lines
01-24 12:14:18.345  1594  8551 I chatty  : uid=1041(audioserver) /system/bin/audioserver expire 1 line
01-24 12:14:23.374  1594  8554 I chatty  : uid=1041(audioserver) /system/bin/audioserver expire 1 line
01-24 12:14:28.407  1594  8557 I chatty  : uid=1041(audioserver) /system/bin/audioserver expire 1 line
01-24 12:14:33.446  1594  8560 I chatty  : uid=1041(audioserver) /system/bin/audioserver expire 1 line
01-24 12:14:34.757  2593  7565 I chatty  : uid=10015(com.google.android.gms) lowpool[422] expire 7 lines
01-24 12:14:38.482  1594  8563 I chatty  : uid=1041(audioserver) /system/bin/audioserver expire 1 line
01-24 12:14:43.515  1594  8566 I chatty  : uid=1041(audioserver) /system/bin/audioserver expire 1 line
01-24 12:14:48.553  1594  8569 I chatty  : uid=1041(audioserver) /system/bin/audioserver expire 1 line
01-24 12:14:53.584  1594  8572 I chatty  : uid=1041(audioserver) /system/bin/audioserver expire 1 line
01-24 12:14:48.558  3275  8169 I chatty  : uid=10021 com.google.android.googlequicksearchbox:search identical 10 lines
01-24 12:14:53.588  3275  8169 E ActivityThread: Failed to find provider info for com.google.android.apps.gsa.testing.ui.audio.recorded
01-24 12:14:55.240  1711  1789 E storaged: getDiskStats failed with result NOT_SUPPORTED and size 0
01-24 12:14:56.407  1792  1792 E netmgr  : Failed to open QEMU pipe 'qemud:network': Invalid argument
01-24 12:14:56.821  1856  1872 I chatty  : uid=1000(system) android.bg expire 49 lines
01-24 12:14:58.613  3275  8169 I chatty  : uid=10021 com.google.android.googlequicksearchbox:search expire 77 lines
01-24 12:14:58.619  1594  8576 I chatty  : uid=1041(audioserver) /system/bin/audioserver expire 1 line
01-24 12:14:58.627  3275  8169 E ActivityThread: Failed to find provider info for com.google.android.apps.gsa.testing.ui.audio.recorded
01-24 12:14:58.632  3275  3275 I chatty  : uid=10021 com.google.android.googlequicksearchbox:search expire 84 lines
01-24 12:15:00.022  1840  1843 D hwcomposer: hw_composer sent 6 syncs in 60s
01-24 12:15:03.416  2593  2544 I chatty  : uid=10015(com.google.android.gms) GCMWriter expire 1 line
01-24 12:15:03.500  1705  6403 D DrmHal  : found drm@1.0 IDrmFactory clearkey
01-24 12:15:03.504  1705  6403 D DrmHal  : found drm@1.0 IDrmFactory default
01-24 12:15:03.508  1705  6403 D DrmHal  : found drm@1.0 IDrmFactory widevine
01-24 12:15:03.512  1705  6403 D DrmHal  : found drm@1.1 IDrmFactory clearkey
01-24 12:15:03.515  1705  6403 D DrmHal  : found drm@1.1 IDrmFactory widevine
01-24 12:15:03.518  1583  3938 D WVCdm   : Instantiating CDM.
01-24 12:15:03.521  1583  3938 I WVCdm   : [cdm_engine.cpp(480):QueryStatus] CdmEngine::QueryStatus
01-24 12:15:03.522  1583  8582 I WVCdm   : [(0):] Level3 Library 4464 Apr 20 2018 14:54:35
01-24 12:15:03.545  1583  3938 I WVCdm   : [oemcrypto_adapter_dynamic.cpp(575):Initialize] L3 Initialized. Trying L1.
01-24 12:15:03.546  1583  3938 W WVCdm   : [oemcrypto_adapter_dynamic.cpp(586):Initialize] Could not load liboemcrypto.so. Falling back to L3.  dlopen failed: library "liboemcrypto.so" not found
01-24 12:15:03.546  1583  3938 D WVCdm   : [crypto_session.cpp(646):Open] CryptoSession::Open: Lock: requested_security_level: Default
01-24 12:15:03.553  1583  3938 I WVCdm   : [(0):] L3 Terminate.
01-24 12:15:03.553  1583  3938 I WVCdm   : [cdm_engine.cpp(110):OpenSession] CdmEngine::OpenSession
01-24 12:15:03.553  1583  8583 I WVCdm   : [(0):] Level3 Library 4464 Apr 20 2018 14:54:35
01-24 12:15:03.559  1583  3938 I WVCdm   : [oemcrypto_adapter_dynamic.cpp(575):Initialize] L3 Initialized. Trying L1.
01-24 12:15:03.559  1583  3938 W WVCdm   : [oemcrypto_adapter_dynamic.cpp(586):Initialize] Could not load liboemcrypto.so. Falling back to L3.  dlopen failed: library "liboemcrypto.so" not found
01-24 12:15:03.559  1583  3938 D WVCdm   : [crypto_session.cpp(646):Open] CryptoSession::Open: Lock: requested_security_level: Default
01-24 12:15:03.563  1583  3938 I WVCdm   : [device_files.cpp(166):ExtractDeviceInfo] ExtractDeviceInfo Entry
01-24 12:15:03.565  1583  3938 I WVCdm   : [cdm_engine.cpp(147):OpenSession] CdmEngine::OpenSession: sid152
01-24 12:15:03.565  1583  3938 I WVCdm   : [cdm_engine.cpp(742):QueryOemCryptoSessionId] CdmEngine::QueryOemCryptoSessionId
01-24 12:15:03.566  1583  3938 I WVCdm   : [cdm_engine.cpp(233):GenerateKeyRequest] CdmEngine::GenerateKeyRequest
01-24 12:15:03.566  1583  3938 D WVCdm   : [license.cpp(355):PrepareKeyRequest] PrepareKeyRequest: nonce=298439473
01-24 12:15:03.648  1583  3938 I WVCdm   : [cdm_engine.cpp(190):CloseSession] CdmEngine::CloseSession: sid152
01-24 12:15:03.652  1583  3938 I WVCdm   : [(0):] L3 Terminate.
01-24 12:15:03.661  1594  8589 I chatty  : uid=1041(audioserver) /system/bin/audioserver expire 1 line
01-24 12:15:03.666  3275  3801 I chatty  : uid=10021(com.google.android.googlequicksearchbox) HotwordDetector expire 10 lines
01-24 12:15:03.755  2593  2890 I chatty  : uid=10015(com.google.android.gms) highpool[2] expire 13 lines
01-24 12:15:08.698  1594  8593 I chatty  : uid=1041(audioserver) /system/bin/audioserver expire 1 line
01-24 12:15:13.725  1594  8597 I chatty  : uid=1041(audioserver) /system/bin/audioserver expire 1 line
01-24 12:15:13.725  1594  7474 I chatty  : uid=1041(audioserver) Binder:1594_5 expire 12 lines
01-24 12:15:15.882  1856  2157 I chatty  : uid=1000(system) HwBinder:1856_4 expire 33 lines
01-24 12:15:18.759  1594  8600 I chatty  : uid=1041(audioserver) /system/bin/audioserver expire 1 line
01-24 12:15:18.774  3275  1414 I chatty  : uid=10021(com.google.android.googlequicksearchbox) NonUserFacing13 expire 23 lines
01-24 12:15:23.798  1594  8604 I chatty  : uid=1041(audioserver) /system/bin/audioserver expire 1 line
01-24 12:15:23.810  3275  3985 I chatty  : uid=10021(com.google.android.googlequicksearchbox) NonUserFacing13 expire 30 lines
01-24 12:15:25.483  2639  3559 I chatty  : uid=10015(com.google.android.gms) highpool[2] expire 1 line
01-24 12:15:25.507  2639 21140 I chatty  : uid=10015(com.google.android.gms) lowpool[276] expire 1 line
01-24 12:15:26.513  2639 21328 I chatty  : uid=10015(com.google.android.gms) lowpool[285] expire 2 lines
01-24 12:15:28.837  1594  8608 I chatty  : uid=1041(audioserver) /system/bin/audioserver expire 1 line
01-24 12:15:28.838  1594  1650 I chatty  : uid=1041(audioserver) Binder:1594_1 expire 12 lines
01-24 12:15:33.863  1594  8611 I chatty  : uid=1041(audioserver) /system/bin/audioserver expire 1 line
01-24 12:15:38.900  1594  8615 I chatty  : uid=1041(audioserver) /system/bin/audioserver expire 1 line
01-24 12:15:39.968  2593  7567 I chatty  : uid=10015 com.google.android.gms.persistent expire 2 lines
01-24 12:15:43.933  1594  8618 I chatty  : uid=1041(audioserver) /system/bin/audioserver expire 1 line
01-24 12:15:45.981  1856  1872 I chatty  : uid=1000(system) android.bg expire 11 lines
01-24 12:15:48.968  1594  8621 I chatty  : uid=1041(audioserver) /system/bin/audioserver expire 1 line
01-24 12:15:48.985  1856  2157 I chatty  : uid=1000(system) HwBinder:1856_4 expire 22 lines
01-24 12:15:49.992  2593  6812 I chatty  : uid=10015 com.google.android.gms.persistent expire 4 lines
01-24 12:15:54.017  3275  1414 I chatty  : uid=10021(com.google.android.googlequicksearchbox) NonUserFacing13 expire 26 lines
01-24 12:15:54.017  3275  8169 I chatty  : uid=10021 com.google.android.googlequicksearchbox:search expire 56 lines
01-24 12:15:54.027  1594  8624 I chatty  : uid=1041(audioserver) /system/bin/audioserver expire 1 line
01-24 12:15:54.044  3275  3801 I chatty  : uid=10021(com.google.android.googlequicksearchbox) HotwordDetector expire 14 lines
01-24 12:15:48.969  3275  8169 I chatty  : uid=10021 com.google.android.googlequicksearchbox:search identical 10 lines
01-24 12:15:54.036  3275  8169 E ActivityThread: Failed to find provider info for com.google.android.apps.gsa.testing.ui.audio.recorded
01-24 12:15:55.242  1711  1789 E storaged: getDiskStats failed with result NOT_SUPPORTED and size 0
01-24 12:15:56.423  1792  1792 E netmgr  : Failed to open QEMU pipe 'qemud:network': Invalid argument
01-24 12:15:57.013  1856  1872 I chatty  : uid=1000(system) android.bg expire 19 lines
01-24 12:15:59.075  1594  7474 I chatty  : uid=1041(audioserver) Binder:1594_5 expire 12 lines
01-24 12:15:59.075  1594  8627 I chatty  : uid=1041(audioserver) /system/bin/audioserver expire 1 line
01-24 12:15:59.077  3275  8169 E ActivityThread: Failed to find provider info for com.google.android.apps.gsa.testing.ui.audio.recorded
01-24 12:15:59.080  3275  3275 I chatty  : uid=10021 com.google.android.googlequicksearchbox:search expire 27 lines
01-24 12:16:00.024  1840  1843 D hwcomposer: hw_composer sent 6 syncs in 60s
01-24 12:16:04.096  1594  1650 I chatty  : uid=1041(audioserver) Binder:1594_1 expire 12 lines
01-24 12:16:04.097  1594  8630 I chatty  : uid=1041(audioserver) /system/bin/audioserver expire 1 line
01-24 12:16:09.134  1594  8634 I chatty  : uid=1041(audioserver) /system/bin/audioserver expire 1 line
01-24 12:16:10.058  2593  7567 I chatty  : uid=10015 com.google.android.gms.persistent expire 1 line
01-24 12:16:11.058  1856  2157 I chatty  : uid=1000(system) HwBinder:1856_4 expire 25 lines
01-24 12:16:14.169  1594  8637 I chatty  : uid=1041(audioserver) /system/bin/audioserver expire 1 line
01-24 12:16:15.078  2593  6812 I chatty  : uid=10015 com.google.android.gms.persistent expire 9 lines
01-24 12:16:16.068  1856  1872 I chatty  : uid=1000(system) android.bg expire 50 lines
01-24 12:16:19.204  1594  8640 I chatty  : uid=1041(audioserver) /system/bin/audioserver expire 1 line
01-24 12:16:19.208  3275  3275 I chatty  : uid=10021 com.google.android.googlequicksearchbox:search expire 57 lines
01-24 12:16:24.235  3275  1414 I chatty  : uid=10021(com.google.android.googlequicksearchbox) NonUserFacing13 expire 23 lines
01-24 12:16:24.244  1594  8643 I chatty  : uid=1041(audioserver) /system/bin/audioserver expire 1 line
01-24 12:16:29.283  1594  8646 I chatty  : uid=1041(audioserver) /system/bin/audioserver expire 1 line
01-24 12:16:34.325  3275  8169 I chatty  : uid=10021 com.google.android.googlequicksearchbox:search expire 42 lines
01-24 12:16:34.332  1594  8649 I chatty  : uid=1041(audioserver) /system/bin/audioserver expire 1 line
01-24 12:16:34.352  3275  3985 I chatty  : uid=10021(com.google.android.googlequicksearchbox) NonUserFacing13 expire 25 lines
01-24 12:16:36.118  1856  2157 I chatty  : uid=1000(system) HwBinder:1856_4 expire 25 lines
01-24 12:16:39.367  1594  8652 I chatty  : uid=1041(audioserver) /system/bin/audioserver expire 1 line
01-24 12:16:39.367  1594  7474 I chatty  : uid=1041(audioserver) Binder:1594_5 expire 12 lines
01-24 12:16:44.399  1594  8655 I chatty  : uid=1041(audioserver) /system/bin/audioserver expire 1 line
01-24 12:16:49.431  1594  8658 I chatty  : uid=1041(audioserver) /system/bin/audioserver expire 1 line
01-24 12:16:54.475  1594  1650 I chatty  : uid=1041(audioserver) Binder:1594_1 expire 12 lines
01-24 12:16:54.476  1594  8661 I chatty  : uid=1041(audioserver) /system/bin/audioserver expire 1 line
01-24 12:16:49.438  3275  8169 I chatty  : uid=10021 com.google.android.googlequicksearchbox:search identical 10 lines
01-24 12:16:54.477  3275  8169 E ActivityThread: Failed to find provider info for com.google.android.apps.gsa.testing.ui.audio.recorded
01-24 12:16:55.244  1711  1789 E storaged: getDiskStats failed with result NOT_SUPPORTED and size 0
01-24 12:16:56.484  1792  1792 E netmgr  : Failed to open QEMU pipe 'qemud:network': Invalid argument
01-24 12:16:59.496  3275  1414 I chatty  : uid=10021(com.google.android.googlequicksearchbox) NonUserFacing13 expire 13 lines
01-24 12:16:59.501  1594  8664 I chatty  : uid=1041(audioserver) /system/bin/audioserver expire 1 line
01-24 12:16:59.505  3275  8169 E ActivityThread: Failed to find provider info for com.google.android.apps.gsa.testing.ui.audio.recorded
01-24 12:16:59.519  3275  3275 I chatty  : uid=10021 com.google.android.googlequicksearchbox:search expire 27 lines
01-24 12:17:00.015  1840  1843 D hwcomposer: hw_composer sent 6 syncs in 60s
01-24 12:17:00.189  2593  7565 I chatty  : uid=10015(com.google.android.gms) lowpool[422] expire 7 lines
01-24 12:17:01.190  1856  2157 I chatty  : uid=1000(system) HwBinder:1856_4 expire 45 lines
01-24 12:17:04.538  3275  8169 I chatty  : uid=10021 com.google.android.googlequicksearchbox:search expire 50 lines
01-24 12:17:04.543  1594  8669 I chatty  : uid=1041(audioserver) /system/bin/audioserver expire 1 line
01-24 12:17:04.550  3275  3801 I chatty  : uid=10021(com.google.android.googlequicksearchbox) HotwordDetector expire 11 lines
01-24 12:17:06.210  1856  1872 I chatty  : uid=1000(system) android.bg expire 50 lines
01-24 12:17:09.573  1594  8672 I chatty  : uid=1041(audioserver) /system/bin/audioserver expire 1 line
01-24 12:17:14.615  1594  8677 I chatty  : uid=1041(audioserver) /system/bin/audioserver expire 1 line
01-24 12:17:19.654  1594  8680 I chatty  : uid=1041(audioserver) /system/bin/audioserver expire 1 line
01-24 12:17:19.654  1594  7474 I chatty  : uid=1041(audioserver) Binder:1594_5 expire 3 lines
01-24 12:17:19.658  3275  3275 I chatty  : uid=10021 com.google.android.googlequicksearchbox:search expire 28 lines
01-24 12:17:19.660  3275  1414 I chatty  : uid=10021(com.google.android.googlequicksearchbox) NonUserFacing13 expire 12 lines
01-24 12:17:19.681  3275  3985 I chatty  : uid=10021(com.google.android.googlequicksearchbox) NonUserFacing13 expire 16 lines
01-24 12:17:24.708  1594  8684 I chatty  : uid=1041(audioserver) /system/bin/audioserver expire 1 line
01-24 12:17:29.737  1594  9781 I chatty  : uid=1041(audioserver) Binder:1594_B expire 12 lines
01-24 12:17:29.738  1594  8687 I chatty  : uid=1041(audioserver) /system/bin/audioserver expire 1 line
01-24 12:17:34.769  1594  8690 I chatty  : uid=1041(audioserver) /system/bin/audioserver expire 1 line
01-24 12:17:35.293  2593  7565 W ctxmgr  : [AclManager]No 2 for (accnt=account#-517948760#, com.google.android.gms(10015):IndoorOutdoorProducer, vrsn=13280000, 0, 3pPkg = null ,  3pMdlId = null ,  pid = 2593). Was: 3 for 57, account#-517948760#
01-24 12:17:39.803  1594  8693 I chatty  : uid=1041(audioserver) /system/bin/audioserver expire 1 line
01-24 12:17:39.803  3275  8169 I chatty  : uid=10021 com.google.android.googlequicksearchbox:search expire 21 lines
01-24 12:17:39.805  3275  3275 I chatty  : uid=10021 com.google.android.googlequicksearchbox:search expire 29 lines
01-24 12:17:39.810  3275  3985 I chatty  : uid=10021(com.google.android.googlequicksearchbox) NonUserFacing13 expire 11 lines
01-24 12:17:40.308  2593  7565 W ctxmgr  : [AclManager]No 2 for (accnt=account#-517948760#, com.google.android.gms(10015):IndoorOutdoorProducer, vrsn=13280000, 0, 3pPkg = null ,  3pMdlId = null ,  pid = 2593). Was: 3 for 57, account#-517948760#
01-24 12:17:44.837  1594  8696 I chatty  : uid=1041(audioserver) /system/bin/audioserver expire 1 line
01-24 12:17:44.839  1594 10735 I chatty  : uid=1041(audioserver) Binder:1594_E expire 11 lines
01-24 12:17:44.850  3275  1414 I chatty  : uid=10021(com.google.android.googlequicksearchbox) NonUserFacing13 expire 10 lines
01-24 12:17:45.316  2593  7567 W ctxmgr  : [AclManager]No 2 for (accnt=account#-517948760#, com.google.android.gms(10015):IndoorOutdoorProducer, vrsn=13280000, 0, 3pPkg = null ,  3pMdlId = null ,  pid = 2593). Was: 3 for 57, account#-517948760#
01-24 12:17:46.313  1856  2157 I chatty  : uid=1000(system) HwBinder:1856_4 expire 11 lines
01-24 12:17:49.874  1594  8699 I chatty  : uid=1041(audioserver) /system/bin/audioserver expire 1 line
01-24 12:17:49.880  3275  8169 I chatty  : uid=10021 com.google.android.googlequicksearchbox:search identical 10 lines
01-24 12:17:50.332  2593  7567 W ctxmgr  : [AclManager]No 2 for (accnt=account#-517948760#, com.google.android.gms(10015):IndoorOutdoorProducer, vrsn=13280000, 0, 3pPkg = null ,  3pMdlId = null ,  pid = 2593). Was: 3 for 57, account#-517948760#
01-24 12:17:54.902  3275  3985 I chatty  : uid=10021(com.google.android.googlequicksearchbox) NonUserFacing13 expire 17 lines
01-24 12:17:54.907  1594  8702 I chatty  : uid=1041(audioserver) /system/bin/audioserver expire 1 line
01-24 12:17:54.909  3275  8169 I chatty  : uid=10021 com.google.android.googlequicksearchbox:search expire 20 lines
01-24 12:17:54.912  3275  8169 E ActivityThread: Failed to find provider info for com.google.android.apps.gsa.testing.ui.audio.recorded
01-24 12:17:55.246  1711  1789 E storaged: getDiskStats failed with result NOT_SUPPORTED and size 0
01-24 12:17:55.343  2593  7567 W ctxmgr  : [AclManager]No 2 for (accnt=account#-517948760#, com.google.android.gms(10015):IndoorOutdoorProducer, vrsn=13280000, 0, 3pPkg = null ,  3pMdlId = null ,  pid = 2593). Was: 3 for 57, account#-517948760#
01-24 12:17:56.341  1856  1872 I chatty  : uid=1000(system) android.bg expire 25 lines
01-24 12:17:56.546  1792  1792 E netmgr  : Failed to open QEMU pipe 'qemud:network': Invalid argument
01-24 12:17:57.342  1856  2157 I chatty  : uid=1000(system) HwBinder:1856_4 expire 28 lines
01-24 12:17:59.939  1594  8705 I chatty  : uid=1041(audioserver) /system/bin/audioserver expire 1 line
01-24 12:17:59.939  1594  9781 I chatty  : uid=1041(audioserver) Binder:1594_B expire 12 lines
01-24 12:17:59.943  3275  8169 E ActivityThread: Failed to find provider info for com.google.android.apps.gsa.testing.ui.audio.recorded
01-24 12:17:59.946  3275  3801 I chatty  : uid=10021(com.google.android.googlequicksearchbox) HotwordDetector expire 13 lines
01-24 12:17:59.947  3275  3275 I chatty  : uid=10021 com.google.android.googlequicksearchbox:search expire 27 lines
01-24 12:18:00.022  1840  1843 D hwcomposer: hw_composer sent 6 syncs in 60s
01-24 12:18:00.355  2593  7567 W ctxmgr  : [AclManager]No 2 for (accnt=account#-517948760#, com.google.android.gms(10015):IndoorOutdoorProducer, vrsn=13280000, 0, 3pPkg = null ,  3pMdlId = null ,  pid = 2593). Was: 3 for 57, account#-517948760#
01-24 12:18:04.974  1594  8708 I chatty  : uid=1041(audioserver) /system/bin/audioserver expire 1 line
01-24 12:18:05.372  2593  7567 W ctxmgr  : [AclManager]No 2 for (accnt=account#-517948760#, com.google.android.gms(10015):IndoorOutdoorProducer, vrsn=13280000, 0, 3pPkg = null ,  3pMdlId = null ,  pid = 2593). Was: 3 for 57, account#-517948760#
01-24 12:18:10.001  3275  8169 I chatty  : uid=10021 com.google.android.googlequicksearchbox:search expire 36 lines
01-24 12:18:10.008  1594  8711 I chatty  : uid=1041(audioserver) /system/bin/audioserver expire 1 line
01-24 12:18:10.024  3275  1414 I chatty  : uid=10021(com.google.android.googlequicksearchbox) NonUserFacing13 expire 10 lines
01-24 12:18:10.381  2593  7565 W ctxmgr  : [AclManager]No 2 for (accnt=account#-517948760#, com.google.android.gms(10015):IndoorOutdoorProducer, vrsn=13280000, 0, 3pPkg = null ,  3pMdlId = null ,  pid = 2593). Was: 3 for 57, account#-517948760#
01-24 12:18:15.045  1594  8714 I chatty  : uid=1041(audioserver) /system/bin/audioserver expire 1 line
01-24 12:18:15.391  2593  7567 W ctxmgr  : [AclManager]No 2 for (accnt=account#-517948760#, com.google.android.gms(10015):IndoorOutdoorProducer, vrsn=13280000, 0, 3pPkg = null ,  3pMdlId = null ,  pid = 2593). Was: 3 for 57, account#-517948760#
01-24 12:18:20.081  1594  8717 I chatty  : uid=1041(audioserver) /system/bin/audioserver expire 1 line
01-24 12:18:20.086  3275  3275 I chatty  : uid=10021 com.google.android.googlequicksearchbox:search expire 21 lines
01-24 12:18:20.095  3275  3985 I chatty  : uid=10021(com.google.android.googlequicksearchbox) NonUserFacing13 expire 12 lines
01-24 12:18:20.407  2593  7567 W ctxmgr  : [AclManager]No 2 for (accnt=account#-517948760#, com.google.android.gms(10015):IndoorOutdoorProducer, vrsn=13280000, 0, 3pPkg = null ,  3pMdlId = null ,  pid = 2593). Was: 3 for 57, account#-517948760#
01-24 12:18:21.406  1856  1872 I chatty  : uid=1000(system) android.bg expire 25 lines
01-24 12:18:25.120  1594  8720 I chatty  : uid=1041(audioserver) /system/bin/audioserver expire 1 line
01-24 12:18:25.129  3275  1414 I chatty  : uid=10021(com.google.android.googlequicksearchbox) NonUserFacing13 expire 11 lines
01-24 12:18:25.414  1856  2157 I chatty  : uid=1000(system) HwBinder:1856_4 expire 11 lines
01-24 12:18:25.420  2593  7567 W ctxmgr  : [AclManager]No 2 for (accnt=account#-517948760#, com.google.android.gms(10015):IndoorOutdoorProducer, vrsn=13280000, 0, 3pPkg = null ,  3pMdlId = null ,  pid = 2593). Was: 3 for 57, account#-517948760#
01-24 12:18:30.152  1594  8723 I chatty  : uid=1041(audioserver) /system/bin/audioserver expire 1 line
01-24 12:18:30.430  2593  7567 W ctxmgr  : [AclManager]No 2 for (accnt=account#-517948760#, com.google.android.gms(10015):IndoorOutdoorProducer, vrsn=13280000, 0, 3pPkg = null ,  3pMdlId = null ,  pid = 2593). Was: 3 for 57, account#-517948760#
01-24 12:18:35.181  1594  8726 I chatty  : uid=1041(audioserver) /system/bin/audioserver expire 1 line
01-24 12:18:35.182  1594  9781 I chatty  : uid=1041(audioserver) Binder:1594_B expire 12 lines
01-24 12:18:35.185  3275  8169 I chatty  : uid=10021 com.google.android.googlequicksearchbox:search expire 20 lines
01-24 12:18:35.188  3275  3275 I chatty  : uid=10021 com.google.android.googlequicksearchbox:search expire 42 lines
01-24 12:18:35.445  2593  7567 W ctxmgr  : [AclManager]No 2 for (accnt=account#-517948760#, com.google.android.gms(10015):IndoorOutdoorProducer, vrsn=13280000, 0, 3pPkg = null ,  3pMdlId = null ,  pid = 2593). Was: 3 for 57, account#-517948760#
01-24 12:18:36.442  1856  2157 I chatty  : uid=1000(system) HwBinder:1856_4 expire 25 lines
01-24 12:18:40.208  3275  1414 I chatty  : uid=10021(com.google.android.googlequicksearchbox) NonUserFacing13 expire 17 lines
01-24 12:18:40.215  1594  8729 I chatty  : uid=1041(audioserver) /system/bin/audioserver expire 1 line
01-24 12:18:40.215  1594 10735 I chatty  : uid=1041(audioserver) Binder:1594_E expire 12 lines
01-24 12:18:40.455  2593  7567 W ctxmgr  : [AclManager]No 2 for (accnt=account#-517948760#, com.google.android.gms(10015):IndoorOutdoorProducer, vrsn=13280000, 0, 3pPkg = null ,  3pMdlId = null ,  pid = 2593). Was: 3 for 57, account#-517948760#
01-24 12:18:44.485  1856  4374 I chatty  : uid=1000(system) Binder:1856_17 expire 6 lines
01-24 12:18:45.245  1594  8732 I chatty  : uid=1041(audioserver) /system/bin/audioserver expire 1 line
01-24 12:18:45.256  3275  3985 I chatty  : uid=10021(com.google.android.googlequicksearchbox) NonUserFacing13 expire 20 lines
01-24 12:18:45.475  2593  7567 W ctxmgr  : [AclManager]No 2 for (accnt=account#-517948760#, com.google.android.gms(10015):IndoorOutdoorProducer, vrsn=13280000, 0, 3pPkg = null ,  3pMdlId = null ,  pid = 2593). Was: 3 for 57, account#-517948760#
01-24 12:18:46.473  1856  1872 I chatty  : uid=1000(system) android.bg expire 11 lines
01-24 12:18:50.282  3275  8169 I chatty  : uid=10021 com.google.android.googlequicksearchbox:search expire 36 lines
01-24 12:18:50.286  1594  8735 I chatty  : uid=1041(audioserver) /system/bin/audioserver expire 1 line
01-24 12:18:50.485  2593  7567 W ctxmgr  : [AclManager]No 2 for (accnt=account#-517948760#, com.google.android.gms(10015):IndoorOutdoorProducer, vrsn=13280000, 0, 3pPkg = null ,  3pMdlId = null ,  pid = 2593). Was: 3 for 57, account#-517948760#
01-24 12:18:45.247  3275  8169 I chatty  : uid=10021 com.google.android.googlequicksearchbox:search identical 9 lines
01-24 12:18:50.288  3275  8169 E ActivityThread: Failed to find provider info for com.google.android.apps.gsa.testing.ui.audio.recorded
01-24 12:18:55.248  1711  1789 E storaged: getDiskStats failed with result NOT_SUPPORTED and size 0
01-24 12:18:55.317  1594  8738 I chatty  : uid=1041(audioserver) /system/bin/audioserver expire 1 line
01-24 12:18:55.320  3275  8169 E ActivityThread: Failed to find provider info for com.google.android.apps.gsa.testing.ui.audio.recorded
01-24 12:18:55.498  2593  7567 W ctxmgr  : [AclManager]No 2 for (accnt=account#-517948760#, com.google.android.gms(10015):IndoorOutdoorProducer, vrsn=13280000, 0, 3pPkg = null ,  3pMdlId = null ,  pid = 2593). Was: 3 for 57, account#-517948760#
01-24 12:18:56.550  1792  1792 E netmgr  : Failed to open QEMU pipe 'qemud:network': Invalid argument
01-24 12:18:57.498  1856  1872 I chatty  : uid=1000(system) android.bg expire 24 lines
01-24 12:19:00.032  1840  1843 D hwcomposer: hw_composer sent 6 syncs in 60s
01-24 12:19:00.350  1594  8741 I chatty  : uid=1041(audioserver) /system/bin/audioserver expire 1 line
01-24 12:19:00.512  2593  7565 W ctxmgr  : [AclManager]No 2 for (accnt=account#-517948760#, com.google.android.gms(10015):IndoorOutdoorProducer, vrsn=13280000, 0, 3pPkg = null ,  3pMdlId = null ,  pid = 2593). Was: 3 for 57, account#-517948760#
01-24 12:19:01.511  1856  2157 I chatty  : uid=1000(system) HwBinder:1856_4 expire 25 lines
01-24 12:19:05.396  3275  1414 I chatty  : uid=10021(com.google.android.googlequicksearchbox) NonUserFacing13 expire 10 lines
01-24 12:19:05.402  1594  8745 I chatty  : uid=1041(audioserver) /system/bin/audioserver expire 1 line
01-24 12:19:05.406  3275  3275 I chatty  : uid=10021 com.google.android.googlequicksearchbox:search expire 28 lines
01-24 12:19:05.410  3275  3801 I chatty  : uid=10021(com.google.android.googlequicksearchbox) HotwordDetector expire 17 lines
01-24 12:19:05.521  2593  6812 W ctxmgr  : [AclManager]No 2 for (accnt=account#-517948760#, com.google.android.gms(10015):IndoorOutdoorProducer, vrsn=13280000, 0, 3pPkg = null ,  3pMdlId = null ,  pid = 2593). Was: 3 for 57, account#-517948760#
01-24 12:19:10.443  1594  8748 I chatty  : uid=1041(audioserver) /system/bin/audioserver expire 1 line
01-24 12:19:10.540  2593  6812 W ctxmgr  : [AclManager]No 2 for (accnt=account#-517948760#, com.google.android.gms(10015):IndoorOutdoorProducer, vrsn=13280000, 0, 3pPkg = null ,  3pMdlId = null ,  pid = 2593). Was: 3 for 57, account#-517948760#
01-24 12:19:15.474  1594  8752 I chatty  : uid=1041(audioserver) /system/bin/audioserver expire 1 line
01-24 12:19:15.474  1594 10735 I chatty  : uid=1041(audioserver) Binder:1594_E expire 15 lines
01-24 12:19:15.478  3275  8169 I chatty  : uid=10021 com.google.android.googlequicksearchbox:search expire 20 lines
01-24 12:19:15.559  2593  6812 W ctxmgr  : [AclManager]No 2 for (accnt=account#-517948760#, com.google.android.gms(10015):IndoorOutdoorProducer, vrsn=13280000, 0, 3pPkg = null ,  3pMdlId = null ,  pid = 2593). Was: 3 for 57, account#-517948760#
01-24 12:19:20.504  3275  3985 I chatty  : uid=10021(com.google.android.googlequicksearchbox) NonUserFacing13 expire 21 lines
01-24 12:19:20.509  1594  8756 I chatty  : uid=1041(audioserver) /system/bin/audioserver expire 1 line
01-24 12:19:20.509  1594  9781 I chatty  : uid=1041(audioserver) Binder:1594_B expire 11 lines
01-24 12:19:20.577  2593  6812 W ctxmgr  : [AclManager]No 2 for (accnt=account#-517948760#, com.google.android.gms(10015):IndoorOutdoorProducer, vrsn=13280000, 0, 3pPkg = null ,  3pMdlId = null ,  pid = 2593). Was: 3 for 57, account#-517948760#
01-24 12:19:21.580  1856  1872 I chatty  : uid=1000(system) android.bg expire 25 lines
01-24 12:19:25.549  1594  8759 I chatty  : uid=1041(audioserver) /system/bin/audioserver expire 1 line
01-24 12:19:25.552  3275  3275 I chatty  : uid=10021 com.google.android.googlequicksearchbox:search expire 20 lines
01-24 12:19:25.600  2593  6812 W ctxmgr  : [AclManager]No 2 for (accnt=account#-517948760#, com.google.android.gms(10015):IndoorOutdoorProducer, vrsn=13280000, 0, 3pPkg = null ,  3pMdlId = null ,  pid = 2593). Was: 3 for 57, account#-517948760#
01-24 12:19:26.597  1856  2157 I chatty  : uid=1000(system) HwBinder:1856_4 expire 15 lines
01-24 12:19:30.577  3275  8169 I chatty  : uid=10021 com.google.android.googlequicksearchbox:search expire 21 lines
01-24 12:19:30.582  1594  8762 I chatty  : uid=1041(audioserver) /system/bin/audioserver expire 1 line
01-24 12:19:30.588  3275  1414 I chatty  : uid=10021(com.google.android.googlequicksearchbox) NonUserFacing13 expire 17 lines
01-24 12:19:30.616  2593  6812 W ctxmgr  : [AclManager]No 2 for (accnt=account#-517948760#, com.google.android.gms(10015):IndoorOutdoorProducer, vrsn=13280000, 0, 3pPkg = null ,  3pMdlId = null ,  pid = 2593). Was: 3 for 57, account#-517948760#
01-24 12:19:35.622  1594  8765 I chatty  : uid=1041(audioserver) /system/bin/audioserver expire 1 line
01-24 12:19:35.633  2593  7567 W ctxmgr  : [AclManager]No 2 for (accnt=account#-517948760#, com.google.android.gms(10015):IndoorOutdoorProducer, vrsn=13280000, 0, 3pPkg = null ,  3pMdlId = null ,  pid = 2593). Was: 3 for 57, account#-517948760#
01-24 12:19:40.647  3275  3275 I chatty  : uid=10021 com.google.android.googlequicksearchbox:search expire 18 lines
01-24 12:19:40.652  2593  7567 W ctxmgr  : [AclManager]No 2 for (accnt=account#-517948760#, com.google.android.gms(10015):IndoorOutdoorProducer, vrsn=13280000, 0, 3pPkg = null ,  3pMdlId = null ,  pid = 2593). Was: 3 for 57, account#-517948760#
01-24 12:19:40.659  1594  8769 I chatty  : uid=1041(audioserver) /system/bin/audioserver expire 1 line
01-24 12:19:41.647  1856  2157 I chatty  : uid=1000(system) HwBinder:1856_4 expire 15 lines
01-24 12:19:45.666  2593  7565 W ctxmgr  : [AclManager]No 2 for (accnt=account#-517948760#, com.google.android.gms(10015):IndoorOutdoorProducer, vrsn=13280000, 0, 3pPkg = null ,  3pMdlId = null ,  pid = 2593). Was: 3 for 57, account#-517948760#
01-24 12:19:45.682  3275  3985 I chatty  : uid=10021(com.google.android.googlequicksearchbox) NonUserFacing13 expire 11 lines
01-24 12:19:45.682  3275  8169 I chatty  : uid=10021 com.google.android.googlequicksearchbox:search expire 14 lines
01-24 12:19:45.687  1594  8772 I chatty  : uid=1041(audioserver) /system/bin/audioserver expire 1 line
01-24 12:19:45.688  1594  9781 I chatty  : uid=1041(audioserver) Binder:1594_B expire 10 lines
01-24 12:19:46.669  1856  1872 I chatty  : uid=1000(system) android.bg expire 14 lines
01-24 12:19:50.684  2593  7567 W ctxmgr  : [AclManager]No 2 for (accnt=account#-517948760#, com.google.android.gms(10015):IndoorOutdoorProducer, vrsn=13280000, 0, 3pPkg = null ,  3pMdlId = null ,  pid = 2593). Was: 3 for 57, account#-517948760#
01-24 12:19:50.718  1594  8775 I chatty  : uid=1041(audioserver) /system/bin/audioserver expire 1 line
01-24 12:19:45.692  3275  8169 I chatty  : uid=10021 com.google.android.googlequicksearchbox:search identical 10 lines
01-24 12:19:50.722  3275  8169 E ActivityThread: Failed to find provider info for com.google.android.apps.gsa.testing.ui.audio.recorded
01-24 12:19:55.252  1711  1789 E storaged: getDiskStats failed with result NOT_SUPPORTED and size 0
01-24 12:19:55.700  2593  6812 W ctxmgr  : [AclManager]No 2 for (accnt=account#-517948760#, com.google.android.gms(10015):IndoorOutdoorProducer, vrsn=13280000, 0, 3pPkg = null ,  3pMdlId = null ,  pid = 2593). Was: 3 for 57, account#-517948760#
01-24 12:19:55.735  3275  3275 I chatty  : uid=10021 com.google.android.googlequicksearchbox:search expire 39 lines
01-24 12:19:55.757  3275  8169 I chatty  : uid=10021 com.google.android.googlequicksearchbox:search expire 43 lines
01-24 12:19:55.762  1594  8778 I chatty  : uid=1041(audioserver) /system/bin/audioserver expire 1 line
01-24 12:19:55.769  3275  8169 E ActivityThread: Failed to find provider info for com.google.android.apps.gsa.testing.ui.audio.recorded
01-24 12:19:56.551  1792  1792 E netmgr  : Failed to open QEMU pipe 'qemud:network': Invalid argument
01-24 12:19:56.699  1856  2157 I chatty  : uid=1000(system) HwBinder:1856_4 expire 15 lines
01-24 12:20:00.008  1840  1843 D hwcomposer: hw_composer sent 6 syncs in 60s
01-24 12:20:00.716  1856  1872 I chatty  : uid=1000(system) android.bg expire 11 lines
01-24 12:20:00.722  2593  6812 W ctxmgr  : [AclManager]No 2 for (accnt=account#-517948760#, com.google.android.gms(10015):IndoorOutdoorProducer, vrsn=13280000, 0, 3pPkg = null ,  3pMdlId = null ,  pid = 2593). Was: 3 for 57, account#-517948760#
01-24 12:20:00.802  1594 10735 I chatty  : uid=1041(audioserver) Binder:1594_E expire 15 lines
01-24 12:20:00.802  1594  8781 I chatty  : uid=1041(audioserver) /system/bin/audioserver expire 1 line
01-24 12:20:00.812  3275  1414 I chatty  : uid=10021(com.google.android.googlequicksearchbox) NonUserFacing13 expire 13 lines
01-24 12:20:00.814  3275  3985 I chatty  : uid=10021(com.google.android.googlequicksearchbox) NonUserFacing13 expire 16 lines
01-24 12:20:05.733  2593  6812 W ctxmgr  : [AclManager]No 2 for (accnt=account#-517948760#, com.google.android.gms(10015):IndoorOutdoorProducer, vrsn=13280000, 0, 3pPkg = null ,  3pMdlId = null ,  pid = 2593). Was: 3 for 57, account#-517948760#
01-24 12:20:05.838  1594  8785 I chatty  : uid=1041(audioserver) /system/bin/audioserver expire 1 line
01-24 12:20:10.744  2593  6812 W ctxmgr  : [AclManager]No 2 for (accnt=account#-517948760#, com.google.android.gms(10015):IndoorOutdoorProducer, vrsn=13280000, 0, 3pPkg = null ,  3pMdlId = null ,  pid = 2593). Was: 3 for 57, account#-517948760#
01-24 12:20:10.875  1594  8788 I chatty  : uid=1041(audioserver) /system/bin/audioserver expire 1 line
01-24 12:20:11.744  1856  2157 I chatty  : uid=1000(system) HwBinder:1856_4 expire 25 lines
01-24 12:20:11.745  1856  1872 I chatty  : uid=1000(system) android.bg expire 15 lines
01-24 12:20:15.759  2593  7565 W ctxmgr  : [AclManager]No 2 for (accnt=account#-517948760#, com.google.android.gms(10015):IndoorOutdoorProducer, vrsn=13280000, 0, 3pPkg = null ,  3pMdlId = null ,  pid = 2593). Was: 3 for 57, account#-517948760#
01-24 12:20:15.908  1594  8791 I chatty  : uid=1041(audioserver) /system/bin/audioserver expire 1 line
01-24 12:20:20.777  2593  7565 W ctxmgr  : [AclManager]No 2 for (accnt=account#-517948760#, com.google.android.gms(10015):IndoorOutdoorProducer, vrsn=13280000, 0, 3pPkg = null ,  3pMdlId = null ,  pid = 2593). Was: 3 for 57, account#-517948760#
01-24 12:20:20.936  1594  8795 I chatty  : uid=1041(audioserver) /system/bin/audioserver expire 1 line
01-24 12:20:20.941  3275  3275 I chatty  : uid=10021 com.google.android.googlequicksearchbox:search expire 28 lines
01-24 12:20:25.794  2593  7565 W ctxmgr  : [AclManager]No 2 for (accnt=account#-517948760#, com.google.android.gms(10015):IndoorOutdoorProducer, vrsn=13280000, 0, 3pPkg = null ,  3pMdlId = null ,  pid = 2593). Was: 3 for 57, account#-517948760#
01-24 12:20:25.968  1594  8799 I chatty  : uid=1041(audioserver) /system/bin/audioserver expire 1 line
01-24 12:20:25.970  3275  8169 I chatty  : uid=10021 com.google.android.googlequicksearchbox:search expire 27 lines
01-24 12:20:25.977  3275  3985 I chatty  : uid=10021(com.google.android.googlequicksearchbox) NonUserFacing13 expire 13 lines
01-24 12:20:25.978  3275  1414 I chatty  : uid=10021(com.google.android.googlequicksearchbox) NonUserFacing13 expire 11 lines
01-24 12:20:26.792  1856  1872 I chatty  : uid=1000(system) android.bg expire 15 lines
01-24 12:20:30.810  2593  6812 W ctxmgr  : [AclManager]No 2 for (accnt=account#-517948760#, com.google.android.gms(10015):IndoorOutdoorProducer, vrsn=13280000, 0, 3pPkg = null ,  3pMdlId = null ,  pid = 2593). Was: 3 for 57, account#-517948760#
01-24 12:20:31.001  1594  8802 I chatty  : uid=1041(audioserver) /system/bin/audioserver expire 1 line
01-24 12:20:31.003  1594  9781 I chatty  : uid=1041(audioserver) Binder:1594_B expire 12 lines
01-24 12:20:31.008  3275  3801 I chatty  : uid=10021(com.google.android.googlequicksearchbox) HotwordDetector expire 16 lines
01-24 12:20:35.825  2593  6812 W ctxmgr  : [AclManager]No 2 for (accnt=account#-517948760#, com.google.android.gms(10015):IndoorOutdoorProducer, vrsn=13280000, 0, 3pPkg = null ,  3pMdlId = null ,  pid = 2593). Was: 3 for 57, account#-517948760#
01-24 12:20:36.032  1594  8805 I chatty  : uid=1041(audioserver) /system/bin/audioserver expire 1 line
01-24 12:20:36.827  1856  2157 I chatty  : uid=1000(system) HwBinder:1856_4 expire 15 lines
01-24 12:20:40.837  2593  6812 W ctxmgr  : [AclManager]No 2 for (accnt=account#-517948760#, com.google.android.gms(10015):IndoorOutdoorProducer, vrsn=13280000, 0, 3pPkg = null ,  3pMdlId = null ,  pid = 2593). Was: 3 for 57, account#-517948760#
01-24 12:20:41.071  1594  8808 I chatty  : uid=1041(audioserver) /system/bin/audioserver expire 1 line
01-24 12:20:41.075  3275  3275 I chatty  : uid=10021 com.google.android.googlequicksearchbox:search expire 28 lines
01-24 12:20:41.836  1856  1872 I chatty  : uid=1000(system) android.bg expire 25 lines
01-24 12:20:45.851  2593  6812 W ctxmgr  : [AclManager]No 2 for (accnt=account#-517948760#, com.google.android.gms(10015):IndoorOutdoorProducer, vrsn=13280000, 0, 3pPkg = null ,  3pMdlId = null ,  pid = 2593). Was: 3 for 57, account#-517948760#
01-24 12:20:46.101  3275  8169 I chatty  : uid=10021 com.google.android.googlequicksearchbox:search expire 29 lines
01-24 12:20:46.106  1594  8811 I chatty  : uid=1041(audioserver) /system/bin/audioserver expire 1 line
01-24 12:20:46.122  3275  1414 I chatty  : uid=10021(com.google.android.googlequicksearchbox) NonUserFacing13 expire 19 lines
01-24 12:20:46.123  3275  3985 I chatty  : uid=10021(com.google.android.googlequicksearchbox) NonUserFacing13 expire 19 lines
01-24 12:20:50.864  2593  6812 W ctxmgr  : [AclManager]No 2 for (accnt=account#-517948760#, com.google.android.gms(10015):IndoorOutdoorProducer, vrsn=13280000, 0, 3pPkg = null ,  3pMdlId = null ,  pid = 2593). Was: 3 for 57, account#-517948760#
01-24 12:20:51.145  1594  8814 I chatty  : uid=1041(audioserver) /system/bin/audioserver expire 1 line
01-24 12:20:51.145  1594 10735 I chatty  : uid=1041(audioserver) Binder:1594_E expire 18 lines
01-24 12:20:51.864  1856  2157 I chatty  : uid=1000(system) HwBinder:1856_4 expire 15 lines
01-24 12:20:46.112  3275  8169 I chatty  : uid=10021 com.google.android.googlequicksearchbox:search identical 10 lines
01-24 12:20:51.147  3275  8169 E ActivityThread: Failed to find provider info for com.google.android.apps.gsa.testing.ui.audio.recorded
01-24 12:20:55.253  1711  1789 E storaged: getDiskStats failed with result NOT_SUPPORTED and size 0
01-24 12:20:55.520  2639  7590 I Icing   : IndexChimeraService.getServiceInterface callingPackage=com.android.chrome componentName=null serviceId=36
01-24 12:20:55.555  2639 21328 I Icing   : Usage reports ok 0, Failed Usage reports 0, indexed 0, rejected 0, imm upload false
01-24 12:20:55.878  2593  6812 W ctxmgr  : [AclManager]No 2 for (accnt=account#-517948760#, com.google.android.gms(10015):IndoorOutdoorProducer, vrsn=13280000, 0, 3pPkg = null ,  3pMdlId = null ,  pid = 2593). Was: 3 for 57, account#-517948760#
01-24 12:20:56.186  1594  8819 I chatty  : uid=1041(audioserver) /system/bin/audioserver expire 1 line
01-24 12:20:56.190  3275  8169 E ActivityThread: Failed to find provider info for com.google.android.apps.gsa.testing.ui.audio.recorded
01-24 12:20:56.563  2639 21328 I Icing   : Indexing com.android.chrome-omnibox from com.android.chrome
01-24 12:20:56.574  2639 21328 I Icing   : Indexing done com.android.chrome-omnibox
01-24 12:20:56.582  1792  1792 E netmgr  : Failed to open QEMU pipe 'qemud:network': Invalid argument
01-24 12:21:00.032  1840  1843 D hwcomposer: hw_composer sent 6 syncs in 60s
01-24 12:21:00.902  2593  6812 W ctxmgr  : [AclManager]No 2 for (accnt=account#-517948760#, com.google.android.gms(10015):IndoorOutdoorProducer, vrsn=13280000, 0, 3pPkg = null ,  3pMdlId = null ,  pid = 2593). Was: 3 for 57, account#-517948760#
01-24 12:21:01.228  1594  8822 I chatty  : uid=1041(audioserver) /system/bin/audioserver expire 1 line
01-24 12:21:01.232  3275  3275 I chatty  : uid=10021 com.google.android.googlequicksearchbox:search expire 21 lines
01-24 12:21:05.912  2593  6812 W ctxmgr  : [AclManager]No 2 for (accnt=account#-517948760#, com.google.android.gms(10015):IndoorOutdoorProducer, vrsn=13280000, 0, 3pPkg = null ,  3pMdlId = null ,  pid = 2593). Was: 3 for 57, account#-517948760#
01-24 12:21:06.259  1594  8825 I chatty  : uid=1041(audioserver) /system/bin/audioserver expire 1 line
01-24 12:21:06.262  3275  8169 I chatty  : uid=10021 com.google.android.googlequicksearchbox:search expire 34 lines
01-24 12:21:06.910  1856  2157 I chatty  : uid=1000(system) HwBinder:1856_4 expire 15 lines
01-24 12:21:06.912  1856  1872 I chatty  : uid=1000(system) android.bg expire 15 lines
01-24 12:21:10.924  2593  6812 W ctxmgr  : [AclManager]No 2 for (accnt=account#-517948760#, com.google.android.gms(10015):IndoorOutdoorProducer, vrsn=13280000, 0, 3pPkg = null ,  3pMdlId = null ,  pid = 2593). Was: 3 for 57, account#-517948760#
01-24 12:21:11.293  1594  8828 I chatty  : uid=1041(audioserver) /system/bin/audioserver expire 1 line
01-24 12:21:15.939  2593  6812 W ctxmgr  : [AclManager]No 2 for (accnt=account#-517948760#, com.google.android.gms(10015):IndoorOutdoorProducer, vrsn=13280000, 0, 3pPkg = null ,  3pMdlId = null ,  pid = 2593). Was: 3 for 57, account#-517948760#
01-24 12:21:16.328  1594  8832 I chatty  : uid=1041(audioserver) /system/bin/audioserver expire 1 line
01-24 12:21:16.330  1594  9781 I chatty  : uid=1041(audioserver) Binder:1594_B expire 15 lines
01-24 12:21:16.334  3275  3275 I chatty  : uid=10021 com.google.android.googlequicksearchbox:search expire 35 lines
01-24 12:21:16.345  3275  1414 I chatty  : uid=10021(com.google.android.googlequicksearchbox) NonUserFacing13 expire 15 lines
01-24 12:21:20.958  2593  6812 W ctxmgr  : [AclManager]No 2 for (accnt=account#-517948760#, com.google.android.gms(10015):IndoorOutdoorProducer, vrsn=13280000, 0, 3pPkg = null ,  3pMdlId = null ,  pid = 2593). Was: 3 for 57, account#-517948760#
01-24 12:21:21.362  3275  3985 I chatty  : uid=10021(com.google.android.googlequicksearchbox) NonUserFacing13 expire 21 lines
01-24 12:21:21.367  1594  8835 I chatty  : uid=1041(audioserver) /system/bin/audioserver expire 1 line
01-24 12:21:21.957  1856  2157 I chatty  : uid=1000(system) HwBinder:1856_4 expire 15 lines
01-24 12:21:21.958  1856  1872 I chatty  : uid=1000(system) android.bg expire 15 lines
01-24 12:21:25.971  2593  6812 W ctxmgr  : [AclManager]No 2 for (accnt=account#-517948760#, com.google.android.gms(10015):IndoorOutdoorProducer, vrsn=13280000, 0, 3pPkg = null ,  3pMdlId = null ,  pid = 2593). Was: 3 for 57, account#-517948760#
01-24 12:21:26.413  1594  8838 I chatty  : uid=1041(audioserver) /system/bin/audioserver expire 1 line
01-24 12:21:30.988  2593  6812 W ctxmgr  : [AclManager]No 2 for (accnt=account#-517948760#, com.google.android.gms(10015):IndoorOutdoorProducer, vrsn=13280000, 0, 3pPkg = null ,  3pMdlId = null ,  pid = 2593). Was: 3 for 57, account#-517948760#
01-24 12:21:31.444  3275  8169 I chatty  : uid=10021 com.google.android.googlequicksearchbox:search expire 22 lines
01-24 12:21:31.450  1594  8841 I chatty  : uid=1041(audioserver) /system/bin/audioserver expire 1 line
01-24 12:21:35.997  2593  6812 W ctxmgr  : [AclManager]No 2 for (accnt=account#-517948760#, com.google.android.gms(10015):IndoorOutdoorProducer, vrsn=13280000, 0, 3pPkg = null ,  3pMdlId = null ,  pid = 2593). Was: 3 for 57, account#-517948760#
