01-22 14:03:24.561  2593  8934 W ctxmgr  : [AclManager]No 2 for (accnt=account#-517948760#, com.google.android.gms(10015):IndoorOutdoorProducer, vrsn=13280000, 0, 3pPkg = null ,  3pMdlId = null ,  pid = 2593). Was: 3 for 57, account#-517948760#
01-22 14:03:29.213  1594 11318 I chatty  : uid=1041(audioserver) /system/bin/audioserver expire 1 line
01-22 14:03:29.214  1594  7964 I chatty  : uid=1041(audioserver) Binder:1594_8 expire 3 lines
01-22 14:03:29.216  3275  3275 I chatty  : uid=10021 com.google.android.googlequicksearchbox:search expire 15 lines
01-22 14:03:29.574  2593 10219 W ctxmgr  : [AclManager]No 2 for (accnt=account#-517948760#, com.google.android.gms(10015):IndoorOutdoorProducer, vrsn=13280000, 0, 3pPkg = null ,  3pMdlId = null ,  pid = 2593). Was: 3 for 57, account#-517948760#
01-22 14:03:30.573  1856  1872 I chatty  : uid=1000(system) android.bg expire 11 lines
01-22 14:03:34.235  3275  3300 I chatty  : uid=10021(com.google.android.googlequicksearchbox) NonUserFacing0 expire 10 lines
01-22 14:03:34.235  3275 11086 I chatty  : uid=10021(com.google.android.googlequicksearchbox) UserFacing16 expire 14 lines
01-22 14:03:34.240  1594 11321 I chatty  : uid=1041(audioserver) /system/bin/audioserver expire 1 line
01-22 14:03:34.240  1594  1594 I chatty  : uid=1041(audioserver) /system/bin/audioserver expire 3 lines
01-22 14:03:34.592  2593  8934 W ctxmgr  : [AclManager]No 2 for (accnt=account#-517948760#, com.google.android.gms(10015):IndoorOutdoorProducer, vrsn=13280000, 0, 3pPkg = null ,  3pMdlId = null ,  pid = 2593). Was: 3 for 57, account#-517948760#
01-22 14:03:35.591  1856  2091 I chatty  : uid=1000(system) HwBinder:1856_3 expire 14 lines
01-22 14:03:39.269  1594  7964 I chatty  : uid=1041(audioserver) Binder:1594_8 expire 6 lines
01-22 14:03:39.269  1594 11324 I chatty  : uid=1041(audioserver) /system/bin/audioserver expire 1 line
01-22 14:03:39.277  3275  3275 I chatty  : uid=10021 com.google.android.googlequicksearchbox:search expire 14 lines
01-22 14:03:39.611  2593  6795 W ctxmgr  : [AclManager]No 2 for (accnt=account#-517948760#, com.google.android.gms(10015):IndoorOutdoorProducer, vrsn=13280000, 0, 3pPkg = null ,  3pMdlId = null ,  pid = 2593). Was: 3 for 57, account#-517948760#
01-22 14:03:41.607  1856  1872 I chatty  : uid=1000(system) android.bg expire 13 lines
01-22 14:03:44.295  3275  3300 I chatty  : uid=10021(com.google.android.googlequicksearchbox) NonUserFacing0 expire 11 lines
01-22 14:03:44.295  3275 11086 I chatty  : uid=10021(com.google.android.googlequicksearchbox) UserFacing16 expire 21 lines
01-22 14:03:44.299  1594 11327 I chatty  : uid=1041(audioserver) /system/bin/audioserver expire 1 line
01-22 14:03:44.305  3275  3801 I chatty  : uid=10021(com.google.android.googlequicksearchbox) HotwordDetector expire 11 lines
01-22 14:03:44.305  3275  3320 I chatty  : uid=10021(com.google.android.googlequicksearchbox) NonUserFacing2 expire 10 lines
01-22 14:03:44.622  2593  6795 W ctxmgr  : [AclManager]No 2 for (accnt=account#-517948760#, com.google.android.gms(10015):IndoorOutdoorProducer, vrsn=13280000, 0, 3pPkg = null ,  3pMdlId = null ,  pid = 2593). Was: 3 for 57, account#-517948760#
01-22 14:03:46.788  1856  2130 I chatty  : uid=1000(system) Binder:1856_6 expire 3 lines
01-22 14:03:49.334  1594  1594 I chatty  : uid=1041(audioserver) /system/bin/audioserver expire 3 lines
01-22 14:03:49.334  1594 11330 I chatty  : uid=1041(audioserver) /system/bin/audioserver expire 1 line
01-22 14:03:49.344  3275  3275 I chatty  : uid=10021 com.google.android.googlequicksearchbox:search expire 20 lines
01-22 14:03:49.631  1856  2091 I chatty  : uid=1000(system) HwBinder:1856_3 expire 11 lines
01-22 14:03:49.634  2593  6795 W ctxmgr  : [AclManager]No 2 for (accnt=account#-517948760#, com.google.android.gms(10015):IndoorOutdoorProducer, vrsn=13280000, 0, 3pPkg = null ,  3pMdlId = null ,  pid = 2593). Was: 3 for 57, account#-517948760#
01-22 14:03:54.363  1594  7964 I chatty  : uid=1041(audioserver) Binder:1594_8 expire 5 lines
01-22 14:03:54.363  1594 11333 I chatty  : uid=1041(audioserver) /system/bin/audioserver expire 1 line
01-22 14:03:54.368  3275  3300 I chatty  : uid=10021(com.google.android.googlequicksearchbox) NonUserFacing0 expire 15 lines
01-22 14:03:54.650  1856  1872 I chatty  : uid=1000(system) android.bg expire 11 lines
01-22 14:03:54.653  2593  6795 W ctxmgr  : [AclManager]No 2 for (accnt=account#-517948760#, com.google.android.gms(10015):IndoorOutdoorProducer, vrsn=13280000, 0, 3pPkg = null ,  3pMdlId = null ,  pid = 2593). Was: 3 for 57, account#-517948760#
01-22 14:03:59.389  3275 11086 I chatty  : uid=10021(com.google.android.googlequicksearchbox) UserFacing16 expire 21 lines
01-22 14:03:59.391  1594  7964 I chatty  : uid=1041(audioserver) Binder:1594_8 expire 3 lines
01-22 14:03:59.391  1594 11337 I chatty  : uid=1041(audioserver) /system/bin/audioserver expire 1 line
01-22 14:03:59.665  2593  8934 W ctxmgr  : [AclManager]No 2 for (accnt=account#-517948760#, com.google.android.gms(10015):IndoorOutdoorProducer, vrsn=13280000, 0, 3pPkg = null ,  3pMdlId = null ,  pid = 2593). Was: 3 for 57, account#-517948760#
01-22 14:04:00.020  1840  1843 D hwcomposer: hw_composer sent 6 syncs in 60s
01-22 14:04:00.665  1856  2091 I chatty  : uid=1000(system) HwBinder:1856_3 expire 13 lines
01-22 14:04:04.438  1594 11340 I chatty  : uid=1041(audioserver) /system/bin/audioserver expire 1 line
01-22 14:04:04.438  1594  7964 I chatty  : uid=1041(audioserver) Binder:1594_8 expire 1 line
01-22 14:04:04.441  3275  3275 I chatty  : uid=10021 com.google.android.googlequicksearchbox:search expire 15 lines
01-22 14:04:04.675  2593 11120 W ctxmgr  : [AclManager]No 2 for (accnt=account#-517948760#, com.google.android.gms(10015):IndoorOutdoorProducer, vrsn=13280000, 0, 3pPkg = null ,  3pMdlId = null ,  pid = 2593). Was: 3 for 57, account#-517948760#
01-22 14:04:05.672  1856  1872 I chatty  : uid=1000(system) android.bg expire 14 lines
01-22 14:04:09.468  1594 10735 I chatty  : uid=1041(audioserver) Binder:1594_E expire 3 lines
01-22 14:04:09.468  1594 11343 I chatty  : uid=1041(audioserver) /system/bin/audioserver expire 1 line
01-22 14:04:09.684  2593 11120 W ctxmgr  : [AclManager]No 2 for (accnt=account#-517948760#, com.google.android.gms(10015):IndoorOutdoorProducer, vrsn=13280000, 0, 3pPkg = null ,  3pMdlId = null ,  pid = 2593). Was: 3 for 57, account#-517948760#
01-22 14:04:13.057  1792  1792 E netmgr  : Failed to open QEMU pipe 'qemud:network': Invalid argument
01-22 14:04:13.691  1856  2091 I chatty  : uid=1000(system) HwBinder:1856_3 expire 11 lines
01-22 14:04:14.498  3275  3300 I chatty  : uid=10021(com.google.android.googlequicksearchbox) NonUserFacing0 expire 16 lines
01-22 14:04:14.498  3275 11086 I chatty  : uid=10021(com.google.android.googlequicksearchbox) UserFacing16 expire 29 lines
01-22 14:04:14.502  1594  9781 I chatty  : uid=1041(audioserver) Binder:1594_B expire 6 lines
01-22 14:04:14.502  1594 11346 I chatty  : uid=1041(audioserver) /system/bin/audioserver expire 1 line
01-22 14:04:14.507  3275  3275 I chatty  : uid=10021 com.google.android.googlequicksearchbox:search expire 20 lines
01-22 14:04:14.508  3275  3320 I chatty  : uid=10021(com.google.android.googlequicksearchbox) NonUserFacing2 expire 13 lines
01-22 14:04:14.700  2593  8934 W ctxmgr  : [AclManager]No 2 for (accnt=account#-517948760#, com.google.android.gms(10015):IndoorOutdoorProducer, vrsn=13280000, 0, 3pPkg = null ,  3pMdlId = null ,  pid = 2593). Was: 3 for 57, account#-517948760#
01-22 14:04:09.470  3275 11086 I chatty  : uid=10021(com.google.android.googlequicksearchbox) UserFacing16 identical 10 lines
01-22 14:04:14.504  3275 11086 E ActivityThread: Failed to find provider info for com.google.android.apps.gsa.testing.ui.audio.recorded
01-22 14:04:17.498  1711  1789 E storaged: getDiskStats failed with result NOT_SUPPORTED and size 0
01-22 14:04:19.528  1594 11349 I chatty  : uid=1041(audioserver) /system/bin/audioserver expire 1 line
01-22 14:04:19.532  3275 11086 E ActivityThread: Failed to find provider info for com.google.android.apps.gsa.testing.ui.audio.recorded
01-22 14:04:19.710  1856  1872 I chatty  : uid=1000(system) android.bg expire 11 lines
01-22 14:04:19.713  2593  8934 W ctxmgr  : [AclManager]No 2 for (accnt=account#-517948760#, com.google.android.gms(10015):IndoorOutdoorProducer, vrsn=13280000, 0, 3pPkg = null ,  3pMdlId = null ,  pid = 2593). Was: 3 for 57, account#-517948760#
01-22 14:04:24.557  1594 10735 I chatty  : uid=1041(audioserver) Binder:1594_E expire 3 lines
01-22 14:04:24.557  1594 11352 I chatty  : uid=1041(audioserver) /system/bin/audioserver expire 1 line
01-22 14:04:24.731  1856  2091 I chatty  : uid=1000(system) HwBinder:1856_3 expire 11 lines
01-22 14:04:24.734  2593 11120 W ctxmgr  : [AclManager]No 2 for (accnt=account#-517948760#, com.google.android.gms(10015):IndoorOutdoorProducer, vrsn=13280000, 0, 3pPkg = null ,  3pMdlId = null ,  pid = 2593). Was: 3 for 57, account#-517948760#
01-22 14:04:29.582  1594 11355 I chatty  : uid=1041(audioserver) /system/bin/audioserver expire 1 line
01-22 14:04:29.582  1594  9781 I chatty  : uid=1041(audioserver) Binder:1594_B expire 6 lines
01-22 14:04:29.584  3275  3275 I chatty  : uid=10021 com.google.android.googlequicksearchbox:search expire 28 lines
01-22 14:04:29.750  2593 11120 W ctxmgr  : [AclManager]No 2 for (accnt=account#-517948760#, com.google.android.gms(10015):IndoorOutdoorProducer, vrsn=13280000, 0, 3pPkg = null ,  3pMdlId = null ,  pid = 2593). Was: 3 for 57, account#-517948760#
01-22 14:04:30.752  1856  1872 I chatty  : uid=1000(system) android.bg expire 14 lines
01-22 14:04:34.609  1594 11358 I chatty  : uid=1041(audioserver) /system/bin/audioserver expire 1 line
01-22 14:04:34.610  3275 11086 I chatty  : uid=10021(com.google.android.googlequicksearchbox) UserFacing16 expire 28 lines
01-22 14:04:34.621  3275  3300 I chatty  : uid=10021(com.google.android.googlequicksearchbox) NonUserFacing0 expire 14 lines
01-22 14:04:34.772  2593  8934 W ctxmgr  : [AclManager]No 2 for (accnt=account#-517948760#, com.google.android.gms(10015):IndoorOutdoorProducer, vrsn=13280000, 0, 3pPkg = null ,  3pMdlId = null ,  pid = 2593). Was: 3 for 57, account#-517948760#
01-22 14:04:35.772  1856  2091 I chatty  : uid=1000(system) HwBinder:1856_3 expire 14 lines
01-22 14:04:39.639  3275  3320 I chatty  : uid=10021(com.google.android.googlequicksearchbox) NonUserFacing2 expire 16 lines
01-22 14:04:39.643  1594 11361 I chatty  : uid=1041(audioserver) /system/bin/audioserver expire 1 line
01-22 14:04:39.643  1594 10735 I chatty  : uid=1041(audioserver) Binder:1594_E expire 6 lines
01-22 14:04:39.653  3275  3801 I chatty  : uid=10021(com.google.android.googlequicksearchbox) HotwordDetector expire 10 lines
01-22 14:04:39.791  2593  8934 W ctxmgr  : [AclManager]No 2 for (accnt=account#-517948760#, com.google.android.gms(10015):IndoorOutdoorProducer, vrsn=13280000, 0, 3pPkg = null ,  3pMdlId = null ,  pid = 2593). Was: 3 for 57, account#-517948760#
01-22 14:04:44.685  1594 11364 I chatty  : uid=1041(audioserver) /system/bin/audioserver expire 1 line
01-22 14:04:44.798  1856  1872 I chatty  : uid=1000(system) android.bg expire 11 lines
01-22 14:04:44.805  2593  8934 W ctxmgr  : [AclManager]No 2 for (accnt=account#-517948760#, com.google.android.gms(10015):IndoorOutdoorProducer, vrsn=13280000, 0, 3pPkg = null ,  3pMdlId = null ,  pid = 2593). Was: 3 for 57, account#-517948760#
01-22 14:04:46.911  1856  3826 I chatty  : uid=1000(system) Binder:1856_10 expire 2 lines
01-22 14:04:49.709  1594 11367 I chatty  : uid=1041(audioserver) /system/bin/audioserver expire 1 line
01-22 14:04:49.710  1594  9781 I chatty  : uid=1041(audioserver) Binder:1594_B expire 3 lines
01-22 14:04:49.712  3275  3275 I chatty  : uid=10021 com.google.android.googlequicksearchbox:search expire 15 lines
01-22 14:04:49.811  1856  2091 I chatty  : uid=1000(system) HwBinder:1856_3 expire 11 lines
01-22 14:04:49.813  2593 10219 W ctxmgr  : [AclManager]No 2 for (accnt=account#-517948760#, com.google.android.gms(10015):IndoorOutdoorProducer, vrsn=13280000, 0, 3pPkg = null ,  3pMdlId = null ,  pid = 2593). Was: 3 for 57, account#-517948760#
01-22 14:04:54.738  1594 11370 I chatty  : uid=1041(audioserver) /system/bin/audioserver expire 1 line
01-22 14:04:54.738  1594 10735 I chatty  : uid=1041(audioserver) Binder:1594_E expire 6 lines
01-22 14:04:54.740  3275 11086 I chatty  : uid=10021(com.google.android.googlequicksearchbox) UserFacing16 expire 28 lines
01-22 14:04:54.825  2593 11120 W ctxmgr  : [AclManager]No 2 for (accnt=account#-517948760#, com.google.android.gms(10015):IndoorOutdoorProducer, vrsn=13280000, 0, 3pPkg = null ,  3pMdlId = null ,  pid = 2593). Was: 3 for 57, account#-517948760#
01-22 14:04:55.829  1856  1872 I chatty  : uid=1000(system) android.bg expire 16 lines
01-22 14:04:59.761  1594 11373 I chatty  : uid=1041(audioserver) /system/bin/audioserver expire 1 line
01-22 14:04:59.768  3275  3275 I chatty  : uid=10021 com.google.android.googlequicksearchbox:search expire 20 lines
01-22 14:04:59.768  3275  3320 I chatty  : uid=10021(com.google.android.googlequicksearchbox) NonUserFacing2 expire 14 lines
01-22 14:04:59.849  2593 10219 W ctxmgr  : [AclManager]No 2 for (accnt=account#-517948760#, com.google.android.gms(10015):IndoorOutdoorProducer, vrsn=13280000, 0, 3pPkg = null ,  3pMdlId = null ,  pid = 2593). Was: 3 for 57, account#-517948760#
01-22 14:05:00.030  1840  1843 D hwcomposer: hw_composer sent 6 syncs in 60s
01-22 14:05:00.849  1856  2091 I chatty  : uid=1000(system) HwBinder:1856_3 expire 6 lines
01-22 14:05:04.782  3275  3300 I chatty  : uid=10021(com.google.android.googlequicksearchbox) NonUserFacing0 expire 10 lines
01-22 14:05:04.787  1594 11376 I chatty  : uid=1041(audioserver) /system/bin/audioserver expire 1 line
01-22 14:05:04.789  1594  9781 I chatty  : uid=1041(audioserver) Binder:1594_B expire 6 lines
01-22 14:05:04.862  2593 10219 W ctxmgr  : [AclManager]No 2 for (accnt=account#-517948760#, com.google.android.gms(10015):IndoorOutdoorProducer, vrsn=13280000, 0, 3pPkg = null ,  3pMdlId = null ,  pid = 2593). Was: 3 for 57, account#-517948760#
01-22 14:05:06.864  1856  1977 I chatty  : uid=1000(system) HwBinder:1856_2 expire 13 lines
01-22 14:05:09.821  1594 11379 I chatty  : uid=1041(audioserver) /system/bin/audioserver expire 1 line
01-22 14:05:09.869  1856  1872 I chatty  : uid=1000(system) android.bg expire 10 lines
01-22 14:05:09.871  2593 10219 W ctxmgr  : [AclManager]No 2 for (accnt=account#-517948760#, com.google.android.gms(10015):IndoorOutdoorProducer, vrsn=13280000, 0, 3pPkg = null ,  3pMdlId = null ,  pid = 2593). Was: 3 for 57, account#-517948760#
01-22 14:05:13.113  1792  1792 E netmgr  : Failed to open QEMU pipe 'qemud:network': Invalid argument
01-22 14:05:14.851  1594 10735 I chatty  : uid=1041(audioserver) Binder:1594_E expire 6 lines
01-22 14:05:14.851  1594 11385 I chatty  : uid=1041(audioserver) /system/bin/audioserver expire 1 line
01-22 14:05:14.854  3275 11086 I chatty  : uid=10021(com.google.android.googlequicksearchbox) UserFacing16 expire 20 lines
01-22 14:05:14.856  3275  3275 I chatty  : uid=10021 com.google.android.googlequicksearchbox:search expire 14 lines
01-22 14:05:14.864  3275  3300 I chatty  : uid=10021(com.google.android.googlequicksearchbox) NonUserFacing0 expire 3 lines
01-22 14:05:14.886  2593  8934 W ctxmgr  : [AclManager]No 2 for (accnt=account#-517948760#, com.google.android.gms(10015):IndoorOutdoorProducer, vrsn=13280000, 0, 3pPkg = null ,  3pMdlId = null ,  pid = 2593). Was: 3 for 57, account#-517948760#
01-22 14:05:09.823  3275 11086 I chatty  : uid=10021(com.google.android.googlequicksearchbox) UserFacing16 identical 10 lines
01-22 14:05:14.856  3275 11086 E ActivityThread: Failed to find provider info for com.google.android.apps.gsa.testing.ui.audio.recorded
01-22 14:05:17.500  1711  1789 E storaged: getDiskStats failed with result NOT_SUPPORTED and size 0
01-22 14:05:19.882  1594 11388 I chatty  : uid=1041(audioserver) /system/bin/audioserver expire 1 line
01-22 14:05:19.885  3275 11086 E ActivityThread: Failed to find provider info for com.google.android.apps.gsa.testing.ui.audio.recorded
01-22 14:05:19.890  1856  1977 I chatty  : uid=1000(system) HwBinder:1856_2 expire 21 lines
01-22 14:05:19.890  1856  1872 I chatty  : uid=1000(system) android.bg expire 13 lines
01-22 14:05:19.893  2593 10219 W ctxmgr  : [AclManager]No 2 for (accnt=account#-517948760#, com.google.android.gms(10015):IndoorOutdoorProducer, vrsn=13280000, 0, 3pPkg = null ,  3pMdlId = null ,  pid = 2593). Was: 3 for 57, account#-517948760#
01-22 14:05:24.910  2593 11120 W ctxmgr  : [AclManager]No 2 for (accnt=account#-517948760#, com.google.android.gms(10015):IndoorOutdoorProducer, vrsn=13280000, 0, 3pPkg = null ,  3pMdlId = null ,  pid = 2593). Was: 3 for 57, account#-517948760#
01-22 14:05:24.914  1594  9781 I chatty  : uid=1041(audioserver) Binder:1594_B expire 6 lines
01-22 14:05:24.914  1594 11391 I chatty  : uid=1041(audioserver) /system/bin/audioserver expire 1 line
01-22 14:05:24.916  3275  3275 I chatty  : uid=10021 com.google.android.googlequicksearchbox:search expire 15 lines
01-22 14:05:24.917  3275  3320 I chatty  : uid=10021(com.google.android.googlequicksearchbox) NonUserFacing2 expire 10 lines
01-22 14:05:29.924  2593 11120 W ctxmgr  : [AclManager]No 2 for (accnt=account#-517948760#, com.google.android.gms(10015):IndoorOutdoorProducer, vrsn=13280000, 0, 3pPkg = null ,  3pMdlId = null ,  pid = 2593). Was: 3 for 57, account#-517948760#
01-22 14:05:29.931  3275 11086 I chatty  : uid=10021(com.google.android.googlequicksearchbox) UserFacing16 expire 14 lines
01-22 14:05:29.932  1594 11395 I chatty  : uid=1041(audioserver) /system/bin/audioserver expire 1 line
01-22 14:05:29.945  3275  3801 I chatty  : uid=10021(com.google.android.googlequicksearchbox) HotwordDetector expire 6 lines
01-22 14:05:29.946  3275  3300 I chatty  : uid=10021(com.google.android.googlequicksearchbox) NonUserFacing0 expire 11 lines
01-22 14:05:30.922  1856  1872 I chatty  : uid=1000(system) android.bg expire 15 lines
01-22 14:05:34.938  2593 11120 W ctxmgr  : [AclManager]No 2 for (accnt=account#-517948760#, com.google.android.gms(10015):IndoorOutdoorProducer, vrsn=13280000, 0, 3pPkg = null ,  3pMdlId = null ,  pid = 2593). Was: 3 for 57, account#-517948760#
01-22 14:05:34.966  1594 11398 I chatty  : uid=1041(audioserver) /system/bin/audioserver expire 1 line
01-22 14:05:34.966  1594 10735 I chatty  : uid=1041(audioserver) Binder:1594_E expire 3 lines
01-22 14:05:34.973  3275  3275 I chatty  : uid=10021 com.google.android.googlequicksearchbox:search expire 20 lines
01-22 14:05:39.952  2593 11120 W ctxmgr  : [AclManager]No 2 for (accnt=account#-517948760#, com.google.android.gms(10015):IndoorOutdoorProducer, vrsn=13280000, 0, 3pPkg = null ,  3pMdlId = null ,  pid = 2593). Was: 3 for 57, account#-517948760#
01-22 14:05:39.988  3275 11086 I chatty  : uid=10021(com.google.android.googlequicksearchbox) UserFacing16 expire 22 lines
01-22 14:05:39.993  1594  9781 I chatty  : uid=1041(audioserver) Binder:1594_B expire 3 lines
01-22 14:05:39.993  1594 11401 I chatty  : uid=1041(audioserver) /system/bin/audioserver expire 1 line
01-22 14:05:40.006  3275  3320 I chatty  : uid=10021(com.google.android.googlequicksearchbox) NonUserFacing2 expire 11 lines
01-22 14:05:40.954  1856  1977 I chatty  : uid=1000(system) HwBinder:1856_2 expire 15 lines
01-22 14:05:44.975  2593 11120 W ctxmgr  : [AclManager]No 2 for (accnt=account#-517948760#, com.google.android.gms(10015):IndoorOutdoorProducer, vrsn=13280000, 0, 3pPkg = null ,  3pMdlId = null ,  pid = 2593). Was: 3 for 57, account#-517948760#
01-22 14:05:45.026  1594 11404 I chatty  : uid=1041(audioserver) /system/bin/audioserver expire 1 line
01-22 14:05:45.026  1594 10735 I chatty  : uid=1041(audioserver) Binder:1594_E expire 6 lines
01-22 14:05:45.032  3275  3300 I chatty  : uid=10021(com.google.android.googlequicksearchbox) NonUserFacing0 expire 3 lines
01-22 14:05:45.976  1856  1872 I chatty  : uid=1000(system) android.bg expire 10 lines
01-22 14:05:47.028  1856  2474 I chatty  : uid=1000(system) Binder:1856_9 expire 2 lines
01-22 14:05:49.985  2593 10219 W ctxmgr  : [AclManager]No 2 for (accnt=account#-517948760#, com.google.android.gms(10015):IndoorOutdoorProducer, vrsn=13280000, 0, 3pPkg = null ,  3pMdlId = null ,  pid = 2593). Was: 3 for 57, account#-517948760#
01-22 14:05:50.049  1594 11407 I chatty  : uid=1041(audioserver) /system/bin/audioserver expire 1 line
01-22 14:05:50.051  3275  3275 I chatty  : uid=10021 com.google.android.googlequicksearchbox:search expire 15 lines
01-22 14:05:55.002  2593 10219 W ctxmgr  : [AclManager]No 2 for (accnt=account#-517948760#, com.google.android.gms(10015):IndoorOutdoorProducer, vrsn=13280000, 0, 3pPkg = null ,  3pMdlId = null ,  pid = 2593). Was: 3 for 57, account#-517948760#
01-22 14:05:55.088  3275  3320 I chatty  : uid=10021(com.google.android.googlequicksearchbox) NonUserFacing2 expire 6 lines
01-22 14:05:55.092  1594 11411 I chatty  : uid=1041(audioserver) /system/bin/audioserver expire 1 line
01-22 14:05:55.092  1594  9781 I chatty  : uid=1041(audioserver) Binder:1594_B expire 3 lines
01-22 14:05:55.094  3275 11086 I chatty  : uid=10021(com.google.android.googlequicksearchbox) UserFacing16 expire 12 lines
01-22 14:05:56.003  1856  1977 I chatty  : uid=1000(system) HwBinder:1856_2 expire 15 lines
01-22 14:05:56.003  1856  1872 I chatty  : uid=1000(system) android.bg expire 15 lines
01-22 14:06:00.012  1840  1843 D hwcomposer: hw_composer sent 6 syncs in 60s
01-22 14:06:00.017  2593 10219 W ctxmgr  : [AclManager]No 2 for (accnt=account#-517948760#, com.google.android.gms(10015):IndoorOutdoorProducer, vrsn=13280000, 0, 3pPkg = null ,  3pMdlId = null ,  pid = 2593). Was: 3 for 57, account#-517948760#
01-22 14:06:00.162  1594 11414 I chatty  : uid=1041(audioserver) /system/bin/audioserver expire 1 line
01-22 14:06:00.162  1594 10735 I chatty  : uid=1041(audioserver) Binder:1594_E expire 4 lines
01-22 14:06:00.171  3275 11086 I chatty  : uid=10021(com.google.android.googlequicksearchbox) UserFacing16 expire 15 lines
01-22 14:06:00.171  3275  3320 I chatty  : uid=10021(com.google.android.googlequicksearchbox) NonUserFacing2 expire 14 lines
01-22 14:06:00.171  3275  3801 I chatty  : uid=10021(com.google.android.googlequicksearchbox) HotwordDetector expire 11 lines
01-22 14:06:00.173  3275  3275 I chatty  : uid=10021 com.google.android.googlequicksearchbox:search expire 13 lines
01-22 14:06:00.173  3275  3300 I chatty  : uid=10021(com.google.android.googlequicksearchbox) NonUserFacing0 expire 10 lines
01-22 14:06:05.020  2593 10219 W ctxmgr  : [AclManager]No 2 for (accnt=account#-517948760#, com.google.android.gms(10015):IndoorOutdoorProducer, vrsn=13280000, 0, 3pPkg = null ,  3pMdlId = null ,  pid = 2593). Was: 3 for 57, account#-517948760#
01-22 14:06:05.195  1594 11417 I chatty  : uid=1041(audioserver) /system/bin/audioserver expire 1 line
01-22 14:06:05.196  1594 10735 I chatty  : uid=1041(audioserver) Binder:1594_E expire 5 lines
01-22 14:06:10.038  2593 10219 W ctxmgr  : [AclManager]No 2 for (accnt=account#-517948760#, com.google.android.gms(10015):IndoorOutdoorProducer, vrsn=13280000, 0, 3pPkg = null ,  3pMdlId = null ,  pid = 2593). Was: 3 for 57, account#-517948760#
01-22 14:06:10.223  1594 11420 I chatty  : uid=1041(audioserver) /system/bin/audioserver expire 1 line
01-22 14:06:10.226  3275  3275 I chatty  : uid=10021 com.google.android.googlequicksearchbox:search expire 15 lines
01-22 14:06:11.035  1856  1977 I chatty  : uid=1000(system) HwBinder:1856_2 expire 15 lines
01-22 14:06:11.035  1856  1872 I chatty  : uid=1000(system) android.bg expire 15 lines
01-22 14:06:13.156  1792  1792 E netmgr  : Failed to open QEMU pipe 'qemud:network': Invalid argument
01-22 14:06:15.053  2593 11120 W ctxmgr  : [AclManager]No 2 for (accnt=account#-517948760#, com.google.android.gms(10015):IndoorOutdoorProducer, vrsn=13280000, 0, 3pPkg = null ,  3pMdlId = null ,  pid = 2593). Was: 3 for 57, account#-517948760#
01-22 14:06:15.249  3275  3320 I chatty  : uid=10021(com.google.android.googlequicksearchbox) NonUserFacing2 expire 13 lines
01-22 14:06:15.249  3275 11086 I chatty  : uid=10021(com.google.android.googlequicksearchbox) UserFacing16 expire 21 lines
01-22 14:06:15.253  1594  9781 I chatty  : uid=1041(audioserver) Binder:1594_B expire 3 lines
01-22 14:06:15.253  1594 11423 I chatty  : uid=1041(audioserver) /system/bin/audioserver expire 1 line
01-22 14:06:10.225  3275 11086 I chatty  : uid=10021(com.google.android.googlequicksearchbox) UserFacing16 identical 10 lines
01-22 14:06:15.256  3275 11086 E ActivityThread: Failed to find provider info for com.google.android.apps.gsa.testing.ui.audio.recorded
01-22 14:06:17.502  1711  1789 E storaged: getDiskStats failed with result NOT_SUPPORTED and size 0
01-22 14:06:20.069  2593 11120 W ctxmgr  : [AclManager]No 2 for (accnt=account#-517948760#, com.google.android.gms(10015):IndoorOutdoorProducer, vrsn=13280000, 0, 3pPkg = null ,  3pMdlId = null ,  pid = 2593). Was: 3 for 57, account#-517948760#
01-22 14:06:20.278  1594 11426 I chatty  : uid=1041(audioserver) /system/bin/audioserver expire 1 line
01-22 14:06:20.279  1594 10735 I chatty  : uid=1041(audioserver) Binder:1594_E expire 3 lines
01-22 14:06:20.281  3275 11086 E ActivityThread: Failed to find provider info for com.google.android.apps.gsa.testing.ui.audio.recorded
01-22 14:06:20.285  3275  3275 I chatty  : uid=10021 com.google.android.googlequicksearchbox:search expire 14 lines
01-22 14:06:25.080  2593 11120 W ctxmgr  : [AclManager]No 2 for (accnt=account#-517948760#, com.google.android.gms(10015):IndoorOutdoorProducer, vrsn=13280000, 0, 3pPkg = null ,  3pMdlId = null ,  pid = 2593). Was: 3 for 57, account#-517948760#
01-22 14:06:25.304  1594  9781 I chatty  : uid=1041(audioserver) Binder:1594_B expire 3 lines
01-22 14:06:25.305  1594 11430 I chatty  : uid=1041(audioserver) /system/bin/audioserver expire 1 line
01-22 14:06:25.308  3275  3300 I chatty  : uid=10021(com.google.android.googlequicksearchbox) NonUserFacing0 expire 21 lines
01-22 14:06:26.083  1856  1977 I chatty  : uid=1000(system) HwBinder:1856_2 expire 15 lines
01-22 14:06:26.083  1856  1872 I chatty  : uid=1000(system) android.bg expire 15 lines
01-22 14:06:30.098  2593 10219 W ctxmgr  : [AclManager]No 2 for (accnt=account#-517948760#, com.google.android.gms(10015):IndoorOutdoorProducer, vrsn=13280000, 0, 3pPkg = null ,  3pMdlId = null ,  pid = 2593). Was: 3 for 57, account#-517948760#
01-22 14:06:30.326  3275 11086 I chatty  : uid=10021(com.google.android.googlequicksearchbox) UserFacing16 expire 29 lines
01-22 14:06:30.329  1594 11434 I chatty  : uid=1041(audioserver) /system/bin/audioserver expire 1 line
01-22 14:06:30.329  1594 10735 I chatty  : uid=1041(audioserver) Binder:1594_E expire 3 lines
01-22 14:06:30.335  3275  3275 I chatty  : uid=10021 com.google.android.googlequicksearchbox:search expire 20 lines
01-22 14:06:35.113  2593 11120 W ctxmgr  : [AclManager]No 2 for (accnt=account#-517948760#, com.google.android.gms(10015):IndoorOutdoorProducer, vrsn=13280000, 0, 3pPkg = null ,  3pMdlId = null ,  pid = 2593). Was: 3 for 57, account#-517948760#
01-22 14:06:35.357  1594 11439 I chatty  : uid=1041(audioserver) /system/bin/audioserver expire 1 line
01-22 14:06:35.358  1594  9781 I chatty  : uid=1041(audioserver) Binder:1594_B expire 6 lines
01-22 14:06:40.123  2593 10219 W ctxmgr  : [AclManager]No 2 for (accnt=account#-517948760#, com.google.android.gms(10015):IndoorOutdoorProducer, vrsn=13280000, 0, 3pPkg = null ,  3pMdlId = null ,  pid = 2593). Was: 3 for 57, account#-517948760#
01-22 14:06:40.383  3275  3320 I chatty  : uid=10021(com.google.android.googlequicksearchbox) NonUserFacing2 expire 7 lines
01-22 14:06:40.384  1594 10735 I chatty  : uid=1041(audioserver) Binder:1594_E expire 3 lines
01-22 14:06:40.385  1594 11442 I chatty  : uid=1041(audioserver) /system/bin/audioserver expire 1 line
01-22 14:06:41.092  1856  2130 I chatty  : uid=1000(system) Binder:1856_6 expire 1 line
01-22 14:06:41.121  1856  1977 I chatty  : uid=1000(system) HwBinder:1856_2 expire 7 lines
01-22 14:06:41.122  1856  1872 I chatty  : uid=1000(system) android.bg expire 7 lines
01-22 14:06:45.140  2593 10219 W ctxmgr  : [AclManager]No 2 for (accnt=account#-517948760#, com.google.android.gms(10015):IndoorOutdoorProducer, vrsn=13280000, 0, 3pPkg = null ,  3pMdlId = null ,  pid = 2593). Was: 3 for 57, account#-517948760#
01-22 14:06:45.414  1594 11446 I chatty  : uid=1041(audioserver) /system/bin/audioserver expire 1 line
01-22 14:06:45.416  3275  3275 I chatty  : uid=10021 com.google.android.googlequicksearchbox:search expire 10 lines
01-22 14:06:47.123  1856  3826 I chatty  : uid=1000(system) Binder:1856_10 expire 2 lines
01-22 14:06:48.142  1856  1977 I chatty  : uid=1000(system) HwBinder:1856_2 expire 12 lines
01-22 14:06:48.142  1856  1872 I chatty  : uid=1000(system) android.bg expire 12 lines
01-22 14:06:50.146  2593 10219 W ctxmgr  : [AclManager]No 2 for (accnt=account#-517948760#, com.google.android.gms(10015):IndoorOutdoorProducer, vrsn=13280000, 0, 3pPkg = null ,  3pMdlId = null ,  pid = 2593). Was: 3 for 57, account#-517948760#
01-22 14:06:50.443  1594 11450 I chatty  : uid=1041(audioserver) /system/bin/audioserver expire 1 line
01-22 14:06:50.443  1594  9781 I chatty  : uid=1041(audioserver) Binder:1594_B expire 6 lines
01-22 14:06:50.445  3275 11086 I chatty  : uid=10021(com.google.android.googlequicksearchbox) UserFacing16 expire 28 lines
01-22 14:06:52.686  2639  5251 I Icing   : IndexChimeraService.getServiceInterface callingPackage=com.android.chrome componentName=null serviceId=36
01-22 14:06:52.717  2639  7353 I Icing   : Usage reports ok 0, Failed Usage reports 0, indexed 0, rejected 0, imm upload false
01-22 14:06:53.710  2639  7353 I Icing   : Indexing com.android.chrome-omnibox from com.android.chrome
01-22 14:06:53.718  2639  7353 I Icing   : Indexing done com.android.chrome-omnibox
01-22 14:06:55.155  2593 11120 W ctxmgr  : [AclManager]No 2 for (accnt=account#-517948760#, com.google.android.gms(10015):IndoorOutdoorProducer, vrsn=13280000, 0, 3pPkg = null ,  3pMdlId = null ,  pid = 2593). Was: 3 for 57, account#-517948760#
01-22 14:06:55.463  3275  3275 I chatty  : uid=10021 com.google.android.googlequicksearchbox:search expire 25 lines
01-22 14:06:55.472  3275  3300 I chatty  : uid=10021(com.google.android.googlequicksearchbox) NonUserFacing0 expire 12 lines
01-22 14:06:55.476  1594 11455 I chatty  : uid=1041(audioserver) /system/bin/audioserver expire 1 line
01-22 14:06:55.483  3275  3801 I chatty  : uid=10021(com.google.android.googlequicksearchbox) HotwordDetector expire 5 lines
01-22 14:06:55.484  3275  3320 I chatty  : uid=10021(com.google.android.googlequicksearchbox) NonUserFacing2 expire 11 lines
01-22 14:07:00.021  1840  1843 D hwcomposer: hw_composer sent 6 syncs in 60s
01-22 14:07:00.160  1856  1977 I chatty  : uid=1000(system) HwBinder:1856_2 expire 11 lines
01-22 14:07:00.161  1856  1872 I chatty  : uid=1000(system) android.bg expire 11 lines
01-22 14:07:00.164  2593 11120 W ctxmgr  : [AclManager]No 2 for (accnt=account#-517948760#, com.google.android.gms(10015):IndoorOutdoorProducer, vrsn=13280000, 0, 3pPkg = null ,  3pMdlId = null ,  pid = 2593). Was: 3 for 57, account#-517948760#
01-22 14:07:00.504  1594  9781 I chatty  : uid=1041(audioserver) Binder:1594_B expire 3 lines
01-22 14:07:00.504  1594 11458 I chatty  : uid=1041(audioserver) /system/bin/audioserver expire 1 line
01-22 14:07:05.170  2593 11120 W ctxmgr  : [AclManager]No 2 for (accnt=account#-517948760#, com.google.android.gms(10015):IndoorOutdoorProducer, vrsn=13280000, 0, 3pPkg = null ,  3pMdlId = null ,  pid = 2593). Was: 3 for 57, account#-517948760#
01-22 14:07:05.529  1594 11461 I chatty  : uid=1041(audioserver) /system/bin/audioserver expire 1 line
01-22 14:07:05.529  1594 10735 I chatty  : uid=1041(audioserver) Binder:1594_E expire 3 lines
01-22 14:07:10.183  2593 11120 W ctxmgr  : [AclManager]No 2 for (accnt=account#-517948760#, com.google.android.gms(10015):IndoorOutdoorProducer, vrsn=13280000, 0, 3pPkg = null ,  3pMdlId = null ,  pid = 2593). Was: 3 for 57, account#-517948760#
01-22 14:07:10.557  1594 11464 I chatty  : uid=1041(audioserver) /system/bin/audioserver expire 1 line
01-22 14:07:10.558  1594  9781 I chatty  : uid=1041(audioserver) Binder:1594_B expire 5 lines
01-22 14:07:10.559  3275 11086 I chatty  : uid=10021(com.google.android.googlequicksearchbox) UserFacing16 expire 13 lines
01-22 14:07:10.560  3275  3275 I chatty  : uid=10021 com.google.android.googlequicksearchbox:search expire 15 lines
01-22 14:07:10.564  3275  3320 I chatty  : uid=10021(com.google.android.googlequicksearchbox) NonUserFacing2 expire 2 lines
01-22 14:07:11.184  1856  1977 I chatty  : uid=1000(system) HwBinder:1856_2 expire 6 lines
01-22 14:07:11.184  1856  1872 I chatty  : uid=1000(system) android.bg expire 15 lines
01-22 14:07:13.218  1792  1792 E netmgr  : Failed to open QEMU pipe 'qemud:network': Invalid argument
01-22 14:07:15.199  2593 11120 W ctxmgr  : [AclManager]No 2 for (accnt=account#-517948760#, com.google.android.gms(10015):IndoorOutdoorProducer, vrsn=13280000, 0, 3pPkg = null ,  3pMdlId = null ,  pid = 2593). Was: 3 for 57, account#-517948760#
01-22 14:07:15.581  3275  3300 I chatty  : uid=10021(com.google.android.googlequicksearchbox) NonUserFacing0 expire 15 lines
01-22 14:07:15.585  1594 11467 I chatty  : uid=1041(audioserver) /system/bin/audioserver expire 1 line
01-22 14:07:15.587  1594  9781 I chatty  : uid=1041(audioserver) Binder:1594_B expire 1 line
01-22 14:07:17.196  1856  1977 I chatty  : uid=1000(system) HwBinder:1856_2 expire 14 lines
01-22 14:07:10.560  3275 11086 I chatty  : uid=10021(com.google.android.googlequicksearchbox) UserFacing16 identical 10 lines
01-22 14:07:15.589  3275 11086 E ActivityThread: Failed to find provider info for com.google.android.apps.gsa.testing.ui.audio.recorded
01-22 14:07:17.504  1711  1789 E storaged: getDiskStats failed with result NOT_SUPPORTED and size 0
01-22 14:07:20.206  2593  8934 W ctxmgr  : [AclManager]No 2 for (accnt=account#-517948760#, com.google.android.gms(10015):IndoorOutdoorProducer, vrsn=13280000, 0, 3pPkg = null ,  3pMdlId = null ,  pid = 2593). Was: 3 for 57, account#-517948760#
01-22 14:07:20.607  3275 11086 I chatty  : uid=10021(com.google.android.googlequicksearchbox) UserFacing16 expire 21 lines
01-22 14:07:20.611  1594 11470 I chatty  : uid=1041(audioserver) /system/bin/audioserver expire 1 line
01-22 14:07:20.612  1594 10735 I chatty  : uid=1041(audioserver) Binder:1594_E expire 9 lines
01-22 14:07:20.614  3275 11086 E ActivityThread: Failed to find provider info for com.google.android.apps.gsa.testing.ui.audio.recorded
01-22 14:07:20.617  3275  3801 I chatty  : uid=10021(com.google.android.googlequicksearchbox) HotwordDetector expire 11 lines
01-22 14:07:20.617  3275  3275 I chatty  : uid=10021 com.google.android.googlequicksearchbox:search expire 14 lines
01-22 14:07:20.617  3275  3320 I chatty  : uid=10021(com.google.android.googlequicksearchbox) NonUserFacing2 expire 10 lines
01-22 14:07:25.215  2593 11120 W ctxmgr  : [AclManager]No 2 for (accnt=account#-517948760#, com.google.android.gms(10015):IndoorOutdoorProducer, vrsn=13280000, 0, 3pPkg = null ,  3pMdlId = null ,  pid = 2593). Was: 3 for 57, account#-517948760#
01-22 14:07:25.643  1594 11473 I chatty  : uid=1041(audioserver) /system/bin/audioserver expire 1 line
01-22 14:07:26.213  1856  1872 I chatty  : uid=1000(system) android.bg expire 15 lines
01-22 14:07:30.223  2593  8934 W ctxmgr  : [AclManager]No 2 for (accnt=account#-517948760#, com.google.android.gms(10015):IndoorOutdoorProducer, vrsn=13280000, 0, 3pPkg = null ,  3pMdlId = null ,  pid = 2593). Was: 3 for 57, account#-517948760#
01-22 14:07:30.664  3275  3300 I chatty  : uid=10021(com.google.android.googlequicksearchbox) NonUserFacing0 expire 15 lines
01-22 14:07:30.668  1594 11476 I chatty  : uid=1041(audioserver) /system/bin/audioserver expire 1 line
01-22 14:07:30.675  3275  3275 I chatty  : uid=10021 com.google.android.googlequicksearchbox:search expire 13 lines
01-22 14:07:31.221  1856  1977 I chatty  : uid=1000(system) HwBinder:1856_2 expire 15 lines
01-22 14:07:35.238  2593  8934 W ctxmgr  : [AclManager]No 2 for (accnt=account#-517948760#, com.google.android.gms(10015):IndoorOutdoorProducer, vrsn=13280000, 0, 3pPkg = null ,  3pMdlId = null ,  pid = 2593). Was: 3 for 57, account#-517948760#
01-22 14:07:35.693  3275 11086 I chatty  : uid=10021(com.google.android.googlequicksearchbox) UserFacing16 expire 15 lines
01-22 14:07:35.697  1594 11479 I chatty  : uid=1041(audioserver) /system/bin/audioserver expire 1 line
01-22 14:07:35.697  1594  9781 I chatty  : uid=1041(audioserver) Binder:1594_B expire 3 lines
01-22 14:07:40.250  2593 10219 W ctxmgr  : [AclManager]No 2 for (accnt=account#-517948760#, com.google.android.gms(10015):IndoorOutdoorProducer, vrsn=13280000, 0, 3pPkg = null ,  3pMdlId = null ,  pid = 2593). Was: 3 for 57, account#-517948760#
01-22 14:07:40.724  1594 11482 I chatty  : uid=1041(audioserver) /system/bin/audioserver expire 1 line
01-22 14:07:40.724  1594 10735 I chatty  : uid=1041(audioserver) Binder:1594_E expire 9 lines
01-22 14:07:40.727  3275  3275 I chatty  : uid=10021 com.google.android.googlequicksearchbox:search expire 28 lines
01-22 14:07:41.250  1856  1872 I chatty  : uid=1000(system) android.bg expire 15 lines
01-22 14:07:45.259  2593  8934 W ctxmgr  : [AclManager]No 2 for (accnt=account#-517948760#, com.google.android.gms(10015):IndoorOutdoorProducer, vrsn=13280000, 0, 3pPkg = null ,  3pMdlId = null ,  pid = 2593). Was: 3 for 57, account#-517948760#
01-22 14:07:45.757  1594 11485 I chatty  : uid=1041(audioserver) /system/bin/audioserver expire 1 line
01-22 14:07:45.757  3275 11086 I chatty  : uid=10021(com.google.android.googlequicksearchbox) UserFacing16 expire 20 lines
01-22 14:07:45.765  3275  3300 I chatty  : uid=10021(com.google.android.googlequicksearchbox) NonUserFacing0 expire 11 lines
01-22 14:07:46.262  1856  1977 I chatty  : uid=1000(system) HwBinder:1856_2 expire 14 lines
01-22 14:07:47.224  1856  5182 I chatty  : uid=1000(system) Binder:1856_1C expire 2 lines
01-22 14:07:50.273  2593  8934 W ctxmgr  : [AclManager]No 2 for (accnt=account#-517948760#, com.google.android.gms(10015):IndoorOutdoorProducer, vrsn=13280000, 0, 3pPkg = null ,  3pMdlId = null ,  pid = 2593). Was: 3 for 57, account#-517948760#
01-22 14:07:50.787  1594 11488 I chatty  : uid=1041(audioserver) /system/bin/audioserver expire 1 line
01-22 14:07:50.792  3275  3320 I chatty  : uid=10021(com.google.android.googlequicksearchbox) NonUserFacing2 expire 13 lines
01-22 14:07:55.286  2593  8934 W ctxmgr  : [AclManager]No 2 for (accnt=account#-517948760#, com.google.android.gms(10015):IndoorOutdoorProducer, vrsn=13280000, 0, 3pPkg = null ,  3pMdlId = null ,  pid = 2593). Was: 3 for 57, account#-517948760#
01-22 14:07:55.812  1594 11491 I chatty  : uid=1041(audioserver) /system/bin/audioserver expire 1 line
01-22 14:07:55.812  1594  9781 I chatty  : uid=1041(audioserver) Binder:1594_B expire 6 lines
01-22 14:07:56.284  1856  1872 I chatty  : uid=1000(system) android.bg expire 17 lines
01-22 14:08:00.014  1840  1843 D hwcomposer: hw_composer sent 6 syncs in 60s
01-22 14:08:00.294  1856  1977 I chatty  : uid=1000(system) HwBinder:1856_2 expire 11 lines
01-22 14:08:00.297  2593 11120 W ctxmgr  : [AclManager]No 2 for (accnt=account#-517948760#, com.google.android.gms(10015):IndoorOutdoorProducer, vrsn=13280000, 0, 3pPkg = null ,  3pMdlId = null ,  pid = 2593). Was: 3 for 57, account#-517948760#
01-22 14:08:00.833  3275 11086 I chatty  : uid=10021(com.google.android.googlequicksearchbox) UserFacing16 expire 21 lines
01-22 14:08:00.836  1594 11495 I chatty  : uid=1041(audioserver) /system/bin/audioserver expire 1 line
01-22 14:08:00.840  3275  3275 I chatty  : uid=10021 com.google.android.googlequicksearchbox:search expire 14 lines
01-22 14:08:00.843  3275  3300 I chatty  : uid=10021(com.google.android.googlequicksearchbox) NonUserFacing0 expire 15 lines
01-22 14:08:05.310  2593 10219 W ctxmgr  : [AclManager]No 2 for (accnt=account#-517948760#, com.google.android.gms(10015):IndoorOutdoorProducer, vrsn=13280000, 0, 3pPkg = null ,  3pMdlId = null ,  pid = 2593). Was: 3 for 57, account#-517948760#
01-22 14:08:05.865  1594 10735 I chatty  : uid=1041(audioserver) Binder:1594_E expire 5 lines
01-22 14:08:05.865  1594 11498 I chatty  : uid=1041(audioserver) /system/bin/audioserver expire 1 line
01-22 14:08:10.330  2593 11120 W ctxmgr  : [AclManager]No 2 for (accnt=account#-517948760#, com.google.android.gms(10015):IndoorOutdoorProducer, vrsn=13280000, 0, 3pPkg = null ,  3pMdlId = null ,  pid = 2593). Was: 3 for 57, account#-517948760#
01-22 14:08:10.897  1594 10735 I chatty  : uid=1041(audioserver) Binder:1594_E expire 1 line
01-22 14:08:10.897  1594 11501 I chatty  : uid=1041(audioserver) /system/bin/audioserver expire 1 line
01-22 14:08:10.899  3275  3275 I chatty  : uid=10021 com.google.android.googlequicksearchbox:search expire 14 lines
01-22 14:08:10.902  3275  3320 I chatty  : uid=10021(com.google.android.googlequicksearchbox) NonUserFacing2 expire 11 lines
01-22 14:08:11.327  1856  1977 I chatty  : uid=1000(system) HwBinder:1856_2 expire 15 lines
01-22 14:08:13.254  1792  1792 E netmgr  : Failed to open QEMU pipe 'qemud:network': Invalid argument
01-22 14:08:13.329  1856  1872 I chatty  : uid=1000(system) android.bg expire 13 lines
01-22 14:08:13.891  2593  3009 I Places  : Converted 0 out of 1 WiFi scans
01-22 14:08:13.895  2593  6795 W ctxmgr  : [AclManager]No 2 for (accnt=account#-517948760#, com.google.android.gms(10015):UserLocationProducer, vrsn=13280000, 0, 3pPkg = null ,  3pMdlId = null ,  pid = 2593). Was: 3 for 1, account#-517948760#
01-22 14:08:13.898  2593  6795 I PlaceInferenceEngine: No beacon scan available - ignoring candidates.
01-22 14:08:13.900  2593 11120 W ctxmgr  : [AclManager]No 2 for (accnt=account#-517948760#, com.google.android.gms(10015):UserVelocityProducer, vrsn=13280000, 0, 3pPkg = null ,  3pMdlId = null ,  pid = 2593). Was: 3 for 48, account#-517948760#
01-22 14:08:15.334  2593 10219 W ctxmgr  : [AclManager]No 2 for (accnt=account#-517948760#, com.google.android.gms(10015):IndoorOutdoorProducer, vrsn=13280000, 0, 3pPkg = null ,  3pMdlId = null ,  pid = 2593). Was: 3 for 57, account#-517948760#
01-22 14:08:15.917  3275 11086 I chatty  : uid=10021(com.google.android.googlequicksearchbox) UserFacing16 expire 22 lines
01-22 14:08:15.919  1594  9781 I chatty  : uid=1041(audioserver) Binder:1594_B expire 3 lines
01-22 14:08:15.919  1594 11504 I chatty  : uid=1041(audioserver) /system/bin/audioserver expire 1 line
01-22 14:08:15.923  3275  3801 I chatty  : uid=10021(com.google.android.googlequicksearchbox) HotwordDetector expire 5 lines
01-22 14:08:10.899  3275 11086 I chatty  : uid=10021(com.google.android.googlequicksearchbox) UserFacing16 identical 10 lines
01-22 14:08:15.921  3275 11086 E ActivityThread: Failed to find provider info for com.google.android.apps.gsa.testing.ui.audio.recorded
01-22 14:08:17.506  1711  1789 E storaged: getDiskStats failed with result NOT_SUPPORTED and size 0
01-22 14:08:20.348  2593  6795 W ctxmgr  : [AclManager]No 2 for (accnt=account#-517948760#, com.google.android.gms(10015):IndoorOutdoorProducer, vrsn=13280000, 0, 3pPkg = null ,  3pMdlId = null ,  pid = 2593). Was: 3 for 57, account#-517948760#
01-22 14:08:20.945  1594 11507 I chatty  : uid=1041(audioserver) /system/bin/audioserver expire 1 line
01-22 14:08:20.945  1594 10735 I chatty  : uid=1041(audioserver) Binder:1594_E expire 3 lines
01-22 14:08:20.949  3275 11086 E ActivityThread: Failed to find provider info for com.google.android.apps.gsa.testing.ui.audio.recorded
01-22 14:08:20.949  3275  3275 I chatty  : uid=10021 com.google.android.googlequicksearchbox:search expire 14 lines
01-22 14:08:25.367  2593  6795 W ctxmgr  : [AclManager]No 2 for (accnt=account#-517948760#, com.google.android.gms(10015):IndoorOutdoorProducer, vrsn=13280000, 0, 3pPkg = null ,  3pMdlId = null ,  pid = 2593). Was: 3 for 57, account#-517948760#
01-22 14:08:25.975  1594  9781 I chatty  : uid=1041(audioserver) Binder:1594_B expire 3 lines
01-22 14:08:25.976  1594 11510 I chatty  : uid=1041(audioserver) /system/bin/audioserver expire 1 line
01-22 14:08:26.365  1856  1977 I chatty  : uid=1000(system) HwBinder:1856_2 expire 10 lines
01-22 14:08:26.366  1856  1872 I chatty  : uid=1000(system) android.bg expire 15 lines
01-22 14:08:30.383  2593 10219 W ctxmgr  : [AclManager]No 2 for (accnt=account#-517948760#, com.google.android.gms(10015):IndoorOutdoorProducer, vrsn=13280000, 0, 3pPkg = null ,  3pMdlId = null ,  pid = 2593). Was: 3 for 57, account#-517948760#
01-22 14:08:31.019  1594 10735 I chatty  : uid=1041(audioserver) Binder:1594_E expire 5 lines
01-22 14:08:31.019  1594 11513 I chatty  : uid=1041(audioserver) /system/bin/audioserver expire 1 line
01-22 14:08:31.021  3275 11086 I chatty  : uid=10021(com.google.android.googlequicksearchbox) UserFacing16 expire 27 lines
01-22 14:08:31.022  3275  3275 I chatty  : uid=10021 com.google.android.googlequicksearchbox:search expire 14 lines
01-22 14:08:31.026  3275  3300 I chatty  : uid=10021(com.google.android.googlequicksearchbox) NonUserFacing0 expire 11 lines
01-22 14:08:31.027  3275  3320 I chatty  : uid=10021(com.google.android.googlequicksearchbox) NonUserFacing2 expire 12 lines
01-22 14:08:35.391  2593 10219 W ctxmgr  : [AclManager]No 2 for (accnt=account#-517948760#, com.google.android.gms(10015):IndoorOutdoorProducer, vrsn=13280000, 0, 3pPkg = null ,  3pMdlId = null ,  pid = 2593). Was: 3 for 57, account#-517948760#
01-22 14:08:36.049  1594 11516 I chatty  : uid=1041(audioserver) /system/bin/audioserver expire 1 line
01-22 14:08:36.049  1594 10735 I chatty  : uid=1041(audioserver) Binder:1594_E expire 1 line
01-22 14:08:36.393  1856  1977 I chatty  : uid=1000(system) HwBinder:1856_2 expire 15 lines
01-22 14:08:40.401  2593 10219 W ctxmgr  : [AclManager]No 2 for (accnt=account#-517948760#, com.google.android.gms(10015):IndoorOutdoorProducer, vrsn=13280000, 0, 3pPkg = null ,  3pMdlId = null ,  pid = 2593). Was: 3 for 57, account#-517948760#
01-22 14:08:41.075  1594 11519 I chatty  : uid=1041(audioserver) /system/bin/audioserver expire 1 line
01-22 14:08:41.076  1594  9781 I chatty  : uid=1041(audioserver) Binder:1594_B expire 3 lines
01-22 14:08:41.079  3275  3275 I chatty  : uid=10021 com.google.android.googlequicksearchbox:search expire 15 lines
01-22 14:08:41.093  3275  3801 I chatty  : uid=10021(com.google.android.googlequicksearchbox) HotwordDetector expire 11 lines
01-22 14:08:41.399  1856  1872 I chatty  : uid=1000(system) android.bg expire 17 lines
01-22 14:08:45.412  2593 10219 W ctxmgr  : [AclManager]No 2 for (accnt=account#-517948760#, com.google.android.gms(10015):IndoorOutdoorProducer, vrsn=13280000, 0, 3pPkg = null ,  3pMdlId = null ,  pid = 2593). Was: 3 for 57, account#-517948760#
01-22 14:08:46.116  1594 10735 I chatty  : uid=1041(audioserver) Binder:1594_E expire 2 lines
01-22 14:08:46.116  1594 11522 I chatty  : uid=1041(audioserver) /system/bin/audioserver expire 1 line
01-22 14:08:46.117  1594 10735 I chatty  : uid=1041(audioserver) Binder:1594_E expire 1 line
01-22 14:08:47.262  1856  5135 I chatty  : uid=1000(system) Binder:1856_1B expire 2 lines
01-22 14:08:50.426  2593 10219 W ctxmgr  : [AclManager]No 2 for (accnt=account#-517948760#, com.google.android.gms(10015):IndoorOutdoorProducer, vrsn=13280000, 0, 3pPkg = null ,  3pMdlId = null ,  pid = 2593). Was: 3 for 57, account#-517948760#
01-22 14:08:51.139  3275  3320 I chatty  : uid=10021(com.google.android.googlequicksearchbox) NonUserFacing2 expire 15 lines
01-22 14:08:51.143  3275 11086 I chatty  : uid=10021(com.google.android.googlequicksearchbox) UserFacing16 expire 21 lines
01-22 14:08:51.145  1594  9781 I chatty  : uid=1041(audioserver) Binder:1594_B expire 4 lines
01-22 14:08:51.146  1594 11525 I chatty  : uid=1041(audioserver) /system/bin/audioserver expire 1 line
01-22 14:08:51.153  3275  3275 I chatty  : uid=10021 com.google.android.googlequicksearchbox:search expire 13 lines
01-22 14:08:51.157  3275  3300 I chatty  : uid=10021(com.google.android.googlequicksearchbox) NonUserFacing0 expire 20 lines
01-22 14:08:51.427  1856  1977 I chatty  : uid=1000(system) HwBinder:1856_2 expire 15 lines
01-22 14:08:55.444  2593 11120 W ctxmgr  : [AclManager]No 2 for (accnt=account#-517948760#, com.google.android.gms(10015):IndoorOutdoorProducer, vrsn=13280000, 0, 3pPkg = null ,  3pMdlId = null ,  pid = 2593). Was: 3 for 57, account#-517948760#
01-22 14:08:56.176  1594  9781 I chatty  : uid=1041(audioserver) Binder:1594_B expire 3 lines
01-22 14:08:56.176  1594 11528 I chatty  : uid=1041(audioserver) /system/bin/audioserver expire 1 line
01-22 14:08:56.445  1856  1872 I chatty  : uid=1000(system) android.bg expire 15 lines
01-22 14:09:00.021  1840  1843 D hwcomposer: hw_composer sent 6 syncs in 60s
01-22 14:09:00.463  2593 11120 W ctxmgr  : [AclManager]No 2 for (accnt=account#-517948760#, com.google.android.gms(10015):IndoorOutdoorProducer, vrsn=13280000, 0, 3pPkg = null ,  3pMdlId = null ,  pid = 2593). Was: 3 for 57, account#-517948760#
01-22 14:09:01.197  1594 11531 I chatty  : uid=1041(audioserver) /system/bin/audioserver expire 1 line
01-22 14:09:01.198  1594 10735 I chatty  : uid=1041(audioserver) Binder:1594_E expire 3 lines
01-22 14:09:01.200  3275  3275 I chatty  : uid=10021 com.google.android.googlequicksearchbox:search expire 15 lines
01-22 14:09:05.474  2593 11120 W ctxmgr  : [AclManager]No 2 for (accnt=account#-517948760#, com.google.android.gms(10015):IndoorOutdoorProducer, vrsn=13280000, 0, 3pPkg = null ,  3pMdlId = null ,  pid = 2593). Was: 3 for 57, account#-517948760#
