--------- beginning of system
01-22 13:48:08.822  3275 10373 I chatty  : uid=10021 com.google.android.googlequicksearchbox:search expire 10 lines
01-22 13:48:13.845  3275 10373 E ActivityThread: Failed to find provider info for com.google.android.apps.gsa.testing.ui.audio.recorded
01-22 13:48:17.464  1711  1789 E storaged: getDiskStats failed with result NOT_SUPPORTED and size 0
01-22 13:48:18.884  3275 10373 E ActivityThread: Failed to find provider info for com.google.android.apps.gsa.testing.ui.audio.recorded
01-22 13:48:54.055  3275 10373 I chatty  : uid=10021 com.google.android.googlequicksearchbox:search identical 7 lines
01-22 13:48:59.081  3275 10373 E ActivityThread: Failed to find provider info for com.google.android.apps.gsa.testing.ui.audio.recorded
01-22 13:49:03.927  1856  1877 E BatteryExternalStatsWorker: no controller energy info supplied for wifi
01-22 13:49:04.106  3275 10373 E ActivityThread: Failed to find provider info for com.google.android.apps.gsa.testing.ui.audio.recorded
01-22 13:49:09.134  3275 10373 I chatty  : uid=10021 com.google.android.googlequicksearchbox:search identical 1 line
01-22 13:49:14.163  3275 10373 E ActivityThread: Failed to find provider info for com.google.android.apps.gsa.testing.ui.audio.recorded
01-22 13:49:17.466  1711  1789 E storaged: getDiskStats failed with result NOT_SUPPORTED and size 0
01-22 13:49:19.196  3275 10373 E ActivityThread: Failed to find provider info for com.google.android.apps.gsa.testing.ui.audio.recorded
01-22 13:50:09.500  3275 10373 I chatty  : uid=10021 com.google.android.googlequicksearchbox:search identical 10 lines
01-22 13:50:14.524  3275 10373 E ActivityThread: Failed to find provider info for com.google.android.apps.gsa.testing.ui.audio.recorded
01-22 13:50:17.468  1711  1789 E storaged: getDiskStats failed with result NOT_SUPPORTED and size 0
01-22 13:50:19.554  3275 10373 E ActivityThread: Failed to find provider info for com.google.android.apps.gsa.testing.ui.audio.recorded
01-22 13:51:09.833  3275 10373 I chatty  : uid=10021 com.google.android.googlequicksearchbox:search identical 10 lines
01-22 13:51:14.863  3275 10373 E ActivityThread: Failed to find provider info for com.google.android.apps.gsa.testing.ui.audio.recorded
01-22 13:51:17.470  1711  1789 E storaged: getDiskStats failed with result NOT_SUPPORTED and size 0
01-22 13:51:19.897  3275 10373 E ActivityThread: Failed to find provider info for com.google.android.apps.gsa.testing.ui.audio.recorded
--------- beginning of main
01-22 13:51:23.449  1856  1872 I chatty  : uid=1000(system) android.bg expire 25 lines
01-22 13:51:24.922  1594 10735 I chatty  : uid=1041(audioserver) Binder:1594_E expire 14 lines
01-22 13:51:24.923  1594 10738 I chatty  : uid=1041(audioserver) /system/bin/audioserver expire 1 line
01-22 13:51:24.923  3275 10373 I chatty  : uid=10021 com.google.android.googlequicksearchbox:search expire 34 lines
01-22 13:51:24.924  3275  3275 I chatty  : uid=10021 com.google.android.googlequicksearchbox:search expire 28 lines
01-22 13:51:29.944  3275  3300 I chatty  : uid=10021(com.google.android.googlequicksearchbox) NonUserFacing0 expire 16 lines
01-22 13:51:29.947  1594  1594 I chatty  : uid=1041(audioserver) /system/bin/audioserver expire 11 lines
01-22 13:51:29.948  1594 10741 I chatty  : uid=1041(audioserver) /system/bin/audioserver expire 1 line
01-22 13:51:34.975  1594 10744 I chatty  : uid=1041(audioserver) /system/bin/audioserver expire 1 line
01-22 13:51:37.493  2593  6795 I chatty  : uid=10015(com.google.android.gms) lowpool[35] expire 2 lines
01-22 13:51:40.008  1594 10747 I chatty  : uid=1041(audioserver) /system/bin/audioserver expire 1 line
01-22 13:51:43.512  1856  2091 I chatty  : uid=1000(system) HwBinder:1856_3 expire 25 lines
01-22 13:51:45.037  1594 10750 I chatty  : uid=1041(audioserver) /system/bin/audioserver expire 1 line
01-22 13:51:45.037  1594  1594 I chatty  : uid=1041(audioserver) /system/bin/audioserver expire 10 lines
01-22 13:51:45.039  3275  3275 I chatty  : uid=10021 com.google.android.googlequicksearchbox:search expire 28 lines
01-22 13:51:45.043  3275  3300 I chatty  : uid=10021(com.google.android.googlequicksearchbox) NonUserFacing0 expire 20 lines
01-22 13:51:45.045  3275  3320 I chatty  : uid=10021(com.google.android.googlequicksearchbox) NonUserFacing2 expire 20 lines
01-22 13:51:47.533  2593  8934 I chatty  : uid=10015(com.google.android.gms) lowpool[48] expire 2 lines
01-22 13:51:48.532  1856  1872 I chatty  : uid=1000(system) android.bg expire 18 lines
01-22 13:51:50.062  3275 10373 I chatty  : uid=10021 com.google.android.googlequicksearchbox:search expire 28 lines
01-22 13:51:50.066  1594 10753 I chatty  : uid=1041(audioserver) /system/bin/audioserver expire 1 line
01-22 13:51:55.090  1594 10756 I chatty  : uid=1041(audioserver) /system/bin/audioserver expire 1 line
01-22 13:51:57.552  2593  6795 I chatty  : uid=10015(com.google.android.gms) lowpool[35] expire 2 lines
01-22 13:52:00.013  1840  1843 D hwcomposer: hw_composer sent 6 syncs in 60s
01-22 13:52:00.110  1594 10759 I chatty  : uid=1041(audioserver) /system/bin/audioserver expire 1 line
01-22 13:52:00.558  1856  1872 I chatty  : uid=1000(system) android.bg expire 12 lines
01-22 13:52:05.136  1594 10762 I chatty  : uid=1041(audioserver) /system/bin/audioserver expire 1 line
01-22 13:52:05.139  3275  3275 I chatty  : uid=10021 com.google.android.googlequicksearchbox:search expire 28 lines
01-22 13:52:07.586  2593 10219 I chatty  : uid=10015(com.google.android.gms) lowpool[51] expire 3 lines
01-22 13:52:08.587  1856  2091 I chatty  : uid=1000(system) HwBinder:1856_3 expire 25 lines
01-22 13:52:10.168  3275  3300 I chatty  : uid=10021(com.google.android.googlequicksearchbox) NonUserFacing0 expire 27 lines
01-22 13:52:10.169  3275 10373 I chatty  : uid=10021 com.google.android.googlequicksearchbox:search expire 56 lines
01-22 13:52:10.172  1594 10765 I chatty  : uid=1041(audioserver) /system/bin/audioserver expire 1 line
01-22 13:52:10.183  3275  3801 I chatty  : uid=10021(com.google.android.googlequicksearchbox) HotwordDetector expire 16 lines
01-22 13:52:12.599  1792  1792 E netmgr  : Failed to open QEMU pipe 'qemud:network': Invalid argument
01-22 13:52:12.600  1856  1872 I chatty  : uid=1000(system) android.bg expire 33 lines
01-22 13:52:12.603  2593  6795 I chatty  : uid=10015(com.google.android.gms) lowpool[35] expire 2 lines
01-22 13:52:15.208  1594 10768 I chatty  : uid=1041(audioserver) /system/bin/audioserver expire 1 line
01-22 13:52:10.177  3275 10373 I chatty  : uid=10021 com.google.android.googlequicksearchbox:search identical 10 lines
01-22 13:52:15.209  3275 10373 E ActivityThread: Failed to find provider info for com.google.android.apps.gsa.testing.ui.audio.recorded
01-22 13:52:17.472  1711  1789 E storaged: getDiskStats failed with result NOT_SUPPORTED and size 0
01-22 13:52:20.235  1594 10773 I chatty  : uid=1041(audioserver) /system/bin/audioserver expire 1 line
01-22 13:52:20.235  1594 10735 I chatty  : uid=1041(audioserver) Binder:1594_E expire 10 lines
01-22 13:52:20.236  3275 10373 E ActivityThread: Failed to find provider info for com.google.android.apps.gsa.testing.ui.audio.recorded
01-22 13:52:25.264  1594 10776 I chatty  : uid=1041(audioserver) /system/bin/audioserver expire 1 line
01-22 13:52:25.268  3275  3275 I chatty  : uid=10021 com.google.android.googlequicksearchbox:search expire 29 lines
01-22 13:52:27.644  2593  8934 I chatty  : uid=10015(com.google.android.gms) lowpool[48] expire 4 lines
01-22 13:52:30.294  1594 10779 I chatty  : uid=1041(audioserver) /system/bin/audioserver expire 1 line
01-22 13:52:30.307  3275  3320 I chatty  : uid=10021(com.google.android.googlequicksearchbox) NonUserFacing2 expire 29 lines
01-22 13:52:33.660  1856  2091 I chatty  : uid=1000(system) HwBinder:1856_3 expire 25 lines
01-22 13:52:35.345  1594  1594 I chatty  : uid=1041(audioserver) /system/bin/audioserver expire 12 lines
01-22 13:52:35.346  1594 10782 I chatty  : uid=1041(audioserver) /system/bin/audioserver expire 1 line
01-22 13:52:40.391  1594 10785 I chatty  : uid=1041(audioserver) /system/bin/audioserver expire 1 line
01-22 13:52:45.417  1594 10788 I chatty  : uid=1041(audioserver) /system/bin/audioserver expire 1 line
01-22 13:52:45.423  3275  3275 I chatty  : uid=10021 com.google.android.googlequicksearchbox:search expire 28 lines
01-22 13:52:45.692  1856  1872 I chatty  : uid=1000(system) android.bg expire 13 lines
01-22 13:52:47.702  2593 10219 I chatty  : uid=10015(com.google.android.gms) lowpool[51] expire 1 line
01-22 13:52:50.444  3275 10373 I chatty  : uid=10021 com.google.android.googlequicksearchbox:search expire 21 lines
01-22 13:52:50.466  1594 10793 I chatty  : uid=1041(audioserver) /system/bin/audioserver expire 1 line
01-22 13:52:55.504  1594 10796 I chatty  : uid=1041(audioserver) /system/bin/audioserver expire 1 line
01-22 13:52:57.721  2593  8934 I chatty  : uid=10015(com.google.android.gms) lowpool[48] expire 3 lines
01-22 13:52:58.722  1856  2091 I chatty  : uid=1000(system) HwBinder:1856_3 expire 25 lines
01-22 13:52:58.722  1856  1872 I chatty  : uid=1000(system) android.bg expire 25 lines
01-22 13:53:00.015  1840  1843 D hwcomposer: hw_composer sent 6 syncs in 60s
01-22 13:53:00.524  1594 10735 I chatty  : uid=1041(audioserver) Binder:1594_E expire 12 lines
01-22 13:53:00.525  1594 10800 I chatty  : uid=1041(audioserver) /system/bin/audioserver expire 1 line
01-22 13:53:00.533  3275  3300 I chatty  : uid=10021(com.google.android.googlequicksearchbox) NonUserFacing0 expire 13 lines
01-22 13:53:05.550  3275 10373 I chatty  : uid=10021 com.google.android.googlequicksearchbox:search expire 29 lines
01-22 13:53:05.554  1594 10804 I chatty  : uid=1041(audioserver) /system/bin/audioserver expire 1 line
01-22 13:53:05.561  3275  3275 I chatty  : uid=10021 com.google.android.googlequicksearchbox:search expire 20 lines
01-22 13:53:10.579  3275  3320 I chatty  : uid=10021(com.google.android.googlequicksearchbox) NonUserFacing2 expire 16 lines
01-22 13:53:10.583  1594 10807 I chatty  : uid=1041(audioserver) /system/bin/audioserver expire 1 line
01-22 13:53:12.626  1792  1792 E netmgr  : Failed to open QEMU pipe 'qemud:network': Invalid argument
01-22 13:53:12.783  2593  6795 I chatty  : uid=10015(com.google.android.gms) lowpool[35] expire 3 lines
01-22 13:53:14.319  2639 10809 I chatty  : uid=10015(com.google.android.gms) expire 1 line
01-22 13:53:14.326 10811 10811 W android.youtub: Unexpected CPU variant for X86 using defaults: x86
01-22 13:53:05.556  3275 10373 I chatty  : uid=10021 com.google.android.googlequicksearchbox:search identical 9 lines
01-22 13:53:10.584  3275 10373 E ActivityThread: Failed to find provider info for com.google.android.apps.gsa.testing.ui.audio.recorded
01-22 13:53:14.330  1856  1875 I ActivityManager: Start proc 10811:com.google.android.youtube/u0a84 for service com.google.android.youtube/com.google.android.libraries.youtube.common.gcore.gcoreclient.gcm.impl.GcmTaskServiceDelegator
01-22 13:53:14.346 10811 10811 I android.youtub: The ClassLoaderContext is a special shared library.
01-22 13:53:14.361 10811 10811 I android.youtub: The ClassLoaderContext is a special shared library.
01-22 13:53:14.480 10811 10840 W YouTube : Fetching the Gservices key 'failsafe_clear_cache_release_13_02' before the end of the bulk initialization
01-22 13:53:14.539 10811 10811 E YouTube : flushBinderConnectionCallbacks is unverified on SDK 28
01-22 13:53:14.548 10811 10836 I android.youtub: The ClassLoaderContext is a special shared library.
01-22 13:53:14.554 10811 10836 I chatty  : uid=10084(com.google.android.youtube) initCrit2-1 identical 2 lines
01-22 13:53:14.565 10811 10836 I android.youtub: The ClassLoaderContext is a special shared library.
01-22 13:53:14.607 10811 10834 W YouTube : ECatcher disabled: level: ERROR, category: logging, message: Failed delayed event dispatch, no dispatchers.
01-22 13:53:14.607 10811 10834 W YouTube : java.lang.Exception
01-22 13:53:14.607 10811 10834 W YouTube : 	at aawn.a(SourceFile:3)
01-22 13:53:14.607 10811 10834 W YouTube : 	at aaul.c(SourceFile:97)
01-22 13:53:14.607 10811 10834 W YouTube : 	at aaut.run(Unknown Source:2)
01-22 13:53:14.607 10811 10834 W YouTube : 	at java.util.concurrent.Executors$RunnableAdapter.call(Executors.java:458)
01-22 13:53:14.607 10811 10834 W YouTube : 	at java.util.concurrent.FutureTask.run(FutureTask.java:266)
01-22 13:53:14.607 10811 10834 W YouTube : 	at java.util.concurrent.ScheduledThreadPoolExecutor$ScheduledFutureTask.run(ScheduledThreadPoolExecutor.java:301)
01-22 13:53:14.607 10811 10834 W YouTube : 	at java.util.concurrent.ThreadPoolExecutor.runWorker(ThreadPoolExecutor.java:1167)
01-22 13:53:14.607 10811 10834 W YouTube : 	at java.util.concurrent.ThreadPoolExecutor$Worker.run(ThreadPoolExecutor.java:641)
01-22 13:53:14.607 10811 10834 W YouTube : 	at tgf.run(SourceFile:24)
01-22 13:53:14.607 10811 10834 W YouTube : 	at java.lang.Thread.run(Thread.java:764)
01-22 13:53:14.612 10811 10836 W android.youtub: Unsupported class loader
01-22 13:53:14.632 10811 10836 I DynamiteModule: Considering local module com.google.android.gms.ads.dynamite:0 and remote module com.google.android.gms.ads.dynamite:310
01-22 13:53:14.633 10811 10836 I DynamiteModule: Selected remote version of com.google.android.gms.ads.dynamite, version >= 310
01-22 13:53:14.682 10811 10836 W android.youtub: Unsupported class loader
01-22 13:53:14.727 10811 10876 I CrashMetricService: Startup metric for 'PRIMES_CRASH_MONITORING_INITIALIZED' dropped.
01-22 13:53:14.730 10811 10836 W android.youtub: Skipping duplicate class check due to unsupported classloader
01-22 13:53:14.826 10811 10864 E android.youtub: The String#value field is not present on Android versions >= 6.0
01-22 13:53:14.837  2593  8934 I chatty  : uid=10015(com.google.android.gms) lowpool[48] expire 2 lines
01-22 13:53:14.857 10811 10836 D DynamitePackage: Instantiated singleton DynamitePackage.
01-22 13:53:14.858 10811 10836 D DynamitePackage: Instantiating com.google.android.gms.ads.adshield.ChimeraAdShieldCreatorImpl
01-22 13:53:14.901  2593  2593 I chatty  : uid=10015 com.google.android.gms.persistent expire 1 line
01-22 13:53:14.903 10811 10882 D NetworkSecurityConfig: No Network Security Config specified, using platform default
01-22 13:53:14.987 10811 10836 I android.youtub: The ClassLoaderContext is a special shared library.
01-22 13:53:15.618  1594 10932 I chatty  : uid=1041(audioserver) /system/bin/audioserver expire 1 line
01-22 13:53:15.621  3275 10373 E ActivityThread: Failed to find provider info for com.google.android.apps.gsa.testing.ui.audio.recorded
01-22 13:53:17.477  1711  1789 E storaged: getDiskStats failed with result NOT_SUPPORTED and size 0
01-22 13:53:17.791  2593  8934 I chatty  : uid=10015(com.google.android.gms) lowpool[48] expire 1 line
01-22 13:53:19.372 10811 10827 I android.youtub: Waiting for a blocking GC ProfileSaver
01-22 13:53:19.381 10811 10827 I android.youtub: WaitForGcToComplete blocked ProfileSaver on HeapTrim for 9.208ms
01-22 13:53:20.648  1594 10935 I chatty  : uid=1041(audioserver) /system/bin/audioserver expire 1 line
01-22 13:53:20.649  1594  1594 I chatty  : uid=1041(audioserver) /system/bin/audioserver expire 6 lines
01-22 13:53:20.651  3275 10373 E ActivityThread: Failed to find provider info for com.google.android.apps.gsa.testing.ui.audio.recorded
01-22 13:53:20.651  3275  3275 I chatty  : uid=10021 com.google.android.googlequicksearchbox:search expire 28 lines
01-22 13:53:22.800  2593 10219 I chatty  : uid=10015(com.google.android.gms) lowpool[51] expire 1 line
01-22 13:53:23.798  1856  2091 I chatty  : uid=1000(system) HwBinder:1856_3 expire 12 lines
01-22 13:53:23.798  1856  1872 I chatty  : uid=1000(system) android.bg expire 12 lines
01-22 13:53:25.676  1594 10938 I chatty  : uid=1041(audioserver) /system/bin/audioserver expire 1 line
01-22 13:53:25.677  3275 10373 I chatty  : uid=10021 com.google.android.googlequicksearchbox:search expire 28 lines
01-22 13:53:27.812  2593  6795 I chatty  : uid=10015(com.google.android.gms) lowpool[35] expire 1 line
01-22 13:53:30.698  3275  3320 I chatty  : uid=10021(com.google.android.googlequicksearchbox) NonUserFacing2 expire 12 lines
01-22 13:53:30.702  1594 10941 I chatty  : uid=1041(audioserver) /system/bin/audioserver expire 1 line
01-22 13:53:30.702  1594 10735 I chatty  : uid=1041(audioserver) Binder:1594_E expire 9 lines
01-22 13:53:30.708  3275  3801 I chatty  : uid=10021(com.google.android.googlequicksearchbox) HotwordDetector expire 4 lines
01-22 13:53:30.709  3275  3300 I chatty  : uid=10021(com.google.android.googlequicksearchbox) NonUserFacing0 expire 11 lines
01-22 13:53:32.831  2593  8934 I chatty  : uid=10015(com.google.android.gms) lowpool[48] expire 4 lines
01-22 13:53:35.735  1594 10945 I chatty  : uid=1041(audioserver) /system/bin/audioserver expire 1 line
01-22 13:53:35.842  1856  2091 I chatty  : uid=1000(system) HwBinder:1856_3 expire 36 lines
01-22 13:53:35.842  1856  1872 I chatty  : uid=1000(system) android.bg expire 38 lines
01-22 13:53:40.775  1594 10948 I chatty  : uid=1041(audioserver) /system/bin/audioserver expire 1 line
01-22 13:53:40.778  3275  3275 I chatty  : uid=10021 com.google.android.googlequicksearchbox:search expire 35 lines
01-22 13:53:35.737  3275 10373 I chatty  : uid=10021 com.google.android.googlequicksearchbox:search identical 3 lines
01-22 13:53:40.777  3275 10373 E ActivityThread: Failed to find provider info for com.google.android.apps.gsa.testing.ui.audio.recorded
01-22 13:53:45.075  1856  3056 I ActivityManager: Killing 2914:com.google.process.gapps/u0a15 (adj 906): empty for 5147s
01-22 13:53:45.075  1856  1876 I chatty  : uid=1000(system) ActivityManager expire 3 lines
01-22 13:53:45.107  1699  1699 I Zygote  : Process 2914 exited due to signal (9)
01-22 13:53:45.805  1594 10952 I chatty  : uid=1041(audioserver) /system/bin/audioserver expire 1 line
01-22 13:53:45.806  1594  1594 I chatty  : uid=1041(audioserver) /system/bin/audioserver expire 6 lines
01-22 13:53:45.807  3275 10373 I chatty  : uid=10021 com.google.android.googlequicksearchbox:search expire 34 lines
01-22 13:53:45.808  3275 10373 E ActivityThread: Failed to find provider info for com.google.android.apps.gsa.testing.ui.audio.recorded
01-22 13:53:45.811  3275  3300 I chatty  : uid=10021(com.google.android.googlequicksearchbox) NonUserFacing0 expire 13 lines
01-22 13:53:46.009  1856  3961 I chatty  : uid=1000(system) Binder:1856_12 expire 3 lines
01-22 13:53:50.829  3275  3320 I chatty  : uid=10021(com.google.android.googlequicksearchbox) NonUserFacing2 expire 13 lines
01-22 13:53:50.833  1594 10735 I chatty  : uid=1041(audioserver) Binder:1594_E expire 9 lines
01-22 13:53:50.833  1594 10956 I chatty  : uid=1041(audioserver) /system/bin/audioserver expire 1 line
01-22 13:53:50.839  3275  3801 I chatty  : uid=10021(com.google.android.googlequicksearchbox) HotwordDetector expire 11 lines
01-22 13:53:52.891  2593 10219 I chatty  : uid=10015(com.google.android.gms) lowpool[51] expire 2 lines
01-22 13:53:55.860  1594 10959 I chatty  : uid=1041(audioserver) /system/bin/audioserver expire 1 line
01-22 13:54:00.025  1840  1843 D hwcomposer: hw_composer sent 12 syncs in 60s
01-22 13:54:00.889  1594 10962 I chatty  : uid=1041(audioserver) /system/bin/audioserver expire 1 line
01-22 13:54:02.915  2593  6795 I chatty  : uid=10015(com.google.android.gms) lowpool[35] expire 2 lines
01-22 13:54:05.913  1594 10965 I chatty  : uid=1041(audioserver) /system/bin/audioserver expire 1 line
01-22 13:54:05.918  3275  3275 I chatty  : uid=10021 com.google.android.googlequicksearchbox:search expire 28 lines
01-22 13:54:10.941  3275 10373 I chatty  : uid=10021 com.google.android.googlequicksearchbox:search expire 21 lines
01-22 13:54:10.945  1594 10968 I chatty  : uid=1041(audioserver) /system/bin/audioserver expire 1 line
01-22 13:54:10.947  1594 10735 I chatty  : uid=1041(audioserver) Binder:1594_E expire 6 lines
01-22 13:54:10.950  3275  3320 I chatty  : uid=10021(com.google.android.googlequicksearchbox) NonUserFacing2 expire 10 lines
01-22 13:54:10.950  3275  3300 I chatty  : uid=10021(com.google.android.googlequicksearchbox) NonUserFacing0 expire 12 lines
01-22 13:54:11.937  1856  2091 I chatty  : uid=1000(system) HwBinder:1856_3 expire 12 lines
01-22 13:54:11.937  1856  1872 I chatty  : uid=1000(system) android.bg expire 12 lines
01-22 13:54:12.636  1792  1792 E netmgr  : Failed to open QEMU pipe 'qemud:network': Invalid argument
01-22 13:54:12.944  2593 10219 I chatty  : uid=10015(com.google.android.gms) lowpool[51] expire 2 lines
01-22 13:54:15.966  1594 10971 I chatty  : uid=1041(audioserver) /system/bin/audioserver expire 1 line
01-22 13:54:10.948  3275 10373 I chatty  : uid=10021 com.google.android.googlequicksearchbox:search identical 5 lines
01-22 13:54:15.969  3275 10373 E ActivityThread: Failed to find provider info for com.google.android.apps.gsa.testing.ui.audio.recorded
01-22 13:54:17.480  1711  1789 E storaged: getDiskStats failed with result NOT_SUPPORTED and size 0
01-22 13:54:20.995  1594 10735 I chatty  : uid=1041(audioserver) Binder:1594_E expire 3 lines
01-22 13:54:20.995  1594 10974 I chatty  : uid=1041(audioserver) /system/bin/audioserver expire 1 line
01-22 13:54:21.002  3275 10373 E ActivityThread: Failed to find provider info for com.google.android.apps.gsa.testing.ui.audio.recorded
01-22 13:54:22.966  2593  8934 I chatty  : uid=10015(com.google.android.gms) lowpool[48] expire 3 lines
01-22 13:54:23.968  1856  2091 I chatty  : uid=1000(system) HwBinder:1856_3 expire 23 lines
01-22 13:54:23.968  1856  1872 I chatty  : uid=1000(system) android.bg expire 25 lines
01-22 13:54:26.026  3275 10373 I chatty  : uid=10021 com.google.android.googlequicksearchbox:search expire 28 lines
01-22 13:54:26.030  1594 10977 I chatty  : uid=1041(audioserver) /system/bin/audioserver expire 1 line
01-22 13:54:26.031  1594  1594 I chatty  : uid=1041(audioserver) /system/bin/audioserver expire 9 lines
01-22 13:54:26.034  3275  3275 I chatty  : uid=10021 com.google.android.googlequicksearchbox:search expire 36 lines
01-22 13:54:26.037  3275  3300 I chatty  : uid=10021(com.google.android.googlequicksearchbox) NonUserFacing0 expire 19 lines
01-22 13:54:31.060  1594 10980 I chatty  : uid=1041(audioserver) /system/bin/audioserver expire 1 line
01-22 13:54:31.060  1594 10735 I chatty  : uid=1041(audioserver) Binder:1594_E expire 3 lines
01-22 13:54:36.098  1594 10983 I chatty  : uid=1041(audioserver) /system/bin/audioserver expire 1 line
01-22 13:54:38.009  2593 10219 I chatty  : uid=10015(com.google.android.gms) lowpool[51] expire 4 lines
01-22 13:54:41.128  1594 10986 I chatty  : uid=1041(audioserver) /system/bin/audioserver expire 1 line
01-22 13:54:46.117  1856  2130 I chatty  : uid=1000(system) Binder:1856_6 expire 2 lines
01-22 13:54:46.163  3275  3300 I chatty  : uid=10021(com.google.android.googlequicksearchbox) NonUserFacing0 expire 21 lines
01-22 13:54:46.163  3275 10373 I chatty  : uid=10021 com.google.android.googlequicksearchbox:search expire 29 lines
01-22 13:54:46.167  1594 10735 I chatty  : uid=1041(audioserver) Binder:1594_E expire 9 lines
01-22 13:54:46.167  1594 10989 I chatty  : uid=1041(audioserver) /system/bin/audioserver expire 1 line
01-22 13:54:46.170  3275  3801 I chatty  : uid=10021(com.google.android.googlequicksearchbox) HotwordDetector expire 11 lines
01-22 13:54:46.171  3275  3320 I chatty  : uid=10021(com.google.android.googlequicksearchbox) NonUserFacing2 expire 19 lines
01-22 13:54:47.033  1856  2091 I chatty  : uid=1000(system) HwBinder:1856_3 expire 25 lines
01-22 13:54:49.037  1856  1872 I chatty  : uid=1000(system) android.bg expire 15 lines
01-22 13:54:51.192  1594 10992 I chatty  : uid=1041(audioserver) /system/bin/audioserver expire 1 line
01-22 13:54:51.193  1594  1594 I chatty  : uid=1041(audioserver) /system/bin/audioserver expire 12 lines
01-22 13:54:51.199  3275  3275 I chatty  : uid=10021 com.google.android.googlequicksearchbox:search expire 34 lines
01-22 13:54:53.046  2593  8934 I chatty  : uid=10015(com.google.android.gms) lowpool[48] expire 2 lines
01-22 13:54:56.222  1594 10995 I chatty  : uid=1041(audioserver) /system/bin/audioserver expire 1 line
01-22 13:55:00.019  1840  1843 D hwcomposer: hw_composer sent 6 syncs in 60s
01-22 13:55:00.072  1856  1872 I chatty  : uid=1000(system) android.bg expire 24 lines
01-22 13:55:01.246  1594 10998 I chatty  : uid=1041(audioserver) /system/bin/audioserver expire 1 line
01-22 13:55:06.284  1594 11001 I chatty  : uid=1041(audioserver) /system/bin/audioserver expire 1 line
01-22 13:55:06.284  3275 10373 I chatty  : uid=10021 com.google.android.googlequicksearchbox:search expire 28 lines
01-22 13:55:06.287  3275  3300 I chatty  : uid=10021(com.google.android.googlequicksearchbox) NonUserFacing0 expire 10 lines
01-22 13:55:08.095  2593  6795 I chatty  : uid=10015(com.google.android.gms) lowpool[35] expire 2 lines
01-22 13:55:11.310  1594 11004 I chatty  : uid=1041(audioserver) /system/bin/audioserver expire 1 line
01-22 13:55:12.103  1856  2091 I chatty  : uid=1000(system) HwBinder:1856_3 expire 12 lines
01-22 13:55:12.668  1792  1792 E netmgr  : Failed to open QEMU pipe 'qemud:network': Invalid argument
01-22 13:55:16.341  1594 11007 I chatty  : uid=1041(audioserver) /system/bin/audioserver expire 1 line
01-22 13:55:16.343  3275  3275 I chatty  : uid=10021 com.google.android.googlequicksearchbox:search expire 14 lines
01-22 13:55:16.346  3275  3300 I chatty  : uid=10021(com.google.android.googlequicksearchbox) NonUserFacing0 expire 10 lines
01-22 13:55:11.316  3275 10373 I chatty  : uid=10021 com.google.android.googlequicksearchbox:search identical 10 lines
01-22 13:55:16.343  3275 10373 E ActivityThread: Failed to find provider info for com.google.android.apps.gsa.testing.ui.audio.recorded
01-22 13:55:17.482  1711  1789 E storaged: getDiskStats failed with result NOT_SUPPORTED and size 0
01-22 13:55:18.121  2593  6795 W ctxmgr  : [AclManager]No 2 for (accnt=account#-517948760#, com.google.android.gms(10015):IndoorOutdoorProducer, vrsn=13280000, 0, 3pPkg = null ,  3pMdlId = null ,  pid = 2593). Was: 3 for 57, account#-517948760#
01-22 13:55:21.368  1594 11011 I chatty  : uid=1041(audioserver) /system/bin/audioserver expire 1 line
01-22 13:55:21.368  1594 10735 I chatty  : uid=1041(audioserver) Binder:1594_E expire 3 lines
01-22 13:55:21.374  3275 10373 E ActivityThread: Failed to find provider info for com.google.android.apps.gsa.testing.ui.audio.recorded
01-22 13:55:23.135  2593  8934 W ctxmgr  : [AclManager]No 2 for (accnt=account#-517948760#, com.google.android.gms(10015):IndoorOutdoorProducer, vrsn=13280000, 0, 3pPkg = null ,  3pMdlId = null ,  pid = 2593). Was: 3 for 57, account#-517948760#
01-22 13:55:24.136  1856  2091 I chatty  : uid=1000(system) HwBinder:1856_3 expire 13 lines
01-22 13:55:24.136  1856  1872 I chatty  : uid=1000(system) android.bg expire 13 lines
01-22 13:55:26.403  1594 11015 I chatty  : uid=1041(audioserver) /system/bin/audioserver expire 1 line
01-22 13:55:26.403  1594  1594 I chatty  : uid=1041(audioserver) /system/bin/audioserver expire 3 lines
01-22 13:55:26.406  3275 10373 I chatty  : uid=10021 com.google.android.googlequicksearchbox:search expire 14 lines
01-22 13:55:26.407  3275  3275 I chatty  : uid=10021 com.google.android.googlequicksearchbox:search expire 14 lines
01-22 13:55:26.411  3275  3300 I chatty  : uid=10021(com.google.android.googlequicksearchbox) NonUserFacing0 expire 13 lines
01-22 13:55:28.151  2593  6795 W ctxmgr  : [AclManager]No 2 for (accnt=account#-517948760#, com.google.android.gms(10015):IndoorOutdoorProducer, vrsn=13280000, 0, 3pPkg = null ,  3pMdlId = null ,  pid = 2593). Was: 3 for 57, account#-517948760#
01-22 13:55:31.434  1594 11018 I chatty  : uid=1041(audioserver) /system/bin/audioserver expire 1 line
01-22 13:55:31.434  1594 10735 I chatty  : uid=1041(audioserver) Binder:1594_E expire 3 lines
01-22 13:55:33.166  2593  6795 W ctxmgr  : [AclManager]No 2 for (accnt=account#-517948760#, com.google.android.gms(10015):IndoorOutdoorProducer, vrsn=13280000, 0, 3pPkg = null ,  3pMdlId = null ,  pid = 2593). Was: 3 for 57, account#-517948760#
01-22 13:55:36.461  1594 11021 I chatty  : uid=1041(audioserver) /system/bin/audioserver expire 1 line
01-22 13:55:36.461  1594  1594 I chatty  : uid=1041(audioserver) /system/bin/audioserver expire 3 lines
01-22 13:55:36.462  3275 10373 I chatty  : uid=10021 com.google.android.googlequicksearchbox:search expire 20 lines
01-22 13:55:36.463  3275  3275 I chatty  : uid=10021 com.google.android.googlequicksearchbox:search expire 15 lines
01-22 13:55:37.176  1856  2091 I chatty  : uid=1000(system) HwBinder:1856_3 expire 12 lines
01-22 13:55:37.176  1856  1872 I chatty  : uid=1000(system) android.bg expire 12 lines
01-22 13:55:38.180  2593  6795 W ctxmgr  : [AclManager]No 2 for (accnt=account#-517948760#, com.google.android.gms(10015):IndoorOutdoorProducer, vrsn=13280000, 0, 3pPkg = null ,  3pMdlId = null ,  pid = 2593). Was: 3 for 57, account#-517948760#
01-22 13:55:41.484  3275  3320 I chatty  : uid=10021(com.google.android.googlequicksearchbox) NonUserFacing2 expire 10 lines
01-22 13:55:41.488  1594 10735 I chatty  : uid=1041(audioserver) Binder:1594_E expire 6 lines
01-22 13:55:41.488  1594 11024 I chatty  : uid=1041(audioserver) /system/bin/audioserver expire 1 line
01-22 13:55:41.496  3275  3801 I chatty  : uid=10021(com.google.android.googlequicksearchbox) HotwordDetector expire 9 lines
01-22 13:55:43.193  2593  6795 W ctxmgr  : [AclManager]No 2 for (accnt=account#-517948760#, com.google.android.gms(10015):IndoorOutdoorProducer, vrsn=13280000, 0, 3pPkg = null ,  3pMdlId = null ,  pid = 2593). Was: 3 for 57, account#-517948760#
01-22 13:55:46.137  1856  2130 I chatty  : uid=1000(system) Binder:1856_6 expire 2 lines
01-22 13:55:46.519  1594 11027 I chatty  : uid=1041(audioserver) /system/bin/audioserver expire 1 line
01-22 13:55:46.523  3275  3275 I chatty  : uid=10021 com.google.android.googlequicksearchbox:search expire 20 lines
01-22 13:55:48.206  2593 10219 W ctxmgr  : [AclManager]No 2 for (accnt=account#-517948760#, com.google.android.gms(10015):IndoorOutdoorProducer, vrsn=13280000, 0, 3pPkg = null ,  3pMdlId = null ,  pid = 2593). Was: 3 for 57, account#-517948760#
01-22 13:55:49.208  1856  2091 I chatty  : uid=1000(system) HwBinder:1856_3 expire 11 lines
01-22 13:55:49.208  1856  1872 I chatty  : uid=1000(system) android.bg expire 11 lines
01-22 13:55:51.545  3275 10373 I chatty  : uid=10021 com.google.android.googlequicksearchbox:search expire 21 lines
01-22 13:55:51.547  1594  1594 I chatty  : uid=1041(audioserver) /system/bin/audioserver expire 6 lines
01-22 13:55:51.547  1594 11030 I chatty  : uid=1041(audioserver) /system/bin/audioserver expire 1 line
01-22 13:55:51.553  3275  3320 I chatty  : uid=10021(com.google.android.googlequicksearchbox) NonUserFacing2 expire 11 lines
01-22 13:55:52.574  2639  3559 I Icing   : IndexChimeraService.getServiceInterface callingPackage=com.android.chrome componentName=null serviceId=36
01-22 13:55:52.607  2639  7164 I Icing   : Usage reports ok 0, Failed Usage reports 0, indexed 0, rejected 0, imm upload false
01-22 13:55:53.224  2593  6795 W ctxmgr  : [AclManager]No 2 for (accnt=account#-517948760#, com.google.android.gms(10015):IndoorOutdoorProducer, vrsn=13280000, 0, 3pPkg = null ,  3pMdlId = null ,  pid = 2593). Was: 3 for 57, account#-517948760#
01-22 13:55:53.626  2639  7164 I Icing   : Indexing com.android.chrome-omnibox from com.android.chrome
01-22 13:55:53.636  2639  7164 I Icing   : Indexing done com.android.chrome-omnibox
01-22 13:55:56.572  1594 11036 I chatty  : uid=1041(audioserver) /system/bin/audioserver expire 1 line
01-22 13:55:56.578  3275  3300 I chatty  : uid=10021(com.google.android.googlequicksearchbox) NonUserFacing0 expire 6 lines
01-22 13:55:58.234  2593  6795 W ctxmgr  : [AclManager]No 2 for (accnt=account#-517948760#, com.google.android.gms(10015):IndoorOutdoorProducer, vrsn=13280000, 0, 3pPkg = null ,  3pMdlId = null ,  pid = 2593). Was: 3 for 57, account#-517948760#
01-22 13:56:00.021  1840  1843 D hwcomposer: hw_composer sent 6 syncs in 60s
01-22 13:56:00.236  1856  2091 I chatty  : uid=1000(system) HwBinder:1856_3 expire 12 lines
01-22 13:56:00.237  1856  1872 I chatty  : uid=1000(system) android.bg expire 12 lines
01-22 13:56:01.596  1594 11039 I chatty  : uid=1041(audioserver) /system/bin/audioserver expire 1 line
01-22 13:56:01.596  1594 10735 I chatty  : uid=1041(audioserver) Binder:1594_E expire 3 lines
01-22 13:56:01.599  3275  3275 I chatty  : uid=10021 com.google.android.googlequicksearchbox:search expire 14 lines
01-22 13:56:03.253  2593 10219 W ctxmgr  : [AclManager]No 2 for (accnt=account#-517948760#, com.google.android.gms(10015):IndoorOutdoorProducer, vrsn=13280000, 0, 3pPkg = null ,  3pMdlId = null ,  pid = 2593). Was: 3 for 57, account#-517948760#
01-22 13:56:06.623  3275  3320 I chatty  : uid=10021(com.google.android.googlequicksearchbox) NonUserFacing2 expire 10 lines
01-22 13:56:06.624  3275 10373 I chatty  : uid=10021 com.google.android.googlequicksearchbox:search expire 14 lines
01-22 13:56:06.627  1594  1594 I chatty  : uid=1041(audioserver) /system/bin/audioserver expire 6 lines
01-22 13:56:06.627  1594 11042 I chatty  : uid=1041(audioserver) /system/bin/audioserver expire 1 line
01-22 13:56:08.271  2593  6795 W ctxmgr  : [AclManager]No 2 for (accnt=account#-517948760#, com.google.android.gms(10015):IndoorOutdoorProducer, vrsn=13280000, 0, 3pPkg = null ,  3pMdlId = null ,  pid = 2593). Was: 3 for 57, account#-517948760#
01-22 13:56:11.658  1594 10735 I chatty  : uid=1041(audioserver) Binder:1594_E expire 3 lines
01-22 13:56:11.659  1594 11045 I chatty  : uid=1041(audioserver) /system/bin/audioserver expire 1 line
01-22 13:56:11.662  3275  3275 I chatty  : uid=10021 com.google.android.googlequicksearchbox:search expire 14 lines
01-22 13:56:12.276  1856  2091 I chatty  : uid=1000(system) HwBinder:1856_3 expire 15 lines
01-22 13:56:12.276  1856  1872 I chatty  : uid=1000(system) android.bg expire 12 lines
01-22 13:56:12.725  1792  1792 E netmgr  : Failed to open QEMU pipe 'qemud:network': Invalid argument
01-22 13:56:13.279  2593 10219 W ctxmgr  : [AclManager]No 2 for (accnt=account#-517948760#, com.google.android.gms(10015):IndoorOutdoorProducer, vrsn=13280000, 0, 3pPkg = null ,  3pMdlId = null ,  pid = 2593). Was: 3 for 57, account#-517948760#
01-22 13:56:16.681  3275  3320 I chatty  : uid=10021(com.google.android.googlequicksearchbox) NonUserFacing2 expire 11 lines
01-22 13:56:16.681  3275 10373 I chatty  : uid=10021 com.google.android.googlequicksearchbox:search expire 15 lines
01-22 13:56:16.686  1594 11049 I chatty  : uid=1041(audioserver) /system/bin/audioserver expire 1 line
01-22 13:56:11.662  3275 10373 I chatty  : uid=10021 com.google.android.googlequicksearchbox:search identical 10 lines
01-22 13:56:16.687  3275 10373 E ActivityThread: Failed to find provider info for com.google.android.apps.gsa.testing.ui.audio.recorded
01-22 13:56:17.483  1711  1789 E storaged: getDiskStats failed with result NOT_SUPPORTED and size 0
01-22 13:56:18.294  2593 10219 W ctxmgr  : [AclManager]No 2 for (accnt=account#-517948760#, com.google.android.gms(10015):IndoorOutdoorProducer, vrsn=13280000, 0, 3pPkg = null ,  3pMdlId = null ,  pid = 2593). Was: 3 for 57, account#-517948760#
01-22 13:56:21.710  1594 10735 I chatty  : uid=1041(audioserver) Binder:1594_E expire 3 lines
01-22 13:56:21.710  1594 11052 I chatty  : uid=1041(audioserver) /system/bin/audioserver expire 1 line
01-22 13:56:21.712  3275 10373 E ActivityThread: Failed to find provider info for com.google.android.apps.gsa.testing.ui.audio.recorded
01-22 13:56:21.712  3275  3275 I chatty  : uid=10021 com.google.android.googlequicksearchbox:search expire 14 lines
01-22 13:56:23.311  2593  6795 W ctxmgr  : [AclManager]No 2 for (accnt=account#-517948760#, com.google.android.gms(10015):IndoorOutdoorProducer, vrsn=13280000, 0, 3pPkg = null ,  3pMdlId = null ,  pid = 2593). Was: 3 for 57, account#-517948760#
01-22 13:56:24.314  1856  1872 I chatty  : uid=1000(system) android.bg expire 13 lines
01-22 13:56:26.737  1594  1594 I chatty  : uid=1041(audioserver) /system/bin/audioserver expire 3 lines
01-22 13:56:26.737  1594 11055 I chatty  : uid=1041(audioserver) /system/bin/audioserver expire 1 line
01-22 13:56:26.739  3275 10373 I chatty  : uid=10021 com.google.android.googlequicksearchbox:search expire 14 lines
01-22 13:56:26.745  3275  3320 I chatty  : uid=10021(com.google.android.googlequicksearchbox) NonUserFacing2 expire 10 lines
01-22 13:56:26.745  3275  3801 I chatty  : uid=10021(com.google.android.googlequicksearchbox) HotwordDetector expire 9 lines
01-22 13:56:26.746  3275  3300 I chatty  : uid=10021(com.google.android.googlequicksearchbox) NonUserFacing0 expire 10 lines
01-22 13:56:27.321  1856  2091 I chatty  : uid=1000(system) HwBinder:1856_3 expire 12 lines
01-22 13:56:28.325  2593 10219 W ctxmgr  : [AclManager]No 2 for (accnt=account#-517948760#, com.google.android.gms(10015):IndoorOutdoorProducer, vrsn=13280000, 0, 3pPkg = null ,  3pMdlId = null ,  pid = 2593). Was: 3 for 57, account#-517948760#
01-22 13:56:31.767  1594 11058 I chatty  : uid=1041(audioserver) /system/bin/audioserver expire 1 line
01-22 13:56:31.767  1594 10735 I chatty  : uid=1041(audioserver) Binder:1594_E expire 3 lines
01-22 13:56:31.768  3275  3275 I chatty  : uid=10021 com.google.android.googlequicksearchbox:search expire 14 lines
01-22 13:56:33.338  2593 10219 W ctxmgr  : [AclManager]No 2 for (accnt=account#-517948760#, com.google.android.gms(10015):IndoorOutdoorProducer, vrsn=13280000, 0, 3pPkg = null ,  3pMdlId = null ,  pid = 2593). Was: 3 for 57, account#-517948760#
01-22 13:56:36.794  1594  1594 I chatty  : uid=1041(audioserver) /system/bin/audioserver expire 3 lines
01-22 13:56:36.794  1594 11061 I chatty  : uid=1041(audioserver) /system/bin/audioserver expire 1 line
01-22 13:56:36.794  3275 10373 I chatty  : uid=10021 com.google.android.googlequicksearchbox:search expire 20 lines
01-22 13:56:36.797  3275  3320 I chatty  : uid=10021(com.google.android.googlequicksearchbox) NonUserFacing2 expire 10 lines
01-22 13:56:37.344  1856  1872 I chatty  : uid=1000(system) android.bg expire 12 lines
01-22 13:56:38.350  2593 10219 W ctxmgr  : [AclManager]No 2 for (accnt=account#-517948760#, com.google.android.gms(10015):IndoorOutdoorProducer, vrsn=13280000, 0, 3pPkg = null ,  3pMdlId = null ,  pid = 2593). Was: 3 for 57, account#-517948760#
01-22 13:56:39.352  1856  2091 I chatty  : uid=1000(system) HwBinder:1856_3 expire 13 lines
01-22 13:56:41.822  1594 11064 I chatty  : uid=1041(audioserver) /system/bin/audioserver expire 1 line
01-22 13:56:41.822  1594 10735 I chatty  : uid=1041(audioserver) Binder:1594_E expire 6 lines
01-22 13:56:41.826  3275  3275 I chatty  : uid=10021 com.google.android.googlequicksearchbox:search expire 14 lines
01-22 13:56:43.368  2593 10219 W ctxmgr  : [AclManager]No 2 for (accnt=account#-517948760#, com.google.android.gms(10015):IndoorOutdoorProducer, vrsn=13280000, 0, 3pPkg = null ,  3pMdlId = null ,  pid = 2593). Was: 3 for 57, account#-517948760#
01-22 13:56:46.242  1856  2130 I chatty  : uid=1000(system) Binder:1856_6 expire 2 lines
01-22 13:56:46.855  1594 11067 I chatty  : uid=1041(audioserver) /system/bin/audioserver expire 1 line
01-22 13:56:48.380  2593 10219 W ctxmgr  : [AclManager]No 2 for (accnt=account#-517948760#, com.google.android.gms(10015):IndoorOutdoorProducer, vrsn=13280000, 0, 3pPkg = null ,  3pMdlId = null ,  pid = 2593). Was: 3 for 57, account#-517948760#
01-22 13:56:49.376  1856  1872 I chatty  : uid=1000(system) android.bg expire 6 lines
01-22 13:56:51.883  3275 10373 I chatty  : uid=10021 com.google.android.googlequicksearchbox:search expire 7 lines
01-22 13:56:51.887  1594 11070 I chatty  : uid=1041(audioserver) /system/bin/audioserver expire 1 line
01-22 13:56:51.888  1594  1594 I chatty  : uid=1041(audioserver) /system/bin/audioserver expire 5 lines
01-22 13:56:51.890  3275  3275 I chatty  : uid=10021 com.google.android.googlequicksearchbox:search expire 14 lines
01-22 13:56:51.893  3275  3300 I chatty  : uid=10021(com.google.android.googlequicksearchbox) NonUserFacing0 expire 10 lines
01-22 13:56:51.894  3275  3320 I chatty  : uid=10021(com.google.android.googlequicksearchbox) NonUserFacing2 expire 10 lines
01-22 13:56:52.386  1856  2091 I chatty  : uid=1000(system) HwBinder:1856_3 expire 12 lines
01-22 13:56:53.391  2593 10219 W ctxmgr  : [AclManager]No 2 for (accnt=account#-517948760#, com.google.android.gms(10015):IndoorOutdoorProducer, vrsn=13280000, 0, 3pPkg = null ,  3pMdlId = null ,  pid = 2593). Was: 3 for 57, account#-517948760#
01-22 13:56:55.393  1856  1872 I chatty  : uid=1000(system) android.bg expire 12 lines
01-22 13:56:56.912  3275 10373 I chatty  : uid=10021 com.google.android.googlequicksearchbox:search expire 15 lines
01-22 13:56:56.924  1594 11073 I chatty  : uid=1041(audioserver) /system/bin/audioserver expire 1 line
01-22 13:56:56.924  1594  1594 I chatty  : uid=1041(audioserver) /system/bin/audioserver expire 1 line
01-22 13:56:58.408  2593 10219 W ctxmgr  : [AclManager]No 2 for (accnt=account#-517948760#, com.google.android.gms(10015):IndoorOutdoorProducer, vrsn=13280000, 0, 3pPkg = null ,  3pMdlId = null ,  pid = 2593). Was: 3 for 57, account#-517948760#
01-22 13:57:00.013  1840  1843 D hwcomposer: hw_composer sent 6 syncs in 60s
01-22 13:57:01.952  1594 11076 I chatty  : uid=1041(audioserver) /system/bin/audioserver expire 1 line
01-22 13:57:01.952  1594 10735 I chatty  : uid=1041(audioserver) Binder:1594_E expire 6 lines
01-22 13:57:01.954  3275  3275 I chatty  : uid=10021 com.google.android.googlequicksearchbox:search expire 21 lines
01-22 13:57:03.422  2593 10219 W ctxmgr  : [AclManager]No 2 for (accnt=account#-517948760#, com.google.android.gms(10015):IndoorOutdoorProducer, vrsn=13280000, 0, 3pPkg = null ,  3pMdlId = null ,  pid = 2593). Was: 3 for 57, account#-517948760#
01-22 13:57:04.418  1856  2091 I chatty  : uid=1000(system) HwBinder:1856_3 expire 13 lines
01-22 13:57:06.980  1594 11079 I chatty  : uid=1041(audioserver) /system/bin/audioserver expire 1 line
01-22 13:57:06.980  1594  1594 I chatty  : uid=1041(audioserver) /system/bin/audioserver expire 3 lines
01-22 13:57:06.981  3275 10373 I chatty  : uid=10021 com.google.android.googlequicksearchbox:search expire 20 lines
01-22 13:57:06.985  3275  3320 I chatty  : uid=10021(com.google.android.googlequicksearchbox) NonUserFacing2 expire 12 lines
01-22 13:57:06.986  3275  3300 I chatty  : uid=10021(com.google.android.googlequicksearchbox) NonUserFacing0 expire 11 lines
01-22 13:57:07.427  1856  1872 I chatty  : uid=1000(system) android.bg expire 12 lines
01-22 13:57:08.434  2593  8934 W ctxmgr  : [AclManager]No 2 for (accnt=account#-517948760#, com.google.android.gms(10015):IndoorOutdoorProducer, vrsn=13280000, 0, 3pPkg = null ,  3pMdlId = null ,  pid = 2593). Was: 3 for 57, account#-517948760#
01-22 13:57:12.007  1594 11082 I chatty  : uid=1041(audioserver) /system/bin/audioserver expire 1 line
01-22 13:57:12.009  3275 10373 I chatty  : uid=10021 com.google.android.googlequicksearchbox:search identical 10 lines
01-22 13:57:12.012  3275  3801 I chatty  : uid=10021(com.google.android.googlequicksearchbox) HotwordDetector expire 8 lines
01-22 13:57:12.786  1792  1792 E netmgr  : Failed to open QEMU pipe 'qemud:network': Invalid argument
01-22 13:57:13.449  2593 10219 W ctxmgr  : [AclManager]No 2 for (accnt=account#-517948760#, com.google.android.gms(10015):IndoorOutdoorProducer, vrsn=13280000, 0, 3pPkg = null ,  3pMdlId = null ,  pid = 2593). Was: 3 for 57, account#-517948760#
01-22 13:57:17.034  1594 11085 I chatty  : uid=1041(audioserver) /system/bin/audioserver expire 1 line
01-22 13:57:17.034  1594  1594 I chatty  : uid=1041(audioserver) /system/bin/audioserver expire 3 lines
01-22 13:57:17.037  3275 10373 E ActivityThread: Failed to find provider info for com.google.android.apps.gsa.testing.ui.audio.recorded
01-22 13:57:17.037  3275  3275 I chatty  : uid=10021 com.google.android.googlequicksearchbox:search expire 16 lines
01-22 13:57:17.453  1856  2091 I chatty  : uid=1000(system) HwBinder:1856_3 expire 12 lines
01-22 13:57:17.486  1711  1789 E storaged: getDiskStats failed with result NOT_SUPPORTED and size 0
01-22 13:57:18.458  2593 10219 W ctxmgr  : [AclManager]No 2 for (accnt=account#-517948760#, com.google.android.gms(10015):IndoorOutdoorProducer, vrsn=13280000, 0, 3pPkg = null ,  3pMdlId = null ,  pid = 2593). Was: 3 for 57, account#-517948760#
01-22 13:57:19.460  1856  1872 I chatty  : uid=1000(system) android.bg expire 13 lines
01-22 13:57:21.054  1856  2474 I chatty  : uid=1000(system) Binder:1856_9 expire 1 line
01-22 13:57:22.055  3275  3320 I chatty  : uid=10021(com.google.android.googlequicksearchbox) NonUserFacing2 expire 10 lines
01-22 13:57:22.055  3275 11086 I chatty  : uid=10021(com.google.android.googlequicksearchbox) UserFacing16 expire 23 lines
01-22 13:57:22.059  1594 11089 I chatty  : uid=1041(audioserver) /system/bin/audioserver expire 1 line
01-22 13:57:22.061  1594  8184 I chatty  : uid=1041(audioserver) Binder:1594_9 expire 3 lines
01-22 13:57:22.063  3275 11086 E ActivityThread: Failed to find provider info for com.google.android.apps.gsa.testing.ui.audio.recorded
01-22 13:57:23.483  2593  8934 W ctxmgr  : [AclManager]No 2 for (accnt=account#-517948760#, com.google.android.gms(10015):IndoorOutdoorProducer, vrsn=13280000, 0, 3pPkg = null ,  3pMdlId = null ,  pid = 2593). Was: 3 for 57, account#-517948760#
01-22 13:57:27.087  1594 11092 I chatty  : uid=1041(audioserver) /system/bin/audioserver expire 1 line
01-22 13:57:27.087  1594  1594 I chatty  : uid=1041(audioserver) /system/bin/audioserver expire 5 lines
01-22 13:57:27.093  3275  3275 I chatty  : uid=10021 com.google.android.googlequicksearchbox:search expire 13 lines
01-22 13:57:28.492  2593  8934 W ctxmgr  : [AclManager]No 2 for (accnt=account#-517948760#, com.google.android.gms(10015):IndoorOutdoorProducer, vrsn=13280000, 0, 3pPkg = null ,  3pMdlId = null ,  pid = 2593). Was: 3 for 57, account#-517948760#
01-22 13:57:29.488  1856  2091 I chatty  : uid=1000(system) HwBinder:1856_3 expire 13 lines
01-22 13:57:32.108  1594 11095 I chatty  : uid=1041(audioserver) /system/bin/audioserver expire 1 line
01-22 13:57:32.109  1594  1594 I chatty  : uid=1041(audioserver) /system/bin/audioserver expire 7 lines
01-22 13:57:32.115  3275  3320 I chatty  : uid=10021(com.google.android.googlequicksearchbox) NonUserFacing2 expire 4 lines
01-22 13:57:32.496  1856  1872 I chatty  : uid=1000(system) android.bg expire 12 lines
01-22 13:57:33.499  2593 10219 W ctxmgr  : [AclManager]No 2 for (accnt=account#-517948760#, com.google.android.gms(10015):IndoorOutdoorProducer, vrsn=13280000, 0, 3pPkg = null ,  3pMdlId = null ,  pid = 2593). Was: 3 for 57, account#-517948760#
01-22 13:57:37.139  1594 11098 I chatty  : uid=1041(audioserver) /system/bin/audioserver expire 1 line
01-22 13:57:37.140  3275 11086 I chatty  : uid=10021(com.google.android.googlequicksearchbox) UserFacing16 expire 13 lines
01-22 13:57:37.141  3275  3275 I chatty  : uid=10021 com.google.android.googlequicksearchbox:search expire 14 lines
01-22 13:57:37.148  3275  3300 I chatty  : uid=10021(com.google.android.googlequicksearchbox) NonUserFacing0 expire 10 lines
01-22 13:57:38.511  2593  8934 W ctxmgr  : [AclManager]No 2 for (accnt=account#-517948760#, com.google.android.gms(10015):IndoorOutdoorProducer, vrsn=13280000, 0, 3pPkg = null ,  3pMdlId = null ,  pid = 2593). Was: 3 for 57, account#-517948760#
01-22 13:57:42.171  1594 11101 I chatty  : uid=1041(audioserver) /system/bin/audioserver expire 1 line
01-22 13:57:42.172  1594  8184 I chatty  : uid=1041(audioserver) Binder:1594_9 expire 3 lines
01-22 13:57:42.521  1856  2091 I chatty  : uid=1000(system) HwBinder:1856_3 expire 15 lines
01-22 13:57:43.529  2593 10219 W ctxmgr  : [AclManager]No 2 for (accnt=account#-517948760#, com.google.android.gms(10015):IndoorOutdoorProducer, vrsn=13280000, 0, 3pPkg = null ,  3pMdlId = null ,  pid = 2593). Was: 3 for 57, account#-517948760#
01-22 13:57:44.532  1856  1872 I chatty  : uid=1000(system) android.bg expire 13 lines
01-22 13:57:46.351  1856  2130 I chatty  : uid=1000(system) Binder:1856_6 expire 2 lines
01-22 13:57:47.204  1594 11104 I chatty  : uid=1041(audioserver) /system/bin/audioserver expire 1 line
01-22 13:57:47.205  3275 11086 I chatty  : uid=10021(com.google.android.googlequicksearchbox) UserFacing16 expire 27 lines
01-22 13:57:47.206  3275  3275 I chatty  : uid=10021 com.google.android.googlequicksearchbox:search expire 21 lines
01-22 13:57:47.209  3275  3300 I chatty  : uid=10021(com.google.android.googlequicksearchbox) NonUserFacing0 expire 10 lines
01-22 13:57:48.542  2593 10219 W ctxmgr  : [AclManager]No 2 for (accnt=account#-517948760#, com.google.android.gms(10015):IndoorOutdoorProducer, vrsn=13280000, 0, 3pPkg = null ,  3pMdlId = null ,  pid = 2593). Was: 3 for 57, account#-517948760#
01-22 13:57:52.231  1594 11107 I chatty  : uid=1041(audioserver) /system/bin/audioserver expire 1 line
01-22 13:57:52.232  1594  8184 I chatty  : uid=1041(audioserver) Binder:1594_9 expire 5 lines
01-22 13:57:52.237  3275  3801 I chatty  : uid=10021(com.google.android.googlequicksearchbox) HotwordDetector expire 8 lines
01-22 13:57:52.238  3275  3320 I chatty  : uid=10021(com.google.android.googlequicksearchbox) NonUserFacing2 expire 11 lines
01-22 13:57:53.561  2593 10219 W ctxmgr  : [AclManager]No 2 for (accnt=account#-517948760#, com.google.android.gms(10015):IndoorOutdoorProducer, vrsn=13280000, 0, 3pPkg = null ,  3pMdlId = null ,  pid = 2593). Was: 3 for 57, account#-517948760#
01-22 13:57:57.259  1594 11110 I chatty  : uid=1041(audioserver) /system/bin/audioserver expire 1 line
